=== RUN   TestVulkanTurboQ8Weight
    vulkan_turbo_q8_test.go:23: TURBO_LOAD ns=4108215434 tensors=587 checkpoint_f16=true inference_f32=true
    vulkan_turbo_q8_test.go:115: TURBO_Q8_SHORT {"baseline_stats":{"Frames":4,"Rows":2,"Width":1280,"Layers":32,"Plans":34,"Stages":390,"WeightBytes":2540369920,"ScratchBytes":124928},"decoder_steps":[{"baseline_top":50360,"max_logit_abs":0.11135673522949219,"q8_top":50360,"step":0},{"baseline_top":50360,"max_logit_abs":0.43701696395874023,"q8_top":50360,"step":1},{"baseline_top":50360,"max_logit_abs":0.2981586456298828,"q8_top":50360,"step":2}],"dequant_reference_rms":0.4458029177510059,"f32_projection_bytes":2516582400,"f32_reference_rms":0.44637158161738477,"memory":{"Bytes":654532608,"Allocations":35,"HeapBytes":[654532608,0,0,0,0,0,0,0,0,0,0,0,0,0,0,0],"Budget":{"MaxBytes":4294967296,"MaxAllocations":40},"DeviceAllocationLimit":4294967295,"InFlight":false,"Uncertain":false,"DeviceLost":false},"packed_vs_dequant_max_abs":0.000019073486328125,"packed_vs_dequant_rms":0.0000031618619061743235,"q8_projection_bytes":630620160,"q8_rms_ratio":0.04086124878048051,"q8_stats":{"Frames":4,"Rows":2,"Width":1280,"Layers":32,"Plans":34,"Stages":390,"WeightBytes":654407680,"ScratchBytes":124928},"q8_vs_f32_max_abs":0.09805488586425781,"q8_vs_f32_rms":0.01823930024500452,"values":2560}
    vulkan_turbo_q8_test.go:138: TURBO_Q8_SAMPLE path=f32 wall_ns=15768537273
    vulkan_turbo_q8_test.go:138: TURBO_Q8_SAMPLE path=q8 wall_ns=9569938283
    vulkan_turbo_q8_test.go:172: TURBO_Q8_JFK {"exact_tokens_timestamps":true,"f32_ns":15768537273,"q8_ns":9569938283,"reference_words":22,"speedup":1.6477156703310372,"text":"And so, my fellow Americans, ask not what your country can do for you, ask what you can do for your country.","word_edits":0}
--- PASS: TestVulkanTurboQ8Weight (51.23s)
PASS
ok  	github.com/rcarmo/go-pherence/models/whisper	51.561s
=== RUN   TestVulkanTurboQ8Weight
    vulkan_turbo_q8_test.go:23: TURBO_LOAD ns=4071804161 tensors=587 checkpoint_f16=true inference_f32=true
    vulkan_turbo_q8_test.go:115: TURBO_Q8_SHORT {"baseline_stats":{"Frames":4,"Rows":2,"Width":1280,"Layers":32,"Plans":34,"Stages":390,"WeightBytes":2540369920,"ScratchBytes":124928},"decoder_steps":[{"baseline_top":50360,"max_logit_abs":0.11135673522949219,"q8_top":50360,"step":0},{"baseline_top":50360,"max_logit_abs":0.43701696395874023,"q8_top":50360,"step":1},{"baseline_top":50360,"max_logit_abs":0.2981586456298828,"q8_top":50360,"step":2}],"dequant_reference_rms":0.4458029177510059,"f32_projection_bytes":2516582400,"f32_reference_rms":0.44637158161738477,"memory":{"Bytes":654532608,"Allocations":35,"HeapBytes":[654532608,0,0,0,0,0,0,0,0,0,0,0,0,0,0,0],"Budget":{"MaxBytes":4294967296,"MaxAllocations":40},"DeviceAllocationLimit":4294967295,"InFlight":false,"Uncertain":false,"DeviceLost":false},"packed_vs_dequant_max_abs":0.000019073486328125,"packed_vs_dequant_rms":0.0000031618619061743235,"q8_projection_bytes":630620160,"q8_rms_ratio":0.04086124878048051,"q8_stats":{"Frames":4,"Rows":2,"Width":1280,"Layers":32,"Plans":34,"Stages":390,"WeightBytes":654407680,"ScratchBytes":124928},"q8_vs_f32_max_abs":0.09805488586425781,"q8_vs_f32_rms":0.01823930024500452,"values":2560}
    vulkan_turbo_q8_test.go:138: TURBO_Q8_SAMPLE path=f32 wall_ns=15750845239
    vulkan_turbo_q8_test.go:138: TURBO_Q8_SAMPLE path=q8 wall_ns=9528826803
    vulkan_turbo_q8_test.go:172: TURBO_Q8_JFK {"exact_tokens_timestamps":true,"f32_ns":15750845239,"q8_ns":9528826803,"reference_words":22,"speedup":1.6529679429204334,"text":"And so, my fellow Americans, ask not what your country can do for you, ask what you can do for your country.","word_edits":0}
--- PASS: TestVulkanTurboQ8Weight (51.10s)
PASS
ok  	github.com/rcarmo/go-pherence/models/whisper	51.435s
=== RUN   TestVulkanTurboQ8Weight
    vulkan_turbo_q8_test.go:23: TURBO_LOAD ns=4079020070 tensors=587 checkpoint_f16=true inference_f32=true
    vulkan_turbo_q8_test.go:115: TURBO_Q8_SHORT {"baseline_stats":{"Frames":4,"Rows":2,"Width":1280,"Layers":32,"Plans":34,"Stages":390,"WeightBytes":2540369920,"ScratchBytes":124928},"decoder_steps":[{"baseline_top":50360,"max_logit_abs":0.11135673522949219,"q8_top":50360,"step":0},{"baseline_top":50360,"max_logit_abs":0.43701696395874023,"q8_top":50360,"step":1},{"baseline_top":50360,"max_logit_abs":0.2981586456298828,"q8_top":50360,"step":2}],"dequant_reference_rms":0.4458029177510059,"f32_projection_bytes":2516582400,"f32_reference_rms":0.44637158161738477,"memory":{"Bytes":654532608,"Allocations":35,"HeapBytes":[654532608,0,0,0,0,0,0,0,0,0,0,0,0,0,0,0],"Budget":{"MaxBytes":4294967296,"MaxAllocations":40},"DeviceAllocationLimit":4294967295,"InFlight":false,"Uncertain":false,"DeviceLost":false},"packed_vs_dequant_max_abs":0.000019073486328125,"packed_vs_dequant_rms":0.0000031618619061743235,"q8_projection_bytes":630620160,"q8_rms_ratio":0.04086124878048051,"q8_stats":{"Frames":4,"Rows":2,"Width":1280,"Layers":32,"Plans":34,"Stages":390,"WeightBytes":654407680,"ScratchBytes":124928},"q8_vs_f32_max_abs":0.09805488586425781,"q8_vs_f32_rms":0.01823930024500452,"values":2560}
    vulkan_turbo_q8_test.go:138: TURBO_Q8_SAMPLE path=f32 wall_ns=15693302274
    vulkan_turbo_q8_test.go:138: TURBO_Q8_SAMPLE path=q8 wall_ns=9521741233
    vulkan_turbo_q8_test.go:172: TURBO_Q8_JFK {"exact_tokens_timestamps":true,"f32_ns":15693302274,"q8_ns":9521741233,"reference_words":22,"speedup":1.6481546694013167,"text":"And so, my fellow Americans, ask not what your country can do for you, ask what you can do for your country.","word_edits":0}
--- PASS: TestVulkanTurboQ8Weight (50.91s)
PASS
ok  	github.com/rcarmo/go-pherence/models/whisper	51.222s
