=== RUN   TestVulkanNativeProjectionDiagnostic
=== RUN   TestVulkanNativeProjectionDiagnostic/[1_1_1]
    vulkan_projection_diagnostic_test.go:83: NATIVE_METRIC {"name":"projected","values":1,"max_abs":9.078530704975663e-10,"abs_budget":0.00002,"rel_budget":0.00002,"wall_ns":0}
=== RUN   TestVulkanNativeProjectionDiagnostic/[2_3_5]
    vulkan_projection_diagnostic_test.go:83: NATIVE_METRIC {"name":"projected","values":10,"max_abs":2.9382765109886577e-9,"abs_budget":0.00002,"rel_budget":0.00002,"wall_ns":0}
=== RUN   TestVulkanNativeProjectionDiagnostic/[65_33_127]
    vulkan_projection_diagnostic_test.go:83: NATIVE_METRIC {"name":"projected","values":8255,"max_abs":2.5028647543390292e-8,"abs_budget":0.00002,"rel_budget":0.00002,"wall_ns":0}
=== RUN   TestVulkanNativeProjectionDiagnostic/[67_65_129]
    vulkan_projection_diagnostic_test.go:83: NATIVE_METRIC {"name":"projected","values":8643,"max_abs":6.285983378262472e-8,"abs_budget":0.00002,"rel_budget":0.00002,"wall_ns":0}
=== RUN   TestVulkanNativeProjectionDiagnostic/[1500_1280_1280]
    vulkan_projection_diagnostic_test.go:101: PROJECTION_SAMPLE candidate=false block=0 ns=12678063 shape=[1500 1280 1280]
    vulkan_projection_diagnostic_test.go:101: PROJECTION_SAMPLE candidate=true block=0 ns=13106367 shape=[1500 1280 1280]
    vulkan_projection_diagnostic_test.go:101: PROJECTION_SAMPLE candidate=true block=0 ns=13078712 shape=[1500 1280 1280]
    vulkan_projection_diagnostic_test.go:101: PROJECTION_SAMPLE candidate=false block=0 ns=12607519 shape=[1500 1280 1280]
    vulkan_projection_diagnostic_test.go:101: PROJECTION_SAMPLE candidate=true block=1 ns=13156151 shape=[1500 1280 1280]
    vulkan_projection_diagnostic_test.go:101: PROJECTION_SAMPLE candidate=false block=1 ns=12618760 shape=[1500 1280 1280]
    vulkan_projection_diagnostic_test.go:101: PROJECTION_SAMPLE candidate=false block=1 ns=12387029 shape=[1500 1280 1280]
    vulkan_projection_diagnostic_test.go:101: PROJECTION_SAMPLE candidate=true block=1 ns=13149412 shape=[1500 1280 1280]
    vulkan_projection_diagnostic_test.go:101: PROJECTION_SAMPLE candidate=false block=2 ns=12573739 shape=[1500 1280 1280]
    vulkan_projection_diagnostic_test.go:101: PROJECTION_SAMPLE candidate=true block=2 ns=13097496 shape=[1500 1280 1280]
    vulkan_projection_diagnostic_test.go:101: PROJECTION_SAMPLE candidate=true block=2 ns=13218710 shape=[1500 1280 1280]
    vulkan_projection_diagnostic_test.go:101: PROJECTION_SAMPLE candidate=false block=2 ns=12596076 shape=[1500 1280 1280]
=== RUN   TestVulkanNativeProjectionDiagnostic/[1500_1280_5120]
    vulkan_projection_diagnostic_test.go:101: PROJECTION_SAMPLE candidate=false block=0 ns=34798381 shape=[1500 1280 5120]
    vulkan_projection_diagnostic_test.go:101: PROJECTION_SAMPLE candidate=true block=0 ns=36089939 shape=[1500 1280 5120]
    vulkan_projection_diagnostic_test.go:101: PROJECTION_SAMPLE candidate=true block=0 ns=36155596 shape=[1500 1280 5120]
    vulkan_projection_diagnostic_test.go:101: PROJECTION_SAMPLE candidate=false block=0 ns=34629799 shape=[1500 1280 5120]
    vulkan_projection_diagnostic_test.go:101: PROJECTION_SAMPLE candidate=true block=1 ns=36014494 shape=[1500 1280 5120]
    vulkan_projection_diagnostic_test.go:101: PROJECTION_SAMPLE candidate=false block=1 ns=34536808 shape=[1500 1280 5120]
    vulkan_projection_diagnostic_test.go:101: PROJECTION_SAMPLE candidate=false block=1 ns=34811060 shape=[1500 1280 5120]
    vulkan_projection_diagnostic_test.go:101: PROJECTION_SAMPLE candidate=true block=1 ns=36642576 shape=[1500 1280 5120]
    vulkan_projection_diagnostic_test.go:101: PROJECTION_SAMPLE candidate=false block=2 ns=34502159 shape=[1500 1280 5120]
    vulkan_projection_diagnostic_test.go:101: PROJECTION_SAMPLE candidate=true block=2 ns=35882555 shape=[1500 1280 5120]
    vulkan_projection_diagnostic_test.go:101: PROJECTION_SAMPLE candidate=true block=2 ns=36187421 shape=[1500 1280 5120]
    vulkan_projection_diagnostic_test.go:101: PROJECTION_SAMPLE candidate=false block=2 ns=34488361 shape=[1500 1280 5120]
=== RUN   TestVulkanNativeProjectionDiagnostic/[1500_5120_1280]
    vulkan_projection_diagnostic_test.go:101: PROJECTION_SAMPLE candidate=false block=0 ns=36741857 shape=[1500 5120 1280]
    vulkan_projection_diagnostic_test.go:101: PROJECTION_SAMPLE candidate=true block=0 ns=37538503 shape=[1500 5120 1280]
    vulkan_projection_diagnostic_test.go:101: PROJECTION_SAMPLE candidate=true block=0 ns=37389231 shape=[1500 5120 1280]
    vulkan_projection_diagnostic_test.go:101: PROJECTION_SAMPLE candidate=false block=0 ns=36148808 shape=[1500 5120 1280]
    vulkan_projection_diagnostic_test.go:101: PROJECTION_SAMPLE candidate=true block=1 ns=37655335 shape=[1500 5120 1280]
    vulkan_projection_diagnostic_test.go:101: PROJECTION_SAMPLE candidate=false block=1 ns=36682793 shape=[1500 5120 1280]
    vulkan_projection_diagnostic_test.go:101: PROJECTION_SAMPLE candidate=false block=1 ns=36731706 shape=[1500 5120 1280]
    vulkan_projection_diagnostic_test.go:101: PROJECTION_SAMPLE candidate=true block=1 ns=37580706 shape=[1500 5120 1280]
    vulkan_projection_diagnostic_test.go:101: PROJECTION_SAMPLE candidate=false block=2 ns=35970911 shape=[1500 5120 1280]
    vulkan_projection_diagnostic_test.go:101: PROJECTION_SAMPLE candidate=true block=2 ns=37572124 shape=[1500 5120 1280]
    vulkan_projection_diagnostic_test.go:101: PROJECTION_SAMPLE candidate=true block=2 ns=37439501 shape=[1500 5120 1280]
    vulkan_projection_diagnostic_test.go:101: PROJECTION_SAMPLE candidate=false block=2 ns=36150283 shape=[1500 5120 1280]
--- PASS: TestVulkanNativeProjectionDiagnostic (2.08s)
    --- PASS: TestVulkanNativeProjectionDiagnostic/[1_1_1] (0.01s)
    --- PASS: TestVulkanNativeProjectionDiagnostic/[2_3_5] (0.01s)
    --- PASS: TestVulkanNativeProjectionDiagnostic/[65_33_127] (0.01s)
    --- PASS: TestVulkanNativeProjectionDiagnostic/[67_65_129] (0.01s)
    --- PASS: TestVulkanNativeProjectionDiagnostic/[1500_1280_1280] (0.33s)
    --- PASS: TestVulkanNativeProjectionDiagnostic/[1500_1280_5120] (0.86s)
    --- PASS: TestVulkanNativeProjectionDiagnostic/[1500_5120_1280] (0.72s)
PASS
