=== RUN   TestVulkanNativeProjectionDiagnostic
=== RUN   TestVulkanNativeProjectionDiagnostic/[1_1_1]
    vulkan_projection_diagnostic_test.go:83: NATIVE_METRIC {"name":"projected","values":1,"max_abs":9.078530704975663e-10,"abs_budget":0.00002,"rel_budget":0.00002,"wall_ns":0}
=== RUN   TestVulkanNativeProjectionDiagnostic/[2_3_5]
    vulkan_projection_diagnostic_test.go:83: NATIVE_METRIC {"name":"projected","values":10,"max_abs":2.9382765109886577e-9,"abs_budget":0.00002,"rel_budget":0.00002,"wall_ns":0}
=== RUN   TestVulkanNativeProjectionDiagnostic/[65_33_127]
    vulkan_projection_diagnostic_test.go:83: NATIVE_METRIC {"name":"projected","values":8255,"max_abs":2.5028647543390292e-8,"abs_budget":0.00002,"rel_budget":0.00002,"wall_ns":0}
=== RUN   TestVulkanNativeProjectionDiagnostic/[67_65_129]
    vulkan_projection_diagnostic_test.go:83: NATIVE_METRIC {"name":"projected","values":8643,"max_abs":6.285983378262472e-8,"abs_budget":0.00002,"rel_budget":0.00002,"wall_ns":0}
=== RUN   TestVulkanNativeProjectionDiagnostic/[1500_1280_1280]
    vulkan_projection_diagnostic_test.go:101: PROJECTION_SAMPLE candidate=false block=0 ns=11910631 shape=[1500 1280 1280]
    vulkan_projection_diagnostic_test.go:101: PROJECTION_SAMPLE candidate=true block=0 ns=12325534 shape=[1500 1280 1280]
    vulkan_projection_diagnostic_test.go:101: PROJECTION_SAMPLE candidate=true block=0 ns=12041581 shape=[1500 1280 1280]
    vulkan_projection_diagnostic_test.go:101: PROJECTION_SAMPLE candidate=false block=0 ns=12465058 shape=[1500 1280 1280]
    vulkan_projection_diagnostic_test.go:101: PROJECTION_SAMPLE candidate=true block=1 ns=12591358 shape=[1500 1280 1280]
    vulkan_projection_diagnostic_test.go:101: PROJECTION_SAMPLE candidate=false block=1 ns=12005967 shape=[1500 1280 1280]
    vulkan_projection_diagnostic_test.go:101: PROJECTION_SAMPLE candidate=false block=1 ns=12038458 shape=[1500 1280 1280]
    vulkan_projection_diagnostic_test.go:101: PROJECTION_SAMPLE candidate=true block=1 ns=12099186 shape=[1500 1280 1280]
    vulkan_projection_diagnostic_test.go:101: PROJECTION_SAMPLE candidate=false block=2 ns=11781251 shape=[1500 1280 1280]
    vulkan_projection_diagnostic_test.go:101: PROJECTION_SAMPLE candidate=true block=2 ns=11995366 shape=[1500 1280 1280]
    vulkan_projection_diagnostic_test.go:101: PROJECTION_SAMPLE candidate=true block=2 ns=12432307 shape=[1500 1280 1280]
    vulkan_projection_diagnostic_test.go:101: PROJECTION_SAMPLE candidate=false block=2 ns=12599483 shape=[1500 1280 1280]
=== RUN   TestVulkanNativeProjectionDiagnostic/[1500_1280_5120]
    vulkan_projection_diagnostic_test.go:101: PROJECTION_SAMPLE candidate=false block=0 ns=34450295 shape=[1500 1280 5120]
    vulkan_projection_diagnostic_test.go:101: PROJECTION_SAMPLE candidate=true block=0 ns=33376900 shape=[1500 1280 5120]
    vulkan_projection_diagnostic_test.go:101: PROJECTION_SAMPLE candidate=true block=0 ns=33361472 shape=[1500 1280 5120]
    vulkan_projection_diagnostic_test.go:101: PROJECTION_SAMPLE candidate=false block=0 ns=34434238 shape=[1500 1280 5120]
    vulkan_projection_diagnostic_test.go:101: PROJECTION_SAMPLE candidate=true block=1 ns=33359743 shape=[1500 1280 5120]
    vulkan_projection_diagnostic_test.go:101: PROJECTION_SAMPLE candidate=false block=1 ns=34625122 shape=[1500 1280 5120]
    vulkan_projection_diagnostic_test.go:101: PROJECTION_SAMPLE candidate=false block=1 ns=34484086 shape=[1500 1280 5120]
    vulkan_projection_diagnostic_test.go:101: PROJECTION_SAMPLE candidate=true block=1 ns=33434393 shape=[1500 1280 5120]
    vulkan_projection_diagnostic_test.go:101: PROJECTION_SAMPLE candidate=false block=2 ns=34574892 shape=[1500 1280 5120]
    vulkan_projection_diagnostic_test.go:101: PROJECTION_SAMPLE candidate=true block=2 ns=33696045 shape=[1500 1280 5120]
    vulkan_projection_diagnostic_test.go:101: PROJECTION_SAMPLE candidate=true block=2 ns=33354942 shape=[1500 1280 5120]
    vulkan_projection_diagnostic_test.go:101: PROJECTION_SAMPLE candidate=false block=2 ns=34641328 shape=[1500 1280 5120]
=== RUN   TestVulkanNativeProjectionDiagnostic/[1500_5120_1280]
    vulkan_projection_diagnostic_test.go:101: PROJECTION_SAMPLE candidate=false block=0 ns=36422219 shape=[1500 5120 1280]
    vulkan_projection_diagnostic_test.go:101: PROJECTION_SAMPLE candidate=true block=0 ns=34505297 shape=[1500 5120 1280]
    vulkan_projection_diagnostic_test.go:101: PROJECTION_SAMPLE candidate=true block=0 ns=34623882 shape=[1500 5120 1280]
    vulkan_projection_diagnostic_test.go:101: PROJECTION_SAMPLE candidate=false block=0 ns=36161012 shape=[1500 5120 1280]
    vulkan_projection_diagnostic_test.go:101: PROJECTION_SAMPLE candidate=true block=1 ns=35814716 shape=[1500 5120 1280]
    vulkan_projection_diagnostic_test.go:101: PROJECTION_SAMPLE candidate=false block=1 ns=36490943 shape=[1500 5120 1280]
    vulkan_projection_diagnostic_test.go:101: PROJECTION_SAMPLE candidate=false block=1 ns=36762989 shape=[1500 5120 1280]
    vulkan_projection_diagnostic_test.go:101: PROJECTION_SAMPLE candidate=true block=1 ns=34405217 shape=[1500 5120 1280]
    vulkan_projection_diagnostic_test.go:101: PROJECTION_SAMPLE candidate=false block=2 ns=36481080 shape=[1500 5120 1280]
    vulkan_projection_diagnostic_test.go:101: PROJECTION_SAMPLE candidate=true block=2 ns=34699651 shape=[1500 5120 1280]
    vulkan_projection_diagnostic_test.go:101: PROJECTION_SAMPLE candidate=true block=2 ns=34975090 shape=[1500 5120 1280]
    vulkan_projection_diagnostic_test.go:101: PROJECTION_SAMPLE candidate=false block=2 ns=36799791 shape=[1500 5120 1280]
--- PASS: TestVulkanNativeProjectionDiagnostic (2.03s)
    --- PASS: TestVulkanNativeProjectionDiagnostic/[1_1_1] (0.01s)
    --- PASS: TestVulkanNativeProjectionDiagnostic/[2_3_5] (0.01s)
    --- PASS: TestVulkanNativeProjectionDiagnostic/[65_33_127] (0.01s)
    --- PASS: TestVulkanNativeProjectionDiagnostic/[67_65_129] (0.01s)
    --- PASS: TestVulkanNativeProjectionDiagnostic/[1500_1280_1280] (0.32s)
    --- PASS: TestVulkanNativeProjectionDiagnostic/[1500_1280_5120] (0.84s)
    --- PASS: TestVulkanNativeProjectionDiagnostic/[1500_5120_1280] (0.70s)
PASS
