=== RUN   TestVulkanNativeProjectionDiagnostic
=== RUN   TestVulkanNativeProjectionDiagnostic/[1_1_1]
    vulkan_projection_diagnostic_test.go:89: NATIVE_METRIC {"name":"projected","values":1,"max_abs":9.078530704975663e-10,"abs_budget":0.00002,"rel_budget":0.00002,"wall_ns":0}
=== RUN   TestVulkanNativeProjectionDiagnostic/[2_3_5]
    vulkan_projection_diagnostic_test.go:89: NATIVE_METRIC {"name":"projected","values":10,"max_abs":2.9382765109886577e-9,"abs_budget":0.00002,"rel_budget":0.00002,"wall_ns":0}
=== RUN   TestVulkanNativeProjectionDiagnostic/[65_33_127]
    vulkan_projection_diagnostic_test.go:89: NATIVE_METRIC {"name":"projected","values":8255,"max_abs":2.5028647543390292e-8,"abs_budget":0.00002,"rel_budget":0.00002,"wall_ns":0}
=== RUN   TestVulkanNativeProjectionDiagnostic/[67_65_129]
    vulkan_projection_diagnostic_test.go:89: NATIVE_METRIC {"name":"projected","values":8643,"max_abs":6.285983378262472e-8,"abs_budget":0.00002,"rel_budget":0.00002,"wall_ns":0}
=== RUN   TestVulkanNativeProjectionDiagnostic/[1500_1280_1280]
    vulkan_projection_diagnostic_test.go:107: PROJECTION_SAMPLE candidate=false block=0 ns=11791093 shape=[1500 1280 1280]
    vulkan_projection_diagnostic_test.go:107: PROJECTION_SAMPLE candidate=true block=0 ns=14408987 shape=[1500 1280 1280]
    vulkan_projection_diagnostic_test.go:107: PROJECTION_SAMPLE candidate=true block=0 ns=14260394 shape=[1500 1280 1280]
    vulkan_projection_diagnostic_test.go:107: PROJECTION_SAMPLE candidate=false block=0 ns=12539298 shape=[1500 1280 1280]
    vulkan_projection_diagnostic_test.go:107: PROJECTION_SAMPLE candidate=true block=1 ns=14331109 shape=[1500 1280 1280]
    vulkan_projection_diagnostic_test.go:107: PROJECTION_SAMPLE candidate=false block=1 ns=12472311 shape=[1500 1280 1280]
    vulkan_projection_diagnostic_test.go:107: PROJECTION_SAMPLE candidate=false block=1 ns=12434345 shape=[1500 1280 1280]
    vulkan_projection_diagnostic_test.go:107: PROJECTION_SAMPLE candidate=true block=1 ns=14335072 shape=[1500 1280 1280]
    vulkan_projection_diagnostic_test.go:107: PROJECTION_SAMPLE candidate=false block=2 ns=12810587 shape=[1500 1280 1280]
    vulkan_projection_diagnostic_test.go:107: PROJECTION_SAMPLE candidate=true block=2 ns=14368316 shape=[1500 1280 1280]
    vulkan_projection_diagnostic_test.go:107: PROJECTION_SAMPLE candidate=true block=2 ns=14373372 shape=[1500 1280 1280]
    vulkan_projection_diagnostic_test.go:107: PROJECTION_SAMPLE candidate=false block=2 ns=12091508 shape=[1500 1280 1280]
=== RUN   TestVulkanNativeProjectionDiagnostic/[1500_1280_5120]
    vulkan_projection_diagnostic_test.go:107: PROJECTION_SAMPLE candidate=false block=0 ns=34349536 shape=[1500 1280 5120]
    vulkan_projection_diagnostic_test.go:107: PROJECTION_SAMPLE candidate=true block=0 ns=40639061 shape=[1500 1280 5120]
    vulkan_projection_diagnostic_test.go:107: PROJECTION_SAMPLE candidate=true block=0 ns=40445454 shape=[1500 1280 5120]
    vulkan_projection_diagnostic_test.go:107: PROJECTION_SAMPLE candidate=false block=0 ns=34823644 shape=[1500 1280 5120]
    vulkan_projection_diagnostic_test.go:107: PROJECTION_SAMPLE candidate=true block=1 ns=41034643 shape=[1500 1280 5120]
    vulkan_projection_diagnostic_test.go:107: PROJECTION_SAMPLE candidate=false block=1 ns=34576905 shape=[1500 1280 5120]
    vulkan_projection_diagnostic_test.go:107: PROJECTION_SAMPLE candidate=false block=1 ns=34466581 shape=[1500 1280 5120]
    vulkan_projection_diagnostic_test.go:107: PROJECTION_SAMPLE candidate=true block=1 ns=40761125 shape=[1500 1280 5120]
    vulkan_projection_diagnostic_test.go:107: PROJECTION_SAMPLE candidate=false block=2 ns=34487645 shape=[1500 1280 5120]
    vulkan_projection_diagnostic_test.go:107: PROJECTION_SAMPLE candidate=true block=2 ns=40728840 shape=[1500 1280 5120]
    vulkan_projection_diagnostic_test.go:107: PROJECTION_SAMPLE candidate=true block=2 ns=40295851 shape=[1500 1280 5120]
    vulkan_projection_diagnostic_test.go:107: PROJECTION_SAMPLE candidate=false block=2 ns=34547129 shape=[1500 1280 5120]
=== RUN   TestVulkanNativeProjectionDiagnostic/[1500_5120_1280]
    vulkan_projection_diagnostic_test.go:107: PROJECTION_SAMPLE candidate=false block=0 ns=36806113 shape=[1500 5120 1280]
    vulkan_projection_diagnostic_test.go:107: PROJECTION_SAMPLE candidate=true block=0 ns=41852821 shape=[1500 5120 1280]
    vulkan_projection_diagnostic_test.go:107: PROJECTION_SAMPLE candidate=true block=0 ns=41431331 shape=[1500 5120 1280]
    vulkan_projection_diagnostic_test.go:107: PROJECTION_SAMPLE candidate=false block=0 ns=36132042 shape=[1500 5120 1280]
    vulkan_projection_diagnostic_test.go:107: PROJECTION_SAMPLE candidate=true block=1 ns=42320597 shape=[1500 5120 1280]
    vulkan_projection_diagnostic_test.go:107: PROJECTION_SAMPLE candidate=false block=1 ns=36826803 shape=[1500 5120 1280]
    vulkan_projection_diagnostic_test.go:107: PROJECTION_SAMPLE candidate=false block=1 ns=36421302 shape=[1500 5120 1280]
    vulkan_projection_diagnostic_test.go:107: PROJECTION_SAMPLE candidate=true block=1 ns=41924240 shape=[1500 5120 1280]
    vulkan_projection_diagnostic_test.go:107: PROJECTION_SAMPLE candidate=false block=2 ns=36250427 shape=[1500 5120 1280]
    vulkan_projection_diagnostic_test.go:107: PROJECTION_SAMPLE candidate=true block=2 ns=41641318 shape=[1500 5120 1280]
    vulkan_projection_diagnostic_test.go:107: PROJECTION_SAMPLE candidate=true block=2 ns=42052255 shape=[1500 5120 1280]
    vulkan_projection_diagnostic_test.go:107: PROJECTION_SAMPLE candidate=false block=2 ns=36512042 shape=[1500 5120 1280]
--- PASS: TestVulkanNativeProjectionDiagnostic (2.13s)
    --- PASS: TestVulkanNativeProjectionDiagnostic/[1_1_1] (0.01s)
    --- PASS: TestVulkanNativeProjectionDiagnostic/[2_3_5] (0.01s)
    --- PASS: TestVulkanNativeProjectionDiagnostic/[65_33_127] (0.01s)
    --- PASS: TestVulkanNativeProjectionDiagnostic/[67_65_129] (0.01s)
    --- PASS: TestVulkanNativeProjectionDiagnostic/[1500_1280_1280] (0.33s)
    --- PASS: TestVulkanNativeProjectionDiagnostic/[1500_1280_5120] (0.87s)
    --- PASS: TestVulkanNativeProjectionDiagnostic/[1500_5120_1280] (0.75s)
PASS
