=== RUN   TestVulkanNativeProjectionDiagnostic
=== RUN   TestVulkanNativeProjectionDiagnostic/[1_1_1]
    vulkan_projection_diagnostic_test.go:83: NATIVE_METRIC {"name":"projected","values":1,"max_abs":9.078530704975663e-10,"abs_budget":0.00002,"rel_budget":0.00002,"wall_ns":0}
=== RUN   TestVulkanNativeProjectionDiagnostic/[2_3_5]
    vulkan_projection_diagnostic_test.go:83: NATIVE_METRIC {"name":"projected","values":10,"max_abs":2.9382765109886577e-9,"abs_budget":0.00002,"rel_budget":0.00002,"wall_ns":0}
=== RUN   TestVulkanNativeProjectionDiagnostic/[65_33_127]
    vulkan_projection_diagnostic_test.go:83: NATIVE_METRIC {"name":"projected","values":8255,"max_abs":2.5028647543390292e-8,"abs_budget":0.00002,"rel_budget":0.00002,"wall_ns":0}
=== RUN   TestVulkanNativeProjectionDiagnostic/[67_65_129]
    vulkan_projection_diagnostic_test.go:83: NATIVE_METRIC {"name":"projected","values":8643,"max_abs":6.285983378262472e-8,"abs_budget":0.00002,"rel_budget":0.00002,"wall_ns":0}
=== RUN   TestVulkanNativeProjectionDiagnostic/[1500_1280_1280]
    vulkan_projection_diagnostic_test.go:101: PROJECTION_SAMPLE candidate=false block=0 ns=9938454 shape=[1500 1280 1280]
    vulkan_projection_diagnostic_test.go:101: PROJECTION_SAMPLE candidate=true block=0 ns=15237667 shape=[1500 1280 1280]
    vulkan_projection_diagnostic_test.go:101: PROJECTION_SAMPLE candidate=true block=0 ns=15440446 shape=[1500 1280 1280]
    vulkan_projection_diagnostic_test.go:101: PROJECTION_SAMPLE candidate=false block=0 ns=9803408 shape=[1500 1280 1280]
    vulkan_projection_diagnostic_test.go:101: PROJECTION_SAMPLE candidate=true block=1 ns=15245567 shape=[1500 1280 1280]
    vulkan_projection_diagnostic_test.go:101: PROJECTION_SAMPLE candidate=false block=1 ns=10031698 shape=[1500 1280 1280]
    vulkan_projection_diagnostic_test.go:101: PROJECTION_SAMPLE candidate=false block=1 ns=9915277 shape=[1500 1280 1280]
    vulkan_projection_diagnostic_test.go:101: PROJECTION_SAMPLE candidate=true block=1 ns=15432768 shape=[1500 1280 1280]
    vulkan_projection_diagnostic_test.go:101: PROJECTION_SAMPLE candidate=false block=2 ns=10019637 shape=[1500 1280 1280]
    vulkan_projection_diagnostic_test.go:101: PROJECTION_SAMPLE candidate=true block=2 ns=15382476 shape=[1500 1280 1280]
    vulkan_projection_diagnostic_test.go:101: PROJECTION_SAMPLE candidate=true block=2 ns=15169024 shape=[1500 1280 1280]
    vulkan_projection_diagnostic_test.go:101: PROJECTION_SAMPLE candidate=false block=2 ns=9908639 shape=[1500 1280 1280]
=== RUN   TestVulkanNativeProjectionDiagnostic/[1500_1280_5120]
    vulkan_projection_diagnostic_test.go:101: PROJECTION_SAMPLE candidate=false block=0 ns=34518319 shape=[1500 1280 5120]
    vulkan_projection_diagnostic_test.go:101: PROJECTION_SAMPLE candidate=true block=0 ns=54747949 shape=[1500 1280 5120]
    vulkan_projection_diagnostic_test.go:101: PROJECTION_SAMPLE candidate=true block=0 ns=55264528 shape=[1500 1280 5120]
    vulkan_projection_diagnostic_test.go:101: PROJECTION_SAMPLE candidate=false block=0 ns=34511664 shape=[1500 1280 5120]
    vulkan_projection_diagnostic_test.go:101: PROJECTION_SAMPLE candidate=true block=1 ns=55550114 shape=[1500 1280 5120]
    vulkan_projection_diagnostic_test.go:101: PROJECTION_SAMPLE candidate=false block=1 ns=34616434 shape=[1500 1280 5120]
    vulkan_projection_diagnostic_test.go:101: PROJECTION_SAMPLE candidate=false block=1 ns=34288471 shape=[1500 1280 5120]
    vulkan_projection_diagnostic_test.go:101: PROJECTION_SAMPLE candidate=true block=1 ns=54978818 shape=[1500 1280 5120]
    vulkan_projection_diagnostic_test.go:101: PROJECTION_SAMPLE candidate=false block=2 ns=34486986 shape=[1500 1280 5120]
    vulkan_projection_diagnostic_test.go:101: PROJECTION_SAMPLE candidate=true block=2 ns=55279489 shape=[1500 1280 5120]
    vulkan_projection_diagnostic_test.go:101: PROJECTION_SAMPLE candidate=true block=2 ns=55282074 shape=[1500 1280 5120]
    vulkan_projection_diagnostic_test.go:101: PROJECTION_SAMPLE candidate=false block=2 ns=34429373 shape=[1500 1280 5120]
=== RUN   TestVulkanNativeProjectionDiagnostic/[1500_5120_1280]
    vulkan_projection_diagnostic_test.go:101: PROJECTION_SAMPLE candidate=false block=0 ns=36451987 shape=[1500 5120 1280]
    vulkan_projection_diagnostic_test.go:101: PROJECTION_SAMPLE candidate=true block=0 ns=55443602 shape=[1500 5120 1280]
    vulkan_projection_diagnostic_test.go:101: PROJECTION_SAMPLE candidate=true block=0 ns=55365328 shape=[1500 5120 1280]
    vulkan_projection_diagnostic_test.go:101: PROJECTION_SAMPLE candidate=false block=0 ns=36100129 shape=[1500 5120 1280]
    vulkan_projection_diagnostic_test.go:101: PROJECTION_SAMPLE candidate=true block=1 ns=55328690 shape=[1500 5120 1280]
    vulkan_projection_diagnostic_test.go:101: PROJECTION_SAMPLE candidate=false block=1 ns=36301889 shape=[1500 5120 1280]
    vulkan_projection_diagnostic_test.go:101: PROJECTION_SAMPLE candidate=false block=1 ns=35833802 shape=[1500 5120 1280]
    vulkan_projection_diagnostic_test.go:101: PROJECTION_SAMPLE candidate=true block=1 ns=55171966 shape=[1500 5120 1280]
    vulkan_projection_diagnostic_test.go:101: PROJECTION_SAMPLE candidate=false block=2 ns=36107838 shape=[1500 5120 1280]
    vulkan_projection_diagnostic_test.go:101: PROJECTION_SAMPLE candidate=true block=2 ns=55198374 shape=[1500 5120 1280]
    vulkan_projection_diagnostic_test.go:101: PROJECTION_SAMPLE candidate=true block=2 ns=55549383 shape=[1500 5120 1280]
    vulkan_projection_diagnostic_test.go:101: PROJECTION_SAMPLE candidate=false block=2 ns=36047323 shape=[1500 5120 1280]
--- PASS: TestVulkanNativeProjectionDiagnostic (2.32s)
    --- PASS: TestVulkanNativeProjectionDiagnostic/[1_1_1] (0.01s)
    --- PASS: TestVulkanNativeProjectionDiagnostic/[2_3_5] (0.01s)
    --- PASS: TestVulkanNativeProjectionDiagnostic/[65_33_127] (0.01s)
    --- PASS: TestVulkanNativeProjectionDiagnostic/[67_65_129] (0.01s)
    --- PASS: TestVulkanNativeProjectionDiagnostic/[1500_1280_1280] (0.33s)
    --- PASS: TestVulkanNativeProjectionDiagnostic/[1500_1280_5120] (1.00s)
    --- PASS: TestVulkanNativeProjectionDiagnostic/[1500_5120_1280] (0.85s)
PASS
