=== RUN   TestVulkanNativeProjectionDiagnostic
=== RUN   TestVulkanNativeProjectionDiagnostic/[1_1_1]
    vulkan_projection_diagnostic_test.go:89: NATIVE_METRIC {"name":"projected","values":1,"max_abs":9.078530704975663e-10,"abs_budget":0.00002,"rel_budget":0.00002,"wall_ns":0}
=== RUN   TestVulkanNativeProjectionDiagnostic/[2_3_5]
    vulkan_projection_diagnostic_test.go:89: NATIVE_METRIC {"name":"projected","values":10,"max_abs":2.9382765109886577e-9,"abs_budget":0.00002,"rel_budget":0.00002,"wall_ns":0}
=== RUN   TestVulkanNativeProjectionDiagnostic/[65_33_127]
    vulkan_projection_diagnostic_test.go:89: NATIVE_METRIC {"name":"projected","values":8255,"max_abs":2.5028647543390292e-8,"abs_budget":0.00002,"rel_budget":0.00002,"wall_ns":0}
=== RUN   TestVulkanNativeProjectionDiagnostic/[67_65_129]
    vulkan_projection_diagnostic_test.go:89: NATIVE_METRIC {"name":"projected","values":8643,"max_abs":6.285983378262472e-8,"abs_budget":0.00002,"rel_budget":0.00002,"wall_ns":0}
=== RUN   TestVulkanNativeProjectionDiagnostic/[1500_1280_1280]
    vulkan_projection_diagnostic_test.go:107: PROJECTION_SAMPLE candidate=false block=0 ns=9536252 shape=[1500 1280 1280]
    vulkan_projection_diagnostic_test.go:107: PROJECTION_SAMPLE candidate=true block=0 ns=15030267 shape=[1500 1280 1280]
    vulkan_projection_diagnostic_test.go:107: PROJECTION_SAMPLE candidate=true block=0 ns=15086653 shape=[1500 1280 1280]
    vulkan_projection_diagnostic_test.go:107: PROJECTION_SAMPLE candidate=false block=0 ns=9649102 shape=[1500 1280 1280]
    vulkan_projection_diagnostic_test.go:107: PROJECTION_SAMPLE candidate=true block=1 ns=15137261 shape=[1500 1280 1280]
    vulkan_projection_diagnostic_test.go:107: PROJECTION_SAMPLE candidate=false block=1 ns=9646523 shape=[1500 1280 1280]
    vulkan_projection_diagnostic_test.go:107: PROJECTION_SAMPLE candidate=false block=1 ns=10289414 shape=[1500 1280 1280]
    vulkan_projection_diagnostic_test.go:107: PROJECTION_SAMPLE candidate=true block=1 ns=15073126 shape=[1500 1280 1280]
    vulkan_projection_diagnostic_test.go:107: PROJECTION_SAMPLE candidate=false block=2 ns=9617022 shape=[1500 1280 1280]
    vulkan_projection_diagnostic_test.go:107: PROJECTION_SAMPLE candidate=true block=2 ns=15052582 shape=[1500 1280 1280]
    vulkan_projection_diagnostic_test.go:107: PROJECTION_SAMPLE candidate=true block=2 ns=15133927 shape=[1500 1280 1280]
    vulkan_projection_diagnostic_test.go:107: PROJECTION_SAMPLE candidate=false block=2 ns=9582726 shape=[1500 1280 1280]
=== RUN   TestVulkanNativeProjectionDiagnostic/[1500_1280_5120]
    vulkan_projection_diagnostic_test.go:107: PROJECTION_SAMPLE candidate=false block=0 ns=34478553 shape=[1500 1280 5120]
    vulkan_projection_diagnostic_test.go:107: PROJECTION_SAMPLE candidate=true block=0 ns=55788506 shape=[1500 1280 5120]
    vulkan_projection_diagnostic_test.go:107: PROJECTION_SAMPLE candidate=true block=0 ns=55732429 shape=[1500 1280 5120]
    vulkan_projection_diagnostic_test.go:107: PROJECTION_SAMPLE candidate=false block=0 ns=34735323 shape=[1500 1280 5120]
    vulkan_projection_diagnostic_test.go:107: PROJECTION_SAMPLE candidate=true block=1 ns=55764149 shape=[1500 1280 5120]
    vulkan_projection_diagnostic_test.go:107: PROJECTION_SAMPLE candidate=false block=1 ns=37443468 shape=[1500 1280 5120]
    vulkan_projection_diagnostic_test.go:107: PROJECTION_SAMPLE candidate=false block=1 ns=34494280 shape=[1500 1280 5120]
    vulkan_projection_diagnostic_test.go:107: PROJECTION_SAMPLE candidate=true block=1 ns=55704816 shape=[1500 1280 5120]
    vulkan_projection_diagnostic_test.go:107: PROJECTION_SAMPLE candidate=false block=2 ns=34527149 shape=[1500 1280 5120]
    vulkan_projection_diagnostic_test.go:107: PROJECTION_SAMPLE candidate=true block=2 ns=55484916 shape=[1500 1280 5120]
    vulkan_projection_diagnostic_test.go:107: PROJECTION_SAMPLE candidate=true block=2 ns=55531250 shape=[1500 1280 5120]
    vulkan_projection_diagnostic_test.go:107: PROJECTION_SAMPLE candidate=false block=2 ns=34412624 shape=[1500 1280 5120]
=== RUN   TestVulkanNativeProjectionDiagnostic/[1500_5120_1280]
    vulkan_projection_diagnostic_test.go:107: PROJECTION_SAMPLE candidate=false block=0 ns=36062493 shape=[1500 5120 1280]
    vulkan_projection_diagnostic_test.go:107: PROJECTION_SAMPLE candidate=true block=0 ns=56281889 shape=[1500 5120 1280]
    vulkan_projection_diagnostic_test.go:107: PROJECTION_SAMPLE candidate=true block=0 ns=55788540 shape=[1500 5120 1280]
    vulkan_projection_diagnostic_test.go:107: PROJECTION_SAMPLE candidate=false block=0 ns=36740012 shape=[1500 5120 1280]
    vulkan_projection_diagnostic_test.go:107: PROJECTION_SAMPLE candidate=true block=1 ns=55793759 shape=[1500 5120 1280]
    vulkan_projection_diagnostic_test.go:107: PROJECTION_SAMPLE candidate=false block=1 ns=35980233 shape=[1500 5120 1280]
    vulkan_projection_diagnostic_test.go:107: PROJECTION_SAMPLE candidate=false block=1 ns=36346518 shape=[1500 5120 1280]
    vulkan_projection_diagnostic_test.go:107: PROJECTION_SAMPLE candidate=true block=1 ns=56256569 shape=[1500 5120 1280]
    vulkan_projection_diagnostic_test.go:107: PROJECTION_SAMPLE candidate=false block=2 ns=36156976 shape=[1500 5120 1280]
    vulkan_projection_diagnostic_test.go:107: PROJECTION_SAMPLE candidate=true block=2 ns=56169548 shape=[1500 5120 1280]
    vulkan_projection_diagnostic_test.go:107: PROJECTION_SAMPLE candidate=true block=2 ns=55950647 shape=[1500 5120 1280]
    vulkan_projection_diagnostic_test.go:107: PROJECTION_SAMPLE candidate=false block=2 ns=35768479 shape=[1500 5120 1280]
--- PASS: TestVulkanNativeProjectionDiagnostic (2.33s)
    --- PASS: TestVulkanNativeProjectionDiagnostic/[1_1_1] (0.01s)
    --- PASS: TestVulkanNativeProjectionDiagnostic/[2_3_5] (0.01s)
    --- PASS: TestVulkanNativeProjectionDiagnostic/[65_33_127] (0.01s)
    --- PASS: TestVulkanNativeProjectionDiagnostic/[67_65_129] (0.01s)
    --- PASS: TestVulkanNativeProjectionDiagnostic/[1500_1280_1280] (0.32s)
    --- PASS: TestVulkanNativeProjectionDiagnostic/[1500_1280_5120] (1.02s)
    --- PASS: TestVulkanNativeProjectionDiagnostic/[1500_5120_1280] (0.85s)
PASS
