=== RUN   TestVulkanNativeQ5Decode4Trained
=== RUN   TestVulkanNativeQ5Decode4Trained/encoder.blocks.0.mlp.0.weight
    vulkan_q5_decode4_native_test.go:110: DECODE4_TRAINED tensor=encoder.blocks.0.mlp.0.weight candidate=false repeat=0 seconds=0.033426614 values=7680000
    vulkan_q5_decode4_native_test.go:110: DECODE4_TRAINED tensor=encoder.blocks.0.mlp.0.weight candidate=true repeat=0 seconds=0.030734939 values=7680000
    vulkan_q5_decode4_native_test.go:110: DECODE4_TRAINED tensor=encoder.blocks.0.mlp.0.weight candidate=true repeat=1 seconds=0.030703698 values=7680000
    vulkan_q5_decode4_native_test.go:110: DECODE4_TRAINED tensor=encoder.blocks.0.mlp.0.weight candidate=false repeat=1 seconds=0.032783931 values=7680000
    vulkan_q5_decode4_native_test.go:110: DECODE4_TRAINED tensor=encoder.blocks.0.mlp.0.weight candidate=false repeat=2 seconds=0.032754170 values=7680000
    vulkan_q5_decode4_native_test.go:110: DECODE4_TRAINED tensor=encoder.blocks.0.mlp.0.weight candidate=true repeat=2 seconds=0.030805589 values=7680000
    vulkan_q5_decode4_native_test.go:110: DECODE4_TRAINED tensor=encoder.blocks.0.mlp.0.weight candidate=true repeat=3 seconds=0.030682931 values=7680000
    vulkan_q5_decode4_native_test.go:110: DECODE4_TRAINED tensor=encoder.blocks.0.mlp.0.weight candidate=false repeat=3 seconds=0.032939424 values=7680000
    vulkan_q5_decode4_native_test.go:110: DECODE4_TRAINED tensor=encoder.blocks.0.mlp.0.weight candidate=false repeat=4 seconds=0.032864434 values=7680000
    vulkan_q5_decode4_native_test.go:110: DECODE4_TRAINED tensor=encoder.blocks.0.mlp.0.weight candidate=true repeat=4 seconds=0.030660869 values=7680000
=== RUN   TestVulkanNativeQ5Decode4Trained/encoder.blocks.0.mlp.2.weight
    vulkan_q5_decode4_native_test.go:110: DECODE4_TRAINED tensor=encoder.blocks.0.mlp.2.weight candidate=false repeat=0 seconds=0.033849928 values=1920000
    vulkan_q5_decode4_native_test.go:110: DECODE4_TRAINED tensor=encoder.blocks.0.mlp.2.weight candidate=true repeat=0 seconds=0.031672870 values=1920000
    vulkan_q5_decode4_native_test.go:110: DECODE4_TRAINED tensor=encoder.blocks.0.mlp.2.weight candidate=true repeat=1 seconds=0.031560936 values=1920000
    vulkan_q5_decode4_native_test.go:110: DECODE4_TRAINED tensor=encoder.blocks.0.mlp.2.weight candidate=false repeat=1 seconds=0.033835876 values=1920000
    vulkan_q5_decode4_native_test.go:110: DECODE4_TRAINED tensor=encoder.blocks.0.mlp.2.weight candidate=false repeat=2 seconds=0.033854419 values=1920000
    vulkan_q5_decode4_native_test.go:110: DECODE4_TRAINED tensor=encoder.blocks.0.mlp.2.weight candidate=true repeat=2 seconds=0.031501578 values=1920000
    vulkan_q5_decode4_native_test.go:110: DECODE4_TRAINED tensor=encoder.blocks.0.mlp.2.weight candidate=true repeat=3 seconds=0.031521571 values=1920000
    vulkan_q5_decode4_native_test.go:110: DECODE4_TRAINED tensor=encoder.blocks.0.mlp.2.weight candidate=false repeat=3 seconds=0.033977894 values=1920000
    vulkan_q5_decode4_native_test.go:110: DECODE4_TRAINED tensor=encoder.blocks.0.mlp.2.weight candidate=false repeat=4 seconds=0.033875164 values=1920000
    vulkan_q5_decode4_native_test.go:110: DECODE4_TRAINED tensor=encoder.blocks.0.mlp.2.weight candidate=true repeat=4 seconds=0.031671673 values=1920000
--- PASS: TestVulkanNativeQ5Decode4Trained (1.68s)
    --- PASS: TestVulkanNativeQ5Decode4Trained/encoder.blocks.0.mlp.0.weight (0.70s)
    --- PASS: TestVulkanNativeQ5Decode4Trained/encoder.blocks.0.mlp.2.weight (0.52s)
PASS
