=== RUN   TestVulkanNativeProjectionDiagnostic
=== RUN   TestVulkanNativeProjectionDiagnostic/[1_1_1]
    vulkan_projection_diagnostic_test.go:83: NATIVE_METRIC {"name":"projected","values":1,"max_abs":9.078530704975663e-10,"abs_budget":0.00002,"rel_budget":0.00002,"wall_ns":0}
=== RUN   TestVulkanNativeProjectionDiagnostic/[2_3_5]
    vulkan_projection_diagnostic_test.go:83: NATIVE_METRIC {"name":"projected","values":10,"max_abs":2.9382765109886577e-9,"abs_budget":0.00002,"rel_budget":0.00002,"wall_ns":0}
=== RUN   TestVulkanNativeProjectionDiagnostic/[65_33_127]
    vulkan_projection_diagnostic_test.go:83: NATIVE_METRIC {"name":"projected","values":8255,"max_abs":2.5028647543390292e-8,"abs_budget":0.00002,"rel_budget":0.00002,"wall_ns":0}
=== RUN   TestVulkanNativeProjectionDiagnostic/[67_65_129]
    vulkan_projection_diagnostic_test.go:83: NATIVE_METRIC {"name":"projected","values":8643,"max_abs":6.285983378262472e-8,"abs_budget":0.00002,"rel_budget":0.00002,"wall_ns":0}
=== RUN   TestVulkanNativeProjectionDiagnostic/[1500_1280_1280]
    vulkan_projection_diagnostic_test.go:101: PROJECTION_SAMPLE candidate=false block=0 ns=13164514 shape=[1500 1280 1280]
    vulkan_projection_diagnostic_test.go:101: PROJECTION_SAMPLE candidate=true block=0 ns=13400588 shape=[1500 1280 1280]
    vulkan_projection_diagnostic_test.go:101: PROJECTION_SAMPLE candidate=true block=0 ns=13193348 shape=[1500 1280 1280]
    vulkan_projection_diagnostic_test.go:101: PROJECTION_SAMPLE candidate=false block=0 ns=13163136 shape=[1500 1280 1280]
    vulkan_projection_diagnostic_test.go:101: PROJECTION_SAMPLE candidate=true block=1 ns=13321461 shape=[1500 1280 1280]
    vulkan_projection_diagnostic_test.go:101: PROJECTION_SAMPLE candidate=false block=1 ns=13292807 shape=[1500 1280 1280]
    vulkan_projection_diagnostic_test.go:101: PROJECTION_SAMPLE candidate=false block=1 ns=13226920 shape=[1500 1280 1280]
    vulkan_projection_diagnostic_test.go:101: PROJECTION_SAMPLE candidate=true block=1 ns=13352893 shape=[1500 1280 1280]
    vulkan_projection_diagnostic_test.go:101: PROJECTION_SAMPLE candidate=false block=2 ns=13323454 shape=[1500 1280 1280]
    vulkan_projection_diagnostic_test.go:101: PROJECTION_SAMPLE candidate=true block=2 ns=13334606 shape=[1500 1280 1280]
    vulkan_projection_diagnostic_test.go:101: PROJECTION_SAMPLE candidate=true block=2 ns=13390341 shape=[1500 1280 1280]
    vulkan_projection_diagnostic_test.go:101: PROJECTION_SAMPLE candidate=false block=2 ns=13270601 shape=[1500 1280 1280]
=== RUN   TestVulkanNativeProjectionDiagnostic/[1500_1280_5120]
    vulkan_projection_diagnostic_test.go:101: PROJECTION_SAMPLE candidate=false block=0 ns=34439173 shape=[1500 1280 5120]
    vulkan_projection_diagnostic_test.go:101: PROJECTION_SAMPLE candidate=true block=0 ns=34814575 shape=[1500 1280 5120]
    vulkan_projection_diagnostic_test.go:101: PROJECTION_SAMPLE candidate=true block=0 ns=34804070 shape=[1500 1280 5120]
    vulkan_projection_diagnostic_test.go:101: PROJECTION_SAMPLE candidate=false block=0 ns=34632720 shape=[1500 1280 5120]
    vulkan_projection_diagnostic_test.go:101: PROJECTION_SAMPLE candidate=true block=1 ns=34697063 shape=[1500 1280 5120]
    vulkan_projection_diagnostic_test.go:101: PROJECTION_SAMPLE candidate=false block=1 ns=34620169 shape=[1500 1280 5120]
    vulkan_projection_diagnostic_test.go:101: PROJECTION_SAMPLE candidate=false block=1 ns=34652072 shape=[1500 1280 5120]
    vulkan_projection_diagnostic_test.go:101: PROJECTION_SAMPLE candidate=true block=1 ns=35873914 shape=[1500 1280 5120]
    vulkan_projection_diagnostic_test.go:101: PROJECTION_SAMPLE candidate=false block=2 ns=34500373 shape=[1500 1280 5120]
    vulkan_projection_diagnostic_test.go:101: PROJECTION_SAMPLE candidate=true block=2 ns=34923316 shape=[1500 1280 5120]
    vulkan_projection_diagnostic_test.go:101: PROJECTION_SAMPLE candidate=true block=2 ns=34907009 shape=[1500 1280 5120]
    vulkan_projection_diagnostic_test.go:101: PROJECTION_SAMPLE candidate=false block=2 ns=34585775 shape=[1500 1280 5120]
=== RUN   TestVulkanNativeProjectionDiagnostic/[1500_5120_1280]
    vulkan_projection_diagnostic_test.go:101: PROJECTION_SAMPLE candidate=false block=0 ns=36267878 shape=[1500 5120 1280]
    vulkan_projection_diagnostic_test.go:101: PROJECTION_SAMPLE candidate=true block=0 ns=36595214 shape=[1500 5120 1280]
    vulkan_projection_diagnostic_test.go:101: PROJECTION_SAMPLE candidate=true block=0 ns=36683723 shape=[1500 5120 1280]
    vulkan_projection_diagnostic_test.go:101: PROJECTION_SAMPLE candidate=false block=0 ns=36905047 shape=[1500 5120 1280]
    vulkan_projection_diagnostic_test.go:101: PROJECTION_SAMPLE candidate=true block=1 ns=36516277 shape=[1500 5120 1280]
    vulkan_projection_diagnostic_test.go:101: PROJECTION_SAMPLE candidate=false block=1 ns=36217269 shape=[1500 5120 1280]
    vulkan_projection_diagnostic_test.go:101: PROJECTION_SAMPLE candidate=false block=1 ns=35812400 shape=[1500 5120 1280]
    vulkan_projection_diagnostic_test.go:101: PROJECTION_SAMPLE candidate=true block=1 ns=36635643 shape=[1500 5120 1280]
    vulkan_projection_diagnostic_test.go:101: PROJECTION_SAMPLE candidate=false block=2 ns=36692411 shape=[1500 5120 1280]
    vulkan_projection_diagnostic_test.go:101: PROJECTION_SAMPLE candidate=true block=2 ns=36440688 shape=[1500 5120 1280]
    vulkan_projection_diagnostic_test.go:101: PROJECTION_SAMPLE candidate=true block=2 ns=36406046 shape=[1500 5120 1280]
    vulkan_projection_diagnostic_test.go:101: PROJECTION_SAMPLE candidate=false block=2 ns=36505089 shape=[1500 5120 1280]
--- PASS: TestVulkanNativeProjectionDiagnostic (2.08s)
    --- PASS: TestVulkanNativeProjectionDiagnostic/[1_1_1] (0.01s)
    --- PASS: TestVulkanNativeProjectionDiagnostic/[2_3_5] (0.01s)
    --- PASS: TestVulkanNativeProjectionDiagnostic/[65_33_127] (0.01s)
    --- PASS: TestVulkanNativeProjectionDiagnostic/[67_65_129] (0.01s)
    --- PASS: TestVulkanNativeProjectionDiagnostic/[1500_1280_1280] (0.34s)
    --- PASS: TestVulkanNativeProjectionDiagnostic/[1500_1280_5120] (0.86s)
    --- PASS: TestVulkanNativeProjectionDiagnostic/[1500_5120_1280] (0.71s)
PASS
