whisper_init_from_file_with_params_no_state: loading model from '/var/home/agent/workspace/projects/whisper-stt/models/ggml-large-v3-turbo-q5_0.bin'
whisper_init_with_params_no_state: use gpu    = 1
whisper_init_with_params_no_state: flash attn = 1
whisper_init_with_params_no_state: gpu_device = 0
whisper_init_with_params_no_state: dtw        = 0
ggml_vulkan: Found 1 Vulkan devices:
ggml_vulkan: 0 = Intel(R) Iris(R) Xe Graphics (RPL-P) (Intel open-source Mesa driver) | uma: 1 | fp16: 1 | bf16: 0 | fp4: 0 | warp size: 32 | shared memory: 49152 | int dot: 1 | matrix cores: none
whisper_init_with_params_no_state: devices    = 2
whisper_init_with_params_no_state: backends   = 2
whisper_model_load: loading model
whisper_model_load: n_vocab       = 51866
whisper_model_load: n_audio_ctx   = 1500
whisper_model_load: n_audio_state = 1280
whisper_model_load: n_audio_head  = 20
whisper_model_load: n_audio_layer = 32
whisper_model_load: n_text_ctx    = 448
whisper_model_load: n_text_state  = 1280
whisper_model_load: n_text_head   = 20
whisper_model_load: n_text_layer  = 4
whisper_model_load: n_mels        = 128
whisper_model_load: ftype         = 8
whisper_model_load: qntvr         = 2
whisper_model_load: type          = 5 (large v3)
whisper_model_load: adding 1609 extra tokens
whisper_model_load: n_langs       = 100
whisper_model_load:      Vulkan0 total size =   573.40 MB
whisper_model_load: model size    =  573.40 MB
whisper_backend_init_gpu: device 0: Vulkan0 (type: 2)
whisper_backend_init_gpu: found GPU device 0: Vulkan0 (type: 2, cnt: 0)
whisper_backend_init_gpu: using Vulkan0 backend
whisper_init_state: kv self size  =   10.49 MB
whisper_init_state: kv cross size =   31.46 MB
whisper_init_state: kv pad  size  =    7.86 MB
whisper_init_state: compute buffer (conv)   =   37.69 MB
whisper_init_state: compute buffer (encode) =   55.35 MB
whisper_init_state: compute buffer (cross)  =   39.99 MB
whisper_init_state: compute buffer (decode) =  100.04 MB
ORIGINAL_REQUEST repeat=0 seconds=4.37054 segments=1
ORIGINAL_REQUEST repeat=1 seconds=2.98554 segments=1
ORIGINAL_REQUEST repeat=2 seconds=2.99822 segments=1
ORIGINAL_REQUEST repeat=3 seconds=3.01667 segments=1
ORIGINAL_REQUEST repeat=4 seconds=3.02344 segments=1
ORIGINAL_PROCESS seconds=16.719576311 status=0 expired=false
