=== RUN   TestVulkanNativeLinearStaticDiagnostic
=== RUN   TestVulkanNativeLinearStaticDiagnostic/numerics
    vulkan_linear_regtile_test.go:173: NATIVE_METRIC {"name":"regtile[1 1 1]","values":1,"max_abs":3.349778232575318e-9,"abs_budget":0.00002,"rel_budget":0.00002,"wall_ns":1297058}
    vulkan_linear_regtile_test.go:184: REGTILE_NUMERIC shape=[1 1 1] max_baseline_abs=0
    vulkan_linear_regtile_test.go:173: NATIVE_METRIC {"name":"regtile[2 3 5]","values":10,"max_abs":1.2337022736730319e-8,"abs_budget":0.00002,"rel_budget":0.00002,"wall_ns":488220}
    vulkan_linear_regtile_test.go:184: REGTILE_NUMERIC shape=[2 3 5] max_baseline_abs=0
    vulkan_linear_regtile_test.go:173: NATIVE_METRIC {"name":"regtile[15 16 17]","values":255,"max_abs":1.3974010659723035e-7,"abs_budget":0.00002,"rel_budget":0.00002,"wall_ns":290130}
    vulkan_linear_regtile_test.go:184: REGTILE_NUMERIC shape=[15 16 17] max_baseline_abs=0
    vulkan_linear_regtile_test.go:173: NATIVE_METRIC {"name":"regtile[16 17 15]","values":240,"max_abs":9.749137175329992e-8,"abs_budget":0.00002,"rel_budget":0.00002,"wall_ns":257995}
    vulkan_linear_regtile_test.go:184: REGTILE_NUMERIC shape=[16 17 15] max_baseline_abs=0
    vulkan_linear_regtile_test.go:173: NATIVE_METRIC {"name":"regtile[17 31 19]","values":323,"max_abs":1.5529887331666714e-7,"abs_budget":0.00002,"rel_budget":0.00002,"wall_ns":258345}
    vulkan_linear_regtile_test.go:184: REGTILE_NUMERIC shape=[17 31 19] max_baseline_abs=0
    vulkan_linear_regtile_test.go:173: NATIVE_METRIC {"name":"regtile[31 33 7]","values":217,"max_abs":2.6790485252448093e-7,"abs_budget":0.00002,"rel_budget":0.00002,"wall_ns":284126}
    vulkan_linear_regtile_test.go:184: REGTILE_NUMERIC shape=[31 33 7] max_baseline_abs=0
    vulkan_linear_regtile_test.go:173: NATIVE_METRIC {"name":"regtile[33 17 31]","values":1023,"max_abs":1.3867614767626435e-7,"abs_budget":0.00002,"rel_budget":0.00002,"wall_ns":241229}
    vulkan_linear_regtile_test.go:184: REGTILE_NUMERIC shape=[33 17 31] max_baseline_abs=0
    vulkan_linear_regtile_test.go:173: NATIVE_METRIC {"name":"regtile[3 384 9]","values":27,"max_abs":0.0000017596171417721962,"abs_budget":0.00002,"rel_budget":0.00002,"wall_ns":460073}
    vulkan_linear_regtile_test.go:184: REGTILE_NUMERIC shape=[3 384 9] max_baseline_abs=0
    vulkan_linear_regtile_test.go:173: NATIVE_METRIC {"name":"regtile[2 1280 7]","values":14,"max_abs":0.000005361167738193728,"abs_budget":0.00002,"rel_budget":0.00002,"wall_ns":835615}
    vulkan_linear_regtile_test.go:184: REGTILE_NUMERIC shape=[2 1280 7] max_baseline_abs=0
    vulkan_linear_regtile_test.go:173: NATIVE_METRIC {"name":"regtile[1 16384 2]","values":2,"max_abs":0.000009660682177781155,"abs_budget":0.00002,"rel_budget":0.00002,"wall_ns":5782472}
    vulkan_linear_regtile_test.go:184: REGTILE_NUMERIC shape=[1 16384 2] max_baseline_abs=0
    vulkan_linear_regtile_test.go:173: NATIVE_METRIC {"name":"regtile[32 32 32]","values":1024,"max_abs":2.197767203782064e-7,"abs_budget":0.00002,"rel_budget":0.00002,"wall_ns":348200}
    vulkan_linear_regtile_test.go:184: REGTILE_NUMERIC shape=[32 32 32] max_baseline_abs=0
    vulkan_linear_regtile_test.go:173: NATIVE_METRIC {"name":"regtile[33 65 63]","values":2079,"max_abs":8.343939872368367e-7,"abs_budget":0.00002,"rel_budget":0.00002,"wall_ns":406880}
    vulkan_linear_regtile_test.go:184: REGTILE_NUMERIC shape=[33 65 63] max_baseline_abs=0
=== RUN   TestVulkanNativeLinearStaticDiagnostic/[1500_1280_1280]
    vulkan_linear_regtile_test.go:249: REGTILE_SAMPLE {"block":0,"kernel":"baseline","shape":[1500,1280,1280],"wall_ns":9051928}
    vulkan_linear_regtile_test.go:249: REGTILE_SAMPLE {"block":0,"kernel":"candidate","shape":[1500,1280,1280],"wall_ns":9378251}
    vulkan_linear_regtile_test.go:249: REGTILE_SAMPLE {"block":0,"kernel":"candidate","shape":[1500,1280,1280],"wall_ns":9244413}
    vulkan_linear_regtile_test.go:249: REGTILE_SAMPLE {"block":0,"kernel":"baseline","shape":[1500,1280,1280],"wall_ns":8889402}
    vulkan_linear_regtile_test.go:249: REGTILE_SAMPLE {"block":1,"kernel":"candidate","shape":[1500,1280,1280],"wall_ns":9412537}
    vulkan_linear_regtile_test.go:249: REGTILE_SAMPLE {"block":1,"kernel":"baseline","shape":[1500,1280,1280],"wall_ns":9004481}
    vulkan_linear_regtile_test.go:249: REGTILE_SAMPLE {"block":1,"kernel":"baseline","shape":[1500,1280,1280],"wall_ns":9739666}
    vulkan_linear_regtile_test.go:249: REGTILE_SAMPLE {"block":1,"kernel":"candidate","shape":[1500,1280,1280],"wall_ns":9372379}
    vulkan_linear_regtile_test.go:249: REGTILE_SAMPLE {"block":2,"kernel":"baseline","shape":[1500,1280,1280],"wall_ns":8959360}
    vulkan_linear_regtile_test.go:249: REGTILE_SAMPLE {"block":2,"kernel":"candidate","shape":[1500,1280,1280],"wall_ns":9450542}
    vulkan_linear_regtile_test.go:249: REGTILE_SAMPLE {"block":2,"kernel":"candidate","shape":[1500,1280,1280],"wall_ns":9398678}
    vulkan_linear_regtile_test.go:249: REGTILE_SAMPLE {"block":2,"kernel":"baseline","shape":[1500,1280,1280],"wall_ns":9126090}
    vulkan_linear_regtile_test.go:249: REGTILE_SAMPLE {"block":3,"kernel":"candidate","shape":[1500,1280,1280],"wall_ns":9358534}
    vulkan_linear_regtile_test.go:249: REGTILE_SAMPLE {"block":3,"kernel":"baseline","shape":[1500,1280,1280],"wall_ns":9055743}
    vulkan_linear_regtile_test.go:249: REGTILE_SAMPLE {"block":3,"kernel":"baseline","shape":[1500,1280,1280],"wall_ns":9005004}
    vulkan_linear_regtile_test.go:249: REGTILE_SAMPLE {"block":3,"kernel":"candidate","shape":[1500,1280,1280],"wall_ns":9394305}
    vulkan_linear_regtile_test.go:258: REGTILE_TIMING {"gpu_timestamps":false,"max_baseline_abs":0,"median_ns":{"baseline":9028466,"candidate":9386278},"shape":[1500,1280,1280],"speedup":0.9618792454261423}
=== RUN   TestVulkanNativeLinearStaticDiagnostic/[1500_1280_5120]
    vulkan_linear_regtile_test.go:249: REGTILE_SAMPLE {"block":0,"kernel":"baseline","shape":[1500,1280,5120],"wall_ns":34514460}
    vulkan_linear_regtile_test.go:249: REGTILE_SAMPLE {"block":0,"kernel":"candidate","shape":[1500,1280,5120],"wall_ns":36364754}
    vulkan_linear_regtile_test.go:249: REGTILE_SAMPLE {"block":0,"kernel":"candidate","shape":[1500,1280,5120],"wall_ns":36573641}
    vulkan_linear_regtile_test.go:249: REGTILE_SAMPLE {"block":0,"kernel":"baseline","shape":[1500,1280,5120],"wall_ns":34510876}
    vulkan_linear_regtile_test.go:249: REGTILE_SAMPLE {"block":1,"kernel":"candidate","shape":[1500,1280,5120],"wall_ns":36735281}
    vulkan_linear_regtile_test.go:249: REGTILE_SAMPLE {"block":1,"kernel":"baseline","shape":[1500,1280,5120],"wall_ns":34551340}
    vulkan_linear_regtile_test.go:249: REGTILE_SAMPLE {"block":1,"kernel":"baseline","shape":[1500,1280,5120],"wall_ns":34534145}
    vulkan_linear_regtile_test.go:249: REGTILE_SAMPLE {"block":1,"kernel":"candidate","shape":[1500,1280,5120],"wall_ns":35939063}
    vulkan_linear_regtile_test.go:249: REGTILE_SAMPLE {"block":2,"kernel":"baseline","shape":[1500,1280,5120],"wall_ns":34489422}
    vulkan_linear_regtile_test.go:249: REGTILE_SAMPLE {"block":2,"kernel":"candidate","shape":[1500,1280,5120],"wall_ns":36165347}
    vulkan_linear_regtile_test.go:249: REGTILE_SAMPLE {"block":2,"kernel":"candidate","shape":[1500,1280,5120],"wall_ns":36656810}
    vulkan_linear_regtile_test.go:249: REGTILE_SAMPLE {"block":2,"kernel":"baseline","shape":[1500,1280,5120],"wall_ns":34510950}
    vulkan_linear_regtile_test.go:249: REGTILE_SAMPLE {"block":3,"kernel":"candidate","shape":[1500,1280,5120],"wall_ns":36735505}
    vulkan_linear_regtile_test.go:249: REGTILE_SAMPLE {"block":3,"kernel":"baseline","shape":[1500,1280,5120],"wall_ns":34542831}
    vulkan_linear_regtile_test.go:249: REGTILE_SAMPLE {"block":3,"kernel":"baseline","shape":[1500,1280,5120],"wall_ns":34627052}
    vulkan_linear_regtile_test.go:249: REGTILE_SAMPLE {"block":3,"kernel":"candidate","shape":[1500,1280,5120],"wall_ns":36805758}
    vulkan_linear_regtile_test.go:258: REGTILE_TIMING {"gpu_timestamps":false,"max_baseline_abs":0,"median_ns":{"baseline":34524302.5,"candidate":36615225.5},"shape":[1500,1280,5120],"speedup":0.9428947119279656}
=== RUN   TestVulkanNativeLinearStaticDiagnostic/[1500_5120_1280]
    vulkan_linear_regtile_test.go:249: REGTILE_SAMPLE {"block":0,"kernel":"baseline","shape":[1500,5120,1280],"wall_ns":36378996}
    vulkan_linear_regtile_test.go:249: REGTILE_SAMPLE {"block":0,"kernel":"candidate","shape":[1500,5120,1280],"wall_ns":37365926}
    vulkan_linear_regtile_test.go:249: REGTILE_SAMPLE {"block":0,"kernel":"candidate","shape":[1500,5120,1280],"wall_ns":37759077}
    vulkan_linear_regtile_test.go:249: REGTILE_SAMPLE {"block":0,"kernel":"baseline","shape":[1500,5120,1280],"wall_ns":36418339}
    vulkan_linear_regtile_test.go:249: REGTILE_SAMPLE {"block":1,"kernel":"candidate","shape":[1500,5120,1280],"wall_ns":37496916}
    vulkan_linear_regtile_test.go:249: REGTILE_SAMPLE {"block":1,"kernel":"baseline","shape":[1500,5120,1280],"wall_ns":36340707}
    vulkan_linear_regtile_test.go:249: REGTILE_SAMPLE {"block":1,"kernel":"baseline","shape":[1500,5120,1280],"wall_ns":36359564}
    vulkan_linear_regtile_test.go:249: REGTILE_SAMPLE {"block":1,"kernel":"candidate","shape":[1500,5120,1280],"wall_ns":37607032}
    vulkan_linear_regtile_test.go:249: REGTILE_SAMPLE {"block":2,"kernel":"baseline","shape":[1500,5120,1280],"wall_ns":36064490}
    vulkan_linear_regtile_test.go:249: REGTILE_SAMPLE {"block":2,"kernel":"candidate","shape":[1500,5120,1280],"wall_ns":37574295}
    vulkan_linear_regtile_test.go:249: REGTILE_SAMPLE {"block":2,"kernel":"candidate","shape":[1500,5120,1280],"wall_ns":37275130}
    vulkan_linear_regtile_test.go:249: REGTILE_SAMPLE {"block":2,"kernel":"baseline","shape":[1500,5120,1280],"wall_ns":36755971}
    vulkan_linear_regtile_test.go:249: REGTILE_SAMPLE {"block":3,"kernel":"candidate","shape":[1500,5120,1280],"wall_ns":37389072}
    vulkan_linear_regtile_test.go:249: REGTILE_SAMPLE {"block":3,"kernel":"baseline","shape":[1500,5120,1280],"wall_ns":36033904}
    vulkan_linear_regtile_test.go:249: REGTILE_SAMPLE {"block":3,"kernel":"baseline","shape":[1500,5120,1280],"wall_ns":36246737}
    vulkan_linear_regtile_test.go:249: REGTILE_SAMPLE {"block":3,"kernel":"candidate","shape":[1500,5120,1280],"wall_ns":37680745}
    vulkan_linear_regtile_test.go:258: REGTILE_TIMING {"gpu_timestamps":false,"max_baseline_abs":0,"median_ns":{"baseline":36350135.5,"candidate":37535605.5},"shape":[1500,5120,1280],"speedup":0.968417453662763}
--- PASS: TestVulkanNativeLinearStaticDiagnostic (2.48s)
    --- PASS: TestVulkanNativeLinearStaticDiagnostic/numerics (0.02s)
    --- PASS: TestVulkanNativeLinearStaticDiagnostic/[1500_1280_1280] (0.34s)
    --- PASS: TestVulkanNativeLinearStaticDiagnostic/[1500_1280_5120] (1.08s)
    --- PASS: TestVulkanNativeLinearStaticDiagnostic/[1500_5120_1280] (0.91s)
PASS
