=== RUN   TestVulkanNativeAttentionScore4Diagnostic
=== RUN   TestVulkanNativeAttentionScore4Diagnostic/independent
    vulkan_speech_native_test.go:312: NATIVE_METRIC {"name":"attention[1 1 1 1]","values":1,"max_abs":0,"abs_budget":0.00002,"rel_budget":0.00002,"wall_ns":1346918}
    vulkan_speech_native_test.go:312: NATIVE_METRIC {"name":"attention[2 3 2 3]","values":12,"max_abs":2.4318113900356764e-7,"abs_budget":0.00002,"rel_budget":0.00002,"wall_ns":373108}
    vulkan_speech_native_test.go:312: NATIVE_METRIC {"name":"attention[15 17 3 7]","values":315,"max_abs":3.1699323432832216e-7,"abs_budget":0.00002,"rel_budget":0.00002,"wall_ns":501197}
    vulkan_speech_native_test.go:312: NATIVE_METRIC {"name":"attention[16 16 2 16]","values":512,"max_abs":4.826661395007648e-7,"abs_budget":0.00002,"rel_budget":0.00002,"wall_ns":383652}
    vulkan_speech_native_test.go:312: NATIVE_METRIC {"name":"attention[17 31 2 17]","values":578,"max_abs":2.767401235947986e-7,"abs_budget":0.00002,"rel_budget":0.00002,"wall_ns":514100}
    vulkan_speech_native_test.go:312: NATIVE_METRIC {"name":"attention[31 33 3 31]","values":2883,"max_abs":5.160010383420399e-7,"abs_budget":0.00002,"rel_budget":0.00002,"wall_ns":593968}
    vulkan_speech_native_test.go:312: NATIVE_METRIC {"name":"attention[33 17 2 32]","values":2112,"max_abs":5.064824967204729e-7,"abs_budget":0.00002,"rel_budget":0.00002,"wall_ns":532436}
    vulkan_speech_native_test.go:312: NATIVE_METRIC {"name":"attention[3 65 2 63]","values":378,"max_abs":3.9721062294884035e-7,"abs_budget":0.00002,"rel_budget":0.00002,"wall_ns":635911}
    vulkan_speech_native_test.go:312: NATIVE_METRIC {"name":"attention[2 129 3 64]","values":384,"max_abs":3.2536213345757403e-7,"abs_budget":0.00002,"rel_budget":0.00002,"wall_ns":777178}
    vulkan_speech_native_test.go:312: NATIVE_METRIC {"name":"attention[1 4096 1 1]","values":1,"max_abs":1.8552660772247487e-8,"abs_budget":0.00002,"rel_budget":0.00002,"wall_ns":3470868}
    vulkan_speech_native_test.go:312: NATIVE_METRIC {"name":"attention[4096 1 1 1]","values":4096,"max_abs":0,"abs_budget":0.00002,"rel_budget":0.00002,"wall_ns":646050}
    vulkan_speech_native_test.go:312: NATIVE_METRIC {"name":"attention[1 17 32 64]","values":2048,"max_abs":4.358565501849654e-7,"abs_budget":0.00002,"rel_budget":0.00002,"wall_ns":602767}
    vulkan_speech_native_test.go:334: NATIVE_METRIC {"name":"attention-stress/-1","values":102,"max_abs":0,"abs_budget":0.0002,"rel_budget":0.00002,"wall_ns":452773}
    vulkan_speech_native_test.go:334: NATIVE_METRIC {"name":"attention-stress/0","values":102,"max_abs":5.551115123125783e-17,"abs_budget":0.0002,"rel_budget":0.00002,"wall_ns":348108}
    vulkan_speech_native_test.go:334: NATIVE_METRIC {"name":"attention-stress/1","values":102,"max_abs":0.0000018002380999249112,"abs_budget":0.0002,"rel_budget":0.00002,"wall_ns":453060}
=== NAME  TestVulkanNativeAttentionScore4Diagnostic
    vulkan_attention_score4_diagnostic_test.go:83: ATTENTION_SAMPLE candidate=false block=0 ns=67268361 max_abs=0 shape=[1500 20 64]
    vulkan_attention_score4_diagnostic_test.go:83: ATTENTION_SAMPLE candidate=true block=0 ns=67056935 max_abs=0 shape=[1500 20 64]
    vulkan_attention_score4_diagnostic_test.go:83: ATTENTION_SAMPLE candidate=true block=0 ns=67171856 max_abs=0 shape=[1500 20 64]
    vulkan_attention_score4_diagnostic_test.go:83: ATTENTION_SAMPLE candidate=false block=0 ns=66794541 max_abs=0 shape=[1500 20 64]
    vulkan_attention_score4_diagnostic_test.go:83: ATTENTION_SAMPLE candidate=true block=1 ns=66921894 max_abs=0 shape=[1500 20 64]
    vulkan_attention_score4_diagnostic_test.go:83: ATTENTION_SAMPLE candidate=false block=1 ns=66902919 max_abs=0 shape=[1500 20 64]
    vulkan_attention_score4_diagnostic_test.go:83: ATTENTION_SAMPLE candidate=false block=1 ns=67093853 max_abs=0 shape=[1500 20 64]
    vulkan_attention_score4_diagnostic_test.go:83: ATTENTION_SAMPLE candidate=true block=1 ns=66989326 max_abs=0 shape=[1500 20 64]
    vulkan_attention_score4_diagnostic_test.go:83: ATTENTION_SAMPLE candidate=false block=2 ns=66836253 max_abs=0 shape=[1500 20 64]
    vulkan_attention_score4_diagnostic_test.go:83: ATTENTION_SAMPLE candidate=true block=2 ns=66735931 max_abs=0 shape=[1500 20 64]
    vulkan_attention_score4_diagnostic_test.go:83: ATTENTION_SAMPLE candidate=true block=2 ns=66990256 max_abs=0 shape=[1500 20 64]
    vulkan_attention_score4_diagnostic_test.go:83: ATTENTION_SAMPLE candidate=false block=2 ns=66766411 max_abs=0 shape=[1500 20 64]
--- PASS: TestVulkanNativeAttentionScore4Diagnostic (1.37s)
    --- PASS: TestVulkanNativeAttentionScore4Diagnostic/independent (0.11s)
PASS
