=== RUN   TestVulkanNativeQ5PredecodeDiagnostic
=== RUN   TestVulkanNativeQ5PredecodeDiagnostic/scale6
=== RUN   TestVulkanNativeQ5PredecodeDiagnostic/scale6/[33_96_63]
=== RUN   TestVulkanNativeQ5PredecodeDiagnostic/scale6/[1500_1280_5120]
    vulkan_q5_predecode_diagnostic_test.go:187: Q5_PREPARED variant=scale6 shape=[1500 1280 5120] candidate=false repeat=0 seconds=0.030644444 sourceBytes=4915200 candidateBytes=4915200
    vulkan_q5_predecode_diagnostic_test.go:187: Q5_PREPARED variant=scale6 shape=[1500 1280 5120] candidate=true repeat=0 seconds=0.032535306 sourceBytes=4915200 candidateBytes=4915200
    vulkan_q5_predecode_diagnostic_test.go:187: Q5_PREPARED variant=scale6 shape=[1500 1280 5120] candidate=true repeat=1 seconds=0.032548516 sourceBytes=4915200 candidateBytes=4915200
    vulkan_q5_predecode_diagnostic_test.go:187: Q5_PREPARED variant=scale6 shape=[1500 1280 5120] candidate=false repeat=1 seconds=0.030640936 sourceBytes=4915200 candidateBytes=4915200
    vulkan_q5_predecode_diagnostic_test.go:187: Q5_PREPARED variant=scale6 shape=[1500 1280 5120] candidate=false repeat=2 seconds=0.030405910 sourceBytes=4915200 candidateBytes=4915200
    vulkan_q5_predecode_diagnostic_test.go:187: Q5_PREPARED variant=scale6 shape=[1500 1280 5120] candidate=true repeat=2 seconds=0.032514228 sourceBytes=4915200 candidateBytes=4915200
    vulkan_q5_predecode_diagnostic_test.go:187: Q5_PREPARED variant=scale6 shape=[1500 1280 5120] candidate=true repeat=3 seconds=0.032513203 sourceBytes=4915200 candidateBytes=4915200
    vulkan_q5_predecode_diagnostic_test.go:187: Q5_PREPARED variant=scale6 shape=[1500 1280 5120] candidate=false repeat=3 seconds=0.030696187 sourceBytes=4915200 candidateBytes=4915200
    vulkan_q5_predecode_diagnostic_test.go:187: Q5_PREPARED variant=scale6 shape=[1500 1280 5120] candidate=false repeat=4 seconds=0.030783982 sourceBytes=4915200 candidateBytes=4915200
    vulkan_q5_predecode_diagnostic_test.go:187: Q5_PREPARED variant=scale6 shape=[1500 1280 5120] candidate=true repeat=4 seconds=0.032507584 sourceBytes=4915200 candidateBytes=4915200
=== RUN   TestVulkanNativeQ5PredecodeDiagnostic/scale6/[1500_5120_1280]
    vulkan_q5_predecode_diagnostic_test.go:187: Q5_PREPARED variant=scale6 shape=[1500 5120 1280] candidate=false repeat=0 seconds=0.031570605 sourceBytes=4915200 candidateBytes=4915200
    vulkan_q5_predecode_diagnostic_test.go:187: Q5_PREPARED variant=scale6 shape=[1500 5120 1280] candidate=true repeat=0 seconds=0.033597630 sourceBytes=4915200 candidateBytes=4915200
    vulkan_q5_predecode_diagnostic_test.go:187: Q5_PREPARED variant=scale6 shape=[1500 5120 1280] candidate=true repeat=1 seconds=0.034048205 sourceBytes=4915200 candidateBytes=4915200
    vulkan_q5_predecode_diagnostic_test.go:187: Q5_PREPARED variant=scale6 shape=[1500 5120 1280] candidate=false repeat=1 seconds=0.031496359 sourceBytes=4915200 candidateBytes=4915200
    vulkan_q5_predecode_diagnostic_test.go:187: Q5_PREPARED variant=scale6 shape=[1500 5120 1280] candidate=false repeat=2 seconds=0.031595031 sourceBytes=4915200 candidateBytes=4915200
    vulkan_q5_predecode_diagnostic_test.go:187: Q5_PREPARED variant=scale6 shape=[1500 5120 1280] candidate=true repeat=2 seconds=0.033486827 sourceBytes=4915200 candidateBytes=4915200
    vulkan_q5_predecode_diagnostic_test.go:187: Q5_PREPARED variant=scale6 shape=[1500 5120 1280] candidate=true repeat=3 seconds=0.033302818 sourceBytes=4915200 candidateBytes=4915200
    vulkan_q5_predecode_diagnostic_test.go:187: Q5_PREPARED variant=scale6 shape=[1500 5120 1280] candidate=false repeat=3 seconds=0.031256042 sourceBytes=4915200 candidateBytes=4915200
    vulkan_q5_predecode_diagnostic_test.go:187: Q5_PREPARED variant=scale6 shape=[1500 5120 1280] candidate=false repeat=4 seconds=0.031769031 sourceBytes=4915200 candidateBytes=4915200
    vulkan_q5_predecode_diagnostic_test.go:187: Q5_PREPARED variant=scale6 shape=[1500 5120 1280] candidate=true repeat=4 seconds=0.033602218 sourceBytes=4915200 candidateBytes=4915200
--- PASS: TestVulkanNativeQ5PredecodeDiagnostic (1.30s)
    --- PASS: TestVulkanNativeQ5PredecodeDiagnostic/scale6 (1.28s)
        --- PASS: TestVulkanNativeQ5PredecodeDiagnostic/scale6/[33_96_63] (0.07s)
        --- PASS: TestVulkanNativeQ5PredecodeDiagnostic/scale6/[1500_1280_5120] (0.65s)
        --- PASS: TestVulkanNativeQ5PredecodeDiagnostic/scale6/[1500_5120_1280] (0.52s)
=== RUN   TestVulkanNativeQ5PreparedTrainedDiagnostic
=== RUN   TestVulkanNativeQ5PreparedTrainedDiagnostic/scale6
    vulkan_q5_predecode_diagnostic_test.go:298: PREPARED_CONTRACT variant=scale6 contract={LocalSize:[16 16 1] SharedBytes:16384 StorageBindings:15 PushBytes:12 IntegerDot:false}
=== RUN   TestVulkanNativeQ5PreparedTrainedDiagnostic/scale6/encoder.blocks.0.mlp.0.weight
    vulkan_q5_predecode_diagnostic_test.go:344: Q5_PREP_COST variant=scale6 tensor=encoder.blocks.0.mlp.0.weight candidate=false repeat=0 seconds=0.002136584 packedBytes=4915200 allocatedBytes=4915200
    vulkan_q5_predecode_diagnostic_test.go:344: Q5_PREP_COST variant=scale6 tensor=encoder.blocks.0.mlp.0.weight candidate=true repeat=0 seconds=0.002549133 packedBytes=4915200 allocatedBytes=9830400
    vulkan_q5_predecode_diagnostic_test.go:344: Q5_PREP_COST variant=scale6 tensor=encoder.blocks.0.mlp.0.weight candidate=true repeat=1 seconds=0.003555693 packedBytes=4915200 allocatedBytes=9830400
    vulkan_q5_predecode_diagnostic_test.go:344: Q5_PREP_COST variant=scale6 tensor=encoder.blocks.0.mlp.0.weight candidate=false repeat=1 seconds=0.000989013 packedBytes=4915200 allocatedBytes=4915200
    vulkan_q5_predecode_diagnostic_test.go:344: Q5_PREP_COST variant=scale6 tensor=encoder.blocks.0.mlp.0.weight candidate=false repeat=2 seconds=0.001007877 packedBytes=4915200 allocatedBytes=4915200
    vulkan_q5_predecode_diagnostic_test.go:344: Q5_PREP_COST variant=scale6 tensor=encoder.blocks.0.mlp.0.weight candidate=true repeat=2 seconds=0.002421960 packedBytes=4915200 allocatedBytes=9830400
    vulkan_q5_predecode_diagnostic_test.go:344: Q5_PREP_COST variant=scale6 tensor=encoder.blocks.0.mlp.0.weight candidate=true repeat=3 seconds=0.003680149 packedBytes=4915200 allocatedBytes=9830400
    vulkan_q5_predecode_diagnostic_test.go:344: Q5_PREP_COST variant=scale6 tensor=encoder.blocks.0.mlp.0.weight candidate=false repeat=3 seconds=0.000981597 packedBytes=4915200 allocatedBytes=4915200
    vulkan_q5_predecode_diagnostic_test.go:344: Q5_PREP_COST variant=scale6 tensor=encoder.blocks.0.mlp.0.weight candidate=false repeat=4 seconds=0.000964356 packedBytes=4915200 allocatedBytes=4915200
    vulkan_q5_predecode_diagnostic_test.go:344: Q5_PREP_COST variant=scale6 tensor=encoder.blocks.0.mlp.0.weight candidate=true repeat=4 seconds=0.002586143 packedBytes=4915200 allocatedBytes=9830400
    vulkan_q5_predecode_diagnostic_test.go:398: Q5_PREPARED_TRAINED variant=scale6 tensor=encoder.blocks.0.mlp.0.weight candidate=false repeat=0 seconds=0.030990399 values=7680000 baselineBytes=4915200 candidateBytes=4915200
    vulkan_q5_predecode_diagnostic_test.go:398: Q5_PREPARED_TRAINED variant=scale6 tensor=encoder.blocks.0.mlp.0.weight candidate=true repeat=0 seconds=0.032540762 values=7680000 baselineBytes=4915200 candidateBytes=4915200
    vulkan_q5_predecode_diagnostic_test.go:398: Q5_PREPARED_TRAINED variant=scale6 tensor=encoder.blocks.0.mlp.0.weight candidate=true repeat=1 seconds=0.032557978 values=7680000 baselineBytes=4915200 candidateBytes=4915200
    vulkan_q5_predecode_diagnostic_test.go:398: Q5_PREPARED_TRAINED variant=scale6 tensor=encoder.blocks.0.mlp.0.weight candidate=false repeat=1 seconds=0.030795645 values=7680000 baselineBytes=4915200 candidateBytes=4915200
    vulkan_q5_predecode_diagnostic_test.go:398: Q5_PREPARED_TRAINED variant=scale6 tensor=encoder.blocks.0.mlp.0.weight candidate=false repeat=2 seconds=0.030717225 values=7680000 baselineBytes=4915200 candidateBytes=4915200
    vulkan_q5_predecode_diagnostic_test.go:398: Q5_PREPARED_TRAINED variant=scale6 tensor=encoder.blocks.0.mlp.0.weight candidate=true repeat=2 seconds=0.032569733 values=7680000 baselineBytes=4915200 candidateBytes=4915200
    vulkan_q5_predecode_diagnostic_test.go:398: Q5_PREPARED_TRAINED variant=scale6 tensor=encoder.blocks.0.mlp.0.weight candidate=true repeat=3 seconds=0.032717000 values=7680000 baselineBytes=4915200 candidateBytes=4915200
    vulkan_q5_predecode_diagnostic_test.go:398: Q5_PREPARED_TRAINED variant=scale6 tensor=encoder.blocks.0.mlp.0.weight candidate=false repeat=3 seconds=0.030655277 values=7680000 baselineBytes=4915200 candidateBytes=4915200
    vulkan_q5_predecode_diagnostic_test.go:398: Q5_PREPARED_TRAINED variant=scale6 tensor=encoder.blocks.0.mlp.0.weight candidate=false repeat=4 seconds=0.030821499 values=7680000 baselineBytes=4915200 candidateBytes=4915200
    vulkan_q5_predecode_diagnostic_test.go:398: Q5_PREPARED_TRAINED variant=scale6 tensor=encoder.blocks.0.mlp.0.weight candidate=true repeat=4 seconds=0.033064505 values=7680000 baselineBytes=4915200 candidateBytes=4915200
    vulkan_q5_predecode_diagnostic_test.go:415: PREPARED_CANCEL_REUSE_EXACT
=== RUN   TestVulkanNativeQ5PreparedTrainedDiagnostic/scale6/encoder.blocks.0.mlp.2.weight
    vulkan_q5_predecode_diagnostic_test.go:344: Q5_PREP_COST variant=scale6 tensor=encoder.blocks.0.mlp.2.weight candidate=false repeat=0 seconds=0.002006654 packedBytes=4915200 allocatedBytes=4915200
    vulkan_q5_predecode_diagnostic_test.go:344: Q5_PREP_COST variant=scale6 tensor=encoder.blocks.0.mlp.2.weight candidate=true repeat=0 seconds=0.003744315 packedBytes=4915200 allocatedBytes=9830400
    vulkan_q5_predecode_diagnostic_test.go:344: Q5_PREP_COST variant=scale6 tensor=encoder.blocks.0.mlp.2.weight candidate=true repeat=1 seconds=0.002421522 packedBytes=4915200 allocatedBytes=9830400
    vulkan_q5_predecode_diagnostic_test.go:344: Q5_PREP_COST variant=scale6 tensor=encoder.blocks.0.mlp.2.weight candidate=false repeat=1 seconds=0.001279713 packedBytes=4915200 allocatedBytes=4915200
    vulkan_q5_predecode_diagnostic_test.go:344: Q5_PREP_COST variant=scale6 tensor=encoder.blocks.0.mlp.2.weight candidate=false repeat=2 seconds=0.000977446 packedBytes=4915200 allocatedBytes=4915200
    vulkan_q5_predecode_diagnostic_test.go:344: Q5_PREP_COST variant=scale6 tensor=encoder.blocks.0.mlp.2.weight candidate=true repeat=2 seconds=0.004188415 packedBytes=4915200 allocatedBytes=9830400
    vulkan_q5_predecode_diagnostic_test.go:344: Q5_PREP_COST variant=scale6 tensor=encoder.blocks.0.mlp.2.weight candidate=true repeat=3 seconds=0.004481312 packedBytes=4915200 allocatedBytes=9830400
    vulkan_q5_predecode_diagnostic_test.go:344: Q5_PREP_COST variant=scale6 tensor=encoder.blocks.0.mlp.2.weight candidate=false repeat=3 seconds=0.001002347 packedBytes=4915200 allocatedBytes=4915200
    vulkan_q5_predecode_diagnostic_test.go:344: Q5_PREP_COST variant=scale6 tensor=encoder.blocks.0.mlp.2.weight candidate=false repeat=4 seconds=0.001018832 packedBytes=4915200 allocatedBytes=4915200
    vulkan_q5_predecode_diagnostic_test.go:344: Q5_PREP_COST variant=scale6 tensor=encoder.blocks.0.mlp.2.weight candidate=true repeat=4 seconds=0.002475794 packedBytes=4915200 allocatedBytes=9830400
    vulkan_q5_predecode_diagnostic_test.go:398: Q5_PREPARED_TRAINED variant=scale6 tensor=encoder.blocks.0.mlp.2.weight candidate=false repeat=0 seconds=0.031733682 values=1920000 baselineBytes=4915200 candidateBytes=4915200
    vulkan_q5_predecode_diagnostic_test.go:398: Q5_PREPARED_TRAINED variant=scale6 tensor=encoder.blocks.0.mlp.2.weight candidate=true repeat=0 seconds=0.033621669 values=1920000 baselineBytes=4915200 candidateBytes=4915200
    vulkan_q5_predecode_diagnostic_test.go:398: Q5_PREPARED_TRAINED variant=scale6 tensor=encoder.blocks.0.mlp.2.weight candidate=true repeat=1 seconds=0.033416907 values=1920000 baselineBytes=4915200 candidateBytes=4915200
    vulkan_q5_predecode_diagnostic_test.go:398: Q5_PREPARED_TRAINED variant=scale6 tensor=encoder.blocks.0.mlp.2.weight candidate=false repeat=1 seconds=0.031524087 values=1920000 baselineBytes=4915200 candidateBytes=4915200
    vulkan_q5_predecode_diagnostic_test.go:398: Q5_PREPARED_TRAINED variant=scale6 tensor=encoder.blocks.0.mlp.2.weight candidate=false repeat=2 seconds=0.031549945 values=1920000 baselineBytes=4915200 candidateBytes=4915200
    vulkan_q5_predecode_diagnostic_test.go:398: Q5_PREPARED_TRAINED variant=scale6 tensor=encoder.blocks.0.mlp.2.weight candidate=true repeat=2 seconds=0.033666562 values=1920000 baselineBytes=4915200 candidateBytes=4915200
    vulkan_q5_predecode_diagnostic_test.go:398: Q5_PREPARED_TRAINED variant=scale6 tensor=encoder.blocks.0.mlp.2.weight candidate=true repeat=3 seconds=0.033499112 values=1920000 baselineBytes=4915200 candidateBytes=4915200
    vulkan_q5_predecode_diagnostic_test.go:398: Q5_PREPARED_TRAINED variant=scale6 tensor=encoder.blocks.0.mlp.2.weight candidate=false repeat=3 seconds=0.032079592 values=1920000 baselineBytes=4915200 candidateBytes=4915200
    vulkan_q5_predecode_diagnostic_test.go:398: Q5_PREPARED_TRAINED variant=scale6 tensor=encoder.blocks.0.mlp.2.weight candidate=false repeat=4 seconds=0.031866159 values=1920000 baselineBytes=4915200 candidateBytes=4915200
    vulkan_q5_predecode_diagnostic_test.go:398: Q5_PREPARED_TRAINED variant=scale6 tensor=encoder.blocks.0.mlp.2.weight candidate=true repeat=4 seconds=0.033562584 values=1920000 baselineBytes=4915200 candidateBytes=4915200
    vulkan_q5_predecode_diagnostic_test.go:415: PREPARED_CANCEL_REUSE_EXACT
--- PASS: TestVulkanNativeQ5PreparedTrainedDiagnostic (1.65s)
    --- PASS: TestVulkanNativeQ5PreparedTrainedDiagnostic/scale6 (1.26s)
        --- PASS: TestVulkanNativeQ5PreparedTrainedDiagnostic/scale6/encoder.blocks.0.mlp.0.weight (0.66s)
        --- PASS: TestVulkanNativeQ5PreparedTrainedDiagnostic/scale6/encoder.blocks.0.mlp.2.weight (0.60s)
PASS
