=== RUN   TestVulkanNativeLinearRegTile64
=== RUN   TestVulkanNativeLinearRegTile64/numerics
    vulkan_linear_regtile_test.go:173: NATIVE_METRIC {"name":"regtile[1 1 1]","values":1,"max_abs":3.349778232575318e-9,"abs_budget":0.00002,"rel_budget":0.00002,"wall_ns":1401367}
    vulkan_linear_regtile_test.go:184: REGTILE_NUMERIC shape=[1 1 1] max_baseline_abs=0
    vulkan_linear_regtile_test.go:173: NATIVE_METRIC {"name":"regtile[2 3 5]","values":10,"max_abs":1.2337022736730319e-8,"abs_budget":0.00002,"rel_budget":0.00002,"wall_ns":363521}
    vulkan_linear_regtile_test.go:184: REGTILE_NUMERIC shape=[2 3 5] max_baseline_abs=0
    vulkan_linear_regtile_test.go:173: NATIVE_METRIC {"name":"regtile[15 16 17]","values":255,"max_abs":1.3974010659723035e-7,"abs_budget":0.00002,"rel_budget":0.00002,"wall_ns":338683}
    vulkan_linear_regtile_test.go:184: REGTILE_NUMERIC shape=[15 16 17] max_baseline_abs=0
    vulkan_linear_regtile_test.go:173: NATIVE_METRIC {"name":"regtile[16 17 15]","values":240,"max_abs":9.749137175329992e-8,"abs_budget":0.00002,"rel_budget":0.00002,"wall_ns":348211}
    vulkan_linear_regtile_test.go:184: REGTILE_NUMERIC shape=[16 17 15] max_baseline_abs=0
    vulkan_linear_regtile_test.go:173: NATIVE_METRIC {"name":"regtile[17 31 19]","values":323,"max_abs":1.5529887331666714e-7,"abs_budget":0.00002,"rel_budget":0.00002,"wall_ns":366614}
    vulkan_linear_regtile_test.go:184: REGTILE_NUMERIC shape=[17 31 19] max_baseline_abs=0
    vulkan_linear_regtile_test.go:173: NATIVE_METRIC {"name":"regtile[31 33 7]","values":217,"max_abs":2.6790485252448093e-7,"abs_budget":0.00002,"rel_budget":0.00002,"wall_ns":587306}
    vulkan_linear_regtile_test.go:184: REGTILE_NUMERIC shape=[31 33 7] max_baseline_abs=0
    vulkan_linear_regtile_test.go:173: NATIVE_METRIC {"name":"regtile[33 17 31]","values":1023,"max_abs":1.3867614767626435e-7,"abs_budget":0.00002,"rel_budget":0.00002,"wall_ns":378603}
    vulkan_linear_regtile_test.go:184: REGTILE_NUMERIC shape=[33 17 31] max_baseline_abs=0
    vulkan_linear_regtile_test.go:173: NATIVE_METRIC {"name":"regtile[3 384 9]","values":27,"max_abs":0.0000017596171417721962,"abs_budget":0.00002,"rel_budget":0.00002,"wall_ns":547707}
    vulkan_linear_regtile_test.go:184: REGTILE_NUMERIC shape=[3 384 9] max_baseline_abs=0
    vulkan_linear_regtile_test.go:173: NATIVE_METRIC {"name":"regtile[2 1280 7]","values":14,"max_abs":0.000005361167738193728,"abs_budget":0.00002,"rel_budget":0.00002,"wall_ns":1056586}
    vulkan_linear_regtile_test.go:184: REGTILE_NUMERIC shape=[2 1280 7] max_baseline_abs=0
    vulkan_linear_regtile_test.go:173: NATIVE_METRIC {"name":"regtile[1 16384 2]","values":2,"max_abs":0.000009660682177781155,"abs_budget":0.00002,"rel_budget":0.00002,"wall_ns":7529311}
    vulkan_linear_regtile_test.go:184: REGTILE_NUMERIC shape=[1 16384 2] max_baseline_abs=0
    vulkan_linear_regtile_test.go:173: NATIVE_METRIC {"name":"regtile[32 32 32]","values":1024,"max_abs":2.197767203782064e-7,"abs_budget":0.00002,"rel_budget":0.00002,"wall_ns":276937}
    vulkan_linear_regtile_test.go:184: REGTILE_NUMERIC shape=[32 32 32] max_baseline_abs=0
    vulkan_linear_regtile_test.go:173: NATIVE_METRIC {"name":"regtile[33 65 63]","values":2079,"max_abs":8.343939872368367e-7,"abs_budget":0.00002,"rel_budget":0.00002,"wall_ns":280872}
    vulkan_linear_regtile_test.go:184: REGTILE_NUMERIC shape=[33 65 63] max_baseline_abs=0
=== RUN   TestVulkanNativeLinearRegTile64/[1500_1280_1280]
    vulkan_linear_regtile_test.go:249: REGTILE_SAMPLE {"block":0,"kernel":"baseline","shape":[1500,1280,1280],"wall_ns":18789126}
    vulkan_linear_regtile_test.go:249: REGTILE_SAMPLE {"block":0,"kernel":"candidate","shape":[1500,1280,1280],"wall_ns":12601424}
    vulkan_linear_regtile_test.go:249: REGTILE_SAMPLE {"block":0,"kernel":"candidate","shape":[1500,1280,1280],"wall_ns":12812109}
    vulkan_linear_regtile_test.go:249: REGTILE_SAMPLE {"block":0,"kernel":"baseline","shape":[1500,1280,1280],"wall_ns":18944021}
    vulkan_linear_regtile_test.go:249: REGTILE_SAMPLE {"block":1,"kernel":"candidate","shape":[1500,1280,1280],"wall_ns":12270461}
    vulkan_linear_regtile_test.go:249: REGTILE_SAMPLE {"block":1,"kernel":"baseline","shape":[1500,1280,1280],"wall_ns":18851993}
    vulkan_linear_regtile_test.go:249: REGTILE_SAMPLE {"block":1,"kernel":"baseline","shape":[1500,1280,1280],"wall_ns":18842875}
    vulkan_linear_regtile_test.go:249: REGTILE_SAMPLE {"block":1,"kernel":"candidate","shape":[1500,1280,1280],"wall_ns":11900239}
    vulkan_linear_regtile_test.go:249: REGTILE_SAMPLE {"block":2,"kernel":"baseline","shape":[1500,1280,1280],"wall_ns":18744619}
    vulkan_linear_regtile_test.go:249: REGTILE_SAMPLE {"block":2,"kernel":"candidate","shape":[1500,1280,1280],"wall_ns":12376669}
    vulkan_linear_regtile_test.go:249: REGTILE_SAMPLE {"block":2,"kernel":"candidate","shape":[1500,1280,1280],"wall_ns":12546456}
    vulkan_linear_regtile_test.go:249: REGTILE_SAMPLE {"block":2,"kernel":"baseline","shape":[1500,1280,1280],"wall_ns":18779905}
    vulkan_linear_regtile_test.go:249: REGTILE_SAMPLE {"block":3,"kernel":"candidate","shape":[1500,1280,1280],"wall_ns":12677829}
    vulkan_linear_regtile_test.go:249: REGTILE_SAMPLE {"block":3,"kernel":"baseline","shape":[1500,1280,1280],"wall_ns":18902263}
    vulkan_linear_regtile_test.go:249: REGTILE_SAMPLE {"block":3,"kernel":"baseline","shape":[1500,1280,1280],"wall_ns":18858273}
    vulkan_linear_regtile_test.go:249: REGTILE_SAMPLE {"block":3,"kernel":"candidate","shape":[1500,1280,1280],"wall_ns":11954658}
    vulkan_linear_regtile_test.go:258: REGTILE_TIMING {"gpu_timestamps":false,"max_baseline_abs":0,"median_ns":{"baseline":18847434,"candidate":12461562.5},"shape":[1500,1280,1280],"speedup":1.5124454898813853}
=== RUN   TestVulkanNativeLinearRegTile64/[1500_1280_5120]
    vulkan_linear_regtile_test.go:249: REGTILE_SAMPLE {"block":0,"kernel":"baseline","shape":[1500,1280,5120],"wall_ns":54043319}
    vulkan_linear_regtile_test.go:249: REGTILE_SAMPLE {"block":0,"kernel":"candidate","shape":[1500,1280,5120],"wall_ns":34969698}
    vulkan_linear_regtile_test.go:249: REGTILE_SAMPLE {"block":0,"kernel":"candidate","shape":[1500,1280,5120],"wall_ns":34792299}
    vulkan_linear_regtile_test.go:249: REGTILE_SAMPLE {"block":0,"kernel":"baseline","shape":[1500,1280,5120],"wall_ns":54480658}
    vulkan_linear_regtile_test.go:249: REGTILE_SAMPLE {"block":1,"kernel":"candidate","shape":[1500,1280,5120],"wall_ns":34453882}
    vulkan_linear_regtile_test.go:249: REGTILE_SAMPLE {"block":1,"kernel":"baseline","shape":[1500,1280,5120],"wall_ns":53988476}
    vulkan_linear_regtile_test.go:249: REGTILE_SAMPLE {"block":1,"kernel":"baseline","shape":[1500,1280,5120],"wall_ns":54038348}
    vulkan_linear_regtile_test.go:249: REGTILE_SAMPLE {"block":1,"kernel":"candidate","shape":[1500,1280,5120],"wall_ns":34554031}
    vulkan_linear_regtile_test.go:249: REGTILE_SAMPLE {"block":2,"kernel":"baseline","shape":[1500,1280,5120],"wall_ns":54132987}
    vulkan_linear_regtile_test.go:249: REGTILE_SAMPLE {"block":2,"kernel":"candidate","shape":[1500,1280,5120],"wall_ns":34654704}
    vulkan_linear_regtile_test.go:249: REGTILE_SAMPLE {"block":2,"kernel":"candidate","shape":[1500,1280,5120],"wall_ns":34496370}
    vulkan_linear_regtile_test.go:249: REGTILE_SAMPLE {"block":2,"kernel":"baseline","shape":[1500,1280,5120],"wall_ns":53982808}
    vulkan_linear_regtile_test.go:249: REGTILE_SAMPLE {"block":3,"kernel":"candidate","shape":[1500,1280,5120],"wall_ns":34599750}
    vulkan_linear_regtile_test.go:249: REGTILE_SAMPLE {"block":3,"kernel":"baseline","shape":[1500,1280,5120],"wall_ns":54074615}
    vulkan_linear_regtile_test.go:249: REGTILE_SAMPLE {"block":3,"kernel":"baseline","shape":[1500,1280,5120],"wall_ns":54004607}
    vulkan_linear_regtile_test.go:249: REGTILE_SAMPLE {"block":3,"kernel":"candidate","shape":[1500,1280,5120],"wall_ns":34740457}
    vulkan_linear_regtile_test.go:258: REGTILE_TIMING {"gpu_timestamps":false,"max_baseline_abs":0,"median_ns":{"baseline":54040833.5,"candidate":34627227},"shape":[1500,1280,5120],"speedup":1.5606457167361394}
=== RUN   TestVulkanNativeLinearRegTile64/[1500_5120_1280]
    vulkan_linear_regtile_test.go:249: REGTILE_SAMPLE {"block":0,"kernel":"baseline","shape":[1500,5120,1280],"wall_ns":53876953}
    vulkan_linear_regtile_test.go:249: REGTILE_SAMPLE {"block":0,"kernel":"candidate","shape":[1500,5120,1280],"wall_ns":36433983}
    vulkan_linear_regtile_test.go:249: REGTILE_SAMPLE {"block":0,"kernel":"candidate","shape":[1500,5120,1280],"wall_ns":36207768}
    vulkan_linear_regtile_test.go:249: REGTILE_SAMPLE {"block":0,"kernel":"baseline","shape":[1500,5120,1280],"wall_ns":54086195}
    vulkan_linear_regtile_test.go:249: REGTILE_SAMPLE {"block":1,"kernel":"candidate","shape":[1500,5120,1280],"wall_ns":36812958}
    vulkan_linear_regtile_test.go:249: REGTILE_SAMPLE {"block":1,"kernel":"baseline","shape":[1500,5120,1280],"wall_ns":54192352}
    vulkan_linear_regtile_test.go:249: REGTILE_SAMPLE {"block":1,"kernel":"baseline","shape":[1500,5120,1280],"wall_ns":54146864}
    vulkan_linear_regtile_test.go:249: REGTILE_SAMPLE {"block":1,"kernel":"candidate","shape":[1500,5120,1280],"wall_ns":36734310}
    vulkan_linear_regtile_test.go:249: REGTILE_SAMPLE {"block":2,"kernel":"baseline","shape":[1500,5120,1280],"wall_ns":54213128}
    vulkan_linear_regtile_test.go:249: REGTILE_SAMPLE {"block":2,"kernel":"candidate","shape":[1500,5120,1280],"wall_ns":36167007}
    vulkan_linear_regtile_test.go:249: REGTILE_SAMPLE {"block":2,"kernel":"candidate","shape":[1500,5120,1280],"wall_ns":37005774}
    vulkan_linear_regtile_test.go:249: REGTILE_SAMPLE {"block":2,"kernel":"baseline","shape":[1500,5120,1280],"wall_ns":54169831}
    vulkan_linear_regtile_test.go:249: REGTILE_SAMPLE {"block":3,"kernel":"candidate","shape":[1500,5120,1280],"wall_ns":36534269}
    vulkan_linear_regtile_test.go:249: REGTILE_SAMPLE {"block":3,"kernel":"baseline","shape":[1500,5120,1280],"wall_ns":54291908}
    vulkan_linear_regtile_test.go:249: REGTILE_SAMPLE {"block":3,"kernel":"baseline","shape":[1500,5120,1280],"wall_ns":54099730}
    vulkan_linear_regtile_test.go:249: REGTILE_SAMPLE {"block":3,"kernel":"candidate","shape":[1500,5120,1280],"wall_ns":36667593}
    vulkan_linear_regtile_test.go:258: REGTILE_TIMING {"gpu_timestamps":false,"max_baseline_abs":0,"median_ns":{"baseline":54158347.5,"candidate":36600931},"shape":[1500,5120,1280],"speedup":1.4796986311632345}
--- PASS: TestVulkanNativeLinearRegTile64 (2.95s)
    --- PASS: TestVulkanNativeLinearRegTile64/numerics (0.02s)
    --- PASS: TestVulkanNativeLinearRegTile64/[1500_1280_1280] (0.48s)
    --- PASS: TestVulkanNativeLinearRegTile64/[1500_1280_5120] (1.27s)
    --- PASS: TestVulkanNativeLinearRegTile64/[1500_5120_1280] (1.06s)
PASS
