PASS attention_f32: stored=true validator=0 compiler=0 rebuiltValidator=0 byte=true normalised=true
PASS attention_score: stored=true validator=0 compiler=0 rebuiltValidator=0 byte=false normalised=true
PASS channel_affine_relu_f32: stored=true validator=0 compiler=0 rebuiltValidator=0 byte=true normalised=true
PASS conv1d3_f32: stored=true validator=0 compiler=0 rebuiltValidator=0 byte=true normalised=true
PASS conv2d_chw_f32: stored=true validator=0 compiler=0 rebuiltValidator=0 byte=true normalised=true
PASS gelu_erf_f32: stored=true validator=0 compiler=0 rebuiltValidator=0 byte=true normalised=true
PASS gelu_tanh_mul_f32: stored=true validator=0 compiler=0 rebuiltValidator=0 byte=false normalised=true
PASS gemv_bf16_mixed: stored=true validator=0 compiler=0 rebuiltValidator=0 byte=false normalised=true
PASS gemv_f32: stored=true validator=0 compiler=0 rebuiltValidator=0 byte=false normalised=true
PASS layer_norm_f32: stored=true validator=0 compiler=0 rebuiltValidator=0 byte=true normalised=true
PASS linear_f16_weight_f32: stored=true validator=0 compiler=0 rebuiltValidator=0 byte=true normalised=true
PASS linear_f32: stored=true validator=0 compiler=0 rebuiltValidator=0 byte=true normalised=true
PASS linear_f32_regtile: stored=true validator=0 compiler=0 rebuiltValidator=0 byte=true normalised=true
PASS linear_q8_weight_f32: stored=true validator=0 compiler=0 rebuiltValidator=0 byte=true normalised=true
PASS lstm_cell_f32: stored=true validator=0 compiler=0 rebuiltValidator=0 byte=true normalised=true
PASS lstm_sequence_f32: stored=true validator=0 compiler=0 rebuiltValidator=0 byte=true normalised=true
PASS rms_norm_bf16: stored=true validator=0 compiler=0 rebuiltValidator=0 byte=false normalised=true
PASS rms_norm_f32: stored=true validator=0 compiler=0 rebuiltValidator=0 byte=false normalised=true
PASS rms_norm_no_scale_f32: stored=true validator=0 compiler=0 rebuiltValidator=0 byte=false normalised=true
PASS rope_partial_f32: stored=true validator=0 compiler=0 rebuiltValidator=0 byte=true normalised=true
PASS silu_mul_f32: stored=true validator=0 compiler=0 rebuiltValidator=0 byte=false normalised=true
PASS vec_add_bf16: stored=true validator=0 compiler=0 rebuiltValidator=0 byte=false normalised=true
PASS vec_add_f32: stored=true validator=0 compiler=0 rebuiltValidator=0 byte=false normalised=true
