2026-08-09T08:44:44 %Cpu(s): 10.9 us, 10.9 sy,  0.0 ni, 78.1 id,  0.0 wa,  0.0 hi,  0.0 si,  0.0 st 
2026-08-09T08:44:44 3511379 100.0% model-retained.
2026-08-09T08:44:44 %Cpu(s):  9.3 us,  9.9 sy,  0.0 ni, 80.8 id,  0.0 wa,  0.0 hi,  0.0 si,  0.0 st 
2026-08-09T08:44:44 3511379 103.9% model-retained.
2026-08-09T08:44:45 %Cpu(s):  8.9 us, 10.9 sy,  0.0 ni, 80.2 id,  0.0 wa,  0.0 hi,  0.0 si,  0.0 st 
2026-08-09T08:44:45 3511379 116.0% model-retained.
2026-08-09T08:44:45 %Cpu(s):  3.0 us, 16.8 sy,  0.0 ni, 79.9 id,  0.0 wa,  0.0 hi,  0.3 si,  0.0 st 
2026-08-09T08:44:45 3511379 107.8% model-retained.
2026-08-09T08:44:46 %Cpu(s):  4.3 us, 17.2 sy,  0.0 ni, 78.5 id,  0.0 wa,  0.0 hi,  0.0 si,  0.0 st 
2026-08-09T08:44:46 3511379 105.9% model-retained.
2026-08-09T08:44:46 %Cpu(s):  9.3 us, 13.6 sy,  0.0 ni, 77.2 id,  0.0 wa,  0.0 hi,  0.0 si,  0.0 st 
2026-08-09T08:44:46 3511379 114.0% model-retained.
2026-08-09T08:44:47 %Cpu(s):  0.3 us, 16.8 sy,  0.0 ni, 82.9 id,  0.0 wa,  0.0 hi,  0.0 si,  0.0 st 
2026-08-09T08:44:47 3511379 100.0% model-retained.
2026-08-09T08:44:47 %Cpu(s): 32.8 us,  7.0 sy,  0.0 ni, 60.3 id,  0.0 wa,  0.0 hi,  0.0 si,  0.0 st 
2026-08-09T08:44:47 3511379 231.4% model-retained.
2026-08-09T08:44:48 %Cpu(s): 61.1 us,  1.0 sy,  0.0 ni, 37.9 id,  0.0 wa,  0.0 hi,  0.0 si,  0.0 st 
2026-08-09T08:44:48 3511379 372.0% model-retained.
2026-08-09T08:44:48 %Cpu(s): 68.5 us,  1.3 sy,  0.0 ni, 30.1 id,  0.0 wa,  0.0 hi,  0.0 si,  0.0 st 
2026-08-09T08:44:48 3511379 407.8% model-retained.
2026-08-09T08:44:49 %Cpu(s): 63.2 us,  1.0 sy,  0.0 ni, 35.8 id,  0.0 wa,  0.0 hi,  0.0 si,  0.0 st 
2026-08-09T08:44:49 3511379 386.0% model-retained.
2026-08-09T08:44:49 %Cpu(s): 63.0 us,  2.0 sy,  0.0 ni, 34.7 id,  0.0 wa,  0.0 hi,  0.3 si,  0.0 st 
2026-08-09T08:44:49 3511379 349.0% model-retained.
2026-08-09T08:44:50 %Cpu(s): 64.5 us,  1.0 sy,  0.0 ni, 34.5 id,  0.0 wa,  0.0 hi,  0.0 si,  0.0 st 
2026-08-09T08:44:50 3511379 394.0% model-retained.
2026-08-09T08:44:50 %Cpu(s): 69.3 us,  1.7 sy,  0.0 ni, 29.0 id,  0.0 wa,  0.0 hi,  0.0 si,  0.0 st 
2026-08-09T08:44:50 3511379 411.8% model-retained.
2026-08-09T08:44:51 %Cpu(s): 70.3 us,  0.7 sy,  0.0 ni, 29.0 id,  0.0 wa,  0.0 hi,  0.0 si,  0.0 st 
2026-08-09T08:44:51 3511379 428.0% model-retained.
2026-08-09T08:44:51 %Cpu(s): 70.2 us,  1.3 sy,  0.0 ni, 28.4 id,  0.0 wa,  0.0 hi,  0.0 si,  0.0 st 
2026-08-09T08:44:51 3511379 419.6% model-retained.
2026-08-09T08:44:52 %Cpu(s): 70.9 us,  1.0 sy,  0.0 ni, 28.0 id,  0.0 wa,  0.0 hi,  0.0 si,  0.0 st 
2026-08-09T08:44:52 3511379 425.5% model-retained.
2026-08-09T08:44:52 %Cpu(s): 64.5 us,  2.4 sy,  0.0 ni, 33.1 id,  0.0 wa,  0.0 hi,  0.0 si,  0.0 st 
2026-08-09T08:44:52 3511379 366.0% model-retained.
2026-08-09T08:44:53 %Cpu(s): 70.5 us,  0.7 sy,  0.0 ni, 28.9 id,  0.0 wa,  0.0 hi,  0.0 si,  0.0 st 
2026-08-09T08:44:53 3511379 428.0% model-retained.
2026-08-09T08:44:53 %Cpu(s): 64.8 us,  1.7 sy,  0.0 ni, 32.9 id,  0.0 wa,  0.0 hi,  0.3 si,  0.3 st 
2026-08-09T08:44:53 3511379 390.2% model-retained.
2026-08-09T08:44:54 %Cpu(s): 66.2 us,  3.9 sy,  0.0 ni, 29.8 id,  0.0 wa,  0.0 hi,  0.0 si,  0.0 st 
2026-08-09T08:44:54 3511379 402.0% model-retained.
2026-08-09T08:44:54 %Cpu(s): 69.9 us,  1.4 sy,  0.0 ni, 28.7 id,  0.0 wa,  0.0 hi,  0.0 si,  0.0 st 
2026-08-09T08:44:54 3511379 413.7% model-retained.
2026-08-09T08:44:55 %Cpu(s): 55.7 us,  4.6 sy,  0.0 ni, 39.3 id,  0.0 wa,  0.0 hi,  0.3 si,  0.0 st 
2026-08-09T08:44:55 3511379 200.0% model-retained.
2026-08-09T08:44:55 %Cpu(s):  5.3 us,  6.6 sy,  0.0 ni, 88.1 id,  0.0 wa,  0.0 hi,  0.0 si,  0.0 st 
2026-08-09T08:44:55 3511464 21.6% python3
2026-08-09T08:44:56 %Cpu(s):  3.6 us,  0.7 sy,  0.0 ni, 95.7 id,  0.0 wa,  0.0 hi,  0.0 si,  0.0 st 
2026-08-09T08:44:56 %Cpu(s):  1.0 us,  1.0 sy,  0.0 ni, 97.7 id,  0.3 wa,  0.0 hi,  0.0 si,  0.0 st 
2026-08-09T08:44:57 %Cpu(s):  0.3 us,  0.0 sy,  0.0 ni, 99.7 id,  0.0 wa,  0.0 hi,  0.0 si,  0.0 st 
2026-08-09T08:44:57 %Cpu(s):  7.9 us,  6.9 sy,  0.0 ni, 85.2 id,  0.0 wa,  0.0 hi,  0.0 si,  0.0 st 
2026-08-09T08:44:57 3511472 78.0% model-final-can
2026-08-09T08:44:58 %Cpu(s):  8.9 us,  9.3 sy,  0.0 ni, 81.8 id,  0.0 wa,  0.0 hi,  0.0 si,  0.0 st 
2026-08-09T08:44:58 3511472 105.9% model-final-can
2026-08-09T08:44:58 %Cpu(s):  5.3 us, 13.6 sy,  0.0 ni, 81.1 id,  0.0 wa,  0.0 hi,  0.0 si,  0.0 st 
2026-08-09T08:44:58 3511472 105.9% model-final-can
2026-08-09T08:44:59 %Cpu(s):  7.6 us, 17.5 sy,  0.0 ni, 74.9 id,  0.0 wa,  0.0 hi,  0.0 si,  0.0 st 
2026-08-09T08:44:59 3511472 110.0% model-final-can
2026-08-09T08:44:59 %Cpu(s):  6.3 us, 13.6 sy,  0.0 ni, 80.1 id,  0.0 wa,  0.0 hi,  0.0 si,  0.0 st 
2026-08-09T08:44:59 3511472 111.8% model-final-can
2026-08-09T08:45:00 %Cpu(s):  4.6 us, 13.9 sy,  0.0 ni, 81.5 id,  0.0 wa,  0.0 hi,  0.0 si,  0.0 st 
2026-08-09T08:45:00 3511472 103.9% model-final-can
2026-08-09T08:45:00 %Cpu(s):  0.7 us, 17.3 sy,  0.0 ni, 81.4 id,  0.7 wa,  0.0 hi,  0.0 si,  0.0 st 
2026-08-09T08:45:00 3511472 102.0% model-final-can
2026-08-09T08:45:01 %Cpu(s): 45.4 us,  3.3 sy,  0.0 ni, 51.3 id,  0.0 wa,  0.0 hi,  0.0 si,  0.0 st 
2026-08-09T08:45:01 3511472 286.3% model-final-can
2026-08-09T08:45:01 %Cpu(s): 65.2 us,  2.0 sy,  0.0 ni, 32.8 id,  0.0 wa,  0.0 hi,  0.0 si,  0.0 st 
2026-08-09T08:45:01 3511472 394.1% model-final-can
2026-08-09T08:45:02 %Cpu(s): 69.3 us,  2.0 sy,  0.0 ni, 28.1 id,  0.0 wa,  0.0 hi,  0.3 si,  0.3 st 
2026-08-09T08:45:02 3511472 402.0% model-final-can
2026-08-09T08:45:02 %Cpu(s): 69.7 us,  1.0 sy,  0.0 ni, 29.3 id,  0.0 wa,  0.0 hi,  0.0 si,  0.0 st 
2026-08-09T08:45:02 3511472 415.7% model-final-can
2026-08-09T08:45:03 %Cpu(s): 67.7 us,  1.0 sy,  0.0 ni, 31.4 id,  0.0 wa,  0.0 hi,  0.0 si,  0.0 st 
2026-08-09T08:45:03 3511472 414.0% model-final-can
2026-08-09T08:45:03 %Cpu(s): 71.6 us,  1.3 sy,  0.0 ni, 27.1 id,  0.0 wa,  0.0 hi,  0.0 si,  0.0 st 
2026-08-09T08:45:03 3511472 423.5% model-final-can
2026-08-09T08:45:04 %Cpu(s): 72.1 us,  1.0 sy,  0.0 ni, 26.9 id,  0.0 wa,  0.0 hi,  0.0 si,  0.0 st 
2026-08-09T08:45:04 3511472 438.0% model-final-can
2026-08-09T08:45:04 %Cpu(s): 73.2 us,  1.0 sy,  0.0 ni, 25.5 id,  0.0 wa,  0.0 hi,  0.3 si,  0.0 st 
2026-08-09T08:45:04 3511472 433.3% model-final-can
2026-08-09T08:45:05 %Cpu(s): 67.9 us,  1.7 sy,  0.0 ni, 30.4 id,  0.0 wa,  0.0 hi,  0.0 si,  0.0 st 
2026-08-09T08:45:05 3511472 394.0% model-final-can
2026-08-09T08:45:05 %Cpu(s): 72.4 us,  1.3 sy,  0.0 ni, 26.3 id,  0.0 wa,  0.0 hi,  0.0 si,  0.0 st 
2026-08-09T08:45:05 3511472 419.6% model-final-can
2026-08-09T08:45:06 %Cpu(s): 72.0 us,  1.7 sy,  0.0 ni, 26.4 id,  0.0 wa,  0.0 hi,  0.0 si,  0.0 st 
2026-08-09T08:45:06 3511472 428.0% model-final-can
2026-08-09T08:45:06 %Cpu(s): 73.3 us,  1.3 sy,  0.0 ni, 25.4 id,  0.0 wa,  0.0 hi,  0.0 si,  0.0 st 
2026-08-09T08:45:06 3511472 439.2% model-final-can
2026-08-09T08:45:07 %Cpu(s): 71.7 us,  1.0 sy,  0.0 ni, 27.3 id,  0.0 wa,  0.0 hi,  0.0 si,  0.0 st 
2026-08-09T08:45:07 3511472 432.0% model-final-can
2026-08-09T08:45:07 %Cpu(s): 71.8 us,  1.3 sy,  0.0 ni, 26.9 id,  0.0 wa,  0.0 hi,  0.0 si,  0.0 st 
2026-08-09T08:45:07 3511472 425.5% model-final-can
2026-08-09T08:45:08 %Cpu(s): 12.2 us,  8.9 sy,  0.0 ni, 78.6 id,  0.3 wa,  0.0 hi,  0.0 si,  0.0 st 
2026-08-09T08:45:08 %Cpu(s):  6.0 us,  1.0 sy,  0.0 ni, 93.0 id,  0.0 wa,  0.0 hi,  0.0 si,  0.0 st 
2026-08-09T08:45:09 %Cpu(s):  0.3 us,  0.3 sy,  0.0 ni, 99.3 id,  0.0 wa,  0.0 hi,  0.0 si,  0.0 st 
2026-08-09T08:45:09 %Cpu(s):  1.0 us,  0.7 sy,  0.0 ni, 98.4 id,  0.0 wa,  0.0 hi,  0.0 si,  0.0 st 
2026-08-09T08:45:10 %Cpu(s):  4.0 us,  4.3 sy,  0.0 ni, 91.7 id,  0.0 wa,  0.0 hi,  0.0 si,  0.0 st 
2026-08-09T08:45:10 3511589 41.2% model-final-can
2026-08-09T08:45:10 %Cpu(s):  9.5 us, 10.2 sy,  0.0 ni, 79.9 id,  0.0 wa,  0.0 hi,  0.3 si,  0.0 st 
2026-08-09T08:45:10 3511589 105.9% model-final-can
2026-08-09T08:45:11 %Cpu(s):  9.5 us, 10.9 sy,  0.0 ni, 79.6 id,  0.0 wa,  0.0 hi,  0.0 si,  0.0 st 
2026-08-09T08:45:11 3511589 120.0% model-final-can
2026-08-09T08:45:11 %Cpu(s):  5.9 us, 18.5 sy,  0.0 ni, 75.6 id,  0.0 wa,  0.0 hi,  0.0 si,  0.0 st 
2026-08-09T08:45:11 3511589 103.9% model-final-can
2026-08-09T08:45:12 %Cpu(s):  3.0 us, 16.2 sy,  0.0 ni, 80.8 id,  0.0 wa,  0.0 hi,  0.0 si,  0.0 st 
2026-08-09T08:45:12 3511589 111.8% model-final-can
2026-08-09T08:45:12 %Cpu(s):  6.6 us, 11.9 sy,  0.0 ni, 81.5 id,  0.0 wa,  0.0 hi,  0.0 si,  0.0 st 
2026-08-09T08:45:12 3511589 106.0% model-final-can
2026-08-09T08:45:13 %Cpu(s):  0.3 us, 16.8 sy,  0.0 ni, 82.5 id,  0.3 wa,  0.0 hi,  0.0 si,  0.0 st 
2026-08-09T08:45:13 3511589 100.0% model-final-can
2026-08-09T08:45:13 %Cpu(s): 26.4 us,  8.6 sy,  0.0 ni, 65.0 id,  0.0 wa,  0.0 hi,  0.0 si,  0.0 st 
2026-08-09T08:45:13 3511589 200.0% model-final-can
2026-08-09T08:45:14 %Cpu(s): 64.5 us,  1.0 sy,  0.0 ni, 34.6 id,  0.0 wa,  0.0 hi,  0.0 si,  0.0 st 
2026-08-09T08:45:14 3511589 392.0% model-final-can
2026-08-09T08:45:14 %Cpu(s): 69.3 us,  2.3 sy,  0.0 ni, 28.1 id,  0.0 wa,  0.0 hi,  0.3 si,  0.0 st 
2026-08-09T08:45:14 3511589 392.2% model-final-can
2026-08-09T08:45:15 %Cpu(s): 64.0 us,  1.3 sy,  0.0 ni, 34.7 id,  0.0 wa,  0.0 hi,  0.0 si,  0.0 st 
2026-08-09T08:45:15 3511589 394.0% model-final-can
2026-08-09T08:45:15 %Cpu(s): 64.7 us,  1.3 sy,  0.0 ni, 34.0 id,  0.0 wa,  0.0 hi,  0.0 si,  0.0 st 
2026-08-09T08:45:15 3511589 386.3% model-final-can
2026-08-09T08:45:16 %Cpu(s): 67.8 us,  1.0 sy,  0.0 ni, 31.2 id,  0.0 wa,  0.0 hi,  0.0 si,  0.0 st 
2026-08-09T08:45:16 3511589 412.0% model-final-can
2026-08-09T08:45:16 %Cpu(s): 72.8 us,  1.0 sy,  0.0 ni, 25.9 id,  0.0 wa,  0.0 hi,  0.0 si,  0.3 st 
2026-08-09T08:45:16 3511589 431.4% model-final-can
2026-08-09T08:45:17 %Cpu(s): 70.5 us,  1.3 sy,  0.0 ni, 28.2 id,  0.0 wa,  0.0 hi,  0.0 si,  0.0 st 
2026-08-09T08:45:17 3511589 432.0% model-final-can
2026-08-09T08:45:17 %Cpu(s): 67.9 us,  2.0 sy,  0.0 ni, 29.7 id,  0.0 wa,  0.0 hi,  0.3 si,  0.0 st 
2026-08-09T08:45:17 3511589 406.0% model-final-can
2026-08-09T08:45:18 %Cpu(s): 69.6 us,  1.3 sy,  0.0 ni, 29.1 id,  0.0 wa,  0.0 hi,  0.0 si,  0.0 st 
2026-08-09T08:45:18 3511589 403.9% model-final-can
2026-08-09T08:45:18 %Cpu(s): 71.6 us,  1.0 sy,  0.0 ni, 27.1 id,  0.0 wa,  0.0 hi,  0.0 si,  0.3 st 
2026-08-09T08:45:18 3511589 425.5% model-final-can
2026-08-09T08:45:19 %Cpu(s): 73.5 us,  0.7 sy,  0.0 ni, 25.8 id,  0.0 wa,  0.0 hi,  0.0 si,  0.0 st 
2026-08-09T08:45:19 3511589 442.0% model-final-can
2026-08-09T08:45:19 %Cpu(s): 72.3 us,  1.3 sy,  0.0 ni, 26.3 id,  0.0 wa,  0.0 hi,  0.0 si,  0.0 st 
2026-08-09T08:45:19 3511589 431.4% model-final-can
2026-08-09T08:45:20 %Cpu(s): 73.4 us,  1.3 sy,  0.0 ni, 24.6 id,  0.7 wa,  0.0 hi,  0.0 si,  0.0 st 
2026-08-09T08:45:20 3511589 448.0% model-final-can
2026-08-09T08:45:20 %Cpu(s): 62.1 us,  3.7 sy,  0.0 ni, 34.2 id,  0.0 wa,  0.0 hi,  0.0 si,  0.0 st 
2026-08-09T08:45:20 3511589 100.0% model-final-can
2026-08-09T08:45:21 %Cpu(s):  7.9 us,  7.2 sy,  0.0 ni, 84.9 id,  0.0 wa,  0.0 hi,  0.0 si,  0.0 st 
2026-08-09T08:45:21 %Cpu(s):  0.0 us,  0.3 sy,  0.0 ni, 99.7 id,  0.0 wa,  0.0 hi,  0.0 si,  0.0 st 
2026-08-09T08:45:22 %Cpu(s):  0.7 us,  0.3 sy,  0.0 ni, 99.0 id,  0.0 wa,  0.0 hi,  0.0 si,  0.0 st 
2026-08-09T08:45:22 %Cpu(s):  0.3 us,  0.0 sy,  0.0 ni, 99.7 id,  0.0 wa,  0.0 hi,  0.0 si,  0.0 st 
2026-08-09T08:45:23 %Cpu(s):  7.3 us,  7.6 sy,  0.0 ni, 85.1 id,  0.0 wa,  0.0 hi,  0.0 si,  0.0 st 
2026-08-09T08:45:23 3511684 74.5% model-retained.
2026-08-09T08:45:23 %Cpu(s):  8.5 us, 10.5 sy,  0.0 ni, 80.7 id,  0.0 wa,  0.0 hi,  0.3 si,  0.0 st 
2026-08-09T08:45:23 3511684 112.0% model-retained.
2026-08-09T08:45:24 %Cpu(s): 13.8 us, 13.5 sy,  0.0 ni, 72.7 id,  0.0 wa,  0.0 hi,  0.0 si,  0.0 st 
2026-08-09T08:45:24 3511684 109.8% model-retained.
2026-08-09T08:45:25 %Cpu(s):  2.3 us, 16.5 sy,  0.0 ni, 81.2 id,  0.0 wa,  0.0 hi,  0.0 si,  0.0 st 
2026-08-09T08:45:25 3511684 107.8% model-retained.
2026-08-09T08:45:25 %Cpu(s):  3.0 us, 16.9 sy,  0.0 ni, 80.1 id,  0.0 wa,  0.0 hi,  0.0 si,  0.0 st 
2026-08-09T08:45:25 3511684 116.0% model-retained.
2026-08-09T08:45:26 %Cpu(s):  8.3 us,  9.9 sy,  0.0 ni, 81.8 id,  0.0 wa,  0.0 hi,  0.0 si,  0.0 st 
2026-08-09T08:45:26 3511684 105.9% model-retained.
2026-08-09T08:45:26 %Cpu(s):  0.7 us, 17.4 sy,  0.0 ni, 81.9 id,  0.0 wa,  0.0 hi,  0.0 si,  0.0 st 
2026-08-09T08:45:26 3511684 98.0% model-retained.
2026-08-09T08:45:27 %Cpu(s): 18.7 us,  9.8 sy,  0.0 ni, 70.8 id,  0.7 wa,  0.0 hi,  0.0 si,  0.0 st 
2026-08-09T08:45:27 3511684 168.0% model-retained.
2026-08-09T08:45:27 %Cpu(s): 59.5 us,  1.3 sy,  0.0 ni, 39.1 id,  0.0 wa,  0.0 hi,  0.0 si,  0.0 st 
2026-08-09T08:45:27 3511684 345.1% model-retained.
2026-08-09T08:45:28 %Cpu(s): 67.1 us,  1.3 sy,  0.0 ni, 31.3 id,  0.0 wa,  0.0 hi,  0.0 si,  0.3 st 
2026-08-09T08:45:28 3511684 384.3% model-retained.
2026-08-09T08:45:28 %Cpu(s): 64.8 us,  1.3 sy,  0.0 ni, 33.9 id,  0.0 wa,  0.0 hi,  0.0 si,  0.0 st 
2026-08-09T08:45:28 3511684 398.0% model-retained.
2026-08-09T08:45:29 %Cpu(s): 61.2 us,  1.0 sy,  0.0 ni, 37.5 id,  0.0 wa,  0.0 hi,  0.3 si,  0.0 st 
2026-08-09T08:45:29 3511684 366.7% model-retained.
2026-08-09T08:45:29 %Cpu(s): 62.3 us,  1.7 sy,  0.0 ni, 36.0 id,  0.0 wa,  0.0 hi,  0.0 si,  0.0 st 
2026-08-09T08:45:29 3511684 372.5% model-retained.
2026-08-09T08:45:30 %Cpu(s): 67.3 us,  0.3 sy,  0.0 ni, 32.4 id,  0.0 wa,  0.0 hi,  0.0 si,  0.0 st 
2026-08-09T08:45:30 3511684 398.0% model-retained.
2026-08-09T08:45:30 %Cpu(s): 70.8 us,  1.3 sy,  0.0 ni, 27.9 id,  0.0 wa,  0.0 hi,  0.0 si,  0.0 st 
2026-08-09T08:45:30 3511684 424.0% model-retained.
2026-08-09T08:45:31 %Cpu(s): 67.5 us,  1.7 sy,  0.0 ni, 30.8 id,  0.0 wa,  0.0 hi,  0.0 si,  0.0 st 
2026-08-09T08:45:31 3511684 374.5% model-retained.
2026-08-09T08:45:31 %Cpu(s): 71.7 us,  1.0 sy,  0.0 ni, 27.3 id,  0.0 wa,  0.0 hi,  0.0 si,  0.0 st 
2026-08-09T08:45:31 3511684 426.0% model-retained.
2026-08-09T08:45:32 %Cpu(s): 69.2 us,  1.0 sy,  0.0 ni, 29.5 id,  0.0 wa,  0.0 hi,  0.3 si,  0.0 st 
2026-08-09T08:45:32 3511684 407.8% model-retained.
2026-08-09T08:45:32 %Cpu(s): 60.5 us,  5.1 sy,  0.0 ni, 33.7 id,  0.7 wa,  0.0 hi,  0.0 si,  0.0 st 
2026-08-09T08:45:32 3511684 356.0% model-retained.
2026-08-09T08:45:33 %Cpu(s): 69.7 us,  1.0 sy,  0.0 ni, 29.4 id,  0.0 wa,  0.0 hi,  0.0 si,  0.0 st 
2026-08-09T08:45:33 3511684 409.8% model-retained.
2026-08-09T08:45:33 %Cpu(s): 70.0 us,  1.0 sy,  0.0 ni, 28.7 id,  0.0 wa,  0.0 hi,  0.3 si,  0.0 st 
2026-08-09T08:45:33 3511684 420.0% model-retained.
2026-08-09T08:45:34 %Cpu(s): 66.9 us,  2.0 sy,  0.0 ni, 31.1 id,  0.0 wa,  0.0 hi,  0.0 si,  0.0 st 
2026-08-09T08:45:34 3511684 378.4% model-retained.
2026-08-09T08:45:34 %Cpu(s): 70.7 us,  1.3 sy,  0.0 ni, 28.0 id,  0.0 wa,  0.0 hi,  0.0 si,  0.0 st 
2026-08-09T08:45:34 3511684 424.0% model-retained.
2026-08-09T08:45:35 %Cpu(s): 22.6 us, 10.8 sy,  0.0 ni, 66.6 id,  0.0 wa,  0.0 hi,  0.0 si,  0.0 st 
2026-08-09T08:45:35 %Cpu(s):  1.0 us,  1.0 sy,  0.0 ni, 98.0 id,  0.0 wa,  0.0 hi,  0.0 si,  0.0 st 
2026-08-09T08:45:36 %Cpu(s):  2.3 us,  0.7 sy,  0.0 ni, 97.0 id,  0.0 wa,  0.0 hi,  0.0 si,  0.0 st 
2026-08-09T08:45:36 %Cpu(s):  2.0 us,  2.3 sy,  0.0 ni, 95.3 id,  0.3 wa,  0.0 hi,  0.0 si,  0.0 st 
2026-08-09T08:45:37 %Cpu(s):  6.9 us,  3.0 sy,  0.0 ni, 88.8 id,  1.3 wa,  0.0 hi,  0.0 si,  0.0 st 
2026-08-09T08:45:37 %Cpu(s): 10.6 us, 10.6 sy,  0.0 ni, 78.7 id,  0.0 wa,  0.0 hi,  0.0 si,  0.0 st 
2026-08-09T08:45:37 3512084 109.8% model-retained.
2026-08-09T08:45:38 %Cpu(s):  9.9 us,  9.2 sy,  0.0 ni, 80.9 id,  0.0 wa,  0.0 hi,  0.0 si,  0.0 st 
2026-08-09T08:45:38 3512084 112.0% model-retained.
2026-08-09T08:45:38 %Cpu(s):  3.6 us, 17.2 sy,  0.0 ni, 79.1 id,  0.0 wa,  0.0 hi,  0.0 si,  0.0 st 
2026-08-09T08:45:38 3512084 115.7% model-retained.
2026-08-09T08:45:39 %Cpu(s):  2.0 us, 16.3 sy,  0.0 ni, 81.7 id,  0.0 wa,  0.0 hi,  0.0 si,  0.0 st 
2026-08-09T08:45:39 3512084 110.0% model-retained.
2026-08-09T08:45:39 %Cpu(s):  8.3 us, 10.6 sy,  0.0 ni, 81.2 id,  0.0 wa,  0.0 hi,  0.0 si,  0.0 st 
2026-08-09T08:45:39 3512084 105.9% model-retained.
2026-08-09T08:45:40 %Cpu(s):  0.0 us, 16.9 sy,  0.0 ni, 83.1 id,  0.0 wa,  0.0 hi,  0.0 si,  0.0 st 
2026-08-09T08:45:40 3512084 100.0% model-retained.
2026-08-09T08:45:40 %Cpu(s): 21.6 us, 12.5 sy,  0.0 ni, 65.6 id,  0.0 wa,  0.0 hi,  0.3 si,  0.0 st 
2026-08-09T08:45:40 3512084 154.9% model-retained.
2026-08-09T08:45:41 %Cpu(s): 61.8 us,  2.0 sy,  0.0 ni, 36.2 id,  0.0 wa,  0.0 hi,  0.0 si,  0.0 st 
2026-08-09T08:45:41 3512084 376.5% model-retained.
2026-08-09T08:45:41 %Cpu(s): 63.4 us,  1.0 sy,  0.0 ni, 35.3 id,  0.0 wa,  0.0 hi,  0.0 si,  0.3 st 
2026-08-09T08:45:41 3512084 386.0% model-retained.
2026-08-09T08:45:42 %Cpu(s): 65.2 us,  1.7 sy,  0.0 ni, 33.1 id,  0.0 wa,  0.0 hi,  0.0 si,  0.0 st 
2026-08-09T08:45:42 3512084 394.1% model-retained.
2026-08-09T08:45:42 %Cpu(s): 60.7 us,  1.0 sy,  0.0 ni, 38.4 id,  0.0 wa,  0.0 hi,  0.0 si,  0.0 st 
2026-08-09T08:45:42 3512084 370.0% model-retained.
2026-08-09T08:45:43 %Cpu(s): 59.3 us,  1.0 sy,  0.0 ni, 39.7 id,  0.0 wa,  0.0 hi,  0.0 si,  0.0 st 
2026-08-09T08:45:43 3512084 352.9% model-retained.
2026-08-09T08:45:43 %Cpu(s): 64.9 us,  2.7 sy,  0.0 ni, 32.4 id,  0.0 wa,  0.0 hi,  0.0 si,  0.0 st 
2026-08-09T08:45:43 3512084 360.8% model-retained.
2026-08-09T08:45:44 %Cpu(s): 69.8 us,  1.0 sy,  0.0 ni, 29.2 id,  0.0 wa,  0.0 hi,  0.0 si,  0.0 st 
2026-08-09T08:45:44 3512084 420.0% model-retained.
2026-08-09T08:45:44 %Cpu(s): 69.1 us,  1.3 sy,  0.0 ni, 29.2 id,  0.0 wa,  0.0 hi,  0.3 si,  0.0 st 
2026-08-09T08:45:44 3512084 418.0% model-retained.
2026-08-09T08:45:45 %Cpu(s): 69.6 us,  1.0 sy,  0.0 ni, 29.4 id,  0.0 wa,  0.0 hi,  0.0 si,  0.0 st 
2026-08-09T08:45:45 3512084 415.7% model-retained.
2026-08-09T08:45:45 %Cpu(s): 70.6 us,  1.3 sy,  0.0 ni, 28.1 id,  0.0 wa,  0.0 hi,  0.0 si,  0.0 st 
2026-08-09T08:45:45 3512084 417.6% model-retained.
2026-08-09T08:45:46 %Cpu(s): 70.9 us,  0.7 sy,  0.0 ni, 28.4 id,  0.0 wa,  0.0 hi,  0.0 si,  0.0 st 
2026-08-09T08:45:46 3512084 428.0% model-retained.
2026-08-09T08:45:46 %Cpu(s): 64.3 us,  2.0 sy,  0.0 ni, 33.3 id,  0.3 wa,  0.0 hi,  0.0 si,  0.0 st 
2026-08-09T08:45:46 3512084 366.0% model-retained.
2026-08-09T08:45:47 %Cpu(s): 69.9 us,  1.0 sy,  0.0 ni, 29.1 id,  0.0 wa,  0.0 hi,  0.0 si,  0.0 st 
2026-08-09T08:45:47 3512084 417.6% model-retained.
2026-08-09T08:45:47 %Cpu(s): 68.4 us,  1.3 sy,  0.0 ni, 30.3 id,  0.0 wa,  0.0 hi,  0.0 si,  0.0 st 
2026-08-09T08:45:47 3512084 414.0% model-retained.
2026-08-09T08:45:48 %Cpu(s): 70.1 us,  1.0 sy,  0.0 ni, 28.9 id,  0.0 wa,  0.0 hi,  0.0 si,  0.0 st 
2026-08-09T08:45:48 3512084 411.8% model-retained.
2026-08-09T08:45:48 %Cpu(s): 12.4 us, 11.4 sy,  0.0 ni, 76.2 id,  0.0 wa,  0.0 hi,  0.0 si,  0.0 st 
2026-08-09T08:45:49 %Cpu(s):  0.0 us,  0.3 sy,  0.0 ni, 99.7 id,  0.0 wa,  0.0 hi,  0.0 si,  0.0 st 
2026-08-09T08:45:49 %Cpu(s):  1.6 us,  0.7 sy,  0.0 ni, 97.4 id,  0.0 wa,  0.0 hi,  0.3 si,  0.0 st 
2026-08-09T08:45:50 %Cpu(s):  5.9 us,  1.0 sy,  0.0 ni, 93.1 id,  0.0 wa,  0.0 hi,  0.0 si,  0.0 st 
2026-08-09T08:45:50 %Cpu(s):  2.7 us,  3.0 sy,  0.0 ni, 94.4 id,  0.0 wa,  0.0 hi,  0.0 si,  0.0 st 
2026-08-09T08:45:50 3512181 24.0% model-final-can
2026-08-09T08:45:51 %Cpu(s):  8.6 us,  9.6 sy,  0.0 ni, 81.8 id,  0.0 wa,  0.0 hi,  0.0 si,  0.0 st 
2026-08-09T08:45:51 3512181 103.9% model-final-can
2026-08-09T08:45:51 %Cpu(s):  9.2 us, 10.9 sy,  0.0 ni, 79.9 id,  0.0 wa,  0.0 hi,  0.0 si,  0.0 st 
2026-08-09T08:45:51 3512181 109.8% model-final-can
2026-08-09T08:45:52 %Cpu(s):  1.7 us, 16.7 sy,  0.0 ni, 81.7 id,  0.0 wa,  0.0 hi,  0.0 si,  0.0 st 
2026-08-09T08:45:52 3512181 112.0% model-final-can
2026-08-09T08:45:52 %Cpu(s):  3.0 us, 16.8 sy,  0.0 ni, 80.2 id,  0.0 wa,  0.0 hi,  0.0 si,  0.0 st 
2026-08-09T08:45:52 3512181 112.0% model-final-can
2026-08-09T08:45:53 %Cpu(s): 12.6 us, 13.6 sy,  0.0 ni, 73.8 id,  0.0 wa,  0.0 hi,  0.0 si,  0.0 st 
2026-08-09T08:45:53 3512181 107.8% model-final-can
2026-08-09T08:45:53 %Cpu(s):  0.7 us, 17.4 sy,  0.0 ni, 81.9 id,  0.0 wa,  0.0 hi,  0.0 si,  0.0 st 
2026-08-09T08:45:53 3512181 100.0% model-final-can
2026-08-09T08:45:54 %Cpu(s): 16.9 us,  9.9 sy,  0.0 ni, 72.8 id,  0.3 wa,  0.0 hi,  0.0 si,  0.0 st 
2026-08-09T08:45:54 3512181 160.0% model-final-can
2026-08-09T08:45:54 %Cpu(s): 64.4 us,  1.3 sy,  0.0 ni, 34.3 id,  0.0 wa,  0.0 hi,  0.0 si,  0.0 st 
2026-08-09T08:45:54 3512181 382.4% model-final-can
2026-08-09T08:45:55 %Cpu(s): 66.2 us,  1.0 sy,  0.0 ni, 32.8 id,  0.0 wa,  0.0 hi,  0.0 si,  0.0 st 
2026-08-09T08:45:55 3512181 410.0% model-final-can
2026-08-09T08:45:55 %Cpu(s): 65.4 us,  1.3 sy,  0.0 ni, 33.2 id,  0.0 wa,  0.0 hi,  0.0 si,  0.0 st 
2026-08-09T08:45:55 3512181 388.2% model-final-can
2026-08-09T08:45:56 %Cpu(s): 68.1 us,  1.0 sy,  0.0 ni, 30.2 id,  0.3 wa,  0.0 hi,  0.3 si,  0.0 st 
2026-08-09T08:45:56 3512181 392.0% model-final-can
2026-08-09T08:45:56 %Cpu(s): 69.8 us,  1.7 sy,  0.0 ni, 28.6 id,  0.0 wa,  0.0 hi,  0.0 si,  0.0 st 
2026-08-09T08:45:56 3512181 409.8% model-final-can
2026-08-09T08:45:57 %Cpu(s): 73.8 us,  1.0 sy,  0.0 ni, 25.2 id,  0.0 wa,  0.0 hi,  0.0 si,  0.0 st 
2026-08-09T08:45:57 3512181 456.0% model-final-can
2026-08-09T08:45:57 %Cpu(s): 71.2 us,  1.3 sy,  0.0 ni, 27.2 id,  0.0 wa,  0.0 hi,  0.0 si,  0.3 st 
2026-08-09T08:45:57 3512181 425.5% model-final-can
2026-08-09T08:45:58 %Cpu(s): 71.5 us,  1.0 sy,  0.0 ni, 27.5 id,  0.0 wa,  0.0 hi,  0.0 si,  0.0 st 
2026-08-09T08:45:58 3512181 429.4% model-final-can
2026-08-09T08:45:58 %Cpu(s): 71.4 us,  1.0 sy,  0.0 ni, 27.6 id,  0.0 wa,  0.0 hi,  0.0 si,  0.0 st 
2026-08-09T08:45:58 3512181 428.0% model-final-can
2026-08-09T08:45:59 %Cpu(s): 73.1 us,  1.0 sy,  0.0 ni, 25.6 id,  0.0 wa,  0.0 hi,  0.3 si,  0.0 st 
2026-08-09T08:45:59 3512181 435.3% model-final-can
2026-08-09T08:45:59 %Cpu(s): 67.7 us,  2.3 sy,  0.0 ni, 30.0 id,  0.0 wa,  0.0 hi,  0.0 si,  0.0 st 
2026-08-09T08:45:59 3512181 384.0% model-final-can
2026-08-09T08:46:00 %Cpu(s): 73.5 us,  1.0 sy,  0.0 ni, 25.5 id,  0.0 wa,  0.0 hi,  0.0 si,  0.0 st 
2026-08-09T08:46:00 3512181 437.3% model-final-can
2026-08-09T08:46:00 %Cpu(s): 72.4 us,  1.3 sy,  0.0 ni, 26.3 id,  0.0 wa,  0.0 hi,  0.0 si,  0.0 st 
2026-08-09T08:46:00 3512181 436.0% model-final-can
2026-08-09T08:46:01 %Cpu(s): 75.2 us,  0.7 sy,  0.0 ni, 24.2 id,  0.0 wa,  0.0 hi,  0.0 si,  0.0 st 
2026-08-09T08:46:01 3512181 449.0% model-final-can
2026-08-09T08:46:01 %Cpu(s):  1.3 us,  7.9 sy,  0.0 ni, 90.8 id,  0.0 wa,  0.0 hi,  0.0 si,  0.0 st 
2026-08-09T08:46:02 %Cpu(s):  0.0 us,  0.3 sy,  0.0 ni, 99.0 id,  0.7 wa,  0.0 hi,  0.0 si,  0.0 st 
2026-08-09T08:46:02 %Cpu(s):  5.3 us,  1.3 sy,  0.0 ni, 93.4 id,  0.0 wa,  0.0 hi,  0.0 si,  0.0 st 
2026-08-09T08:46:03 %Cpu(s):  0.3 us,  0.0 sy,  0.0 ni, 99.7 id,  0.0 wa,  0.0 hi,  0.0 si,  0.0 st 
2026-08-09T08:46:03 %Cpu(s):  0.7 us,  0.7 sy,  0.0 ni, 98.7 id,  0.0 wa,  0.0 hi,  0.0 si,  0.0 st 
2026-08-09T08:46:04 %Cpu(s):  0.3 us,  0.0 sy,  0.0 ni, 99.7 id,  0.0 wa,  0.0 hi,  0.0 si,  0.0 st 
2026-08-09T08:46:04 %Cpu(s):  0.7 us,  0.7 sy,  0.0 ni, 98.7 id,  0.0 wa,  0.0 hi,  0.0 si,  0.0 st 
2026-08-09T08:46:05 %Cpu(s):  0.3 us,  0.0 sy,  0.0 ni, 99.7 id,  0.0 wa,  0.0 hi,  0.0 si,  0.0 st 
2026-08-09T08:46:05 %Cpu(s): 10.5 us,  2.0 sy,  0.0 ni, 86.8 id,  0.3 wa,  0.0 hi,  0.3 si,  0.0 st 
2026-08-09T08:46:05 3405140 20.0% bun
2026-08-09T08:46:06 %Cpu(s):  1.3 us,  0.3 sy,  0.0 ni, 98.3 id,  0.0 wa,  0.0 hi,  0.0 si,  0.0 st 
2026-08-09T08:46:06 %Cpu(s):  0.7 us,  0.7 sy,  0.0 ni, 98.7 id,  0.0 wa,  0.0 hi,  0.0 si,  0.0 st 
2026-08-09T08:46:07 %Cpu(s):  0.3 us,  0.3 sy,  0.0 ni, 99.3 id,  0.0 wa,  0.0 hi,  0.0 si,  0.0 st 
2026-08-09T08:46:07 %Cpu(s):  1.0 us,  0.3 sy,  0.0 ni, 98.3 id,  0.3 wa,  0.0 hi,  0.0 si,  0.0 st 
2026-08-09T08:46:08 %Cpu(s):  0.3 us,  0.0 sy,  0.0 ni, 99.7 id,  0.0 wa,  0.0 hi,  0.0 si,  0.0 st 
2026-08-09T08:46:08 %Cpu(s):  1.3 us,  1.0 sy,  0.0 ni, 97.7 id,  0.0 wa,  0.0 hi,  0.0 si,  0.0 st 
2026-08-09T08:46:09 %Cpu(s):  6.6 us,  1.0 sy,  0.0 ni, 92.4 id,  0.0 wa,  0.0 hi,  0.0 si,  0.0 st 
2026-08-09T08:46:09 %Cpu(s):  0.7 us,  0.7 sy,  0.0 ni, 98.7 id,  0.0 wa,  0.0 hi,  0.0 si,  0.0 st 
2026-08-09T08:46:10 %Cpu(s):  0.3 us,  0.0 sy,  0.0 ni, 99.7 id,  0.0 wa,  0.0 hi,  0.0 si,  0.0 st 
2026-08-09T08:46:11 %Cpu(s):  0.7 us,  0.7 sy,  0.0 ni, 98.7 id,  0.0 wa,  0.0 hi,  0.0 si,  0.0 st 
2026-08-09T08:46:11 %Cpu(s):  0.3 us,  0.3 sy,  0.0 ni, 99.3 id,  0.0 wa,  0.0 hi,  0.0 si,  0.0 st 
2026-08-09T08:46:12 %Cpu(s):  0.7 us,  0.3 sy,  0.0 ni, 99.0 id,  0.0 wa,  0.0 hi,  0.0 si,  0.0 st 
2026-08-09T08:46:12 %Cpu(s):  7.6 us,  1.3 sy,  0.0 ni, 90.8 id,  0.3 wa,  0.0 hi,  0.0 si,  0.0 st 
2026-08-09T08:46:13 %Cpu(s):  0.7 us,  0.3 sy,  0.0 ni, 98.7 id,  0.3 wa,  0.0 hi,  0.0 si,  0.0 st 
2026-08-09T08:46:13 %Cpu(s):  0.3 us,  0.0 sy,  0.0 ni, 99.7 id,  0.0 wa,  0.0 hi,  0.0 si,  0.0 st 
2026-08-09T08:46:14 %Cpu(s):  1.0 us,  0.7 sy,  0.0 ni, 98.4 id,  0.0 wa,  0.0 hi,  0.0 si,  0.0 st 
2026-08-09T08:46:14 %Cpu(s):  0.3 us,  0.3 sy,  0.0 ni, 99.3 id,  0.0 wa,  0.0 hi,  0.0 si,  0.0 st 
