=== run=1 variant=baseline ===
=== RUN   TestGemma4RealCPUGap124x48
    gemma4_gap_real_test.go:128: gemma4_gap generated_tokens=[70990 4941 159371 1390 67109 1485 237064 9120 70846 9120 13063 1390 236743 40594 1390 238007 1390 238122 4829 1390 1390 237307 1390 113858 9222 1390 9222 246293 9222 1390 1390 9222 783 82106 9222 246293 236929 4862 237275 1390 237083 237249 244359 238280 236929 395 236782 236929]
    gemma4_gap_real_test.go:131: gemma4_gap prefill_tokens=124 prefill_setup=1.384118ms prefill_compute=3.087672159s prefill_compute_tok_s=40.159704 prefill_total_tok_s=40.141710 prefill_efficiency=0.4402 output_tokens=48 decode_evals=47 decode=5.148737179s decode_eval_tok_s=9.128452 decode_efficiency=0.8672
--- PASS: TestGemma4RealCPUGap124x48 (11.02s)
PASS
=== run=1 variant=dynamic-correction ===
=== RUN   TestGemma4RealCPUGap124x48
    gemma4_gap_real_test.go:128: gemma4_gap generated_tokens=[70990 4941 159371 1390 67109 1485 237064 9120 70846 9120 13063 1390 236743 40594 1390 238007 1390 238122 4829 1390 1390 237307 1390 113858 9222 1390 9222 246293 9222 1390 1390 9222 783 82106 9222 246293 236929 4862 237275 1390 237083 237249 244359 238280 236929 395 236782 236929]
    gemma4_gap_real_test.go:131: gemma4_gap prefill_tokens=124 prefill_setup=1.326417ms prefill_compute=2.491937385s prefill_compute_tok_s=49.760480 prefill_total_tok_s=49.734007 prefill_efficiency=0.5454 output_tokens=48 decode_evals=47 decode=5.185361712s decode_eval_tok_s=9.063977 decode_efficiency=0.8611
--- PASS: TestGemma4RealCPUGap124x48 (10.45s)
PASS
=== run=2 variant=baseline ===
=== RUN   TestGemma4RealCPUGap124x48
    gemma4_gap_real_test.go:128: gemma4_gap generated_tokens=[70990 4941 159371 1390 67109 1485 237064 9120 70846 9120 13063 1390 236743 40594 1390 238007 1390 238122 4829 1390 1390 237307 1390 113858 9222 1390 9222 246293 9222 1390 1390 9222 783 82106 9222 246293 236929 4862 237275 1390 237083 237249 244359 238280 236929 395 236782 236929]
    gemma4_gap_real_test.go:131: gemma4_gap prefill_tokens=124 prefill_setup=1.337579ms prefill_compute=3.800881028s prefill_compute_tok_s=32.624015 prefill_total_tok_s=32.612538 prefill_efficiency=0.3576 output_tokens=48 decode_evals=47 decode=5.459793013s decode_eval_tok_s=8.608385 decode_efficiency=0.8178
--- PASS: TestGemma4RealCPUGap124x48 (12.36s)
PASS
=== run=2 variant=dynamic-correction ===
=== RUN   TestGemma4RealCPUGap124x48
    gemma4_gap_real_test.go:128: gemma4_gap generated_tokens=[70990 4941 159371 1390 67109 1485 237064 9120 70846 9120 13063 1390 236743 40594 1390 238007 1390 238122 4829 1390 1390 237307 1390 113858 9222 1390 9222 246293 9222 1390 1390 9222 783 82106 9222 246293 236929 4862 237275 1390 237083 237249 244359 238280 236929 395 236782 236929]
    gemma4_gap_real_test.go:131: gemma4_gap prefill_tokens=124 prefill_setup=1.321623ms prefill_compute=2.537068265s prefill_compute_tok_s=48.875311 prefill_total_tok_s=48.849864 prefill_efficiency=0.5357 output_tokens=48 decode_evals=47 decode=5.097806895s decode_eval_tok_s=9.219651 decode_efficiency=0.8759
--- PASS: TestGemma4RealCPUGap124x48 (10.62s)
PASS
=== run=3 variant=baseline ===
=== RUN   TestGemma4RealCPUGap124x48
    gemma4_gap_real_test.go:128: gemma4_gap generated_tokens=[70990 4941 159371 1390 67109 1485 237064 9120 70846 9120 13063 1390 236743 40594 1390 238007 1390 238122 4829 1390 1390 237307 1390 113858 9222 1390 9222 246293 9222 1390 1390 9222 783 82106 9222 246293 236929 4862 237275 1390 237083 237249 244359 238280 236929 395 236782 236929]
    gemma4_gap_real_test.go:131: gemma4_gap prefill_tokens=124 prefill_setup=1.398566ms prefill_compute=3.003822423s prefill_compute_tok_s=41.280736 prefill_total_tok_s=41.261525 prefill_efficiency=0.4525 output_tokens=48 decode_evals=47 decode=5.089506019s decode_eval_tok_s=9.234688 decode_efficiency=0.8773
--- PASS: TestGemma4RealCPUGap124x48 (11.07s)
PASS
=== run=3 variant=dynamic-correction ===
=== RUN   TestGemma4RealCPUGap124x48
    gemma4_gap_real_test.go:128: gemma4_gap generated_tokens=[70990 4941 159371 1390 67109 1485 237064 9120 70846 9120 13063 1390 236743 40594 1390 238007 1390 238122 4829 1390 1390 237307 1390 113858 9222 1390 9222 246293 9222 1390 1390 9222 783 82106 9222 246293 236929 4862 237275 1390 237083 237249 244359 238280 236929 395 236782 236929]
    gemma4_gap_real_test.go:131: gemma4_gap prefill_tokens=124 prefill_setup=1.464769ms prefill_compute=3.609907991s prefill_compute_tok_s=34.349906 prefill_total_tok_s=34.335974 prefill_efficiency=0.3765 output_tokens=48 decode_evals=47 decode=5.13023129s decode_eval_tok_s=9.161380 decode_efficiency=0.8703
--- PASS: TestGemma4RealCPUGap124x48 (11.80s)
PASS
