=== run=1 variant=dynamic-correction ===
=== RUN   TestGemma4RealCPUGap124x48
    gemma4_gap_real_test.go:128: gemma4_gap generated_tokens=[70990 4941 159371 1390 67109 1485 237064 9120 70846 9120 13063 1390 236743 40594 1390 238007 1390 238122 4829 1390 1390 237307 1390 113858 9222 1390 9222 246293 9222 1390 1390 9222 783 82106 9222 246293 236929 4862 237275 1390 237083 237249 244359 238280 236929 395 236782 236929]
    gemma4_gap_real_test.go:131: gemma4_gap prefill_tokens=124 prefill_setup=1.369311ms prefill_compute=2.790241061s prefill_compute_tok_s=44.440605 prefill_total_tok_s=44.418806 prefill_efficiency=0.4871 output_tokens=48 decode_evals=47 decode=5.642396496s decode_eval_tok_s=8.329794 decode_efficiency=0.7913
--- PASS: TestGemma4RealCPUGap124x48 (11.64s)
PASS
=== run=1 variant=compact-correction ===
=== RUN   TestGemma4RealCPUGap124x48
    gemma4_gap_real_test.go:128: gemma4_gap generated_tokens=[70990 4941 159371 1390 67109 1485 237064 9120 70846 9120 13063 1390 236743 40594 1390 238007 1390 238122 4829 1390 1390 237307 1390 113858 9222 1390 9222 246293 9222 1390 1390 9222 783 82106 9222 246293 236929 4862 237275 1390 237083 237249 244359 238280 236929 395 236782 236929]
    gemma4_gap_real_test.go:131: gemma4_gap prefill_tokens=124 prefill_setup=1.395966ms prefill_compute=2.92555186s prefill_compute_tok_s=42.385166 prefill_total_tok_s=42.364951 prefill_efficiency=0.4646 output_tokens=48 decode_evals=47 decode=5.18079162s decode_eval_tok_s=9.071973 decode_efficiency=0.8618
--- PASS: TestGemma4RealCPUGap124x48 (11.21s)
PASS
=== run=2 variant=dynamic-correction ===
=== RUN   TestGemma4RealCPUGap124x48
    gemma4_gap_real_test.go:128: gemma4_gap generated_tokens=[70990 4941 159371 1390 67109 1485 237064 9120 70846 9120 13063 1390 236743 40594 1390 238007 1390 238122 4829 1390 1390 237307 1390 113858 9222 1390 9222 246293 9222 1390 1390 9222 783 82106 9222 246293 236929 4862 237275 1390 237083 237249 244359 238280 236929 395 236782 236929]
    gemma4_gap_real_test.go:131: gemma4_gap prefill_tokens=124 prefill_setup=1.341521ms prefill_compute=2.560059728s prefill_compute_tok_s=48.436370 prefill_total_tok_s=48.411002 prefill_efficiency=0.5309 output_tokens=48 decode_evals=47 decode=6.336957833s decode_eval_tok_s=7.416808 decode_efficiency=0.7046
--- PASS: TestGemma4RealCPUGap124x48 (11.88s)
PASS
=== run=2 variant=compact-correction ===
=== RUN   TestGemma4RealCPUGap124x48
    gemma4_gap_real_test.go:128: gemma4_gap generated_tokens=[70990 4941 159371 1390 67109 1485 237064 9120 70846 9120 13063 1390 236743 40594 1390 238007 1390 238122 4829 1390 1390 237307 1390 113858 9222 1390 9222 246293 9222 1390 1390 9222 783 82106 9222 246293 236929 4862 237275 1390 237083 237249 244359 238280 236929 395 236782 236929]
    gemma4_gap_real_test.go:131: gemma4_gap prefill_tokens=124 prefill_setup=1.39666ms prefill_compute=3.069888822s prefill_compute_tok_s=40.392342 prefill_total_tok_s=40.373974 prefill_efficiency=0.4428 output_tokens=48 decode_evals=47 decode=5.075060415s decode_eval_tok_s=9.260973 decode_efficiency=0.8798
--- PASS: TestGemma4RealCPUGap124x48 (10.99s)
PASS
=== run=3 variant=dynamic-correction ===
=== RUN   TestGemma4RealCPUGap124x48
    gemma4_gap_real_test.go:128: gemma4_gap generated_tokens=[70990 4941 159371 1390 67109 1485 237064 9120 70846 9120 13063 1390 236743 40594 1390 238007 1390 238122 4829 1390 1390 237307 1390 113858 9222 1390 9222 246293 9222 1390 1390 9222 783 82106 9222 246293 236929 4862 237275 1390 237083 237249 244359 238280 236929 395 236782 236929]
    gemma4_gap_real_test.go:131: gemma4_gap prefill_tokens=124 prefill_setup=1.354695ms prefill_compute=2.763985229s prefill_compute_tok_s=44.862758 prefill_total_tok_s=44.840780 prefill_efficiency=0.4918 output_tokens=48 decode_evals=47 decode=5.051351411s decode_eval_tok_s=9.304441 decode_efficiency=0.8839
--- PASS: TestGemma4RealCPUGap124x48 (10.73s)
PASS
=== run=3 variant=compact-correction ===
=== RUN   TestGemma4RealCPUGap124x48
    gemma4_gap_real_test.go:128: gemma4_gap generated_tokens=[70990 4941 159371 1390 67109 1485 237064 9120 70846 9120 13063 1390 236743 40594 1390 238007 1390 238122 4829 1390 1390 237307 1390 113858 9222 1390 9222 246293 9222 1390 1390 9222 783 82106 9222 246293 236929 4862 237275 1390 237083 237249 244359 238280 236929 395 236782 236929]
    gemma4_gap_real_test.go:131: gemma4_gap prefill_tokens=124 prefill_setup=1.314929ms prefill_compute=3.912490392s prefill_compute_tok_s=31.693369 prefill_total_tok_s=31.682720 prefill_efficiency=0.3474 output_tokens=48 decode_evals=47 decode=5.123527814s decode_eval_tok_s=9.173367 decode_efficiency=0.8715
--- PASS: TestGemma4RealCPUGap124x48 (11.97s)
PASS
