File: model.test
Build ID: 744d23997cd63d6d1659c1a7eef5680089662897
Type: cpu
Time: 2026-08-09 09:30:14 WEST
Duration: 2.35s, Total samples = 9.52s (404.82%)
Showing nodes accounting for 9.36s, 98.32% of 9.52s total
Dropped 51 nodes (cum <= 0.05s)
      flat  flat%   sum%        cum   cum%
     7.87s 82.67% 82.67%      7.87s 82.67%  github.com/rcarmo/go-pherence/loader/gguf.dotQ4_0Q8_0Tokens8SoAVNNI
     0.48s  5.04% 87.71%      0.48s  5.04%  github.com/rcarmo/go-pherence/loader/gguf.dotQ4_0Q8_0x4TokensAVX2
     0.20s  2.10% 89.81%      0.40s  4.20%  github.com/rcarmo/go-pherence/internal/ggmlfp16.GELUFP16Lookup
     0.14s  1.47% 91.28%      8.49s 89.18%  github.com/rcarmo/go-pherence/loader/gguf.(*QuantMatrix).projectBatchQ4_0To.func1
     0.14s  1.47% 92.75%      0.14s  1.47%  github.com/rcarmo/go-pherence/loader/gguf.quantizeQ8_0BlockAVX2
     0.13s  1.37% 94.12%      0.13s  1.37%  github.com/rcarmo/go-pherence/half.F32ToF16
     0.09s  0.95% 95.06%      0.09s  0.95%  github.com/rcarmo/go-pherence/loader/gguf.dotQ6KQ8KGemvVNNIAsm
     0.08s  0.84% 95.90%      0.08s  0.84%  github.com/rcarmo/go-pherence/backends/simd/runtime.vecScaleAddAsm
     0.08s  0.84% 96.74%      0.48s  5.04%  github.com/rcarmo/go-pherence/model.ggmlGELUMulInPlace
     0.06s  0.63% 97.37%      0.08s  0.84%  github.com/rcarmo/go-pherence/half.F16ToF32
     0.05s  0.53% 97.90%      0.05s  0.53%  github.com/rcarmo/go-pherence/backends/simd/runtime.sdotAsm
     0.03s  0.32% 98.21%      0.18s  1.89%  github.com/rcarmo/go-pherence/backends/simd/runtime.gqaAttentionScaleIntoSIMD
     0.01s  0.11% 98.32%      8.50s 89.29%  github.com/rcarmo/go-pherence/loader/gguf.gemvRowBlocksParallel.func1 (partial-inline)
         0     0% 98.32%      0.18s  1.89%  github.com/rcarmo/go-pherence/backends/simd/runtime.GQAAttentionScaleTo
         0     0% 98.32%      0.05s  0.53%  github.com/rcarmo/go-pherence/backends/simd/runtime.Sdot
         0     0% 98.32%      0.08s  0.84%  github.com/rcarmo/go-pherence/backends/simd/runtime.VecScaleAdd
         0     0% 98.32%      1.49s 15.65%  github.com/rcarmo/go-pherence/loader/gguf.(*QuantMatrix).ProjectBatchF32To
         0     0% 98.32%      1.49s 15.65%  github.com/rcarmo/go-pherence/loader/gguf.(*QuantMatrix).projectBatchQ4_0To
         0     0% 98.32%      0.09s  0.95%  github.com/rcarmo/go-pherence/loader/gguf.GemvQ6KQ8KRows.func1
         0     0% 98.32%      0.48s  5.04%  github.com/rcarmo/go-pherence/loader/gguf.dotQ4_0Q8_0Tokens4 (inline)
         0     0% 98.32%      7.87s 82.67%  github.com/rcarmo/go-pherence/loader/gguf.dotQ4_0Q8_0Tokens8SoA (inline)
         0     0% 98.32%      0.09s  0.95%  github.com/rcarmo/go-pherence/loader/gguf.dotQ6KQ8KGemvFast
         0     0% 98.32%      0.09s  0.95%  github.com/rcarmo/go-pherence/loader/gguf.dotQ6KQ8KGemvVNNI (inline)
         0     0% 98.32%      1.44s 15.13%  github.com/rcarmo/go-pherence/loader/gguf.gemvRowBlocksParallel
         0     0% 98.32%      7.06s 74.16%  github.com/rcarmo/go-pherence/loader/gguf.gemvRowBlocksParallel.func2
         0     0% 98.32%      0.09s  0.95%  github.com/rcarmo/go-pherence/loader/gguf.gemvRowsParallel.func1
         0     0% 98.32%      0.15s  1.58%  github.com/rcarmo/go-pherence/loader/gguf.quantizeQ8_0BlockSIMD
         0     0% 98.32%      0.15s  1.58%  github.com/rcarmo/go-pherence/loader/gguf.quantizeQ8_0BlockTo
         0     0% 98.32%      0.05s  0.53%  github.com/rcarmo/go-pherence/loader/gguf.quantizeQ8_0Tiles8To
         0     0% 98.32%      0.14s  1.47%  github.com/rcarmo/go-pherence/loader/gguf.quantizeQ8_0Tiles8To.func1 (partial-inline)
         0     0% 98.32%      0.10s  1.05%  github.com/rcarmo/go-pherence/loader/gguf.quantizeQ8_0Tiles8To.func2
         0     0% 98.32%      2.24s 23.53%  github.com/rcarmo/go-pherence/model.(*Gemma4DecodeSession).PrefillNext
         0     0% 98.32%      0.20s  2.10%  github.com/rcarmo/go-pherence/model.(*LlamaModel).ProjectMTPVerifierLayerQKVBatch
         0     0% 98.32%      1.49s 15.65%  github.com/rcarmo/go-pherence/model.(*LlamaModel).projBatchAny
         0     0% 98.32%      2.23s 23.42%  github.com/rcarmo/go-pherence/model.(*LlamaModel).runLegacyCPUPrefillBatch
         0     0% 98.32%      2.23s 23.42%  github.com/rcarmo/go-pherence/model.(*LlamaModel).runLegacyCPUPrefillBatchLayers
         0     0% 98.32%      2.23s 23.42%  github.com/rcarmo/go-pherence/model.(*LlamaModel).runMTPVerifierBatchLayers
         0     0% 98.32%      2.24s 23.53%  github.com/rcarmo/go-pherence/model.TestGemma4RealCPUGap124x48
         0     0% 98.32%      0.40s  4.20%  github.com/rcarmo/go-pherence/model.ggmlGELUF32 (inline)
         0     0% 98.32%      0.18s  1.89%  github.com/rcarmo/go-pherence/model.gqaAttentionScaleSoftcapInto
         0     0% 98.32%      2.24s 23.53%  testing.tRunner
