2026-08-09T08:39:55 %Cpu(s): 73.8 us,  1.5 sy,  0.0 ni, 24.6 id,  0.0 wa,  0.0 hi,  0.0 si,  0.0 st 
2026-08-09T08:39:55 3506203 518.2% gguf-rowblock.t
2026-08-09T08:39:56 %Cpu(s): 95.1 us,  0.5 sy,  0.0 ni,  4.4 id,  0.0 wa,  0.0 hi,  0.0 si,  0.0 st 
2026-08-09T08:39:56 3506203 578.0% gguf-rowblock.t
2026-08-09T08:39:56 %Cpu(s): 96.1 us,  0.3 sy,  0.0 ni,  3.6 id,  0.0 wa,  0.0 hi,  0.0 si,  0.0 st 
2026-08-09T08:39:56 3506203 568.6% gguf-rowblock.t
2026-08-09T08:39:57 %Cpu(s): 95.4 us,  0.7 sy,  0.0 ni,  3.9 id,  0.0 wa,  0.0 hi,  0.0 si,  0.0 st 
2026-08-09T08:39:57 3506203 576.0% gguf-rowblock.t
2026-08-09T08:39:57 %Cpu(s): 73.8 us,  0.7 sy,  0.0 ni, 25.6 id,  0.0 wa,  0.0 hi,  0.0 si,  0.0 st 
2026-08-09T08:39:58 %Cpu(s):  5.3 us,  1.3 sy,  0.0 ni, 93.4 id,  0.0 wa,  0.0 hi,  0.0 si,  0.0 st 
2026-08-09T08:39:58 3506233 20.0% python3
2026-08-09T08:39:58 %Cpu(s): 21.6 us,  1.0 sy,  0.0 ni, 77.4 id,  0.0 wa,  0.0 hi,  0.0 si,  0.0 st 
2026-08-09T08:39:58 3506240 117.6% gguf-rowblock-d
2026-08-09T08:39:59 %Cpu(s): 95.7 us,  0.7 sy,  0.0 ni,  3.6 id,  0.0 wa,  0.0 hi,  0.0 si,  0.0 st 
2026-08-09T08:39:59 3506240 582.0% gguf-rowblock-d
2026-08-09T08:39:59 %Cpu(s): 96.0 us,  0.0 sy,  0.0 ni,  3.6 id,  0.0 wa,  0.0 hi,  0.0 si,  0.3 st 
2026-08-09T08:39:59 3506240 566.7% gguf-rowblock-d
2026-08-09T08:40:00 %Cpu(s): 94.7 us,  0.7 sy,  0.0 ni,  4.6 id,  0.0 wa,  0.0 hi,  0.0 si,  0.0 st 
2026-08-09T08:40:00 3506240 541.2% gguf-rowblock-d
2026-08-09T08:40:00 %Cpu(s): 96.7 us,  0.3 sy,  0.0 ni,  3.0 id,  0.0 wa,  0.0 hi,  0.0 si,  0.0 st 
2026-08-09T08:40:00 3506240 574.5% gguf-rowblock-d
2026-08-09T08:40:01 %Cpu(s): 17.6 us,  0.7 sy,  0.0 ni, 81.7 id,  0.0 wa,  0.0 hi,  0.0 si,  0.0 st 
2026-08-09T08:40:01 %Cpu(s):  8.9 us,  1.7 sy,  0.0 ni, 89.4 id,  0.0 wa,  0.0 hi,  0.0 si,  0.0 st 
2026-08-09T08:40:02 %Cpu(s): 76.2 us,  1.0 sy,  0.0 ni, 22.8 id,  0.0 wa,  0.0 hi,  0.0 si,  0.0 st 
2026-08-09T08:40:02 3506278 456.0% gguf-rowblock-d
2026-08-09T08:40:02 %Cpu(s): 96.7 us,  0.3 sy,  0.0 ni,  3.0 id,  0.0 wa,  0.0 hi,  0.0 si,  0.0 st 
2026-08-09T08:40:02 3506278 572.5% gguf-rowblock-d
2026-08-09T08:40:03 %Cpu(s): 22.8 us,  1.0 sy,  0.0 ni, 76.2 id,  0.0 wa,  0.0 hi,  0.0 si,  0.0 st 
2026-08-09T08:40:03 %Cpu(s):  0.7 us,  0.3 sy,  0.0 ni, 99.0 id,  0.0 wa,  0.0 hi,  0.0 si,  0.0 st 
2026-08-09T08:40:04 %Cpu(s): 69.7 us,  0.7 sy,  0.0 ni, 29.7 id,  0.0 wa,  0.0 hi,  0.0 si,  0.0 st 
2026-08-09T08:40:04 3506296 414.0% gguf-rowblock-d
2026-08-09T08:40:04 %Cpu(s): 94.4 us,  1.3 sy,  0.0 ni,  4.3 id,  0.0 wa,  0.0 hi,  0.0 si,  0.0 st 
2026-08-09T08:40:04 3506296 535.3% gguf-rowblock-d
2026-08-09T08:40:05 %Cpu(s): 30.5 us,  1.0 sy,  0.0 ni, 68.2 id,  0.0 wa,  0.0 hi,  0.3 si,  0.0 st 
2026-08-09T08:40:05 %Cpu(s):  3.0 us,  0.3 sy,  0.0 ni, 96.7 id,  0.0 wa,  0.0 hi,  0.0 si,  0.0 st 
2026-08-09T08:40:06 %Cpu(s): 63.3 us,  1.3 sy,  0.0 ni, 35.1 id,  0.3 wa,  0.0 hi,  0.0 si,  0.0 st 
2026-08-09T08:40:06 3506357 374.5% gguf-rowblock-d
2026-08-09T08:40:06 %Cpu(s): 96.7 us,  0.0 sy,  0.0 ni,  3.3 id,  0.0 wa,  0.0 hi,  0.0 si,  0.0 st 
2026-08-09T08:40:06 3506357 582.0% gguf-rowblock-d
2026-08-09T08:40:07 %Cpu(s): 95.4 us,  0.3 sy,  0.0 ni,  3.9 id,  0.0 wa,  0.0 hi,  0.0 si,  0.3 st 
2026-08-09T08:40:07 3506357 564.7% gguf-rowblock-d
2026-08-09T08:40:07 %Cpu(s): 93.8 us,  1.3 sy,  0.0 ni,  4.6 id,  0.3 wa,  0.0 hi,  0.0 si,  0.0 st 
2026-08-09T08:40:07 3506357 550.0% gguf-rowblock-d
2026-08-09T08:40:08 %Cpu(s): 70.8 us,  0.3 sy,  0.0 ni, 28.9 id,  0.0 wa,  0.0 hi,  0.0 si,  0.0 st 
2026-08-09T08:40:08 %Cpu(s):  0.3 us,  0.3 sy,  0.0 ni, 99.3 id,  0.0 wa,  0.0 hi,  0.0 si,  0.0 st 
2026-08-09T08:40:09 %Cpu(s): 23.6 us,  1.3 sy,  0.0 ni, 75.1 id,  0.0 wa,  0.0 hi,  0.0 si,  0.0 st 
2026-08-09T08:40:09 3506395 142.0% gguf-rowblock.t
2026-08-09T08:40:09 %Cpu(s): 95.4 us,  0.3 sy,  0.0 ni,  4.3 id,  0.0 wa,  0.0 hi,  0.0 si,  0.0 st 
2026-08-09T08:40:09 3506395 564.7% gguf-rowblock.t
2026-08-09T08:40:10 %Cpu(s): 96.0 us,  0.3 sy,  0.0 ni,  3.7 id,  0.0 wa,  0.0 hi,  0.0 si,  0.0 st 
2026-08-09T08:40:10 3506395 580.0% gguf-rowblock.t
2026-08-09T08:40:10 %Cpu(s): 95.4 us,  0.7 sy,  0.0 ni,  3.9 id,  0.0 wa,  0.0 hi,  0.0 si,  0.0 st 
2026-08-09T08:40:10 3506395 568.6% gguf-rowblock.t
2026-08-09T08:40:11 %Cpu(s): 91.1 us,  4.3 sy,  0.0 ni,  4.6 id,  0.0 wa,  0.0 hi,  0.0 si,  0.0 st 
2026-08-09T08:40:11 3506395 496.1% gguf-rowblock.t
2026-08-09T08:40:11 %Cpu(s): 21.1 us,  0.0 sy,  0.0 ni, 78.5 id,  0.3 wa,  0.0 hi,  0.0 si,  0.0 st 
2026-08-09T08:40:12 %Cpu(s):  1.0 us,  0.7 sy,  0.0 ni, 98.3 id,  0.0 wa,  0.0 hi,  0.0 si,  0.0 st 
2026-08-09T08:40:12 %Cpu(s): 69.2 us,  1.0 sy,  0.0 ni, 29.5 id,  0.0 wa,  0.0 hi,  0.3 si,  0.0 st 
2026-08-09T08:40:12 3506621 409.8% gguf-rowblock-d
2026-08-09T08:40:13 %Cpu(s): 96.7 us,  0.7 sy,  0.0 ni,  2.6 id,  0.0 wa,  0.0 hi,  0.0 si,  0.0 st 
2026-08-09T08:40:13 3506621 574.5% gguf-rowblock-d
2026-08-09T08:40:13 %Cpu(s): 97.0 us,  0.0 sy,  0.0 ni,  3.0 id,  0.0 wa,  0.0 hi,  0.0 si,  0.0 st 
2026-08-09T08:40:13 3506621 582.0% gguf-rowblock-d
2026-08-09T08:40:14 %Cpu(s): 93.8 us,  1.6 sy,  0.0 ni,  4.6 id,  0.0 wa,  0.0 hi,  0.0 si,  0.0 st 
2026-08-09T08:40:14 3506621 529.4% gguf-rowblock-d
2026-08-09T08:40:14 %Cpu(s): 62.8 us,  0.3 sy,  0.0 ni, 36.9 id,  0.0 wa,  0.0 hi,  0.0 si,  0.0 st 
2026-08-09T08:40:15 %Cpu(s):  1.7 us,  2.3 sy,  0.0 ni, 94.6 id,  1.3 wa,  0.0 hi,  0.0 si,  0.0 st 
2026-08-09T08:40:15 %Cpu(s): 31.2 us,  1.0 sy,  0.0 ni, 67.8 id,  0.0 wa,  0.0 hi,  0.0 si,  0.0 st 
2026-08-09T08:40:15 3506741 178.4% gguf-rowblock.t
2026-08-09T08:40:16 %Cpu(s): 95.0 us,  0.3 sy,  0.0 ni,  4.7 id,  0.0 wa,  0.0 hi,  0.0 si,  0.0 st 
2026-08-09T08:40:16 3506741 572.0% gguf-rowblock.t
2026-08-09T08:40:16 %Cpu(s): 94.7 us,  0.3 sy,  0.0 ni,  4.9 id,  0.0 wa,  0.0 hi,  0.0 si,  0.0 st 
2026-08-09T08:40:16 3506741 560.8% gguf-rowblock.t
2026-08-09T08:40:17 %Cpu(s): 93.4 us,  1.3 sy,  0.0 ni,  4.6 id,  0.3 wa,  0.0 hi,  0.3 si,  0.0 st 
2026-08-09T08:40:17 3506741 540.0% gguf-rowblock.t
2026-08-09T08:40:18 %Cpu(s): 94.4 us,  0.3 sy,  0.0 ni,  5.0 id,  0.0 wa,  0.0 hi,  0.0 si,  0.3 st 
2026-08-09T08:40:18 %Cpu(s):  0.7 us,  1.0 sy,  0.0 ni, 98.3 id,  0.0 wa,  0.0 hi,  0.0 si,  0.0 st 
2026-08-09T08:40:19 %Cpu(s):  0.7 us,  0.3 sy,  0.0 ni, 99.0 id,  0.0 wa,  0.0 hi,  0.0 si,  0.0 st 
2026-08-09T08:40:19 %Cpu(s): 93.1 us,  1.0 sy,  0.0 ni,  5.9 id,  0.0 wa,  0.0 hi,  0.0 si,  0.0 st 
2026-08-09T08:40:19 3506778 564.0% gguf-rowblock-d
2026-08-09T08:40:20 %Cpu(s): 97.0 us,  0.3 sy,  0.0 ni,  2.6 id,  0.0 wa,  0.0 hi,  0.0 si,  0.0 st 
2026-08-09T08:40:20 3506778 576.5% gguf-rowblock-d
2026-08-09T08:40:20 %Cpu(s): 95.0 us,  1.3 sy,  0.0 ni,  3.6 id,  0.0 wa,  0.0 hi,  0.0 si,  0.0 st 
2026-08-09T08:40:20 3506778 556.0% gguf-rowblock-d
2026-08-09T08:40:21 %Cpu(s): 97.1 us,  0.3 sy,  0.0 ni,  2.6 id,  0.0 wa,  0.0 hi,  0.0 si,  0.0 st 
2026-08-09T08:40:21 3506778 571.2% gguf-rowblock-d
2026-08-09T08:40:21 %Cpu(s): 34.2 us,  1.0 sy,  0.0 ni, 64.8 id,  0.0 wa,  0.0 hi,  0.0 si,  0.0 st 
2026-08-09T08:40:22 %Cpu(s):  0.7 us,  0.0 sy,  0.0 ni, 99.3 id,  0.0 wa,  0.0 hi,  0.0 si,  0.0 st 
2026-08-09T08:40:22 %Cpu(s): 58.9 us,  1.3 sy,  0.0 ni, 39.8 id,  0.0 wa,  0.0 hi,  0.0 si,  0.0 st 
2026-08-09T08:40:22 3506816 347.1% gguf-rowblock.t
2026-08-09T08:40:23 %Cpu(s): 96.3 us,  0.0 sy,  0.0 ni,  3.7 id,  0.0 wa,  0.0 hi,  0.0 si,  0.0 st 
2026-08-09T08:40:23 3506816 582.0% gguf-rowblock.t
2026-08-09T08:40:23 %Cpu(s): 94.7 us,  1.0 sy,  0.0 ni,  4.3 id,  0.0 wa,  0.0 hi,  0.0 si,  0.0 st 
2026-08-09T08:40:23 3506816 564.7% gguf-rowblock.t
2026-08-09T08:40:24 %Cpu(s): 95.0 us,  0.7 sy,  0.0 ni,  4.4 id,  0.0 wa,  0.0 hi,  0.0 si,  0.0 st 
2026-08-09T08:40:24 3506816 535.3% gguf-rowblock.t
2026-08-09T08:40:24 %Cpu(s): 74.0 us,  0.7 sy,  0.0 ni, 25.3 id,  0.0 wa,  0.0 hi,  0.0 si,  0.0 st 
2026-08-09T08:40:25 %Cpu(s):  0.7 us,  0.3 sy,  0.0 ni, 99.0 id,  0.0 wa,  0.0 hi,  0.0 si,  0.0 st 
2026-08-09T08:40:25 %Cpu(s): 14.2 us,  1.3 sy,  0.0 ni, 84.5 id,  0.0 wa,  0.0 hi,  0.0 si,  0.0 st 
2026-08-09T08:40:25 3506855 78.4% gguf-rowblock-d
2026-08-09T08:40:26 %Cpu(s): 96.7 us,  0.3 sy,  0.0 ni,  3.0 id,  0.0 wa,  0.0 hi,  0.0 si,  0.0 st 
2026-08-09T08:40:26 3506855 584.0% gguf-rowblock-d
2026-08-09T08:40:26 %Cpu(s): 95.4 us,  0.7 sy,  0.0 ni,  3.6 id,  0.0 wa,  0.0 hi,  0.0 si,  0.3 st 
2026-08-09T08:40:26 3506855 568.6% gguf-rowblock-d
2026-08-09T08:40:27 %Cpu(s): 94.7 us,  1.3 sy,  0.0 ni,  4.0 id,  0.0 wa,  0.0 hi,  0.0 si,  0.0 st 
2026-08-09T08:40:27 3506855 550.0% gguf-rowblock-d
2026-08-09T08:40:27 %Cpu(s): 78.6 us,  0.7 sy,  0.0 ni, 20.7 id,  0.0 wa,  0.0 hi,  0.0 si,  0.0 st 
2026-08-09T08:40:28 %Cpu(s):  1.0 us,  0.3 sy,  0.0 ni, 98.3 id,  0.3 wa,  0.0 hi,  0.0 si,  0.0 st 
2026-08-09T08:40:28 %Cpu(s): 15.9 us,  1.0 sy,  0.0 ni, 83.1 id,  0.0 wa,  0.0 hi,  0.0 si,  0.0 st 
2026-08-09T08:40:28 3506893 92.2% gguf-rowblock-d
2026-08-09T08:40:29 %Cpu(s): 96.1 us,  0.3 sy,  0.0 ni,  3.6 id,  0.0 wa,  0.0 hi,  0.0 si,  0.0 st 
2026-08-09T08:40:29 3506893 570.6% gguf-rowblock-d
2026-08-09T08:40:29 %Cpu(s): 97.0 us,  0.0 sy,  0.0 ni,  3.0 id,  0.0 wa,  0.0 hi,  0.0 si,  0.0 st 
2026-08-09T08:40:29 3506893 588.0% gguf-rowblock-d
2026-08-09T08:40:30 %Cpu(s): 95.0 us,  1.0 sy,  0.0 ni,  4.0 id,  0.0 wa,  0.0 hi,  0.0 si,  0.0 st 
2026-08-09T08:40:30 3506893 521.6% gguf-rowblock-d
2026-08-09T08:40:30 %Cpu(s): 96.1 us,  0.7 sy,  0.0 ni,  3.3 id,  0.0 wa,  0.0 hi,  0.0 si,  0.0 st 
2026-08-09T08:40:30 3506893 576.0% gguf-rowblock-d
2026-08-09T08:40:31 %Cpu(s): 24.6 us,  0.3 sy,  0.0 ni, 75.1 id,  0.0 wa,  0.0 hi,  0.0 si,  0.0 st 
2026-08-09T08:40:31 %Cpu(s):  0.7 us,  0.3 sy,  0.0 ni, 99.0 id,  0.0 wa,  0.0 hi,  0.0 si,  0.0 st 
2026-08-09T08:40:32 %Cpu(s): 63.9 us,  1.6 sy,  0.0 ni, 34.4 id,  0.0 wa,  0.0 hi,  0.0 si,  0.0 st 
2026-08-09T08:40:32 3506930 388.0% gguf-rowblock-d
2026-08-09T08:40:32 %Cpu(s): 95.4 us,  0.7 sy,  0.0 ni,  3.9 id,  0.0 wa,  0.0 hi,  0.0 si,  0.0 st 
2026-08-09T08:40:32 3506930 570.6% gguf-rowblock-d
2026-08-09T08:40:33 %Cpu(s): 45.3 us,  1.0 sy,  0.0 ni, 53.7 id,  0.0 wa,  0.0 hi,  0.0 si,  0.0 st 
2026-08-09T08:40:33 %Cpu(s):  2.3 us,  0.7 sy,  0.0 ni, 97.0 id,  0.0 wa,  0.0 hi,  0.0 si,  0.0 st 
2026-08-09T08:40:34 %Cpu(s): 49.3 us,  1.0 sy,  0.0 ni, 49.7 id,  0.0 wa,  0.0 hi,  0.0 si,  0.0 st 
2026-08-09T08:40:34 3506968 288.2% gguf-rowblock.t
2026-08-09T08:40:34 %Cpu(s): 96.0 us,  0.3 sy,  0.0 ni,  3.7 id,  0.0 wa,  0.0 hi,  0.0 si,  0.0 st 
2026-08-09T08:40:34 3506968 570.6% gguf-rowblock.t
2026-08-09T08:40:35 %Cpu(s): 96.0 us,  0.3 sy,  0.0 ni,  3.6 id,  0.0 wa,  0.0 hi,  0.0 si,  0.0 st 
2026-08-09T08:40:35 3506968 580.0% gguf-rowblock.t
2026-08-09T08:40:35 %Cpu(s): 96.1 us,  0.3 sy,  0.0 ni,  3.6 id,  0.0 wa,  0.0 hi,  0.0 si,  0.0 st 
2026-08-09T08:40:35 3506968 566.7% gguf-rowblock.t
2026-08-09T08:40:36 %Cpu(s): 78.9 us,  0.7 sy,  0.0 ni, 20.1 id,  0.3 wa,  0.0 hi,  0.0 si,  0.0 st 
2026-08-09T08:40:36 %Cpu(s):  6.3 us,  1.7 sy,  0.0 ni, 92.1 id,  0.0 wa,  0.0 hi,  0.0 si,  0.0 st 
2026-08-09T08:40:37 %Cpu(s):  9.2 us,  1.0 sy,  0.0 ni, 89.8 id,  0.0 wa,  0.0 hi,  0.0 si,  0.0 st 
2026-08-09T08:40:37 3507029 49.0% gguf-rowblock-d
2026-08-09T08:40:37 %Cpu(s): 96.7 us,  0.7 sy,  0.0 ni,  2.6 id,  0.0 wa,  0.0 hi,  0.0 si,  0.0 st 
2026-08-09T08:40:37 3507029 586.0% gguf-rowblock-d
2026-08-09T08:40:38 %Cpu(s): 97.0 us,  0.3 sy,  0.0 ni,  2.6 id,  0.0 wa,  0.0 hi,  0.0 si,  0.0 st 
2026-08-09T08:40:38 3507029 578.4% gguf-rowblock-d
2026-08-09T08:40:38 %Cpu(s): 95.7 us,  0.3 sy,  0.0 ni,  3.6 id,  0.0 wa,  0.0 hi,  0.3 si,  0.0 st 
2026-08-09T08:40:38 3507029 582.0% gguf-rowblock-d
2026-08-09T08:40:39 %Cpu(s): 97.0 us,  0.0 sy,  0.0 ni,  3.0 id,  0.0 wa,  0.0 hi,  0.0 si,  0.0 st 
2026-08-09T08:40:39 3507029 574.5% gguf-rowblock-d
2026-08-09T08:40:39 %Cpu(s): 26.4 us,  2.0 sy,  0.0 ni, 71.6 id,  0.0 wa,  0.0 hi,  0.0 si,  0.0 st 
2026-08-09T08:40:40 %Cpu(s):  0.7 us,  0.0 sy,  0.0 ni, 99.3 id,  0.0 wa,  0.0 hi,  0.0 si,  0.0 st 
2026-08-09T08:40:40 %Cpu(s):  0.7 us,  0.7 sy,  0.0 ni, 98.7 id,  0.0 wa,  0.0 hi,  0.0 si,  0.0 st 
2026-08-09T08:40:41 %Cpu(s):  0.7 us,  0.0 sy,  0.0 ni, 99.3 id,  0.0 wa,  0.0 hi,  0.0 si,  0.0 st 
2026-08-09T08:40:41 %Cpu(s):  0.7 us,  0.7 sy,  0.0 ni, 98.7 id,  0.0 wa,  0.0 hi,  0.0 si,  0.0 st 
2026-08-09T08:40:42 %Cpu(s):  0.3 us,  0.3 sy,  0.0 ni, 98.7 id,  0.7 wa,  0.0 hi,  0.0 si,  0.0 st 
2026-08-09T08:40:42 %Cpu(s):  4.3 us,  1.0 sy,  0.0 ni, 94.7 id,  0.0 wa,  0.0 hi,  0.0 si,  0.0 st 
2026-08-09T08:40:43 %Cpu(s):  0.7 us,  0.3 sy,  0.0 ni, 99.0 id,  0.0 wa,  0.0 hi,  0.0 si,  0.0 st 
2026-08-09T08:40:43 %Cpu(s):  0.7 us,  0.3 sy,  0.0 ni, 99.0 id,  0.0 wa,  0.0 hi,  0.0 si,  0.0 st 
2026-08-09T08:40:44 %Cpu(s):  1.3 us,  0.3 sy,  0.0 ni, 98.0 id,  0.0 wa,  0.0 hi,  0.3 si,  0.0 st 
2026-08-09T08:40:44 %Cpu(s):  0.7 us,  0.7 sy,  0.0 ni, 98.4 id,  0.3 wa,  0.0 hi,  0.0 si,  0.0 st 
2026-08-09T08:40:45 %Cpu(s):  0.7 us,  0.7 sy,  0.0 ni, 98.7 id,  0.0 wa,  0.0 hi,  0.0 si,  0.0 st 
2026-08-09T08:40:45 %Cpu(s):  0.7 us,  0.0 sy,  0.0 ni, 99.3 id,  0.0 wa,  0.0 hi,  0.0 si,  0.0 st 
2026-08-09T08:40:46 %Cpu(s):  6.6 us,  2.0 sy,  0.0 ni, 91.4 id,  0.0 wa,  0.0 hi,  0.0 si,  0.0 st 
2026-08-09T08:40:46 %Cpu(s):  0.3 us,  0.0 sy,  0.0 ni, 99.7 id,  0.0 wa,  0.0 hi,  0.0 si,  0.0 st 
2026-08-09T08:40:47 %Cpu(s):  1.0 us,  0.3 sy,  0.0 ni, 98.7 id,  0.0 wa,  0.0 hi,  0.0 si,  0.0 st 
2026-08-09T08:40:47 %Cpu(s):  0.3 us,  0.3 sy,  0.0 ni, 99.3 id,  0.0 wa,  0.0 hi,  0.0 si,  0.0 st 
2026-08-09T08:40:48 %Cpu(s):  0.7 us,  0.3 sy,  0.0 ni, 99.0 id,  0.0 wa,  0.0 hi,  0.0 si,  0.0 st 
2026-08-09T08:40:48 %Cpu(s):  0.3 us,  0.3 sy,  0.0 ni, 99.3 id,  0.0 wa,  0.0 hi,  0.0 si,  0.0 st 
2026-08-09T08:40:49 %Cpu(s):  6.6 us,  1.7 sy,  0.0 ni, 91.7 id,  0.0 wa,  0.0 hi,  0.0 si,  0.0 st 
2026-08-09T08:40:49 %Cpu(s):  0.3 us,  0.3 sy,  0.0 ni, 99.3 id,  0.0 wa,  0.0 hi,  0.0 si,  0.0 st 
2026-08-09T08:40:50 %Cpu(s):  0.7 us,  0.3 sy,  0.0 ni, 99.0 id,  0.0 wa,  0.0 hi,  0.0 si,  0.0 st 
2026-08-09T08:40:50 %Cpu(s):  0.3 us,  0.0 sy,  0.0 ni, 99.7 id,  0.0 wa,  0.0 hi,  0.0 si,  0.0 st 
2026-08-09T08:40:51 %Cpu(s):  1.0 us,  0.3 sy,  0.0 ni, 98.7 id,  0.0 wa,  0.0 hi,  0.0 si,  0.0 st 
2026-08-09T08:40:51 %Cpu(s):  0.7 us,  0.3 sy,  0.0 ni, 98.7 id,  0.3 wa,  0.0 hi,  0.0 si,  0.0 st 
2026-08-09T08:40:52 %Cpu(s):  4.6 us,  1.3 sy,  0.0 ni, 94.1 id,  0.0 wa,  0.0 hi,  0.0 si,  0.0 st 
2026-08-09T08:40:52 %Cpu(s):  3.6 us,  0.7 sy,  0.0 ni, 95.7 id,  0.0 wa,  0.0 hi,  0.0 si,  0.0 st 
2026-08-09T08:40:53 %Cpu(s):  0.7 us,  0.3 sy,  0.0 ni, 99.0 id,  0.0 wa,  0.0 hi,  0.0 si,  0.0 st 
2026-08-09T08:40:53 %Cpu(s):  0.3 us,  0.3 sy,  0.0 ni, 99.3 id,  0.0 wa,  0.0 hi,  0.0 si,  0.0 st 
2026-08-09T08:40:54 %Cpu(s):  1.0 us,  0.3 sy,  0.0 ni, 98.7 id,  0.0 wa,  0.0 hi,  0.0 si,  0.0 st 
2026-08-09T08:40:54 %Cpu(s):  0.3 us,  0.0 sy,  0.0 ni, 99.7 id,  0.0 wa,  0.0 hi,  0.0 si,  0.0 st 
2026-08-09T08:40:55 %Cpu(s):  0.7 us,  0.7 sy,  0.0 ni, 98.7 id,  0.0 wa,  0.0 hi,  0.0 si,  0.0 st 
2026-08-09T08:40:55 %Cpu(s):  6.6 us,  1.3 sy,  0.0 ni, 92.1 id,  0.0 wa,  0.0 hi,  0.0 si,  0.0 st 
2026-08-09T08:40:56 %Cpu(s):  0.7 us,  0.3 sy,  0.0 ni, 99.0 id,  0.0 wa,  0.0 hi,  0.0 si,  0.0 st 
2026-08-09T08:40:56 %Cpu(s):  0.0 us,  0.3 sy,  0.0 ni, 99.7 id,  0.0 wa,  0.0 hi,  0.0 si,  0.0 st 
2026-08-09T08:40:57 %Cpu(s):  0.7 us,  0.3 sy,  0.0 ni, 99.0 id,  0.0 wa,  0.0 hi,  0.0 si,  0.0 st 
2026-08-09T08:40:57 %Cpu(s):  0.7 us,  0.3 sy,  0.0 ni, 98.7 id,  0.3 wa,  0.0 hi,  0.0 si,  0.0 st 
2026-08-09T08:40:58 %Cpu(s):  0.3 us,  0.3 sy,  0.0 ni, 99.3 id,  0.0 wa,  0.0 hi,  0.0 si,  0.0 st 
2026-08-09T08:40:59 %Cpu(s):  7.3 us,  1.0 sy,  0.0 ni, 91.4 id,  0.0 wa,  0.0 hi,  0.3 si,  0.0 st 
2026-08-09T08:40:59 %Cpu(s):  0.7 us,  0.3 sy,  0.0 ni, 99.0 id,  0.0 wa,  0.0 hi,  0.0 si,  0.0 st 
2026-08-09T08:41:00 %Cpu(s):  0.3 us,  0.7 sy,  0.0 ni, 99.0 id,  0.0 wa,  0.0 hi,  0.0 si,  0.0 st 
2026-08-09T08:41:00 %Cpu(s):  0.7 us,  0.7 sy,  0.0 ni, 98.7 id,  0.0 wa,  0.0 hi,  0.0 si,  0.0 st 
2026-08-09T08:41:01 %Cpu(s):  0.3 us,  0.0 sy,  0.0 ni, 99.7 id,  0.0 wa,  0.0 hi,  0.0 si,  0.0 st 
2026-08-09T08:41:01 %Cpu(s):  0.3 us,  0.3 sy,  0.0 ni, 99.3 id,  0.0 wa,  0.0 hi,  0.0 si,  0.0 st 
2026-08-09T08:41:02 %Cpu(s):  1.3 us,  0.7 sy,  0.0 ni, 98.0 id,  0.0 wa,  0.0 hi,  0.0 si,  0.0 st 
2026-08-09T08:41:02 %Cpu(s):  5.3 us,  1.0 sy,  0.0 ni, 93.7 id,  0.0 wa,  0.0 hi,  0.0 si,  0.0 st 
2026-08-09T08:41:03 %Cpu(s):  0.3 us,  0.3 sy,  0.0 ni, 99.3 id,  0.0 wa,  0.0 hi,  0.0 si,  0.0 st 
2026-08-09T08:41:03 %Cpu(s):  0.7 us,  0.7 sy,  0.0 ni, 98.7 id,  0.0 wa,  0.0 hi,  0.0 si,  0.0 st 
2026-08-09T08:41:04 %Cpu(s):  0.3 us,  0.0 sy,  0.0 ni, 99.7 id,  0.0 wa,  0.0 hi,  0.0 si,  0.0 st 
2026-08-09T08:41:04 %Cpu(s):  0.7 us,  0.3 sy,  0.0 ni, 99.0 id,  0.0 wa,  0.0 hi,  0.0 si,  0.0 st 
2026-08-09T08:41:05 %Cpu(s):  0.7 us,  0.3 sy,  0.0 ni, 98.4 id,  0.7 wa,  0.0 hi,  0.0 si,  0.0 st 
2026-08-09T08:41:05 %Cpu(s):  7.6 us,  1.3 sy,  0.0 ni, 91.1 id,  0.0 wa,  0.0 hi,  0.0 si,  0.0 st 
2026-08-09T08:41:06 %Cpu(s):  2.6 us,  0.7 sy,  0.0 ni, 96.7 id,  0.0 wa,  0.0 hi,  0.0 si,  0.0 st 
