
=== pair=1 variant=retained start=2026-08-09T08:41:56+01:00 ===
goos: linux
goarch: amd64
pkg: github.com/rcarmo/go-pherence/loader/gguf
cpu: 12th Gen Intel(R) Core(TM) i7-12700
BenchmarkQuantMatrixProjectBatchQ4_0Gemma4Shapes/out10240/batch124/batched-6         	     346	  10069748 ns/op	  713907 B/op	      26 allocs/op
PASS
=== pair=1 variant=retained end=2026-08-09T08:42:00+01:00 ===

=== pair=1 variant=avx2 start=2026-08-09T08:42:02+01:00 ===
goos: linux
goarch: amd64
pkg: github.com/rcarmo/go-pherence/loader/gguf
cpu: 12th Gen Intel(R) Core(TM) i7-12700
BenchmarkQuantMatrixProjectBatchQ4_0Gemma4Shapes/out10240/batch124/batched-6         	     356	   9707411 ns/op	  365222 B/op	      19 allocs/op
PASS
=== pair=1 variant=avx2 end=2026-08-09T08:42:06+01:00 ===

=== pair=2 variant=avx2 start=2026-08-09T08:42:07+01:00 ===
goos: linux
goarch: amd64
pkg: github.com/rcarmo/go-pherence/loader/gguf
cpu: 12th Gen Intel(R) Core(TM) i7-12700
BenchmarkQuantMatrixProjectBatchQ4_0Gemma4Shapes/out10240/batch124/batched-6         	     375	   9644072 ns/op	  365248 B/op	      19 allocs/op
PASS
=== pair=2 variant=avx2 end=2026-08-09T08:42:12+01:00 ===

=== pair=2 variant=retained start=2026-08-09T08:42:13+01:00 ===
goos: linux
goarch: amd64
pkg: github.com/rcarmo/go-pherence/loader/gguf
cpu: 12th Gen Intel(R) Core(TM) i7-12700
BenchmarkQuantMatrixProjectBatchQ4_0Gemma4Shapes/out10240/batch124/batched-6         	     360	   9926513 ns/op	  713942 B/op	      26 allocs/op
PASS
=== pair=2 variant=retained end=2026-08-09T08:42:17+01:00 ===

=== pair=3 variant=retained start=2026-08-09T08:42:18+01:00 ===
goos: linux
goarch: amd64
pkg: github.com/rcarmo/go-pherence/loader/gguf
cpu: 12th Gen Intel(R) Core(TM) i7-12700
BenchmarkQuantMatrixProjectBatchQ4_0Gemma4Shapes/out10240/batch124/batched-6         	     345	   9941605 ns/op	  713956 B/op	      26 allocs/op
PASS
=== pair=3 variant=retained end=2026-08-09T08:42:23+01:00 ===

=== pair=3 variant=avx2 start=2026-08-09T08:42:24+01:00 ===
goos: linux
goarch: amd64
pkg: github.com/rcarmo/go-pherence/loader/gguf
cpu: 12th Gen Intel(R) Core(TM) i7-12700
BenchmarkQuantMatrixProjectBatchQ4_0Gemma4Shapes/out10240/batch124/batched-6         	     358	   9700335 ns/op	  365211 B/op	      19 allocs/op
PASS
=== pair=3 variant=avx2 end=2026-08-09T08:42:28+01:00 ===

=== pair=4 variant=avx2 start=2026-08-09T08:42:29+01:00 ===
goos: linux
goarch: amd64
pkg: github.com/rcarmo/go-pherence/loader/gguf
cpu: 12th Gen Intel(R) Core(TM) i7-12700
BenchmarkQuantMatrixProjectBatchQ4_0Gemma4Shapes/out10240/batch124/batched-6         	     366	  10021507 ns/op	  365285 B/op	      19 allocs/op
PASS
=== pair=4 variant=avx2 end=2026-08-09T08:42:34+01:00 ===

=== pair=4 variant=retained start=2026-08-09T08:42:35+01:00 ===
goos: linux
goarch: amd64
pkg: github.com/rcarmo/go-pherence/loader/gguf
cpu: 12th Gen Intel(R) Core(TM) i7-12700
BenchmarkQuantMatrixProjectBatchQ4_0Gemma4Shapes/out10240/batch124/batched-6         	     357	  11332662 ns/op	  713950 B/op	      26 allocs/op
PASS
=== pair=4 variant=retained end=2026-08-09T08:42:40+01:00 ===

=== pair=5 variant=retained start=2026-08-09T08:42:41+01:00 ===
goos: linux
goarch: amd64
pkg: github.com/rcarmo/go-pherence/loader/gguf
cpu: 12th Gen Intel(R) Core(TM) i7-12700
BenchmarkQuantMatrixProjectBatchQ4_0Gemma4Shapes/out10240/batch124/batched-6         	     367	  11900227 ns/op	  713899 B/op	      26 allocs/op
PASS
=== pair=5 variant=retained end=2026-08-09T08:42:47+01:00 ===

=== pair=5 variant=avx2 start=2026-08-09T08:42:48+01:00 ===
goos: linux
goarch: amd64
pkg: github.com/rcarmo/go-pherence/loader/gguf
cpu: 12th Gen Intel(R) Core(TM) i7-12700
BenchmarkQuantMatrixProjectBatchQ4_0Gemma4Shapes/out10240/batch124/batched-6         	     376	  11459619 ns/op	  365188 B/op	      19 allocs/op
PASS
=== pair=5 variant=avx2 end=2026-08-09T08:42:53+01:00 ===
