2026-08-09T08:36:01 %Cpu(s): 69.8 us,  1.6 sy,  0.0 ni, 28.6 id,  0.0 wa,  0.0 hi,  0.0 si,  0.0 st 
2026-08-09T08:36:01 3503247 436.4% gguf-baseline.t
2026-08-09T08:36:02 %Cpu(s): 80.4 us,  0.8 sy,  0.0 ni, 17.7 id,  0.8 wa,  0.0 hi,  0.3 si,  0.0 st 
2026-08-09T08:36:02 3503247 486.0% gguf-baseline.t
2026-08-09T08:36:02 %Cpu(s): 78.4 us,  0.3 sy,  0.0 ni, 21.3 id,  0.0 wa,  0.0 hi,  0.0 si,  0.0 st 
2026-08-09T08:36:02 3503247 464.7% gguf-baseline.t
2026-08-09T08:36:03 %Cpu(s): 19.1 us,  0.7 sy,  0.0 ni, 80.2 id,  0.0 wa,  0.0 hi,  0.0 si,  0.0 st 
2026-08-09T08:36:03 %Cpu(s):  0.7 us,  0.3 sy,  0.0 ni, 98.7 id,  0.3 wa,  0.0 hi,  0.0 si,  0.0 st 
2026-08-09T08:36:04 %Cpu(s): 69.4 us,  2.3 sy,  0.0 ni, 28.3 id,  0.0 wa,  0.0 hi,  0.0 si,  0.0 st 
2026-08-09T08:36:04 3503284 384.0% gguf-rowblock.t
2026-08-09T08:36:04 %Cpu(s): 96.1 us,  0.3 sy,  0.0 ni,  3.6 id,  0.0 wa,  0.0 hi,  0.0 si,  0.0 st 
2026-08-09T08:36:04 3503284 572.5% gguf-rowblock.t
2026-08-09T08:36:05 %Cpu(s): 95.7 us,  0.7 sy,  0.0 ni,  3.6 id,  0.0 wa,  0.0 hi,  0.0 si,  0.0 st 
2026-08-09T08:36:05 3503284 564.7% gguf-rowblock.t
2026-08-09T08:36:05 %Cpu(s): 95.1 us,  0.7 sy,  0.0 ni,  4.3 id,  0.0 wa,  0.0 hi,  0.0 si,  0.0 st 
2026-08-09T08:36:05 3503284 574.0% gguf-rowblock.t
2026-08-09T08:36:06 %Cpu(s): 64.4 us,  0.7 sy,  0.0 ni, 35.0 id,  0.0 wa,  0.0 hi,  0.0 si,  0.0 st 
2026-08-09T08:36:06 %Cpu(s):  1.0 us,  0.3 sy,  0.0 ni, 98.7 id,  0.0 wa,  0.0 hi,  0.0 si,  0.0 st 
2026-08-09T08:36:07 %Cpu(s): 31.1 us,  2.0 sy,  0.0 ni, 66.6 id,  0.3 wa,  0.0 hi,  0.0 si,  0.0 st 
2026-08-09T08:36:07 3503345 143.1% gguf-baseline.t
2026-08-09T08:36:07 %Cpu(s): 69.8 us,  0.7 sy,  0.0 ni, 29.5 id,  0.0 wa,  0.0 hi,  0.0 si,  0.0 st 
2026-08-09T08:36:07 3503345 411.8% gguf-baseline.t
2026-08-09T08:36:08 %Cpu(s): 70.4 us,  0.7 sy,  0.0 ni, 28.9 id,  0.0 wa,  0.0 hi,  0.0 si,  0.0 st 
2026-08-09T08:36:08 %Cpu(s):  0.7 us,  0.3 sy,  0.0 ni, 99.0 id,  0.0 wa,  0.0 hi,  0.0 si,  0.0 st 
2026-08-09T08:36:09 %Cpu(s): 16.2 us,  1.0 sy,  0.0 ni, 82.2 id,  0.7 wa,  0.0 hi,  0.0 si,  0.0 st 
2026-08-09T08:36:09 3503363 92.2% gguf-rowblock.t
2026-08-09T08:36:09 %Cpu(s): 93.7 us,  0.7 sy,  0.0 ni,  5.6 id,  0.0 wa,  0.0 hi,  0.0 si,  0.0 st 
2026-08-09T08:36:09 3503363 566.0% gguf-rowblock.t
2026-08-09T08:36:10 %Cpu(s): 87.1 us,  1.3 sy,  0.0 ni, 11.6 id,  0.0 wa,  0.0 hi,  0.0 si,  0.0 st 
2026-08-09T08:36:10 %Cpu(s):  1.0 us,  0.3 sy,  0.0 ni, 98.7 id,  0.0 wa,  0.0 hi,  0.0 si,  0.0 st 
2026-08-09T08:36:11 %Cpu(s):  4.2 us,  1.0 sy,  0.0 ni, 94.4 id,  0.0 wa,  0.0 hi,  0.3 si,  0.0 st 
2026-08-09T08:36:11 %Cpu(s): 81.5 us,  0.3 sy,  0.0 ni, 17.8 id,  0.3 wa,  0.0 hi,  0.0 si,  0.0 st 
2026-08-09T08:36:11 3503400 482.4% gguf-baseline.t
2026-08-09T08:36:12 %Cpu(s): 87.9 us,  0.7 sy,  0.0 ni, 11.5 id,  0.0 wa,  0.0 hi,  0.0 si,  0.0 st 
2026-08-09T08:36:12 3503400 530.0% gguf-baseline.t
2026-08-09T08:36:12 %Cpu(s): 93.0 us,  0.3 sy,  0.0 ni,  6.6 id,  0.0 wa,  0.0 hi,  0.0 si,  0.0 st 
2026-08-09T08:36:12 3503400 560.0% gguf-baseline.t
2026-08-09T08:36:13 %Cpu(s): 81.1 us,  0.7 sy,  0.0 ni, 17.9 id,  0.3 wa,  0.0 hi,  0.0 si,  0.0 st 
2026-08-09T08:36:13 3503400 478.4% gguf-baseline.t
2026-08-09T08:36:13 %Cpu(s): 26.5 us,  2.0 sy,  0.0 ni, 71.5 id,  0.0 wa,  0.0 hi,  0.0 si,  0.0 st 
2026-08-09T08:36:14 %Cpu(s):  1.0 us,  0.7 sy,  0.0 ni, 98.4 id,  0.0 wa,  0.0 hi,  0.0 si,  0.0 st 
2026-08-09T08:36:14 %Cpu(s): 56.1 us,  0.7 sy,  0.0 ni, 43.2 id,  0.0 wa,  0.0 hi,  0.0 si,  0.0 st 
2026-08-09T08:36:14 3503438 338.0% gguf-rowblock.t
2026-08-09T08:36:15 %Cpu(s): 94.1 us,  0.7 sy,  0.0 ni,  4.6 id,  0.3 wa,  0.0 hi,  0.0 si,  0.3 st 
2026-08-09T08:36:15 3503438 558.8% gguf-rowblock.t
2026-08-09T08:36:15 %Cpu(s): 94.7 us,  0.3 sy,  0.0 ni,  5.0 id,  0.0 wa,  0.0 hi,  0.0 si,  0.0 st 
2026-08-09T08:36:15 3503438 558.8% gguf-rowblock.t
2026-08-09T08:36:16 %Cpu(s): 96.4 us,  0.3 sy,  0.0 ni,  3.3 id,  0.0 wa,  0.0 hi,  0.0 si,  0.0 st 
2026-08-09T08:36:16 3503438 582.0% gguf-rowblock.t
2026-08-09T08:36:16 %Cpu(s): 21.1 us,  1.7 sy,  0.0 ni, 77.2 id,  0.0 wa,  0.0 hi,  0.0 si,  0.0 st 
2026-08-09T08:36:17 %Cpu(s):  0.7 us,  0.3 sy,  0.0 ni, 99.0 id,  0.0 wa,  0.0 hi,  0.0 si,  0.0 st 
2026-08-09T08:36:17 %Cpu(s): 61.1 us,  1.0 sy,  0.0 ni, 37.9 id,  0.0 wa,  0.0 hi,  0.0 si,  0.0 st 
2026-08-09T08:36:17 3503475 358.8% gguf-baseline.t
2026-08-09T08:36:18 %Cpu(s): 81.2 us,  1.0 sy,  0.0 ni, 17.5 id,  0.0 wa,  0.0 hi,  0.3 si,  0.0 st 
2026-08-09T08:36:18 3503475 490.2% gguf-baseline.t
2026-08-09T08:36:18 %Cpu(s): 90.1 us,  0.3 sy,  0.0 ni,  9.5 id,  0.0 wa,  0.0 hi,  0.0 si,  0.0 st 
2026-08-09T08:36:18 3503475 535.3% gguf-baseline.t
2026-08-09T08:36:19 %Cpu(s): 26.6 us,  0.3 sy,  0.0 ni, 73.1 id,  0.0 wa,  0.0 hi,  0.0 si,  0.0 st 
2026-08-09T08:36:19 %Cpu(s):  5.3 us,  1.6 sy,  0.0 ni, 93.1 id,  0.0 wa,  0.0 hi,  0.0 si,  0.0 st 
2026-08-09T08:36:20 %Cpu(s): 63.2 us,  1.0 sy,  0.0 ni, 35.8 id,  0.0 wa,  0.0 hi,  0.0 si,  0.0 st 
2026-08-09T08:36:20 3503513 368.6% gguf-rowblock.t
2026-08-09T08:36:20 %Cpu(s): 95.4 us,  0.3 sy,  0.0 ni,  4.3 id,  0.0 wa,  0.0 hi,  0.0 si,  0.0 st 
2026-08-09T08:36:20 3503513 576.0% gguf-rowblock.t
2026-08-09T08:36:21 %Cpu(s): 95.3 us,  0.3 sy,  0.0 ni,  4.3 id,  0.0 wa,  0.0 hi,  0.0 si,  0.0 st 
2026-08-09T08:36:21 3503513 572.0% gguf-rowblock.t
2026-08-09T08:36:21 %Cpu(s): 96.4 us,  0.3 sy,  0.0 ni,  3.3 id,  0.0 wa,  0.0 hi,  0.0 si,  0.0 st 
2026-08-09T08:36:21 3503513 570.6% gguf-rowblock.t
2026-08-09T08:36:22 %Cpu(s): 66.4 us,  0.3 sy,  0.0 ni, 32.9 id,  0.3 wa,  0.0 hi,  0.0 si,  0.0 st 
2026-08-09T08:36:22 %Cpu(s):  3.9 us,  1.3 sy,  0.0 ni, 94.7 id,  0.0 wa,  0.0 hi,  0.0 si,  0.0 st 
2026-08-09T08:36:23 %Cpu(s): 23.1 us,  1.3 sy,  0.0 ni, 75.6 id,  0.0 wa,  0.0 hi,  0.0 si,  0.0 st 
2026-08-09T08:36:23 3503550 109.8% gguf-baseline.t
2026-08-09T08:36:23 %Cpu(s): 93.8 us,  0.3 sy,  0.0 ni,  5.9 id,  0.0 wa,  0.0 hi,  0.0 si,  0.0 st 
2026-08-09T08:36:23 3503550 566.0% gguf-baseline.t
2026-08-09T08:36:24 %Cpu(s): 85.2 us,  0.3 sy,  0.0 ni, 14.4 id,  0.0 wa,  0.0 hi,  0.0 si,  0.0 st 
2026-08-09T08:36:24 3503550 503.9% gguf-baseline.t
2026-08-09T08:36:24 %Cpu(s): 91.1 us,  0.3 sy,  0.0 ni,  8.5 id,  0.0 wa,  0.0 hi,  0.0 si,  0.0 st 
2026-08-09T08:36:24 3503550 554.0% gguf-baseline.t
2026-08-09T08:36:25 %Cpu(s): 86.1 us,  0.7 sy,  0.0 ni, 13.2 id,  0.0 wa,  0.0 hi,  0.0 si,  0.0 st 
2026-08-09T08:36:25 %Cpu(s):  1.7 us,  0.0 sy,  0.0 ni, 98.3 id,  0.0 wa,  0.0 hi,  0.0 si,  0.0 st 
2026-08-09T08:36:26 %Cpu(s):  7.3 us,  2.6 sy,  0.0 ni, 90.1 id,  0.0 wa,  0.0 hi,  0.0 si,  0.0 st 
2026-08-09T08:36:26 %Cpu(s): 90.7 us,  0.3 sy,  0.0 ni,  9.0 id,  0.0 wa,  0.0 hi,  0.0 si,  0.0 st 
2026-08-09T08:36:26 3503588 533.3% gguf-rowblock.t
2026-08-09T08:36:27 %Cpu(s): 95.1 us,  0.3 sy,  0.0 ni,  4.6 id,  0.0 wa,  0.0 hi,  0.0 si,  0.0 st 
2026-08-09T08:36:27 3503588 574.0% gguf-rowblock.t
2026-08-09T08:36:27 %Cpu(s):  8.3 us,  0.3 sy,  0.0 ni, 91.1 id,  0.3 wa,  0.0 hi,  0.0 si,  0.0 st 
2026-08-09T08:36:28 %Cpu(s):  0.7 us,  0.7 sy,  0.0 ni, 98.7 id,  0.0 wa,  0.0 hi,  0.0 si,  0.0 st 
2026-08-09T08:36:28 %Cpu(s):  0.7 us,  0.3 sy,  0.0 ni, 99.0 id,  0.0 wa,  0.0 hi,  0.0 si,  0.0 st 
2026-08-09T08:36:29 %Cpu(s):  6.6 us,  1.7 sy,  0.0 ni, 91.4 id,  0.0 wa,  0.0 hi,  0.3 si,  0.0 st 
2026-08-09T08:36:29 3503619 22.0% python3
2026-08-09T08:36:29 %Cpu(s):  0.7 us,  0.3 sy,  0.0 ni, 99.0 id,  0.0 wa,  0.0 hi,  0.0 si,  0.0 st 
2026-08-09T08:36:30 %Cpu(s):  1.0 us,  0.3 sy,  0.0 ni, 98.7 id,  0.0 wa,  0.0 hi,  0.0 si,  0.0 st 
2026-08-09T08:36:30 %Cpu(s):  0.7 us,  0.3 sy,  0.0 ni, 98.0 id,  0.7 wa,  0.0 hi,  0.0 si,  0.3 st 
2026-08-09T08:36:31 %Cpu(s):  0.7 us,  0.3 sy,  0.0 ni, 99.0 id,  0.0 wa,  0.0 hi,  0.0 si,  0.0 st 
2026-08-09T08:36:31 %Cpu(s):  1.3 us,  0.7 sy,  0.0 ni, 98.0 id,  0.0 wa,  0.0 hi,  0.0 si,  0.0 st 
2026-08-09T08:36:32 %Cpu(s):  0.3 us,  0.7 sy,  0.0 ni, 99.0 id,  0.0 wa,  0.0 hi,  0.0 si,  0.0 st 
2026-08-09T08:36:32 %Cpu(s):  6.9 us,  1.3 sy,  0.0 ni, 91.4 id,  0.3 wa,  0.0 hi,  0.0 si,  0.0 st 
2026-08-09T08:36:33 %Cpu(s):  0.7 us,  0.3 sy,  0.0 ni, 99.0 id,  0.0 wa,  0.0 hi,  0.0 si,  0.0 st 
2026-08-09T08:36:33 %Cpu(s):  0.3 us,  0.0 sy,  0.0 ni, 99.7 id,  0.0 wa,  0.0 hi,  0.0 si,  0.0 st 
2026-08-09T08:36:34 %Cpu(s):  0.3 us,  0.7 sy,  0.0 ni, 99.0 id,  0.0 wa,  0.0 hi,  0.0 si,  0.0 st 
2026-08-09T08:36:34 %Cpu(s):  0.7 us,  0.3 sy,  0.0 ni, 98.7 id,  0.3 wa,  0.0 hi,  0.0 si,  0.0 st 
2026-08-09T08:36:35 %Cpu(s):  0.7 us,  0.3 sy,  0.0 ni, 99.0 id,  0.0 wa,  0.0 hi,  0.0 si,  0.0 st 
2026-08-09T08:36:35 %Cpu(s): 10.3 us,  1.7 sy,  0.0 ni, 88.0 id,  0.0 wa,  0.0 hi,  0.0 si,  0.0 st 
2026-08-09T08:36:36 %Cpu(s):  0.3 us,  0.7 sy,  0.0 ni, 99.0 id,  0.0 wa,  0.0 hi,  0.0 si,  0.0 st 
2026-08-09T08:36:36 %Cpu(s):  0.3 us,  0.0 sy,  0.0 ni, 99.7 id,  0.0 wa,  0.0 hi,  0.0 si,  0.0 st 
2026-08-09T08:36:37 %Cpu(s):  0.7 us,  1.0 sy,  0.0 ni, 98.4 id,  0.0 wa,  0.0 hi,  0.0 si,  0.0 st 
2026-08-09T08:36:37 %Cpu(s):  1.0 us,  0.3 sy,  0.0 ni, 98.7 id,  0.0 wa,  0.0 hi,  0.0 si,  0.0 st 
2026-08-09T08:36:38 %Cpu(s):  0.7 us,  0.3 sy,  0.0 ni, 99.0 id,  0.0 wa,  0.0 hi,  0.0 si,  0.0 st 
2026-08-09T08:36:38 %Cpu(s):  4.3 us,  1.0 sy,  0.0 ni, 94.4 id,  0.0 wa,  0.0 hi,  0.3 si,  0.0 st 
2026-08-09T08:36:38 3503701 21.6% python3
2026-08-09T08:36:39 %Cpu(s):  3.9 us,  0.7 sy,  0.0 ni, 95.4 id,  0.0 wa,  0.0 hi,  0.0 si,  0.0 st 
2026-08-09T08:36:39 %Cpu(s):  0.3 us,  0.3 sy,  0.0 ni, 99.3 id,  0.0 wa,  0.0 hi,  0.0 si,  0.0 st 
2026-08-09T08:36:40 %Cpu(s):  0.7 us,  0.7 sy,  0.0 ni, 98.7 id,  0.0 wa,  0.0 hi,  0.0 si,  0.0 st 
2026-08-09T08:36:41 %Cpu(s):  1.0 us,  0.0 sy,  0.0 ni, 98.4 id,  0.7 wa,  0.0 hi,  0.0 si,  0.0 st 
2026-08-09T08:36:41 %Cpu(s):  0.7 us,  0.7 sy,  0.0 ni, 98.7 id,  0.0 wa,  0.0 hi,  0.0 si,  0.0 st 
