00000000005ae120 <go_llama_q4_0_q8_0_8x16>:
  5ae120:	f3 0f 1e fa          	endbr64
  5ae124:	55                   	push   rbp
  5ae125:	49 89 f8             	mov    r8,rdi
  5ae128:	49 89 ca             	mov    r10,rcx
  5ae12b:	b9 40 00 00 00       	mov    ecx,0x40
  5ae130:	48 89 e5             	mov    rbp,rsp
  5ae133:	41 55                	push   r13
  5ae135:	41 54                	push   r12
  5ae137:	53                   	push   rbx
  5ae138:	48 83 e4 e0          	and    rsp,0xffffffffffffffe0
  5ae13c:	48 81 ec 40 05 00 00 	sub    rsp,0x540
  5ae143:	c5 f9 6f 05 05 51 07 	vmovdqa xmm0,XMMWORD PTR [rip+0x75105]        # 623250 <runtime.erodata+0xf>
  5ae14a:	00 
  5ae14b:	64 48 8b 04 25 28 00 	mov    rax,QWORD PTR fs:0x28
  5ae152:	00 00 
  5ae154:	48 89 84 24 38 05 00 	mov    QWORD PTR [rsp+0x538],rax
  5ae15b:	00 
  5ae15c:	31 c0                	xor    eax,eax
  5ae15e:	48 8d 9c 24 20 03 00 	lea    rbx,[rsp+0x320]
  5ae165:	00 
  5ae166:	48 89 df             	mov    rdi,rbx
  5ae169:	c4 e3 7d 38 c0 01    	vinserti128 ymm0,ymm0,xmm0,0x1
  5ae16f:	f3 48 ab             	rep stos QWORD PTR es:[rdi],rax
  5ae172:	85 d2                	test   edx,edx
  5ae174:	0f 8e d0 06 00 00    	jle    5ae84a <go_llama_q4_0_q8_0_8x16+0x72a>
  5ae17a:	48 63 c2             	movsxd rax,edx
  5ae17d:	49 89 f3             	mov    r11,rsi
  5ae180:	c5 fd 7f 44 24 20    	vmovdqa YMMWORD PTR [rsp+0x20],ymm0
  5ae186:	31 ff                	xor    edi,edi
  5ae188:	49 89 c1             	mov    r9,rax
  5ae18b:	4c 8d 2c c0          	lea    r13,[rax+rax*8]
  5ae18f:	c4 41 29 ef d2       	vpxor  xmm10,xmm10,xmm10
  5ae194:	31 f6                	xor    esi,esi
  5ae196:	49 c1 e1 04          	shl    r9,0x4
  5ae19a:	49 c1 e5 04          	shl    r13,0x4
  5ae19e:	4c 8d a4 24 20 05 00 	lea    r12,[rsp+0x520]
  5ae1a5:	00 
  5ae1a6:	49 01 c1             	add    r9,rax
  5ae1a9:	4d 01 c5             	add    r13,r8
  5ae1ac:	48 b8 0f 0f 0f 0f 0f 	movabs rax,0xf0f0f0f0f0f0f0f
  5ae1b3:	0f 0f 0f 
  5ae1b6:	c4 e1 f9 6e d8       	vmovq  xmm3,rax
  5ae1bb:	49 c1 e1 03          	shl    r9,0x3
  5ae1bf:	c4 e2 7d 59 db       	vpbroadcastq ymm3,xmm3
  5ae1c4:	c5 fd 7f 1c 24       	vmovdqa YMMWORD PTR [rsp],ymm3
  5ae1c9:	0f 1f 80 00 00 00 00 	nop    DWORD PTR [rax+0x0]
  5ae1d0:	c5 fd 6f 1d 88 50 07 	vmovdqa ymm3,YMMWORD PTR [rip+0x75088]        # 623260 <runtime.erodata+0x1f>
  5ae1d7:	00 
  5ae1d8:	c4 c2 65 36 60 30    	vpermd ymm4,ymm3,YMMWORD PTR [r8+0x30]
  5ae1de:	c4 42 7d 13 00       	vcvtph2ps ymm8,XMMWORD PTR [r8]
  5ae1e3:	48 89 d8             	mov    rax,rbx
  5ae1e6:	c4 c1 7e 6f 58 10    	vmovdqu ymm3,YMMWORD PTR [r8+0x10]
  5ae1ec:	c5 7d 6f 24 24       	vmovdqa ymm12,YMMWORD PTR [rsp]
  5ae1f1:	c5 7c 29 84 24 a0 00 	vmovaps YMMWORD PTR [rsp+0xa0],ymm8
  5ae1f8:	00 00 
  5ae1fa:	49 8d 14 33          	lea    rdx,[r11+rsi*1]
  5ae1fe:	c5 7d 6f 74 24 20    	vmovdqa ymm14,YMMWORD PTR [rsp+0x20]
  5ae204:	c4 e3 65 02 e4 f0    	vpblendd ymm4,ymm3,ymm4,0xf0
  5ae20a:	c5 fd 6f 1d 4e 50 07 	vmovdqa ymm3,YMMWORD PTR [rip+0x7504e]        # 623260 <runtime.erodata+0x1f>
  5ae211:	00 
  5ae212:	c4 c2 65 36 40 10    	vpermd ymm0,ymm3,YMMWORD PTR [r8+0x10]
  5ae218:	c4 c2 65 36 68 70    	vpermd ymm5,ymm3,YMMWORD PTR [r8+0x70]
  5ae21e:	c4 c1 7e 6f 58 50    	vmovdqu ymm3,YMMWORD PTR [r8+0x50]
  5ae224:	c4 c1 5d db f4       	vpand  ymm6,ymm4,ymm12
  5ae229:	c5 dd 71 d4 04       	vpsrlw ymm4,ymm4,0x4
  5ae22e:	c4 c3 7d 02 40 30 f0 	vpblendd ymm0,ymm0,YMMWORD PTR [r8+0x30],0xf0
  5ae235:	c4 e2 0d 00 f6       	vpshufb ymm6,ymm14,ymm6
  5ae23a:	c4 e3 65 02 ed f0    	vpblendd ymm5,ymm3,ymm5,0xf0
  5ae240:	c4 c1 5d db e4       	vpand  ymm4,ymm4,ymm12
  5ae245:	c4 c1 7d db d4       	vpand  ymm2,ymm0,ymm12
  5ae24a:	c5 fd 6f 1d 0e 50 07 	vmovdqa ymm3,YMMWORD PTR [rip+0x7500e]        # 623260 <runtime.erodata+0x1f>
  5ae251:	00 
  5ae252:	c4 c2 65 36 48 50    	vpermd ymm1,ymm3,YMMWORD PTR [r8+0x50]
  5ae258:	c4 c1 55 db fc       	vpand  ymm7,ymm5,ymm12
  5ae25d:	c4 e2 0d 00 e4       	vpshufb ymm4,ymm14,ymm4
  5ae262:	c5 7d 70 c4 dd       	vpshufd ymm8,ymm4,0xdd
  5ae267:	c4 e2 0d 00 ff       	vpshufb ymm7,ymm14,ymm7
  5ae26c:	c5 fd 70 e4 88       	vpshufd ymm4,ymm4,0x88
  5ae271:	c5 fd 71 d0 04       	vpsrlw ymm0,ymm0,0x4
  5ae276:	c4 c3 75 02 48 70 f0 	vpblendd ymm1,ymm1,YMMWORD PTR [r8+0x70],0xf0
  5ae27d:	c5 fd 7f a4 24 60 02 	vmovdqa YMMWORD PTR [rsp+0x260],ymm4
  5ae284:	00 00 
  5ae286:	c5 fd 70 e7 88       	vpshufd ymm4,ymm7,0x88
  5ae28b:	c4 c1 75 db dc       	vpand  ymm3,ymm1,ymm12
  5ae290:	c5 f5 71 d1 04       	vpsrlw ymm1,ymm1,0x4
  5ae295:	c4 c1 7d db c4       	vpand  ymm0,ymm0,ymm12
  5ae29a:	c5 fd 7f a4 24 40 02 	vmovdqa YMMWORD PTR [rsp+0x240],ymm4
  5ae2a1:	00 00 
  5ae2a3:	c5 d5 71 d5 04       	vpsrlw ymm5,ymm5,0x4
  5ae2a8:	c4 c1 75 db cc       	vpand  ymm1,ymm1,ymm12
  5ae2ad:	c5 fd 70 e6 88       	vpshufd ymm4,ymm6,0x88
  5ae2b2:	c5 7d 7f 44 24 60    	vmovdqa YMMWORD PTR [rsp+0x60],ymm8
  5ae2b8:	c4 e2 0d 00 c9       	vpshufb ymm1,ymm14,ymm1
  5ae2bd:	c4 c1 55 db ec       	vpand  ymm5,ymm5,ymm12
  5ae2c2:	c4 e2 0d 00 db       	vpshufb ymm3,ymm14,ymm3
  5ae2c7:	c5 fd 7f a4 24 20 02 	vmovdqa YMMWORD PTR [rsp+0x220],ymm4
  5ae2ce:	00 00 
  5ae2d0:	c4 e2 0d 00 c0       	vpshufb ymm0,ymm14,ymm0
  5ae2d5:	c5 fd 70 e1 dd       	vpshufd ymm4,ymm1,0xdd
  5ae2da:	c4 e2 0d 00 ed       	vpshufb ymm5,ymm14,ymm5
  5ae2df:	c5 7d 70 ed dd       	vpshufd ymm13,ymm5,0xdd
  5ae2e4:	c4 e2 0d 00 d2       	vpshufb ymm2,ymm14,ymm2
  5ae2e9:	c5 7d 70 c6 dd       	vpshufd ymm8,ymm6,0xdd
  5ae2ee:	c5 fd 7f a4 24 00 02 	vmovdqa YMMWORD PTR [rsp+0x200],ymm4
  5ae2f5:	00 00 
  5ae2f7:	c5 fd 70 f3 dd       	vpshufd ymm6,ymm3,0xdd
  5ae2fc:	c5 fd 70 e0 dd       	vpshufd ymm4,ymm0,0xdd
  5ae301:	c5 fd 70 c9 88       	vpshufd ymm1,ymm1,0x88
  5ae306:	c5 7d 7f ac 24 80 00 	vmovdqa YMMWORD PTR [rsp+0x80],ymm13
  5ae30d:	00 00 
  5ae30f:	c5 fd 70 db 88       	vpshufd ymm3,ymm3,0x88
  5ae314:	c5 7d 70 ef dd       	vpshufd ymm13,ymm7,0xdd
  5ae319:	c5 fd 70 ed 88       	vpshufd ymm5,ymm5,0x88
  5ae31e:	c5 fd 7f a4 24 e0 01 	vmovdqa YMMWORD PTR [rsp+0x1e0],ymm4
  5ae325:	00 00 
  5ae327:	c5 fd 7f 8c 24 80 01 	vmovdqa YMMWORD PTR [rsp+0x180],ymm1
  5ae32e:	00 00 
  5ae330:	c5 fd 70 e2 dd       	vpshufd ymm4,ymm2,0xdd
  5ae335:	c5 fd 70 c8 88       	vpshufd ymm1,ymm0,0x88
  5ae33a:	c5 fd 7f 9c 24 40 01 	vmovdqa YMMWORD PTR [rsp+0x140],ymm3
  5ae341:	00 00 
  5ae343:	c5 fd 70 da 88       	vpshufd ymm3,ymm2,0x88
  5ae348:	c5 7d 7f 6c 24 40    	vmovdqa YMMWORD PTR [rsp+0x40],ymm13
  5ae34e:	c5 7d 7f 84 24 a0 02 	vmovdqa YMMWORD PTR [rsp+0x2a0],ymm8
  5ae355:	00 00 
  5ae357:	c5 fd 7f ac 24 80 02 	vmovdqa YMMWORD PTR [rsp+0x280],ymm5
  5ae35e:	00 00 
  5ae360:	c5 fd 7f b4 24 c0 01 	vmovdqa YMMWORD PTR [rsp+0x1c0],ymm6
  5ae367:	00 00 
  5ae369:	c5 fd 7f a4 24 a0 01 	vmovdqa YMMWORD PTR [rsp+0x1a0],ymm4
  5ae370:	00 00 
  5ae372:	c5 fd 7f 8c 24 60 01 	vmovdqa YMMWORD PTR [rsp+0x160],ymm1
  5ae379:	00 00 
  5ae37b:	c5 fd 7f 9c 24 20 01 	vmovdqa YMMWORD PTR [rsp+0x120],ymm3
  5ae382:	00 00 
  5ae384:	c5 fe 6f 6a 68       	vmovdqu ymm5,YMMWORD PTR [rdx+0x68]
  5ae389:	c4 41 7d 6f ca       	vmovdqa ymm9,ymm10
  5ae38e:	c5 fe 6f 52 08       	vmovdqu ymm2,YMMWORD PTR [rdx+0x8]
  5ae393:	48 8d 0c 3a          	lea    rcx,[rdx+rdi*1]
  5ae397:	c5 fe 6f 5a 28       	vmovdqu ymm3,YMMWORD PTR [rdx+0x28]
  5ae39c:	c5 fe 6f 42 48       	vmovdqu ymm0,YMMWORD PTR [rdx+0x48]
  5ae3a1:	48 83 e8 80          	sub    rax,0xffffffffffffff80
  5ae3a5:	c4 e3 55 46 e5 00    	vperm2i128 ymm4,ymm5,ymm5,0x0
  5ae3ab:	c4 e3 6d 46 ca 00    	vperm2i128 ymm1,ymm2,ymm2,0x0
  5ae3b1:	c4 e3 6d 46 f2 11    	vperm2i128 ymm6,ymm2,ymm2,0x11
  5ae3b7:	c5 7d 6f bc 24 80 02 	vmovdqa ymm15,YMMWORD PTR [rsp+0x280]
  5ae3be:	00 00 
  5ae3c0:	c5 7d 70 c4 a0       	vpshufd ymm8,ymm4,0xa0
  5ae3c5:	c4 e3 65 46 d3 00    	vperm2i128 ymm2,ymm3,ymm3,0x0
  5ae3cb:	c4 e3 65 46 db 11    	vperm2i128 ymm3,ymm3,ymm3,0x11
  5ae3d1:	c5 7d 6f a4 24 60 02 	vmovdqa ymm12,YMMWORD PTR [rsp+0x260]
  5ae3d8:	00 00 
  5ae3da:	c4 42 3d 08 f0       	vpsignb ymm14,ymm8,ymm8
  5ae3df:	c4 42 05 08 d8       	vpsignb ymm11,ymm15,ymm8
  5ae3e4:	c5 fd 7f 9c 24 e0 02 	vmovdqa YMMWORD PTR [rsp+0x2e0],ymm3
  5ae3eb:	00 00 
  5ae3ed:	c4 e3 7d 46 d8 00    	vperm2i128 ymm3,ymm0,ymm0,0x0
  5ae3f3:	c4 42 0d 50 cb       	{vex} vpdpbusd ymm9,ymm14,ymm11
  5ae3f8:	c5 fd 70 fb a0       	vpshufd ymm7,ymm3,0xa0
  5ae3fd:	c4 e3 55 46 ed 11    	vperm2i128 ymm5,ymm5,ymm5,0x11
  5ae403:	c4 e3 7d 46 c0 11    	vperm2i128 ymm0,ymm0,ymm0,0x11
  5ae409:	c4 62 45 08 ef       	vpsignb ymm13,ymm7,ymm7
  5ae40e:	c4 62 1d 08 df       	vpsignb ymm11,ymm12,ymm7
  5ae413:	c5 fd 7f b4 24 00 03 	vmovdqa YMMWORD PTR [rsp+0x300],ymm6
  5ae41a:	00 00 
  5ae41c:	c5 fd 70 f2 a0       	vpshufd ymm6,ymm2,0xa0
  5ae421:	c4 62 4d 08 e6       	vpsignb ymm12,ymm6,ymm6
  5ae426:	c5 fd 70 e4 f5       	vpshufd ymm4,ymm4,0xf5
  5ae42b:	c5 fd 70 db f5       	vpshufd ymm3,ymm3,0xf5
  5ae430:	c5 7d 6f bc 24 20 02 	vmovdqa ymm15,YMMWORD PTR [rsp+0x220]
  5ae437:	00 00 
  5ae439:	c5 fd 7f ac 24 c0 02 	vmovdqa YMMWORD PTR [rsp+0x2c0],ymm5
  5ae440:	00 00 
  5ae442:	c5 fd 70 e9 a0       	vpshufd ymm5,ymm1,0xa0
  5ae447:	c5 fd 70 d2 f5       	vpshufd ymm2,ymm2,0xf5
  5ae44c:	c5 fd 70 c9 f5       	vpshufd ymm1,ymm1,0xf5
  5ae451:	c4 62 05 08 fd       	vpsignb ymm15,ymm15,ymm5
  5ae456:	c4 42 15 50 cb       	{vex} vpdpbusd ymm9,ymm13,ymm11
  5ae45b:	c5 7d 6f 9c 24 40 02 	vmovdqa ymm11,YMMWORD PTR [rsp+0x240]
  5ae462:	00 00 
  5ae464:	c4 62 25 08 de       	vpsignb ymm11,ymm11,ymm6
  5ae469:	c4 42 1d 50 cb       	{vex} vpdpbusd ymm9,ymm12,ymm11
  5ae46e:	c4 62 55 08 dd       	vpsignb ymm11,ymm5,ymm5
  5ae473:	c4 42 25 50 cf       	{vex} vpdpbusd ymm9,ymm11,ymm15
  5ae478:	c5 7d 6f bc 24 80 02 	vmovdqa ymm15,YMMWORD PTR [rsp+0x280]
  5ae47f:	00 00 
  5ae481:	c5 7d 7f 8c 24 00 01 	vmovdqa YMMWORD PTR [rsp+0x100],ymm9
  5ae488:	00 00 
  5ae48a:	c5 7d 6f 8c 24 80 01 	vmovdqa ymm9,YMMWORD PTR [rsp+0x180]
  5ae491:	00 00 
  5ae493:	c4 42 35 08 c0       	vpsignb ymm8,ymm9,ymm8
  5ae498:	c4 41 7d 6f ca       	vmovdqa ymm9,ymm10
  5ae49d:	c4 42 0d 50 c8       	{vex} vpdpbusd ymm9,ymm14,ymm8
  5ae4a2:	c5 7d 6f b4 24 60 01 	vmovdqa ymm14,YMMWORD PTR [rsp+0x160]
  5ae4a9:	00 00 
  5ae4ab:	c4 e2 0d 08 ff       	vpsignb ymm7,ymm14,ymm7
  5ae4b0:	c4 62 15 50 cf       	{vex} vpdpbusd ymm9,ymm13,ymm7
  5ae4b5:	c5 fd 6f bc 24 40 01 	vmovdqa ymm7,YMMWORD PTR [rsp+0x140]
  5ae4bc:	00 00 
  5ae4be:	c5 7d 6f ac 24 20 01 	vmovdqa ymm13,YMMWORD PTR [rsp+0x120]
  5ae4c5:	00 00 
  5ae4c7:	c4 e2 45 08 f6       	vpsignb ymm6,ymm7,ymm6
  5ae4cc:	c4 e2 15 08 ed       	vpsignb ymm5,ymm13,ymm5
  5ae4d1:	c5 fd 70 f8 a0       	vpshufd ymm7,ymm0,0xa0
  5ae4d6:	c4 62 45 08 ef       	vpsignb ymm13,ymm7,ymm7
  5ae4db:	c5 fd 70 c0 f5       	vpshufd ymm0,ymm0,0xf5
  5ae4e0:	c4 62 1d 50 ce       	{vex} vpdpbusd ymm9,ymm12,ymm6
  5ae4e5:	c4 41 7d 6f e2       	vmovdqa ymm12,ymm10
  5ae4ea:	c5 fd 70 b4 24 e0 02 	vpshufd ymm6,YMMWORD PTR [rsp+0x2e0],0xa0
  5ae4f1:	00 00 a0 
  5ae4f4:	c4 41 7d 6f c1       	vmovdqa ymm8,ymm9
  5ae4f9:	c4 62 25 50 c5       	{vex} vpdpbusd ymm8,ymm11,ymm5
  5ae4fe:	c5 fd 70 ac 24 00 03 	vpshufd ymm5,YMMWORD PTR [rsp+0x300],0xa0
  5ae505:	00 00 a0 
  5ae508:	c5 7d 7f 84 24 e0 00 	vmovdqa YMMWORD PTR [rsp+0xe0],ymm8
  5ae50f:	00 00 
  5ae511:	c5 7d 70 84 24 c0 02 	vpshufd ymm8,YMMWORD PTR [rsp+0x2c0],0xa0
  5ae518:	00 00 a0 
  5ae51b:	c4 42 3d 08 f0       	vpsignb ymm14,ymm8,ymm8
  5ae520:	c4 42 05 08 d8       	vpsignb ymm11,ymm15,ymm8
  5ae525:	c4 42 0d 50 e3       	{vex} vpdpbusd ymm12,ymm14,ymm11
  5ae52a:	c5 7d 6f bc 24 20 02 	vmovdqa ymm15,YMMWORD PTR [rsp+0x220]
  5ae531:	00 00 
  5ae533:	c4 62 05 08 fd       	vpsignb ymm15,ymm15,ymm5
  5ae538:	c4 41 7d 6f cc       	vmovdqa ymm9,ymm12
  5ae53d:	c5 7d 6f a4 24 60 02 	vmovdqa ymm12,YMMWORD PTR [rsp+0x260]
  5ae544:	00 00 
  5ae546:	c4 62 1d 08 df       	vpsignb ymm11,ymm12,ymm7
  5ae54b:	c4 62 4d 08 e6       	vpsignb ymm12,ymm6,ymm6
  5ae550:	c4 42 15 50 cb       	{vex} vpdpbusd ymm9,ymm13,ymm11
  5ae555:	c5 7d 6f 9c 24 40 02 	vmovdqa ymm11,YMMWORD PTR [rsp+0x240]
  5ae55c:	00 00 
  5ae55e:	c4 62 25 08 de       	vpsignb ymm11,ymm11,ymm6
  5ae563:	c4 42 1d 50 cb       	{vex} vpdpbusd ymm9,ymm12,ymm11
  5ae568:	c4 62 55 08 dd       	vpsignb ymm11,ymm5,ymm5
  5ae56d:	c4 42 25 50 cf       	{vex} vpdpbusd ymm9,ymm11,ymm15
  5ae572:	c5 7d 6f bc 24 80 01 	vmovdqa ymm15,YMMWORD PTR [rsp+0x180]
  5ae579:	00 00 
  5ae57b:	c4 42 05 08 c0       	vpsignb ymm8,ymm15,ymm8
  5ae580:	c4 41 7d 6f fa       	vmovdqa ymm15,ymm10
  5ae585:	c4 42 0d 50 f8       	{vex} vpdpbusd ymm15,ymm14,ymm8
  5ae58a:	c4 62 6d 08 c2       	vpsignb ymm8,ymm2,ymm2
  5ae58f:	c5 7d 6f b4 24 60 01 	vmovdqa ymm14,YMMWORD PTR [rsp+0x160]
  5ae596:	00 00 
  5ae598:	c4 e2 0d 08 ff       	vpsignb ymm7,ymm14,ymm7
  5ae59d:	c5 7d 6f b4 24 80 00 	vmovdqa ymm14,YMMWORD PTR [rsp+0x80]
  5ae5a4:	00 00 
  5ae5a6:	c5 7d 7f 8c 24 c0 00 	vmovdqa YMMWORD PTR [rsp+0xc0],ymm9
  5ae5ad:	00 00 
  5ae5af:	c4 41 7d 6f cf       	vmovdqa ymm9,ymm15
  5ae5b4:	c5 7d 6f 7c 24 40    	vmovdqa ymm15,YMMWORD PTR [rsp+0x40]
  5ae5ba:	c4 62 15 50 cf       	{vex} vpdpbusd ymm9,ymm13,ymm7
  5ae5bf:	c5 fd 6f bc 24 40 01 	vmovdqa ymm7,YMMWORD PTR [rsp+0x140]
  5ae5c6:	00 00 
  5ae5c8:	c5 7d 6f ac 24 20 01 	vmovdqa ymm13,YMMWORD PTR [rsp+0x120]
  5ae5cf:	00 00 
  5ae5d1:	c4 e2 45 08 f6       	vpsignb ymm6,ymm7,ymm6
  5ae5d6:	c4 e2 15 08 ed       	vpsignb ymm5,ymm13,ymm5
  5ae5db:	c5 7d 6f 6c 24 60    	vmovdqa ymm13,YMMWORD PTR [rsp+0x60]
  5ae5e1:	c4 e2 75 08 f9       	vpsignb ymm7,ymm1,ymm1
  5ae5e6:	c4 62 1d 50 ce       	{vex} vpdpbusd ymm9,ymm12,ymm6
  5ae5eb:	c4 e2 0d 08 f4       	vpsignb ymm6,ymm14,ymm4
  5ae5f0:	c4 41 7d 6f e1       	vmovdqa ymm12,ymm9
  5ae5f5:	c4 62 65 08 cb       	vpsignb ymm9,ymm3,ymm3
  5ae5fa:	c4 62 25 50 e5       	{vex} vpdpbusd ymm12,ymm11,ymm5
  5ae5ff:	c4 62 5d 08 dc       	vpsignb ymm11,ymm4,ymm4
  5ae604:	c5 7d 7f d5          	vmovdqa ymm5,ymm10
  5ae608:	c4 e2 25 50 ee       	{vex} vpdpbusd ymm5,ymm11,ymm6
  5ae60d:	c4 e2 15 08 f3       	vpsignb ymm6,ymm13,ymm3
  5ae612:	c4 e2 35 50 ee       	{vex} vpdpbusd ymm5,ymm9,ymm6
  5ae617:	c4 e2 05 08 f2       	vpsignb ymm6,ymm15,ymm2
  5ae61c:	c4 e2 3d 50 ee       	{vex} vpdpbusd ymm5,ymm8,ymm6
  5ae621:	c5 fd 6f b4 24 a0 02 	vmovdqa ymm6,YMMWORD PTR [rsp+0x2a0]
  5ae628:	00 00 
  5ae62a:	c4 e2 4d 08 f1       	vpsignb ymm6,ymm6,ymm1
  5ae62f:	c4 e2 45 50 ee       	{vex} vpdpbusd ymm5,ymm7,ymm6
  5ae634:	c5 fd 6f b4 24 00 02 	vmovdqa ymm6,YMMWORD PTR [rsp+0x200]
  5ae63b:	00 00 
  5ae63d:	c5 d5 fe ac 24 00 01 	vpaddd ymm5,ymm5,YMMWORD PTR [rsp+0x100]
  5ae644:	00 00 
  5ae646:	c4 e2 4d 08 e4       	vpsignb ymm4,ymm6,ymm4
  5ae64b:	c5 7d 7f d6          	vmovdqa ymm6,ymm10
  5ae64f:	c4 e2 25 50 f4       	{vex} vpdpbusd ymm6,ymm11,ymm4
  5ae654:	c5 fd 6f a4 24 e0 01 	vmovdqa ymm4,YMMWORD PTR [rsp+0x1e0]
  5ae65b:	00 00 
  5ae65d:	c5 7d 6f 9c 24 c0 01 	vmovdqa ymm11,YMMWORD PTR [rsp+0x1c0]
  5ae664:	00 00 
  5ae666:	c4 e2 5d 08 db       	vpsignb ymm3,ymm4,ymm3
  5ae66b:	c4 e2 25 08 d2       	vpsignb ymm2,ymm11,ymm2
  5ae670:	c5 fd 70 a4 24 e0 02 	vpshufd ymm4,YMMWORD PTR [rsp+0x2e0],0xf5
  5ae677:	00 00 f5 
  5ae67a:	c4 e2 35 50 f3       	{vex} vpdpbusd ymm6,ymm9,ymm3
  5ae67f:	c4 62 7d 08 c8       	vpsignb ymm9,ymm0,ymm0
  5ae684:	c5 fd 70 9c 24 00 03 	vpshufd ymm3,YMMWORD PTR [rsp+0x300],0xf5
  5ae68b:	00 00 f5 
  5ae68e:	c4 e2 3d 50 f2       	{vex} vpdpbusd ymm6,ymm8,ymm2
  5ae693:	c4 62 5d 08 c4       	vpsignb ymm8,ymm4,ymm4
  5ae698:	c5 fd 6f 94 24 a0 01 	vmovdqa ymm2,YMMWORD PTR [rsp+0x1a0]
  5ae69f:	00 00 
  5ae6a1:	c4 e2 6d 08 c9       	vpsignb ymm1,ymm2,ymm1
  5ae6a6:	c5 fd 70 94 24 c0 02 	vpshufd ymm2,YMMWORD PTR [rsp+0x2c0],0xf5
  5ae6ad:	00 00 f5 
  5ae6b0:	c4 62 6d 08 da       	vpsignb ymm11,ymm2,ymm2
  5ae6b5:	c4 e2 45 50 f1       	{vex} vpdpbusd ymm6,ymm7,ymm1
  5ae6ba:	c4 e2 0d 08 fa       	vpsignb ymm7,ymm14,ymm2
  5ae6bf:	c5 7d 7f d1          	vmovdqa ymm1,ymm10
  5ae6c3:	c5 7d 6f b4 24 a0 02 	vmovdqa ymm14,YMMWORD PTR [rsp+0x2a0]
  5ae6ca:	00 00 
  5ae6cc:	c4 e2 25 50 cf       	{vex} vpdpbusd ymm1,ymm11,ymm7
  5ae6d1:	c4 e2 15 08 f8       	vpsignb ymm7,ymm13,ymm0
  5ae6d6:	c5 cd fe b4 24 e0 00 	vpaddd ymm6,ymm6,YMMWORD PTR [rsp+0xe0]
  5ae6dd:	00 00 
  5ae6df:	c4 62 0d 08 eb       	vpsignb ymm13,ymm14,ymm3
  5ae6e4:	c5 7d 6f b4 24 00 02 	vmovdqa ymm14,YMMWORD PTR [rsp+0x200]
  5ae6eb:	00 00 
  5ae6ed:	c4 e2 35 50 cf       	{vex} vpdpbusd ymm1,ymm9,ymm7
  5ae6f2:	c4 e2 05 08 fc       	vpsignb ymm7,ymm15,ymm4
  5ae6f7:	c4 e2 3d 50 cf       	{vex} vpdpbusd ymm1,ymm8,ymm7
  5ae6fc:	c4 e2 65 08 fb       	vpsignb ymm7,ymm3,ymm3
  5ae701:	c4 c2 45 50 cd       	{vex} vpdpbusd ymm1,ymm7,ymm13
  5ae706:	c4 62 0d 08 ea       	vpsignb ymm13,ymm14,ymm2
  5ae70b:	c5 7d 7f d2          	vmovdqa ymm2,ymm10
  5ae70f:	c4 c2 25 50 d5       	{vex} vpdpbusd ymm2,ymm11,ymm13
  5ae714:	c5 7d 6f ac 24 e0 01 	vmovdqa ymm13,YMMWORD PTR [rsp+0x1e0]
  5ae71b:	00 00 
  5ae71d:	c5 7d 6f 9c 24 c0 01 	vmovdqa ymm11,YMMWORD PTR [rsp+0x1c0]
  5ae724:	00 00 
  5ae726:	c5 f5 fe 8c 24 c0 00 	vpaddd ymm1,ymm1,YMMWORD PTR [rsp+0xc0]
  5ae72d:	00 00 
  5ae72f:	c4 e2 15 08 c0       	vpsignb ymm0,ymm13,ymm0
  5ae734:	c4 e2 25 08 e4       	vpsignb ymm4,ymm11,ymm4
  5ae739:	c4 e2 35 50 d0       	{vex} vpdpbusd ymm2,ymm9,ymm0
  5ae73e:	c5 fd 70 c6 4e       	vpshufd ymm0,ymm6,0x4e
  5ae743:	c4 e3 55 02 c0 cc    	vpblendd ymm0,ymm5,ymm0,0xcc
  5ae749:	c5 fd 70 ed 4e       	vpshufd ymm5,ymm5,0x4e
  5ae74e:	c5 fc 5b c0          	vcvtdq2ps ymm0,ymm0
  5ae752:	c4 e3 55 02 ee cc    	vpblendd ymm5,ymm5,ymm6,0xcc
  5ae758:	c5 fc 5b ed          	vcvtdq2ps ymm5,ymm5
  5ae75c:	c4 e2 3d 50 d4       	{vex} vpdpbusd ymm2,ymm8,ymm4
  5ae761:	c5 fd 6f a4 24 a0 01 	vmovdqa ymm4,YMMWORD PTR [rsp+0x1a0]
  5ae768:	00 00 
  5ae76a:	c4 e2 5d 08 db       	vpsignb ymm3,ymm4,ymm3
  5ae76f:	c5 d9 ef e4          	vpxor  xmm4,xmm4,xmm4
  5ae773:	c4 e2 45 50 d3       	{vex} vpdpbusd ymm2,ymm7,ymm3
  5ae778:	c5 fc 28 bc 24 a0 00 	vmovaps ymm7,YMMWORD PTR [rsp+0xa0]
  5ae77f:	00 00 
  5ae781:	c4 c1 6d fe d4       	vpaddd ymm2,ymm2,ymm12
  5ae786:	c5 fd 70 da 4e       	vpshufd ymm3,ymm2,0x4e
  5ae78b:	c4 e3 75 02 db cc    	vpblendd ymm3,ymm1,ymm3,0xcc
  5ae791:	c5 fd 70 c9 4e       	vpshufd ymm1,ymm1,0x4e
  5ae796:	c4 e3 75 02 ca cc    	vpblendd ymm1,ymm1,ymm2,0xcc
  5ae79c:	c5 d9 c4 14 31 00    	vpinsrw xmm2,xmm4,WORD PTR [rcx+rsi*1],0x0
  5ae7a2:	c5 fc 5b db          	vcvtdq2ps ymm3,ymm3
  5ae7a6:	c5 fc 5b c9          	vcvtdq2ps ymm1,ymm1
  5ae7aa:	c4 e2 79 13 d2       	vcvtph2ps xmm2,xmm2
  5ae7af:	c4 e2 7d 18 d2       	vbroadcastss ymm2,xmm2
  5ae7b4:	c5 ec 59 d7          	vmulps ymm2,ymm2,ymm7
  5ae7b8:	c4 e2 6d a8 40 80    	vfmadd213ps ymm0,ymm2,YMMWORD PTR [rax-0x80]
  5ae7be:	c5 fc 29 40 80       	vmovaps YMMWORD PTR [rax-0x80],ymm0
  5ae7c3:	c5 d9 c4 42 02 00    	vpinsrw xmm0,xmm4,WORD PTR [rdx+0x2],0x0
  5ae7c9:	c4 e2 79 13 c0       	vcvtph2ps xmm0,xmm0
  5ae7ce:	c4 e2 7d 18 c0       	vbroadcastss ymm0,xmm0
  5ae7d3:	c5 fc 59 c7          	vmulps ymm0,ymm0,ymm7
  5ae7d7:	c4 e2 7d a8 68 a0    	vfmadd213ps ymm5,ymm0,YMMWORD PTR [rax-0x60]
  5ae7dd:	c5 d9 c4 42 04 00    	vpinsrw xmm0,xmm4,WORD PTR [rdx+0x4],0x0
  5ae7e3:	c4 e2 79 13 c0       	vcvtph2ps xmm0,xmm0
  5ae7e8:	c4 e2 7d 18 c0       	vbroadcastss ymm0,xmm0
  5ae7ed:	c5 fc 59 c7          	vmulps ymm0,ymm0,ymm7
  5ae7f1:	c4 e2 7d a8 58 c0    	vfmadd213ps ymm3,ymm0,YMMWORD PTR [rax-0x40]
  5ae7f7:	c5 d9 c4 42 06 00    	vpinsrw xmm0,xmm4,WORD PTR [rdx+0x6],0x0
  5ae7fd:	4c 01 ca             	add    rdx,r9
  5ae800:	c5 fc 29 68 a0       	vmovaps YMMWORD PTR [rax-0x60],ymm5
  5ae805:	c4 e2 79 13 c0       	vcvtph2ps xmm0,xmm0
  5ae80a:	c4 e2 7d 18 c0       	vbroadcastss ymm0,xmm0
  5ae80f:	c5 fc 59 c7          	vmulps ymm0,ymm0,ymm7
  5ae813:	c4 e2 7d a8 48 e0    	vfmadd213ps ymm1,ymm0,YMMWORD PTR [rax-0x20]
  5ae819:	c5 fc 29 58 c0       	vmovaps YMMWORD PTR [rax-0x40],ymm3
  5ae81e:	c5 fc 29 48 e0       	vmovaps YMMWORD PTR [rax-0x20],ymm1
  5ae823:	4c 39 e0             	cmp    rax,r12
  5ae826:	0f 85 58 fb ff ff    	jne    5ae384 <go_llama_q4_0_q8_0_8x16+0x264>
  5ae82c:	49 81 c0 90 00 00 00 	add    r8,0x90
  5ae833:	48 81 c6 88 00 00 00 	add    rsi,0x88
  5ae83a:	48 81 ef 88 00 00 00 	sub    rdi,0x88
  5ae841:	4d 39 e8             	cmp    r8,r13
  5ae844:	0f 85 86 f9 ff ff    	jne    5ae1d0 <go_llama_q4_0_q8_0_8x16+0xb0>
  5ae84a:	c5 fd 6f 9c 24 20 03 	vmovdqa ymm3,YMMWORD PTR [rsp+0x320]
  5ae851:	00 00 
  5ae853:	c4 c1 7e 7f 1a       	vmovdqu YMMWORD PTR [r10],ymm3
  5ae858:	c5 fd 6f 9c 24 40 03 	vmovdqa ymm3,YMMWORD PTR [rsp+0x340]
  5ae85f:	00 00 
  5ae861:	c4 c1 7e 7f 5a 20    	vmovdqu YMMWORD PTR [r10+0x20],ymm3
  5ae867:	c5 fd 6f 9c 24 60 03 	vmovdqa ymm3,YMMWORD PTR [rsp+0x360]
  5ae86e:	00 00 
  5ae870:	c4 c1 7e 7f 5a 40    	vmovdqu YMMWORD PTR [r10+0x40],ymm3
  5ae876:	c5 fd 6f 9c 24 80 03 	vmovdqa ymm3,YMMWORD PTR [rsp+0x380]
  5ae87d:	00 00 
  5ae87f:	c4 c1 7e 7f 5a 60    	vmovdqu YMMWORD PTR [r10+0x60],ymm3
  5ae885:	c5 fd 6f 9c 24 a0 03 	vmovdqa ymm3,YMMWORD PTR [rsp+0x3a0]
  5ae88c:	00 00 
  5ae88e:	c4 c1 7e 7f 9a 80 00 	vmovdqu YMMWORD PTR [r10+0x80],ymm3
  5ae895:	00 00 
  5ae897:	c5 fd 6f 9c 24 c0 03 	vmovdqa ymm3,YMMWORD PTR [rsp+0x3c0]
  5ae89e:	00 00 
  5ae8a0:	c4 c1 7e 7f 9a a0 00 	vmovdqu YMMWORD PTR [r10+0xa0],ymm3
  5ae8a7:	00 00 
  5ae8a9:	c5 fd 6f 9c 24 e0 03 	vmovdqa ymm3,YMMWORD PTR [rsp+0x3e0]
  5ae8b0:	00 00 
  5ae8b2:	c4 c1 7e 7f 9a c0 00 	vmovdqu YMMWORD PTR [r10+0xc0],ymm3
  5ae8b9:	00 00 
  5ae8bb:	c5 fd 6f 9c 24 00 04 	vmovdqa ymm3,YMMWORD PTR [rsp+0x400]
  5ae8c2:	00 00 
  5ae8c4:	c4 c1 7e 7f 9a e0 00 	vmovdqu YMMWORD PTR [r10+0xe0],ymm3
  5ae8cb:	00 00 
  5ae8cd:	c5 fd 6f 9c 24 20 04 	vmovdqa ymm3,YMMWORD PTR [rsp+0x420]
  5ae8d4:	00 00 
  5ae8d6:	c4 c1 7e 7f 9a 00 01 	vmovdqu YMMWORD PTR [r10+0x100],ymm3
  5ae8dd:	00 00 
  5ae8df:	c5 fd 6f 9c 24 40 04 	vmovdqa ymm3,YMMWORD PTR [rsp+0x440]
  5ae8e6:	00 00 
  5ae8e8:	c4 c1 7e 7f 9a 20 01 	vmovdqu YMMWORD PTR [r10+0x120],ymm3
  5ae8ef:	00 00 
  5ae8f1:	c5 fd 6f 9c 24 60 04 	vmovdqa ymm3,YMMWORD PTR [rsp+0x460]
  5ae8f8:	00 00 
  5ae8fa:	c4 c1 7e 7f 9a 40 01 	vmovdqu YMMWORD PTR [r10+0x140],ymm3
  5ae901:	00 00 
  5ae903:	c5 fd 6f 9c 24 80 04 	vmovdqa ymm3,YMMWORD PTR [rsp+0x480]
  5ae90a:	00 00 
  5ae90c:	c4 c1 7e 7f 9a 60 01 	vmovdqu YMMWORD PTR [r10+0x160],ymm3
  5ae913:	00 00 
  5ae915:	c5 fd 6f 9c 24 a0 04 	vmovdqa ymm3,YMMWORD PTR [rsp+0x4a0]
  5ae91c:	00 00 
  5ae91e:	c4 c1 7e 7f 9a 80 01 	vmovdqu YMMWORD PTR [r10+0x180],ymm3
  5ae925:	00 00 
  5ae927:	c5 fd 6f 9c 24 c0 04 	vmovdqa ymm3,YMMWORD PTR [rsp+0x4c0]
  5ae92e:	00 00 
  5ae930:	c4 c1 7e 7f 9a a0 01 	vmovdqu YMMWORD PTR [r10+0x1a0],ymm3
  5ae937:	00 00 
  5ae939:	c5 fd 6f 9c 24 e0 04 	vmovdqa ymm3,YMMWORD PTR [rsp+0x4e0]
  5ae940:	00 00 
  5ae942:	c4 c1 7e 7f 9a c0 01 	vmovdqu YMMWORD PTR [r10+0x1c0],ymm3
  5ae949:	00 00 
  5ae94b:	c5 fd 6f 9c 24 00 05 	vmovdqa ymm3,YMMWORD PTR [rsp+0x500]
  5ae952:	00 00 
  5ae954:	c4 c1 7e 7f 9a e0 01 	vmovdqu YMMWORD PTR [r10+0x1e0],ymm3
  5ae95b:	00 00 
  5ae95d:	48 8b 84 24 38 05 00 	mov    rax,QWORD PTR [rsp+0x538]
  5ae964:	00 
  5ae965:	64 48 2b 04 25 28 00 	sub    rax,QWORD PTR fs:0x28
  5ae96c:	00 00 
  5ae96e:	75 0e                	jne    5ae97e <go_llama_q4_0_q8_0_8x16+0x85e>
  5ae970:	c5 f8 77             	vzeroupper
  5ae973:	48 8d 65 e8          	lea    rsp,[rbp-0x18]
  5ae977:	5b                   	pop    rbx
  5ae978:	41 5c                	pop    r12
  5ae97a:	41 5d                	pop    r13
  5ae97c:	5d                   	pop    rbp
  5ae97d:	c3                   	ret
  5ae97e:	c5 f8 77             	vzeroupper
  5ae981:	e8 5a 37 e5 ff       	call   4020e0 <__stack_chk_fail@plt>
  5ae986:	66 2e 0f 1f 84 00 00 	cs nop WORD PTR [rax+rax*1+0x0]
  5ae98d:	00 00 00 

