2026-08-09T08:41:56 %Cpu(s): 74.6 us,  1.5 sy,  0.0 ni, 22.4 id,  0.0 wa,  0.0 hi,  1.5 si,  0.0 st 
2026-08-09T08:41:56 3507839 500.0% gguf-rowblock.t
2026-08-09T08:41:56 3507864 30.0% python3
2026-08-09T08:41:57 %Cpu(s): 94.3 us,  1.1 sy,  0.0 ni,  4.6 id,  0.0 wa,  0.0 hi,  0.0 si,  0.0 st 
2026-08-09T08:41:57 3507839 547.1% gguf-rowblock.t
2026-08-09T08:41:57 %Cpu(s): 95.4 us,  0.3 sy,  0.0 ni,  3.9 id,  0.0 wa,  0.0 hi,  0.0 si,  0.3 st 
2026-08-09T08:41:57 3507839 576.0% gguf-rowblock.t
2026-08-09T08:41:58 %Cpu(s): 96.1 us,  0.3 sy,  0.0 ni,  3.6 id,  0.0 wa,  0.0 hi,  0.0 si,  0.0 st 
2026-08-09T08:41:58 3507839 572.5% gguf-rowblock.t
2026-08-09T08:41:58 %Cpu(s): 95.4 us,  0.3 sy,  0.0 ni,  4.3 id,  0.0 wa,  0.0 hi,  0.0 si,  0.0 st 
2026-08-09T08:41:58 3507839 568.6% gguf-rowblock.t
2026-08-09T08:41:59 %Cpu(s): 95.4 us,  0.3 sy,  0.0 ni,  4.3 id,  0.0 wa,  0.0 hi,  0.0 si,  0.0 st 
2026-08-09T08:41:59 3507839 576.0% gguf-rowblock.t
2026-08-09T08:41:59 %Cpu(s): 96.1 us,  0.3 sy,  0.0 ni,  3.6 id,  0.0 wa,  0.0 hi,  0.0 si,  0.0 st 
2026-08-09T08:41:59 3507839 568.6% gguf-rowblock.t
2026-08-09T08:42:00 %Cpu(s): 95.1 us,  1.0 sy,  0.0 ni,  3.9 id,  0.0 wa,  0.0 hi,  0.0 si,  0.0 st 
2026-08-09T08:42:00 3507839 523.5% gguf-rowblock.t
2026-08-09T08:42:00 %Cpu(s): 96.1 us,  0.3 sy,  0.0 ni,  3.6 id,  0.0 wa,  0.0 hi,  0.0 si,  0.0 st 
2026-08-09T08:42:00 3507839 578.0% gguf-rowblock.t
2026-08-09T08:42:01 %Cpu(s): 55.5 us,  0.7 sy,  0.0 ni, 43.9 id,  0.0 wa,  0.0 hi,  0.0 si,  0.0 st 
2026-08-09T08:42:01 %Cpu(s):  0.3 us,  0.3 sy,  0.0 ni, 99.3 id,  0.0 wa,  0.0 hi,  0.0 si,  0.0 st 
2026-08-09T08:42:02 %Cpu(s): 36.8 us,  1.0 sy,  0.0 ni, 61.9 id,  0.3 wa,  0.0 hi,  0.0 si,  0.0 st 
2026-08-09T08:42:02 3507894 215.7% gguf-rowblock-d
2026-08-09T08:42:02 %Cpu(s): 96.4 us,  0.7 sy,  0.0 ni,  3.0 id,  0.0 wa,  0.0 hi,  0.0 si,  0.0 st 
2026-08-09T08:42:02 3507894 582.0% gguf-rowblock-d
2026-08-09T08:42:03 %Cpu(s): 95.4 us,  1.0 sy,  0.0 ni,  3.3 id,  0.0 wa,  0.0 hi,  0.0 si,  0.3 st 
2026-08-09T08:42:03 3507894 539.2% gguf-rowblock-d
2026-08-09T08:42:03 %Cpu(s): 97.0 us,  0.3 sy,  0.0 ni,  2.6 id,  0.0 wa,  0.0 hi,  0.0 si,  0.0 st 
2026-08-09T08:42:03 3507894 576.5% gguf-rowblock-d
2026-08-09T08:42:04 %Cpu(s): 96.4 us,  0.3 sy,  0.0 ni,  3.3 id,  0.0 wa,  0.0 hi,  0.0 si,  0.0 st 
2026-08-09T08:42:04 3507894 584.0% gguf-rowblock-d
2026-08-09T08:42:04 %Cpu(s): 97.0 us,  0.3 sy,  0.0 ni,  2.7 id,  0.0 wa,  0.0 hi,  0.0 si,  0.0 st 
2026-08-09T08:42:04 3507894 572.5% gguf-rowblock-d
2026-08-09T08:42:05 %Cpu(s): 97.0 us,  0.3 sy,  0.0 ni,  2.6 id,  0.0 wa,  0.0 hi,  0.0 si,  0.0 st 
2026-08-09T08:42:05 3507894 590.0% gguf-rowblock-d
2026-08-09T08:42:05 %Cpu(s): 97.4 us,  0.3 sy,  0.0 ni,  2.3 id,  0.0 wa,  0.0 hi,  0.0 si,  0.0 st 
2026-08-09T08:42:05 3507894 576.5% gguf-rowblock-d
2026-08-09T08:42:06 %Cpu(s): 94.4 us,  1.3 sy,  0.0 ni,  4.3 id,  0.0 wa,  0.0 hi,  0.0 si,  0.0 st 
2026-08-09T08:42:06 3507894 534.0% gguf-rowblock-d
2026-08-09T08:42:06 %Cpu(s): 46.2 us,  0.7 sy,  0.0 ni, 53.1 id,  0.0 wa,  0.0 hi,  0.0 si,  0.0 st 
2026-08-09T08:42:07 %Cpu(s):  0.7 us,  0.3 sy,  0.0 ni, 99.0 id,  0.0 wa,  0.0 hi,  0.0 si,  0.0 st 
2026-08-09T08:42:07 %Cpu(s): 42.6 us,  1.0 sy,  0.0 ni, 55.7 id,  0.3 wa,  0.0 hi,  0.3 si,  0.0 st 
2026-08-09T08:42:07 3507973 249.0% gguf-rowblock-d
2026-08-09T08:42:08 %Cpu(s): 97.3 us,  0.3 sy,  0.0 ni,  2.3 id,  0.0 wa,  0.0 hi,  0.0 si,  0.0 st 
2026-08-09T08:42:08 3507973 572.5% gguf-rowblock-d
2026-08-09T08:42:08 %Cpu(s): 96.7 us,  0.3 sy,  0.0 ni,  2.6 id,  0.3 wa,  0.0 hi,  0.0 si,  0.0 st 
2026-08-09T08:42:08 3507973 594.0% gguf-rowblock-d
2026-08-09T08:42:09 %Cpu(s): 95.7 us,  0.7 sy,  0.0 ni,  3.6 id,  0.0 wa,  0.0 hi,  0.0 si,  0.0 st 
2026-08-09T08:42:09 3507973 554.9% gguf-rowblock-d
2026-08-09T08:42:09 %Cpu(s): 96.7 us,  0.7 sy,  0.0 ni,  2.6 id,  0.0 wa,  0.0 hi,  0.0 si,  0.0 st 
2026-08-09T08:42:09 3507973 560.8% gguf-rowblock-d
2026-08-09T08:42:10 %Cpu(s): 97.0 us,  0.3 sy,  0.0 ni,  2.6 id,  0.0 wa,  0.0 hi,  0.0 si,  0.0 st 
2026-08-09T08:42:10 3507973 592.0% gguf-rowblock-d
2026-08-09T08:42:10 %Cpu(s): 97.0 us,  0.3 sy,  0.0 ni,  2.3 id,  0.0 wa,  0.0 hi,  0.0 si,  0.3 st 
2026-08-09T08:42:10 3507973 576.5% gguf-rowblock-d
2026-08-09T08:42:11 %Cpu(s): 97.0 us,  0.0 sy,  0.0 ni,  3.0 id,  0.0 wa,  0.0 hi,  0.0 si,  0.0 st 
2026-08-09T08:42:11 3507973 576.5% gguf-rowblock-d
2026-08-09T08:42:11 %Cpu(s): 96.4 us,  0.7 sy,  0.0 ni,  3.0 id,  0.0 wa,  0.0 hi,  0.0 si,  0.0 st 
2026-08-09T08:42:11 3507973 584.0% gguf-rowblock-d
2026-08-09T08:42:12 %Cpu(s): 62.4 us,  0.3 sy,  0.0 ni, 37.3 id,  0.0 wa,  0.0 hi,  0.0 si,  0.0 st 
2026-08-09T08:42:12 %Cpu(s):  7.3 us,  1.7 sy,  0.0 ni, 90.7 id,  0.3 wa,  0.0 hi,  0.0 si,  0.0 st 
2026-08-09T08:42:13 %Cpu(s): 29.7 us,  1.0 sy,  0.0 ni, 69.3 id,  0.0 wa,  0.0 hi,  0.0 si,  0.0 st 
2026-08-09T08:42:13 3508029 172.5% gguf-rowblock.t
2026-08-09T08:42:13 %Cpu(s): 95.4 us,  0.7 sy,  0.0 ni,  3.9 id,  0.0 wa,  0.0 hi,  0.0 si,  0.0 st 
2026-08-09T08:42:13 3508029 576.0% gguf-rowblock.t
2026-08-09T08:42:14 %Cpu(s): 95.7 us,  0.3 sy,  0.0 ni,  4.0 id,  0.0 wa,  0.0 hi,  0.0 si,  0.0 st 
2026-08-09T08:42:14 3508029 568.6% gguf-rowblock.t
2026-08-09T08:42:14 %Cpu(s): 95.1 us,  0.7 sy,  0.0 ni,  4.2 id,  0.0 wa,  0.0 hi,  0.0 si,  0.0 st 
2026-08-09T08:42:14 3508029 566.7% gguf-rowblock.t
2026-08-09T08:42:15 %Cpu(s): 96.7 us,  0.0 sy,  0.0 ni,  3.3 id,  0.0 wa,  0.0 hi,  0.0 si,  0.0 st 
2026-08-09T08:42:15 3508029 586.0% gguf-rowblock.t
2026-08-09T08:42:15 %Cpu(s): 95.1 us,  1.3 sy,  0.0 ni,  3.6 id,  0.0 wa,  0.0 hi,  0.0 si,  0.0 st 
2026-08-09T08:42:15 3508029 541.2% gguf-rowblock.t
2026-08-09T08:42:16 %Cpu(s): 96.4 us,  0.0 sy,  0.0 ni,  3.6 id,  0.0 wa,  0.0 hi,  0.0 si,  0.0 st 
2026-08-09T08:42:16 3508029 570.6% gguf-rowblock.t
2026-08-09T08:42:16 %Cpu(s): 95.4 us,  0.7 sy,  0.0 ni,  3.6 id,  0.0 wa,  0.0 hi,  0.0 si,  0.3 st 
2026-08-09T08:42:16 3508029 580.0% gguf-rowblock.t
2026-08-09T08:42:17 %Cpu(s): 96.4 us,  0.0 sy,  0.0 ni,  3.6 id,  0.0 wa,  0.0 hi,  0.0 si,  0.0 st 
2026-08-09T08:42:17 3508029 576.5% gguf-rowblock.t
2026-08-09T08:42:17 %Cpu(s): 71.8 us,  0.7 sy,  0.0 ni, 27.6 id,  0.0 wa,  0.0 hi,  0.0 si,  0.0 st 
2026-08-09T08:42:18 %Cpu(s):  0.3 us,  0.3 sy,  0.0 ni, 99.3 id,  0.0 wa,  0.0 hi,  0.0 si,  0.0 st 
2026-08-09T08:42:18 %Cpu(s): 20.5 us,  2.0 sy,  0.0 ni, 76.9 id,  0.3 wa,  0.0 hi,  0.3 si,  0.0 st 
2026-08-09T08:42:18 3508084 94.1% gguf-rowblock.t
2026-08-09T08:42:19 %Cpu(s): 96.0 us,  0.3 sy,  0.0 ni,  3.6 id,  0.0 wa,  0.0 hi,  0.0 si,  0.0 st 
2026-08-09T08:42:19 3508084 578.0% gguf-rowblock.t
2026-08-09T08:42:19 %Cpu(s): 90.4 us,  3.6 sy,  0.0 ni,  5.6 id,  0.3 wa,  0.0 hi,  0.0 si,  0.0 st 
2026-08-09T08:42:19 3508084 521.6% gguf-rowblock.t
2026-08-09T08:42:20 %Cpu(s): 96.4 us,  0.3 sy,  0.0 ni,  3.3 id,  0.0 wa,  0.0 hi,  0.0 si,  0.0 st 
2026-08-09T08:42:20 3508084 572.5% gguf-rowblock.t
2026-08-09T08:42:20 %Cpu(s): 95.7 us,  0.7 sy,  0.0 ni,  3.6 id,  0.0 wa,  0.0 hi,  0.0 si,  0.0 st 
2026-08-09T08:42:20 3508084 580.0% gguf-rowblock.t
2026-08-09T08:42:21 %Cpu(s): 96.7 us,  0.3 sy,  0.0 ni,  2.9 id,  0.0 wa,  0.0 hi,  0.0 si,  0.0 st 
2026-08-09T08:42:21 3508084 576.5% gguf-rowblock.t
2026-08-09T08:42:21 %Cpu(s): 95.1 us,  1.0 sy,  0.0 ni,  3.9 id,  0.0 wa,  0.0 hi,  0.0 si,  0.0 st 
2026-08-09T08:42:21 3508084 566.7% gguf-rowblock.t
2026-08-09T08:42:22 %Cpu(s): 95.4 us,  0.7 sy,  0.0 ni,  4.0 id,  0.0 wa,  0.0 hi,  0.0 si,  0.0 st 
2026-08-09T08:42:22 3508084 545.1% gguf-rowblock.t
2026-08-09T08:42:22 %Cpu(s): 95.4 us,  0.7 sy,  0.0 ni,  3.9 id,  0.0 wa,  0.0 hi,  0.0 si,  0.0 st 
2026-08-09T08:42:22 3508084 576.0% gguf-rowblock.t
2026-08-09T08:42:23 %Cpu(s): 62.3 us,  0.7 sy,  0.0 ni, 37.0 id,  0.0 wa,  0.0 hi,  0.0 si,  0.0 st 
2026-08-09T08:42:23 %Cpu(s):  3.0 us,  2.3 sy,  0.0 ni, 93.0 id,  1.3 wa,  0.0 hi,  0.3 si,  0.0 st 
2026-08-09T08:42:24 %Cpu(s): 32.1 us,  0.7 sy,  0.0 ni, 66.9 id,  0.0 wa,  0.0 hi,  0.3 si,  0.0 st 
2026-08-09T08:42:24 3508397 184.3% gguf-rowblock-d
2026-08-09T08:42:25 %Cpu(s): 97.0 us,  0.3 sy,  0.0 ni,  2.6 id,  0.0 wa,  0.0 hi,  0.0 si,  0.0 st 
2026-08-09T08:42:25 3508397 584.0% gguf-rowblock-d
2026-08-09T08:42:25 %Cpu(s): 95.4 us,  1.0 sy,  0.0 ni,  3.6 id,  0.0 wa,  0.0 hi,  0.0 si,  0.0 st 
2026-08-09T08:42:25 3508397 545.1% gguf-rowblock-d
2026-08-09T08:42:26 %Cpu(s): 96.4 us,  0.7 sy,  0.0 ni,  3.0 id,  0.0 wa,  0.0 hi,  0.0 si,  0.0 st 
2026-08-09T08:42:26 3508397 584.0% gguf-rowblock-d
2026-08-09T08:42:26 %Cpu(s): 97.7 us,  0.0 sy,  0.0 ni,  2.3 id,  0.0 wa,  0.0 hi,  0.0 si,  0.0 st 
2026-08-09T08:42:26 3508397 578.4% gguf-rowblock-d
2026-08-09T08:42:27 %Cpu(s): 95.7 us,  0.7 sy,  0.0 ni,  3.6 id,  0.0 wa,  0.0 hi,  0.0 si,  0.0 st 
2026-08-09T08:42:27 3508397 568.6% gguf-rowblock-d
2026-08-09T08:42:27 %Cpu(s): 97.7 us,  0.0 sy,  0.0 ni,  2.3 id,  0.0 wa,  0.0 hi,  0.0 si,  0.0 st 
2026-08-09T08:42:27 3508397 592.0% gguf-rowblock-d
2026-08-09T08:42:28 %Cpu(s): 97.0 us,  0.7 sy,  0.0 ni,  2.3 id,  0.0 wa,  0.0 hi,  0.0 si,  0.0 st 
2026-08-09T08:42:28 3508397 578.4% gguf-rowblock-d
2026-08-09T08:42:28 %Cpu(s): 95.3 us,  1.0 sy,  0.0 ni,  3.7 id,  0.0 wa,  0.0 hi,  0.0 si,  0.0 st 
2026-08-09T08:42:28 3508397 537.3% gguf-rowblock-d
2026-08-09T08:42:29 %Cpu(s): 53.0 us,  0.3 sy,  0.0 ni, 46.7 id,  0.0 wa,  0.0 hi,  0.0 si,  0.0 st 
2026-08-09T08:42:29 %Cpu(s):  1.0 us,  0.7 sy,  0.0 ni, 98.4 id,  0.0 wa,  0.0 hi,  0.0 si,  0.0 st 
2026-08-09T08:42:30 %Cpu(s): 40.1 us,  0.7 sy,  0.0 ni, 58.6 id,  0.7 wa,  0.0 hi,  0.0 si,  0.0 st 
2026-08-09T08:42:30 3508452 221.6% gguf-rowblock-d
2026-08-09T08:42:30 %Cpu(s): 96.4 us,  0.3 sy,  0.0 ni,  3.3 id,  0.0 wa,  0.0 hi,  0.0 si,  0.0 st 
2026-08-09T08:42:30 3508452 566.7% gguf-rowblock-d
2026-08-09T08:42:31 %Cpu(s): 95.4 us,  0.3 sy,  0.0 ni,  4.0 id,  0.0 wa,  0.0 hi,  0.0 si,  0.3 st 
2026-08-09T08:42:31 3508452 576.0% gguf-rowblock-d
2026-08-09T08:42:31 %Cpu(s): 95.4 us,  1.0 sy,  0.0 ni,  3.6 id,  0.0 wa,  0.0 hi,  0.0 si,  0.0 st 
2026-08-09T08:42:31 3508452 543.1% gguf-rowblock-d
2026-08-09T08:42:32 %Cpu(s): 96.4 us,  0.3 sy,  0.0 ni,  3.3 id,  0.0 wa,  0.0 hi,  0.0 si,  0.0 st 
2026-08-09T08:42:32 3508452 574.5% gguf-rowblock-d
2026-08-09T08:42:32 %Cpu(s): 96.3 us,  0.3 sy,  0.0 ni,  3.3 id,  0.0 wa,  0.0 hi,  0.0 si,  0.0 st 
2026-08-09T08:42:32 3508452 572.5% gguf-rowblock-d
2026-08-09T08:42:33 %Cpu(s): 96.7 us,  0.0 sy,  0.0 ni,  3.3 id,  0.0 wa,  0.0 hi,  0.0 si,  0.0 st 
2026-08-09T08:42:33 3508452 586.0% gguf-rowblock-d
2026-08-09T08:42:33 %Cpu(s): 97.7 us,  0.3 sy,  0.0 ni,  2.0 id,  0.0 wa,  0.0 hi,  0.0 si,  0.0 st 
2026-08-09T08:42:33 3508452 578.4% gguf-rowblock-d
2026-08-09T08:42:34 %Cpu(s): 96.7 us,  0.3 sy,  0.0 ni,  3.0 id,  0.0 wa,  0.0 hi,  0.0 si,  0.0 st 
2026-08-09T08:42:34 3508452 584.0% gguf-rowblock-d
2026-08-09T08:42:34 %Cpu(s): 79.9 us,  0.3 sy,  0.0 ni, 19.8 id,  0.0 wa,  0.0 hi,  0.0 si,  0.0 st 
2026-08-09T08:42:35 %Cpu(s):  6.6 us,  1.7 sy,  0.0 ni, 91.7 id,  0.0 wa,  0.0 hi,  0.0 si,  0.0 st 
2026-08-09T08:42:35 %Cpu(s): 14.8 us,  0.7 sy,  0.0 ni, 83.9 id,  0.3 wa,  0.0 hi,  0.3 si,  0.0 st 
2026-08-09T08:42:35 3508510 84.3% gguf-rowblock.t
2026-08-09T08:42:36 %Cpu(s): 94.7 us,  0.7 sy,  0.0 ni,  4.7 id,  0.0 wa,  0.0 hi,  0.0 si,  0.0 st 
2026-08-09T08:42:36 3508510 556.0% gguf-rowblock.t
2026-08-09T08:42:36 %Cpu(s): 95.7 us,  0.3 sy,  0.0 ni,  4.0 id,  0.0 wa,  0.0 hi,  0.0 si,  0.0 st 
2026-08-09T08:42:36 3508510 578.0% gguf-rowblock.t
2026-08-09T08:42:37 %Cpu(s): 95.4 us,  0.7 sy,  0.0 ni,  3.9 id,  0.0 wa,  0.0 hi,  0.0 si,  0.0 st 
2026-08-09T08:42:37 3508510 568.6% gguf-rowblock.t
2026-08-09T08:42:37 %Cpu(s): 96.7 us,  0.0 sy,  0.0 ni,  3.3 id,  0.0 wa,  0.0 hi,  0.0 si,  0.0 st 
2026-08-09T08:42:37 3508510 582.0% gguf-rowblock.t
2026-08-09T08:42:38 %Cpu(s): 93.8 us,  1.3 sy,  0.0 ni,  4.6 id,  0.0 wa,  0.0 hi,  0.0 si,  0.3 st 
2026-08-09T08:42:38 3508510 531.4% gguf-rowblock.t
2026-08-09T08:42:38 %Cpu(s): 96.4 us,  0.0 sy,  0.0 ni,  3.6 id,  0.0 wa,  0.0 hi,  0.0 si,  0.0 st 
2026-08-09T08:42:38 3508510 572.5% gguf-rowblock.t
2026-08-09T08:42:39 %Cpu(s): 95.3 us,  0.7 sy,  0.0 ni,  4.0 id,  0.0 wa,  0.0 hi,  0.0 si,  0.0 st 
2026-08-09T08:42:39 3508510 564.7% gguf-rowblock.t
2026-08-09T08:42:39 %Cpu(s): 96.0 us,  0.3 sy,  0.0 ni,  3.6 id,  0.0 wa,  0.0 hi,  0.0 si,  0.0 st 
2026-08-09T08:42:39 3508510 584.0% gguf-rowblock.t
2026-08-09T08:42:40 %Cpu(s): 95.8 us,  0.3 sy,  0.0 ni,  3.9 id,  0.0 wa,  0.0 hi,  0.0 si,  0.0 st 
2026-08-09T08:42:40 3508510 568.6% gguf-rowblock.t
2026-08-09T08:42:40 %Cpu(s): 82.9 us,  0.3 sy,  0.0 ni, 16.4 id,  0.3 wa,  0.0 hi,  0.0 si,  0.0 st 
2026-08-09T08:42:41 %Cpu(s):  6.2 us,  2.0 sy,  0.0 ni, 91.8 id,  0.0 wa,  0.0 hi,  0.0 si,  0.0 st 
2026-08-09T08:42:41 3508582 20.0% python3
2026-08-09T08:42:41 %Cpu(s): 12.5 us,  0.3 sy,  0.0 ni, 87.1 id,  0.0 wa,  0.0 hi,  0.0 si,  0.0 st 
2026-08-09T08:42:41 3508589 62.7% gguf-rowblock.t
2026-08-09T08:42:42 %Cpu(s): 95.1 us,  0.7 sy,  0.0 ni,  4.3 id,  0.0 wa,  0.0 hi,  0.0 si,  0.0 st 
2026-08-09T08:42:42 3508589 564.7% gguf-rowblock.t
2026-08-09T08:42:42 %Cpu(s): 96.4 us,  0.3 sy,  0.0 ni,  3.3 id,  0.0 wa,  0.0 hi,  0.0 si,  0.0 st 
2026-08-09T08:42:42 3508589 584.0% gguf-rowblock.t
2026-08-09T08:42:43 %Cpu(s): 95.4 us,  0.7 sy,  0.0 ni,  3.9 id,  0.0 wa,  0.0 hi,  0.0 si,  0.0 st 
2026-08-09T08:42:43 3508589 564.7% gguf-rowblock.t
2026-08-09T08:42:43 %Cpu(s): 96.4 us,  0.0 sy,  0.0 ni,  3.6 id,  0.0 wa,  0.0 hi,  0.0 si,  0.0 st 
2026-08-09T08:42:43 3508589 574.5% gguf-rowblock.t
2026-08-09T08:42:44 %Cpu(s): 95.8 us,  0.6 sy,  0.0 ni,  3.5 id,  0.0 wa,  0.0 hi,  0.0 si,  0.0 st 
2026-08-09T08:42:44 3508589 572.5% gguf-rowblock.t
2026-08-09T08:42:44 %Cpu(s): 94.7 us,  1.3 sy,  0.0 ni,  4.0 id,  0.0 wa,  0.0 hi,  0.0 si,  0.0 st 
2026-08-09T08:42:44 3508589 539.2% gguf-rowblock.t
2026-08-09T08:42:45 %Cpu(s): 96.4 us,  0.3 sy,  0.0 ni,  3.3 id,  0.0 wa,  0.0 hi,  0.0 si,  0.0 st 
2026-08-09T08:42:45 3508589 580.0% gguf-rowblock.t
2026-08-09T08:42:45 %Cpu(s): 96.1 us,  0.3 sy,  0.0 ni,  3.6 id,  0.0 wa,  0.0 hi,  0.0 si,  0.0 st 
2026-08-09T08:42:45 3508589 563.5% gguf-rowblock.t
2026-08-09T08:42:46 %Cpu(s): 95.4 us,  0.7 sy,  0.0 ni,  3.9 id,  0.0 wa,  0.0 hi,  0.0 si,  0.0 st 
2026-08-09T08:42:46 3508589 578.0% gguf-rowblock.t
2026-08-09T08:42:46 %Cpu(s): 96.4 us,  0.3 sy,  0.0 ni,  3.3 id,  0.0 wa,  0.0 hi,  0.0 si,  0.0 st 
2026-08-09T08:42:46 3508589 570.6% gguf-rowblock.t
2026-08-09T08:42:47 %Cpu(s): 44.7 us,  1.0 sy,  0.0 ni, 54.3 id,  0.0 wa,  0.0 hi,  0.0 si,  0.0 st 
2026-08-09T08:42:47 %Cpu(s):  5.3 us,  1.0 sy,  0.0 ni, 93.7 id,  0.0 wa,  0.0 hi,  0.0 si,  0.0 st 
2026-08-09T08:42:48 %Cpu(s): 49.5 us,  1.0 sy,  0.0 ni, 49.2 id,  0.3 wa,  0.0 hi,  0.0 si,  0.0 st 
2026-08-09T08:42:48 3508645 296.0% gguf-rowblock-d
2026-08-09T08:42:48 %Cpu(s): 97.7 us,  0.0 sy,  0.0 ni,  2.3 id,  0.0 wa,  0.0 hi,  0.0 si,  0.0 st 
2026-08-09T08:42:48 3508645 578.4% gguf-rowblock-d
2026-08-09T08:42:49 %Cpu(s): 96.0 us,  0.7 sy,  0.0 ni,  3.3 id,  0.0 wa,  0.0 hi,  0.0 si,  0.0 st 
2026-08-09T08:42:49 3508645 580.0% gguf-rowblock-d
2026-08-09T08:42:49 %Cpu(s): 97.4 us,  0.0 sy,  0.0 ni,  2.3 id,  0.0 wa,  0.0 hi,  0.3 si,  0.0 st 
2026-08-09T08:42:49 3508645 582.4% gguf-rowblock-d
2026-08-09T08:42:50 %Cpu(s): 97.1 us,  0.7 sy,  0.0 ni,  2.3 id,  0.0 wa,  0.0 hi,  0.0 si,  0.0 st 
2026-08-09T08:42:50 3508645 576.5% gguf-rowblock-d
2026-08-09T08:42:50 %Cpu(s): 94.4 us,  1.0 sy,  0.0 ni,  4.6 id,  0.0 wa,  0.0 hi,  0.0 si,  0.0 st 
2026-08-09T08:42:50 3508645 533.3% gguf-rowblock-d
2026-08-09T08:42:51 %Cpu(s): 96.4 us,  0.7 sy,  0.0 ni,  3.0 id,  0.0 wa,  0.0 hi,  0.0 si,  0.0 st 
2026-08-09T08:42:51 3508645 578.0% gguf-rowblock-d
2026-08-09T08:42:51 %Cpu(s): 97.4 us,  0.0 sy,  0.0 ni,  2.6 id,  0.0 wa,  0.0 hi,  0.0 si,  0.0 st 
2026-08-09T08:42:51 3508645 582.4% gguf-rowblock-d
2026-08-09T08:42:52 %Cpu(s): 97.4 us,  0.3 sy,  0.0 ni,  2.3 id,  0.0 wa,  0.0 hi,  0.0 si,  0.0 st 
2026-08-09T08:42:52 3508645 576.5% gguf-rowblock-d
2026-08-09T08:42:52 %Cpu(s): 97.7 us,  0.0 sy,  0.0 ni,  2.3 id,  0.0 wa,  0.0 hi,  0.0 si,  0.0 st 
2026-08-09T08:42:52 3508645 580.4% gguf-rowblock-d
2026-08-09T08:42:53 %Cpu(s): 88.7 us,  0.7 sy,  0.0 ni, 10.6 id,  0.0 wa,  0.0 hi,  0.0 si,  0.0 st 
2026-08-09T08:42:53 %Cpu(s):  3.3 us,  0.7 sy,  0.0 ni, 96.0 id,  0.0 wa,  0.0 hi,  0.0 si,  0.0 st 
2026-08-09T08:42:54 %Cpu(s):  4.6 us,  1.3 sy,  0.0 ni, 94.1 id,  0.0 wa,  0.0 hi,  0.0 si,  0.0 st 
2026-08-09T08:42:54 %Cpu(s):  0.0 us,  0.0 sy,  0.0 ni,100.0 id,  0.0 wa,  0.0 hi,  0.0 si,  0.0 st 
2026-08-09T08:42:55 %Cpu(s):  0.7 us,  0.7 sy,  0.0 ni, 98.7 id,  0.0 wa,  0.0 hi,  0.0 si,  0.0 st 
2026-08-09T08:42:55 %Cpu(s):  0.3 us,  0.0 sy,  0.0 ni, 99.7 id,  0.0 wa,  0.0 hi,  0.0 si,  0.0 st 
2026-08-09T08:42:56 %Cpu(s):  0.7 us,  0.7 sy,  0.0 ni, 98.7 id,  0.0 wa,  0.0 hi,  0.0 si,  0.0 st 
2026-08-09T08:42:56 %Cpu(s):  0.3 us,  0.3 sy,  0.0 ni, 98.7 id,  0.7 wa,  0.0 hi,  0.0 si,  0.0 st 
