=== RUN   TestVulkanNativeLinearQ8Weight
    vulkan_linear_q8_weight_native_test.go:56: NATIVE_METRIC {"name":"linear-q8-weight[1 1 1]","values":1,"max_abs":2.7019737558475754e-9,"abs_budget":0.00002,"rel_budget":0.00002,"wall_ns":2027333}
    vulkan_linear_q8_weight_native_test.go:68: Q8_WEIGHT_QUALITY {"max_original_f32_abs":2.7019737558475754e-9,"reference_rms":0.0915601504046677,"rms_error":2.7019737558475754e-9,"rms_ratio":2.951036825415514e-8,"shape":[1,1,1],"values":1}
    vulkan_linear_q8_weight_native_test.go:56: NATIVE_METRIC {"name":"linear-q8-weight[2 3 5]","values":10,"max_abs":3.0013824481311957e-9,"abs_budget":0.00002,"rel_budget":0.00002,"wall_ns":347976}
    vulkan_linear_q8_weight_native_test.go:68: Q8_WEIGHT_QUALITY {"max_original_f32_abs":0.00009462221769851453,"reference_rms":0.07845186860287282,"rms_error":0.000043655997409934384,"rms_ratio":0.0005564685480077367,"shape":[2,3,5],"values":10}
    vulkan_linear_q8_weight_native_test.go:56: NATIVE_METRIC {"name":"linear-q8-weight[15 16 17]","values":255,"max_abs":1.2239542074299337e-8,"abs_budget":0.00002,"rel_budget":0.00002,"wall_ns":329607}
    vulkan_linear_q8_weight_native_test.go:68: Q8_WEIGHT_QUALITY {"max_original_f32_abs":0.00032937720711515017,"reference_rms":0.071185723261298,"rms_error":0.00012041267359226949,"rms_ratio":0.0016915284143461814,"shape":[15,16,17],"values":255}
    vulkan_linear_q8_weight_native_test.go:56: NATIVE_METRIC {"name":"linear-q8-weight[17 31 19]","values":323,"max_abs":1.6861064502937673e-8,"abs_budget":0.00002,"rel_budget":0.00002,"wall_ns":306436}
    vulkan_linear_q8_weight_native_test.go:68: Q8_WEIGHT_QUALITY {"max_original_f32_abs":0.0005841865778846711,"reference_rms":0.07847321789519278,"rms_error":0.00017293649306835698,"rms_ratio":0.002203764516185986,"shape":[17,31,19],"values":323}
    vulkan_linear_q8_weight_native_test.go:56: NATIVE_METRIC {"name":"linear-q8-weight[33 65 63]","values":2079,"max_abs":5.291864065004592e-8,"abs_budget":0.00002,"rel_budget":0.00002,"wall_ns":341340}
    vulkan_linear_q8_weight_native_test.go:68: Q8_WEIGHT_QUALITY {"max_original_f32_abs":0.000922003920534431,"reference_rms":0.08978778022600287,"rms_error":0.0002614001202831686,"rms_ratio":0.002911310644112195,"shape":[33,65,63],"values":2079}
    vulkan_linear_q8_weight_native_test.go:56: NATIVE_METRIC {"name":"linear-q8-weight[3 384 9]","values":27,"max_abs":1.5272449888081852e-7,"abs_budget":0.00002,"rel_budget":0.00002,"wall_ns":419650}
    vulkan_linear_q8_weight_native_test.go:68: Q8_WEIGHT_QUALITY {"max_original_f32_abs":0.0018743932616051284,"reference_rms":0.18890645424858046,"rms_error":0.0006972513352145762,"rms_ratio":0.0036909873619091326,"shape":[3,384,9],"values":27}
    vulkan_linear_q8_weight_native_test.go:56: NATIVE_METRIC {"name":"linear-q8-weight[2 1280 7]","values":14,"max_abs":2.154904371054478e-7,"abs_budget":0.00002,"rel_budget":0.00002,"wall_ns":462969}
    vulkan_linear_q8_weight_native_test.go:68: Q8_WEIGHT_QUALITY {"max_original_f32_abs":0.0032398310119566565,"reference_rms":0.20509059430642113,"rms_error":0.0013450323500911986,"rms_ratio":0.006558235177190119,"shape":[2,1280,7],"values":14}
    vulkan_linear_q8_weight_native_test.go:171: Q8_WEIGHT_TIMING {"device":"Intel(R) Iris(R) Xe Graphics (RPL-P)","f32_regtile_vs_f32":2.060088906697553,"f32_weight_bytes":6553600,"gpu_timestamps":false,"max_dequant_f32_baseline_abs":{"f32_regtile":0,"q8_weight":7.748603820800781e-7},"median_ns":{"f32":28750094,"f32_regtile":13955754,"q8_weight":13451812},"q8_storage_bytes":1643520,"q8_vs_f32":2.137265522295435,"q8_vs_f32_regtile":1.0374627596639026,"shape":[1500,1280,1280]}
    vulkan_linear_q8_weight_native_test.go:171: Q8_WEIGHT_TIMING {"device":"Intel(R) Iris(R) Xe Graphics (RPL-P)","f32_regtile_vs_f32":2.1327111556793468,"f32_weight_bytes":26214400,"gpu_timestamps":false,"max_dequant_f32_baseline_abs":{"f32_regtile":0,"q8_weight":8.940696716308594e-7},"median_ns":{"f32":115254863,"f32_regtile":54041478,"q8_weight":51799077},"q8_storage_bytes":6574080,"q8_vs_f32":2.2250370021071997,"q8_vs_f32_regtile":1.0432903659654014,"shape":[1500,1280,5120]}
    vulkan_linear_q8_weight_native_test.go:171: Q8_WEIGHT_TIMING {"device":"Intel(R) Iris(R) Xe Graphics (RPL-P)","f32_regtile_vs_f32":2.135046721621875,"f32_weight_bytes":26214400,"gpu_timestamps":false,"max_dequant_f32_baseline_abs":{"f32_regtile":0,"q8_weight":0.000003039836883544922},"median_ns":{"f32":115105732,"f32_regtile":53912512,"q8_weight":51853648},"q8_storage_bytes":6558720,"q8_vs_f32":2.2198193654571807,"q8_vs_f32_regtile":1.0397052874659851,"shape":[1500,5120,1280]}
--- PASS: TestVulkanNativeLinearQ8Weight (5.41s)
PASS
ok  	github.com/rcarmo/go-pherence/backends/vulkan	5.430s
