=== PERMANENT RUN 1 ===
=== RUN   TestVulkanNativeLinearQ8Weight
    vulkan_linear_q8_weight_native_test.go:56: NATIVE_METRIC {"name":"linear-q8-weight[1 1 1]","values":1,"max_abs":2.7019737558475754e-9,"abs_budget":0.00002,"rel_budget":0.00002,"wall_ns":1216643}
    vulkan_linear_q8_weight_native_test.go:68: Q8_WEIGHT_QUALITY {"max_original_f32_abs":2.7019737558475754e-9,"reference_rms":0.0915601504046677,"rms_error":2.7019737558475754e-9,"rms_ratio":2.951036825415514e-8,"shape":[1,1,1],"values":1}
    vulkan_linear_q8_weight_native_test.go:56: NATIVE_METRIC {"name":"linear-q8-weight[2 3 5]","values":10,"max_abs":3.0013824481311957e-9,"abs_budget":0.00002,"rel_budget":0.00002,"wall_ns":380288}
    vulkan_linear_q8_weight_native_test.go:68: Q8_WEIGHT_QUALITY {"max_original_f32_abs":0.00009462221769851453,"reference_rms":0.07845186860287282,"rms_error":0.000043655997409934384,"rms_ratio":0.0005564685480077367,"shape":[2,3,5],"values":10}
    vulkan_linear_q8_weight_native_test.go:56: NATIVE_METRIC {"name":"linear-q8-weight[15 16 17]","values":255,"max_abs":1.2239542074299337e-8,"abs_budget":0.00002,"rel_budget":0.00002,"wall_ns":409258}
    vulkan_linear_q8_weight_native_test.go:68: Q8_WEIGHT_QUALITY {"max_original_f32_abs":0.00032937720711515017,"reference_rms":0.071185723261298,"rms_error":0.00012041267359226949,"rms_ratio":0.0016915284143461814,"shape":[15,16,17],"values":255}
    vulkan_linear_q8_weight_native_test.go:56: NATIVE_METRIC {"name":"linear-q8-weight[17 31 19]","values":323,"max_abs":1.6861064502937673e-8,"abs_budget":0.00002,"rel_budget":0.00002,"wall_ns":311436}
    vulkan_linear_q8_weight_native_test.go:68: Q8_WEIGHT_QUALITY {"max_original_f32_abs":0.0005841865778846711,"reference_rms":0.07847321789519278,"rms_error":0.00017293649306835698,"rms_ratio":0.002203764516185986,"shape":[17,31,19],"values":323}
    vulkan_linear_q8_weight_native_test.go:56: NATIVE_METRIC {"name":"linear-q8-weight[33 65 63]","values":2079,"max_abs":5.291864065004592e-8,"abs_budget":0.00002,"rel_budget":0.00002,"wall_ns":481117}
    vulkan_linear_q8_weight_native_test.go:68: Q8_WEIGHT_QUALITY {"max_original_f32_abs":0.000922003920534431,"reference_rms":0.08978778022600287,"rms_error":0.0002614001202831686,"rms_ratio":0.002911310644112195,"shape":[33,65,63],"values":2079}
    vulkan_linear_q8_weight_native_test.go:56: NATIVE_METRIC {"name":"linear-q8-weight[3 384 9]","values":27,"max_abs":1.5272449888081852e-7,"abs_budget":0.00002,"rel_budget":0.00002,"wall_ns":377630}
    vulkan_linear_q8_weight_native_test.go:68: Q8_WEIGHT_QUALITY {"max_original_f32_abs":0.0018743932616051284,"reference_rms":0.18890645424858046,"rms_error":0.0006972513352145762,"rms_ratio":0.0036909873619091326,"shape":[3,384,9],"values":27}
    vulkan_linear_q8_weight_native_test.go:56: NATIVE_METRIC {"name":"linear-q8-weight[2 1280 7]","values":14,"max_abs":2.154904371054478e-7,"abs_budget":0.00002,"rel_budget":0.00002,"wall_ns":669702}
    vulkan_linear_q8_weight_native_test.go:68: Q8_WEIGHT_QUALITY {"max_original_f32_abs":0.0032398310119566565,"reference_rms":0.20509059430642113,"rms_error":0.0013450323500911986,"rms_ratio":0.006558235177190119,"shape":[2,1280,7],"values":14}
    vulkan_linear_q8_weight_native_test.go:171: Q8_WEIGHT_TIMING {"device":"Intel(R) Iris(R) Xe Graphics (RPL-P)","f32_regtile_vs_f32":2.066927682396026,"f32_weight_bytes":6553600,"gpu_timestamps":false,"max_dequant_f32_baseline_abs":{"f32_regtile":0,"q8_weight":7.748603820800781e-7},"median_ns":{"f32":28861863,"f32_regtile":13963654,"q8_weight":13458586},"q8_storage_bytes":1643520,"q8_vs_f32":2.1444944513487525,"q8_vs_f32_regtile":1.037527567903493,"shape":[1500,1280,1280]}
    vulkan_linear_q8_weight_native_test.go:171: Q8_WEIGHT_TIMING {"device":"Intel(R) Iris(R) Xe Graphics (RPL-P)","f32_regtile_vs_f32":2.1342670990674857,"f32_weight_bytes":26214400,"gpu_timestamps":false,"max_dequant_f32_baseline_abs":{"f32_regtile":0,"q8_weight":8.940696716308594e-7},"median_ns":{"f32":115180445,"f32_regtile":53967212,"q8_weight":51731640},"q8_storage_bytes":6574080,"q8_vs_f32":2.226499005250945,"q8_vs_f32_regtile":1.04321479079341,"shape":[1500,1280,5120]}
    vulkan_linear_q8_weight_native_test.go:171: Q8_WEIGHT_TIMING {"device":"Intel(R) Iris(R) Xe Graphics (RPL-P)","f32_regtile_vs_f32":2.1349226937627184,"f32_weight_bytes":26214400,"gpu_timestamps":false,"max_dequant_f32_baseline_abs":{"f32_regtile":0,"q8_weight":0.000003039836883544922},"median_ns":{"f32":115093565,"f32_regtile":53909945,"q8_weight":51814967},"q8_storage_bytes":6558720,"q8_vs_f32":2.221241692578903,"q8_vs_f32_regtile":1.0404319084097844,"shape":[1500,5120,1280]}
--- PASS: TestVulkanNativeLinearQ8Weight (5.40s)
PASS
ok  	github.com/rcarmo/go-pherence/backends/vulkan	5.428s
=== PERMANENT RUN 2 ===
=== RUN   TestVulkanNativeLinearQ8Weight
    vulkan_linear_q8_weight_native_test.go:56: NATIVE_METRIC {"name":"linear-q8-weight[1 1 1]","values":1,"max_abs":2.7019737558475754e-9,"abs_budget":0.00002,"rel_budget":0.00002,"wall_ns":1162629}
    vulkan_linear_q8_weight_native_test.go:68: Q8_WEIGHT_QUALITY {"max_original_f32_abs":2.7019737558475754e-9,"reference_rms":0.0915601504046677,"rms_error":2.7019737558475754e-9,"rms_ratio":2.951036825415514e-8,"shape":[1,1,1],"values":1}
    vulkan_linear_q8_weight_native_test.go:56: NATIVE_METRIC {"name":"linear-q8-weight[2 3 5]","values":10,"max_abs":3.0013824481311957e-9,"abs_budget":0.00002,"rel_budget":0.00002,"wall_ns":372258}
    vulkan_linear_q8_weight_native_test.go:68: Q8_WEIGHT_QUALITY {"max_original_f32_abs":0.00009462221769851453,"reference_rms":0.07845186860287282,"rms_error":0.000043655997409934384,"rms_ratio":0.0005564685480077367,"shape":[2,3,5],"values":10}
    vulkan_linear_q8_weight_native_test.go:56: NATIVE_METRIC {"name":"linear-q8-weight[15 16 17]","values":255,"max_abs":1.2239542074299337e-8,"abs_budget":0.00002,"rel_budget":0.00002,"wall_ns":227005}
    vulkan_linear_q8_weight_native_test.go:68: Q8_WEIGHT_QUALITY {"max_original_f32_abs":0.00032937720711515017,"reference_rms":0.071185723261298,"rms_error":0.00012041267359226949,"rms_ratio":0.0016915284143461814,"shape":[15,16,17],"values":255}
    vulkan_linear_q8_weight_native_test.go:56: NATIVE_METRIC {"name":"linear-q8-weight[17 31 19]","values":323,"max_abs":1.6861064502937673e-8,"abs_budget":0.00002,"rel_budget":0.00002,"wall_ns":232584}
    vulkan_linear_q8_weight_native_test.go:68: Q8_WEIGHT_QUALITY {"max_original_f32_abs":0.0005841865778846711,"reference_rms":0.07847321789519278,"rms_error":0.00017293649306835698,"rms_ratio":0.002203764516185986,"shape":[17,31,19],"values":323}
    vulkan_linear_q8_weight_native_test.go:56: NATIVE_METRIC {"name":"linear-q8-weight[33 65 63]","values":2079,"max_abs":5.291864065004592e-8,"abs_budget":0.00002,"rel_budget":0.00002,"wall_ns":334785}
    vulkan_linear_q8_weight_native_test.go:68: Q8_WEIGHT_QUALITY {"max_original_f32_abs":0.000922003920534431,"reference_rms":0.08978778022600287,"rms_error":0.0002614001202831686,"rms_ratio":0.002911310644112195,"shape":[33,65,63],"values":2079}
    vulkan_linear_q8_weight_native_test.go:56: NATIVE_METRIC {"name":"linear-q8-weight[3 384 9]","values":27,"max_abs":1.5272449888081852e-7,"abs_budget":0.00002,"rel_budget":0.00002,"wall_ns":296899}
    vulkan_linear_q8_weight_native_test.go:68: Q8_WEIGHT_QUALITY {"max_original_f32_abs":0.0018743932616051284,"reference_rms":0.18890645424858046,"rms_error":0.0006972513352145762,"rms_ratio":0.0036909873619091326,"shape":[3,384,9],"values":27}
    vulkan_linear_q8_weight_native_test.go:56: NATIVE_METRIC {"name":"linear-q8-weight[2 1280 7]","values":14,"max_abs":2.154904371054478e-7,"abs_budget":0.00002,"rel_budget":0.00002,"wall_ns":273928}
    vulkan_linear_q8_weight_native_test.go:68: Q8_WEIGHT_QUALITY {"max_original_f32_abs":0.0032398310119566565,"reference_rms":0.20509059430642113,"rms_error":0.0013450323500911986,"rms_ratio":0.006558235177190119,"shape":[2,1280,7],"values":14}
    vulkan_linear_q8_weight_native_test.go:171: Q8_WEIGHT_TIMING {"device":"Intel(R) Iris(R) Xe Graphics (RPL-P)","f32_regtile_vs_f32":2.0780163420162934,"f32_weight_bytes":6553600,"gpu_timestamps":false,"max_dequant_f32_baseline_abs":{"f32_regtile":0,"q8_weight":7.748603820800781e-7},"median_ns":{"f32":28770236,"f32_regtile":13845048,"q8_weight":13419242},"q8_storage_bytes":1643520,"q8_vs_f32":2.1439538835352994,"q8_vs_f32_regtile":1.0317310023919384,"shape":[1500,1280,1280]}
    vulkan_linear_q8_weight_native_test.go:171: Q8_WEIGHT_TIMING {"device":"Intel(R) Iris(R) Xe Graphics (RPL-P)","f32_regtile_vs_f32":2.1373487220128013,"f32_weight_bytes":26214400,"gpu_timestamps":false,"max_dequant_f32_baseline_abs":{"f32_regtile":0,"q8_weight":8.940696716308594e-7},"median_ns":{"f32":115228584,"f32_regtile":53911925,"q8_weight":51737615},"q8_storage_bytes":6574080,"q8_vs_f32":2.2271723194043638,"q8_vs_f32_regtile":1.0420257099211085,"shape":[1500,1280,5120]}
    vulkan_linear_q8_weight_native_test.go:171: Q8_WEIGHT_TIMING {"device":"Intel(R) Iris(R) Xe Graphics (RPL-P)","f32_regtile_vs_f32":2.1335632011545216,"f32_weight_bytes":26214400,"gpu_timestamps":false,"max_dequant_f32_baseline_abs":{"f32_regtile":0,"q8_weight":0.000003039836883544922},"median_ns":{"f32":115218022,"f32_regtile":54002629,"q8_weight":51871668},"q8_storage_bytes":6558720,"q8_vs_f32":2.2212129750676226,"q8_vs_f32_regtile":1.0410814049781472,"shape":[1500,5120,1280]}
--- PASS: TestVulkanNativeLinearQ8Weight (5.41s)
PASS
ok  	github.com/rcarmo/go-pherence/backends/vulkan	5.440s
=== PERMANENT RUN 3 ===
=== RUN   TestVulkanNativeLinearQ8Weight
    vulkan_linear_q8_weight_native_test.go:56: NATIVE_METRIC {"name":"linear-q8-weight[1 1 1]","values":1,"max_abs":2.7019737558475754e-9,"abs_budget":0.00002,"rel_budget":0.00002,"wall_ns":1178333}
    vulkan_linear_q8_weight_native_test.go:68: Q8_WEIGHT_QUALITY {"max_original_f32_abs":2.7019737558475754e-9,"reference_rms":0.0915601504046677,"rms_error":2.7019737558475754e-9,"rms_ratio":2.951036825415514e-8,"shape":[1,1,1],"values":1}
    vulkan_linear_q8_weight_native_test.go:56: NATIVE_METRIC {"name":"linear-q8-weight[2 3 5]","values":10,"max_abs":3.0013824481311957e-9,"abs_budget":0.00002,"rel_budget":0.00002,"wall_ns":308970}
    vulkan_linear_q8_weight_native_test.go:68: Q8_WEIGHT_QUALITY {"max_original_f32_abs":0.00009462221769851453,"reference_rms":0.07845186860287282,"rms_error":0.000043655997409934384,"rms_ratio":0.0005564685480077367,"shape":[2,3,5],"values":10}
    vulkan_linear_q8_weight_native_test.go:56: NATIVE_METRIC {"name":"linear-q8-weight[15 16 17]","values":255,"max_abs":1.2239542074299337e-8,"abs_budget":0.00002,"rel_budget":0.00002,"wall_ns":180649}
    vulkan_linear_q8_weight_native_test.go:68: Q8_WEIGHT_QUALITY {"max_original_f32_abs":0.00032937720711515017,"reference_rms":0.071185723261298,"rms_error":0.00012041267359226949,"rms_ratio":0.0016915284143461814,"shape":[15,16,17],"values":255}
    vulkan_linear_q8_weight_native_test.go:56: NATIVE_METRIC {"name":"linear-q8-weight[17 31 19]","values":323,"max_abs":1.6861064502937673e-8,"abs_budget":0.00002,"rel_budget":0.00002,"wall_ns":305100}
    vulkan_linear_q8_weight_native_test.go:68: Q8_WEIGHT_QUALITY {"max_original_f32_abs":0.0005841865778846711,"reference_rms":0.07847321789519278,"rms_error":0.00017293649306835698,"rms_ratio":0.002203764516185986,"shape":[17,31,19],"values":323}
    vulkan_linear_q8_weight_native_test.go:56: NATIVE_METRIC {"name":"linear-q8-weight[33 65 63]","values":2079,"max_abs":5.291864065004592e-8,"abs_budget":0.00002,"rel_budget":0.00002,"wall_ns":270742}
    vulkan_linear_q8_weight_native_test.go:68: Q8_WEIGHT_QUALITY {"max_original_f32_abs":0.000922003920534431,"reference_rms":0.08978778022600287,"rms_error":0.0002614001202831686,"rms_ratio":0.002911310644112195,"shape":[33,65,63],"values":2079}
    vulkan_linear_q8_weight_native_test.go:56: NATIVE_METRIC {"name":"linear-q8-weight[3 384 9]","values":27,"max_abs":1.5272449888081852e-7,"abs_budget":0.00002,"rel_budget":0.00002,"wall_ns":519249}
    vulkan_linear_q8_weight_native_test.go:68: Q8_WEIGHT_QUALITY {"max_original_f32_abs":0.0018743932616051284,"reference_rms":0.18890645424858046,"rms_error":0.0006972513352145762,"rms_ratio":0.0036909873619091326,"shape":[3,384,9],"values":27}
    vulkan_linear_q8_weight_native_test.go:56: NATIVE_METRIC {"name":"linear-q8-weight[2 1280 7]","values":14,"max_abs":2.154904371054478e-7,"abs_budget":0.00002,"rel_budget":0.00002,"wall_ns":354908}
    vulkan_linear_q8_weight_native_test.go:68: Q8_WEIGHT_QUALITY {"max_original_f32_abs":0.0032398310119566565,"reference_rms":0.20509059430642113,"rms_error":0.0013450323500911986,"rms_ratio":0.006558235177190119,"shape":[2,1280,7],"values":14}
    vulkan_linear_q8_weight_native_test.go:171: Q8_WEIGHT_TIMING {"device":"Intel(R) Iris(R) Xe Graphics (RPL-P)","f32_regtile_vs_f32":2.0605684252003713,"f32_weight_bytes":6553600,"gpu_timestamps":false,"max_dequant_f32_baseline_abs":{"f32_regtile":0,"q8_weight":7.748603820800781e-7},"median_ns":{"f32":28845374,"f32_regtile":13998746,"q8_weight":13514866},"q8_storage_bytes":1643520,"q8_vs_f32":2.134344062308868,"q8_vs_f32_regtile":1.035803536638839,"shape":[1500,1280,1280]}
    vulkan_linear_q8_weight_native_test.go:171: Q8_WEIGHT_TIMING {"device":"Intel(R) Iris(R) Xe Graphics (RPL-P)","f32_regtile_vs_f32":2.1366375336376224,"f32_weight_bytes":26214400,"gpu_timestamps":false,"max_dequant_f32_baseline_abs":{"f32_regtile":0,"q8_weight":8.940696716308594e-7},"median_ns":{"f32":115232706,"f32_regtile":53931799,"q8_weight":51738345},"q8_storage_bytes":6574080,"q8_vs_f32":2.2272205653273214,"q8_vs_f32_regtile":1.042395132662245,"shape":[1500,1280,5120]}
    vulkan_linear_q8_weight_native_test.go:171: Q8_WEIGHT_TIMING {"device":"Intel(R) Iris(R) Xe Graphics (RPL-P)","f32_regtile_vs_f32":2.1352750985804594,"f32_weight_bytes":26214400,"gpu_timestamps":false,"max_dequant_f32_baseline_abs":{"f32_regtile":0,"q8_weight":0.000003039836883544922},"median_ns":{"f32":115104069,"f32_regtile":53905967,"q8_weight":51894070},"q8_storage_bytes":6558720,"q8_vs_f32":2.218058229003815,"q8_vs_f32_regtile":1.0387693044696629,"shape":[1500,5120,1280]}
--- PASS: TestVulkanNativeLinearQ8Weight (5.38s)
PASS
ok  	github.com/rcarmo/go-pherence/backends/vulkan	5.414s
