=== RUN   TestVulkanNativeQ5IntegerTrained
=== RUN   TestVulkanNativeQ5IntegerTrained/encoder.blocks.0.mlp.0.weight
    vulkan_q5_integer_trained_native_test.go:138: INTDOT_TRAINED_DRIFT tensor=encoder.blocks.0.mlp.0.weight values=7680000 scalarChecked=6 maxAbs=0.00889658928 meanAbs=0.000717285026
    vulkan_q5_integer_trained_native_test.go:153: INTDOT_TRAINED_SAMPLE tensor=encoder.blocks.0.mlp.0.weight repeat=0 baseline=0.032752993 candidate=0.022945073
    vulkan_q5_integer_trained_native_test.go:153: INTDOT_TRAINED_SAMPLE tensor=encoder.blocks.0.mlp.0.weight repeat=1 baseline=0.033302701 candidate=0.022892030
    vulkan_q5_integer_trained_native_test.go:153: INTDOT_TRAINED_SAMPLE tensor=encoder.blocks.0.mlp.0.weight repeat=2 baseline=0.032863401 candidate=0.022708061
    vulkan_q5_integer_trained_native_test.go:153: INTDOT_TRAINED_SAMPLE tensor=encoder.blocks.0.mlp.0.weight repeat=3 baseline=0.032934279 candidate=0.022549251
    vulkan_q5_integer_trained_native_test.go:153: INTDOT_TRAINED_SAMPLE tensor=encoder.blocks.0.mlp.0.weight repeat=4 baseline=0.032978762 candidate=0.022514330
=== RUN   TestVulkanNativeQ5IntegerTrained/encoder.blocks.0.mlp.2.weight
    vulkan_q5_integer_trained_native_test.go:138: INTDOT_TRAINED_DRIFT tensor=encoder.blocks.0.mlp.2.weight values=1920000 scalarChecked=6 maxAbs=0.0293309093 meanAbs=0.00456083748
    vulkan_q5_integer_trained_native_test.go:153: INTDOT_TRAINED_SAMPLE tensor=encoder.blocks.0.mlp.2.weight repeat=0 baseline=0.033867386 candidate=0.024116137
    vulkan_q5_integer_trained_native_test.go:153: INTDOT_TRAINED_SAMPLE tensor=encoder.blocks.0.mlp.2.weight repeat=1 baseline=0.033939862 candidate=0.023358636
    vulkan_q5_integer_trained_native_test.go:153: INTDOT_TRAINED_SAMPLE tensor=encoder.blocks.0.mlp.2.weight repeat=2 baseline=0.033860176 candidate=0.023131098
    vulkan_q5_integer_trained_native_test.go:153: INTDOT_TRAINED_SAMPLE tensor=encoder.blocks.0.mlp.2.weight repeat=3 baseline=0.033857356 candidate=0.024196324
    vulkan_q5_integer_trained_native_test.go:153: INTDOT_TRAINED_SAMPLE tensor=encoder.blocks.0.mlp.2.weight repeat=4 baseline=0.033753986 candidate=0.022921934
--- PASS: TestVulkanNativeQ5IntegerTrained (1.38s)
    --- PASS: TestVulkanNativeQ5IntegerTrained/encoder.blocks.0.mlp.0.weight (0.55s)
    --- PASS: TestVulkanNativeQ5IntegerTrained/encoder.blocks.0.mlp.2.weight (0.42s)
=== RUN   TestVulkanNativeIntegerQ8Oracle
    vulkan_q8_integer_oracle_test.go:209: Q8_ORACLE blocks=205 words=1845 repeat=5 Q5Q8 outputs exact; ties=nearest-even explicit diagnostic
--- PASS: TestVulkanNativeIntegerQ8Oracle (0.01s)
=== RUN   TestVulkanNativeQ8InvalidBlocks
    vulkan_q8_invalid_native_test.go:59: invalid NaN/Inf/extreme/underflow rejected via NaN marker
--- PASS: TestVulkanNativeQ8InvalidBlocks (0.00s)
=== RUN   TestVulkanNativeQ8OriginalBytes
=== RUN   TestVulkanNativeQ8OriginalBytes/ff-norm
    vulkan_q8_original_native_test.go:116: ORIGINAL_Q8_BYTES fixture=ff-norm subgroup=0 blocks=60000 differentQuantWords=0 differentD=0 differentSum=0
    vulkan_q8_original_native_test.go:116: ORIGINAL_Q8_BYTES fixture=ff-norm subgroup=1 blocks=60000 differentQuantWords=0 differentD=0 differentSum=0
=== RUN   TestVulkanNativeQ8OriginalBytes/tmp-ff
    vulkan_q8_original_native_test.go:116: ORIGINAL_Q8_BYTES fixture=tmp-ff subgroup=0 blocks=240000 differentQuantWords=0 differentD=0 differentSum=0
    vulkan_q8_original_native_test.go:116: ORIGINAL_Q8_BYTES fixture=tmp-ff subgroup=1 blocks=240000 differentQuantWords=0 differentD=0 differentSum=0
--- PASS: TestVulkanNativeQ8OriginalBytes (0.12s)
    --- PASS: TestVulkanNativeQ8OriginalBytes/ff-norm (0.03s)
    --- PASS: TestVulkanNativeQ8OriginalBytes/tmp-ff (0.08s)
PASS
