go test ./docs -run '^TestModelLayout' -count=1
ok  	github.com/rcarmo/go-pherence/docs	5.493s
bun test scripts/model-layout.test.ts
bun test v1.4.2 (744846f84)

scripts/model-layout.test.ts:
(pass) source is singular and checkpoint roots are ignored [31.87ms]
(pass) Make defaults to checkpoints and honours explicit/legacy overrides [4.44ms]
(pass) standard Make gates enforce the layout before broad validation [9.71ms]
(pass) GitHub workflow runs the no-weights documentation and layout gate [0.24ms]
(pass) Python asset helpers use checkpoints by default and preserve path overrides [116.16ms]

 5 pass
 0 fail
 3087 expect() calls
Ran 5 tests across 1 file. [172.00ms]
bun test scripts/check-doc-links.test.ts
bun test v1.4.2 (744846f84)

scripts/check-doc-links.test.ts:
(pass) checks inline, reference, image and HTML targets [0.29ms]
(pass) ignores external links, fragments and fenced examples [0.04ms]

 2 pass
 0 fail
 2 expect() calls
Ran 2 tests across 1 file. [10.00ms]
bun run scripts/check-doc-links.ts
Checked 535 Markdown files (tracked + new); broken links: 0
go test ./docs -count=1
ok  	github.com/rcarmo/go-pherence/docs	5.495s
STATE_DOC_FINAL_PASS
