=== RUN   TestWhisperCommonStateDiagnostic
    state_parity_diagnostic_test.go:31: LEGACY_LOAD seconds=2.84753277 storage=2008 tensors=587 pin=394221709cd5ad1f40c46e6031ca61bce88931e6e088c188294c6d5a55ffa7e2 explicit_widened_values=true
    state_parity_diagnostic_test.go:55: STATE_EXPORT path=/var/home/agent/workspace/tmp/whisper-vad-parity-20261001/state-go-common-qkv-mel.f32 count=384000 sha=c54773d2b5488f77e8d03b77ddbc837dace8ba5e3d7ee97373dd845c3d41efdf
    state_parity_diagnostic_test.go:55: STATE_EXPORT path=/var/home/agent/workspace/tmp/whisper-vad-parity-20261001/state-go-common-qkv-hidden.f32 count=1920000 sha=d9a1b08e15847fbcad678ec62f20a99c64bdefc272553605a8330013b57aa981
    state_parity_diagnostic_test.go:55: STATE_EXPORT path=/var/home/agent/workspace/tmp/whisper-vad-parity-20261001/state-go-common-qkv-common-attention-f32.f32 count=1920000 sha=91b3e0f5009e5487cfe930bfbc259a58b55cf3cbe5674eb29e542a78e2bd0af8
    state_parity_diagnostic_test.go:55: STATE_EXPORT path=/var/home/agent/workspace/tmp/whisper-vad-parity-20261001/state-go-common-qkv-common-attention-kv-f16.f32 count=1920000 sha=cb74b7ac2472fe446a7a177230fc3e24c25fe755d9faa5a7193fceab62269faf
    state_parity_diagnostic_test.go:55: STATE_EXPORT path=/var/home/agent/workspace/tmp/whisper-vad-parity-20261001/state-go-common-qkv-common-attention-qkv-f16.f32 count=1920000 sha=2c34efa08a8f70c69f619fd13edfdc1ecbd8039250f26588dd470a287007256d
    state_parity_diagnostic_test.go:55: STATE_EXPORT path=/var/home/agent/workspace/tmp/whisper-vad-parity-20261001/state-go-common-qkv-original-mel-hidden.f32 count=1920000 sha=31237d176621e31a2d55749fe7da46e46c855d48259ff42ab2e5bdf7c106d0ae
    state_parity_diagnostic_test.go:55: STATE_EXPORT path=/var/home/agent/workspace/tmp/whisper-vad-parity-20261001/state-go-common-qkv-own-logits-0.f32 count=51866 sha=0578a7f5c22894aab4bc0bca0f11d11e0797b89a464ee051319bffbac26520b5
    state_parity_diagnostic_test.go:55: STATE_EXPORT path=/var/home/agent/workspace/tmp/whisper-vad-parity-20261001/state-go-common-qkv-own-logits-1.f32 count=51866 sha=cfa2f5b1bbed49ffa27a98febef8c1872c419475371b8c3af79e46e4de84f528
    state_parity_diagnostic_test.go:55: STATE_EXPORT path=/var/home/agent/workspace/tmp/whisper-vad-parity-20261001/state-go-common-qkv-own-logits-2.f32 count=51866 sha=1508eba9f95e9f5bf2cb52149d8eff8e55b058fae115662f2cb963ad20d651f7
    state_parity_diagnostic_test.go:55: STATE_EXPORT path=/var/home/agent/workspace/tmp/whisper-vad-parity-20261001/state-go-common-qkv-own-logits-3.f32 count=51866 sha=6fb1f5aab198819354534da2a44c642cb9a93877c74831c11734e258fcb50706
    state_parity_diagnostic_test.go:55: STATE_EXPORT path=/var/home/agent/workspace/tmp/whisper-vad-parity-20261001/state-go-common-qkv-own-logits-4.f32 count=51866 sha=72b6e95d76356ef4a13cdf303782e1f269450b0fe8624336eda9555a9ae50093
    state_parity_diagnostic_test.go:55: STATE_EXPORT path=/var/home/agent/workspace/tmp/whisper-vad-parity-20261001/state-go-common-qkv-own-logits-5.f32 count=51866 sha=719a40aec644d1aebc0a4f6b18e8c0ff2cb04a00fefc14489e64334fa5c8b334
    state_parity_diagnostic_test.go:55: STATE_EXPORT path=/var/home/agent/workspace/tmp/whisper-vad-parity-20261001/state-go-common-qkv-own-logits-6.f32 count=51866 sha=e956df4041ee1a63be3193b2530426f985e9ca3b325d5447f37132e1e1adebad
    state_parity_diagnostic_test.go:55: STATE_EXPORT path=/var/home/agent/workspace/tmp/whisper-vad-parity-20261001/state-go-common-qkv-own-logits-7.f32 count=51866 sha=c60ba7df199bfb2ce649f46b2b49c917e62a7d4b0d865aebfabcf27c5f8c5ce2
    state_parity_diagnostic_test.go:55: STATE_EXPORT path=/var/home/agent/workspace/tmp/whisper-vad-parity-20261001/state-go-common-qkv-own-logits-8.f32 count=51866 sha=2b8d8ca9b94d0bc4a983b716558d52664ae0ee13694dd3b14b8b3269017bd389
    state_parity_diagnostic_test.go:55: STATE_EXPORT path=/var/home/agent/workspace/tmp/whisper-vad-parity-20261001/state-go-common-qkv-own-logits-9.f32 count=51866 sha=3955c011264d872863c1c064a29d68bf189a4a8588b5dc65ce34df39da67ebbd
    state_parity_diagnostic_test.go:55: STATE_EXPORT path=/var/home/agent/workspace/tmp/whisper-vad-parity-20261001/state-go-common-qkv-own-logits-10.f32 count=51866 sha=976af7d00bd49454d63bebf2450c04771d58bbe49d5b6102092b21ee9785b955
    state_parity_diagnostic_test.go:55: STATE_EXPORT path=/var/home/agent/workspace/tmp/whisper-vad-parity-20261001/state-go-common-qkv-own-logits-11.f32 count=51866 sha=2e0f35dc619ad44c8a27ae8842b5011f168075b7f144267d667745caa0154958
    state_parity_diagnostic_test.go:55: STATE_EXPORT path=/var/home/agent/workspace/tmp/whisper-vad-parity-20261001/state-go-common-qkv-own-logits-12.f32 count=51866 sha=1a13e94ab538f59b1f8b6f283cec57dd9237bb280757d3eb6069fdcb07d8afa7
    state_parity_diagnostic_test.go:55: STATE_EXPORT path=/var/home/agent/workspace/tmp/whisper-vad-parity-20261001/state-go-common-qkv-own-logits-13.f32 count=51866 sha=a40ed070322f018aec585a1904cfbd1ff6ae3a7f6efb992d29d326f55fb84db9
    state_parity_diagnostic_test.go:55: STATE_EXPORT path=/var/home/agent/workspace/tmp/whisper-vad-parity-20261001/state-go-common-qkv-own-logits-14.f32 count=51866 sha=62245388a776a8f2c364d376e8af057c911800bdd6332bfd09c0a9fb212fcd64
    state_parity_diagnostic_test.go:55: STATE_EXPORT path=/var/home/agent/workspace/tmp/whisper-vad-parity-20261001/state-go-common-qkv-own-logits-15.f32 count=51866 sha=9e3ca5226afc7bb0724748704524cdd12580e257b668f4b06b4e8a766e1a04fd
    state_parity_diagnostic_test.go:55: STATE_EXPORT path=/var/home/agent/workspace/tmp/whisper-vad-parity-20261001/state-go-common-qkv-own-logits-16.f32 count=51866 sha=d1c2789cbf5f3d7d35d2af4a6f867523dae6525bf3a457fa76587a8e843b37f3
    state_parity_diagnostic_test.go:55: STATE_EXPORT path=/var/home/agent/workspace/tmp/whisper-vad-parity-20261001/state-go-common-qkv-own-logits-17.f32 count=51866 sha=450e923925efaf578d33dd941be934ca7bfb347dffd70f849944569a13fba892
    state_parity_diagnostic_test.go:55: STATE_EXPORT path=/var/home/agent/workspace/tmp/whisper-vad-parity-20261001/state-go-common-qkv-own-logits-18.f32 count=51866 sha=63d447a342647dce0ae284be0a245b087f3b72d13e29cc443684d02bdd9a9e29
    state_parity_diagnostic_test.go:55: STATE_EXPORT path=/var/home/agent/workspace/tmp/whisper-vad-parity-20261001/state-go-common-qkv-own-logits-19.f32 count=51866 sha=bec85ca1bfb93cc64118712eb73a3c643375fcf446e495b9ed28667906c7f069
    state_parity_diagnostic_test.go:55: STATE_EXPORT path=/var/home/agent/workspace/tmp/whisper-vad-parity-20261001/state-go-common-qkv-own-logits-20.f32 count=51866 sha=07fb69bb6c741059db301dbe332aa1287c150f0cdf86dc10144c00f8d51b04a2
    state_parity_diagnostic_test.go:55: STATE_EXPORT path=/var/home/agent/workspace/tmp/whisper-vad-parity-20261001/state-go-common-qkv-own-logits-21.f32 count=51866 sha=9919adcb9f2210c73d757e44373531f09b06c7799c6548baaa7610fcb79a0301
    state_parity_diagnostic_test.go:55: STATE_EXPORT path=/var/home/agent/workspace/tmp/whisper-vad-parity-20261001/state-go-common-qkv-own-logits-22.f32 count=51866 sha=7daaa9a641b6eb0fc319313226c69106e7f2b5a816a09746a936f76e0db3f478
    state_parity_diagnostic_test.go:55: STATE_EXPORT path=/var/home/agent/workspace/tmp/whisper-vad-parity-20261001/state-go-common-qkv-own-logits-23.f32 count=51866 sha=8f6820c9b7dfb5c435e0f88bd8ec8e211719c040bd848464dc8713b7cc69f188
    state_parity_diagnostic_test.go:55: STATE_EXPORT path=/var/home/agent/workspace/tmp/whisper-vad-parity-20261001/state-go-common-qkv-own-logits-24.f32 count=51866 sha=d01b7530cd9c2c01f83faa776ea234fa55e2919d7baf086bd98d99faec163335
    state_parity_diagnostic_test.go:55: STATE_EXPORT path=/var/home/agent/workspace/tmp/whisper-vad-parity-20261001/state-go-common-qkv-own-logits-25.f32 count=51866 sha=d7f767f53627d51f9de393b965144f5dde7acd4c8e1ca8e54386897d7682e952
    state_parity_diagnostic_test.go:55: STATE_EXPORT path=/var/home/agent/workspace/tmp/whisper-vad-parity-20261001/state-go-common-qkv-own-logits-26.f32 count=51866 sha=c4964455ee660ec707abd4ac53c692de2c4c0255603808581c22b9d35efca251
    state_parity_diagnostic_test.go:55: STATE_EXPORT path=/var/home/agent/workspace/tmp/whisper-vad-parity-20261001/state-go-common-qkv-own-logits-27.f32 count=51866 sha=965f824d8b370d9abbb358b1b3a13abe103bb59373014914982d829e97e5bfb9
    state_parity_diagnostic_test.go:55: STATE_EXPORT path=/var/home/agent/workspace/tmp/whisper-vad-parity-20261001/state-go-common-qkv-own-logits-28.f32 count=51866 sha=c712e359470e43989af2fe8f30c061e63e74e3231da5fdbf47447896e0911e98
    state_parity_diagnostic_test.go:55: STATE_EXPORT path=/var/home/agent/workspace/tmp/whisper-vad-parity-20261001/state-go-common-qkv-own-logits-29.f32 count=51866 sha=fee1104b26debf85018215ce6e7ea86f40601a3565c06d204cf753ab0ba2091d
    state_parity_diagnostic_test.go:55: STATE_EXPORT path=/var/home/agent/workspace/tmp/whisper-vad-parity-20261001/state-go-common-qkv-own-logits-30.f32 count=51866 sha=efc7dd81ad8f62de9b8a67e00bdbab820f7db31409b258c6327558770d1dbc6f
    state_parity_diagnostic_test.go:257: COMMON_STATE mode=own final={Position:30 Input:50868 EOT:10.815668 RepeatTimestamp:10.992569}
    state_parity_diagnostic_test.go:55: STATE_EXPORT path=/var/home/agent/workspace/tmp/whisper-vad-parity-20261001/state-go-common-qkv-original-mel-logits-0.f32 count=51866 sha=28291f3fbfb2d8eafaea2400b976cfe9ec21977e6655c13ba57ebfe851e9dc71
    state_parity_diagnostic_test.go:55: STATE_EXPORT path=/var/home/agent/workspace/tmp/whisper-vad-parity-20261001/state-go-common-qkv-original-mel-logits-1.f32 count=51866 sha=afbcf39fe55aec3b34c69b1d5c89b795d190d5db7a48b90ecbcb6e63dde3894d
    state_parity_diagnostic_test.go:55: STATE_EXPORT path=/var/home/agent/workspace/tmp/whisper-vad-parity-20261001/state-go-common-qkv-original-mel-logits-2.f32 count=51866 sha=d094caf01dccc814d1791e0870a12b5e7d27978fecadd0ee4554feaa710d2a89
    state_parity_diagnostic_test.go:55: STATE_EXPORT path=/var/home/agent/workspace/tmp/whisper-vad-parity-20261001/state-go-common-qkv-original-mel-logits-3.f32 count=51866 sha=fd171d497ff325ba51b0783a6334b9f2553f607a11e56551be70efe1dc8c840c
    state_parity_diagnostic_test.go:55: STATE_EXPORT path=/var/home/agent/workspace/tmp/whisper-vad-parity-20261001/state-go-common-qkv-original-mel-logits-4.f32 count=51866 sha=a709b44d988adc37aea32d1c59527cad29d164489304beea4503d166274d20d6
    state_parity_diagnostic_test.go:55: STATE_EXPORT path=/var/home/agent/workspace/tmp/whisper-vad-parity-20261001/state-go-common-qkv-original-mel-logits-5.f32 count=51866 sha=cbf6af4f002ba25bf273810907521d17985b454f559080a18dd90325101e36ce
    state_parity_diagnostic_test.go:55: STATE_EXPORT path=/var/home/agent/workspace/tmp/whisper-vad-parity-20261001/state-go-common-qkv-original-mel-logits-6.f32 count=51866 sha=a73f02715b2f23084b82cf75794f8871186ec06db9e4f7034adff40a20ca5328
    state_parity_diagnostic_test.go:55: STATE_EXPORT path=/var/home/agent/workspace/tmp/whisper-vad-parity-20261001/state-go-common-qkv-original-mel-logits-7.f32 count=51866 sha=f4a8de10535be702748cc05f4b21603a4caec58ce5195e252fcfa4ee52b71168
    state_parity_diagnostic_test.go:55: STATE_EXPORT path=/var/home/agent/workspace/tmp/whisper-vad-parity-20261001/state-go-common-qkv-original-mel-logits-8.f32 count=51866 sha=0e7c8d2cb9c13a81c583b42c9116cd41025336902f4e8bb733067ca706f3fcea
    state_parity_diagnostic_test.go:55: STATE_EXPORT path=/var/home/agent/workspace/tmp/whisper-vad-parity-20261001/state-go-common-qkv-original-mel-logits-9.f32 count=51866 sha=834908e1393014a0d74650fe74865058ebd5ab04db7b50a96638aab4f4e00d8e
    state_parity_diagnostic_test.go:55: STATE_EXPORT path=/var/home/agent/workspace/tmp/whisper-vad-parity-20261001/state-go-common-qkv-original-mel-logits-10.f32 count=51866 sha=139d885c9905ef3c4db07e0058ebdead6fbc408cf786fb9b2463cc2dd44f1235
    state_parity_diagnostic_test.go:55: STATE_EXPORT path=/var/home/agent/workspace/tmp/whisper-vad-parity-20261001/state-go-common-qkv-original-mel-logits-11.f32 count=51866 sha=b8abdc8f5448a41b5954200fe5e028d8609dc1a372da6ab2b1625c8e29eb023a
    state_parity_diagnostic_test.go:55: STATE_EXPORT path=/var/home/agent/workspace/tmp/whisper-vad-parity-20261001/state-go-common-qkv-original-mel-logits-12.f32 count=51866 sha=b2539e49341399d98d823ce6f0a332871bc2e956e54290e20930445c6e20346b
    state_parity_diagnostic_test.go:55: STATE_EXPORT path=/var/home/agent/workspace/tmp/whisper-vad-parity-20261001/state-go-common-qkv-original-mel-logits-13.f32 count=51866 sha=a1f9b38f2178fb49e9ff28489abf24113d29c03809d68075057047c72730d1ce
    state_parity_diagnostic_test.go:55: STATE_EXPORT path=/var/home/agent/workspace/tmp/whisper-vad-parity-20261001/state-go-common-qkv-original-mel-logits-14.f32 count=51866 sha=8baf004b44e9ba1c958543f061b9320daca586e01ff9b020ed4314604c0b3aa5
    state_parity_diagnostic_test.go:55: STATE_EXPORT path=/var/home/agent/workspace/tmp/whisper-vad-parity-20261001/state-go-common-qkv-original-mel-logits-15.f32 count=51866 sha=987e31b4ee61cd52b3c00d91306705a427da03562476e5d9d4d7701c9903910f
    state_parity_diagnostic_test.go:55: STATE_EXPORT path=/var/home/agent/workspace/tmp/whisper-vad-parity-20261001/state-go-common-qkv-original-mel-logits-16.f32 count=51866 sha=2c7f867359a5a4b35019d349e92769ef3d97e5cf7c8974d4c0765d0368ca00fe
    state_parity_diagnostic_test.go:55: STATE_EXPORT path=/var/home/agent/workspace/tmp/whisper-vad-parity-20261001/state-go-common-qkv-original-mel-logits-17.f32 count=51866 sha=3bfc4608dbd280ec5666bc17f825c56cb61e2f746776ab39aef900366080b2ad
    state_parity_diagnostic_test.go:55: STATE_EXPORT path=/var/home/agent/workspace/tmp/whisper-vad-parity-20261001/state-go-common-qkv-original-mel-logits-18.f32 count=51866 sha=de0ecadc1ab39d2281dd776b5ec8a2c08130ea7d4283a42bc1d7c2f6fcd23a9b
    state_parity_diagnostic_test.go:55: STATE_EXPORT path=/var/home/agent/workspace/tmp/whisper-vad-parity-20261001/state-go-common-qkv-original-mel-logits-19.f32 count=51866 sha=a7611d55a42f2c0b26db85eca7681042bef10d5e6252a38f5b9afa1e0d40e86f
    state_parity_diagnostic_test.go:55: STATE_EXPORT path=/var/home/agent/workspace/tmp/whisper-vad-parity-20261001/state-go-common-qkv-original-mel-logits-20.f32 count=51866 sha=2ae0aa6199c4351266ed14de3b2ec5e43120c0da622825062c9c50ef326dd096
    state_parity_diagnostic_test.go:55: STATE_EXPORT path=/var/home/agent/workspace/tmp/whisper-vad-parity-20261001/state-go-common-qkv-original-mel-logits-21.f32 count=51866 sha=8686aa4a2b55dc7785d9bda400bb83272860767336f451ffa4a945333b22ce36
    state_parity_diagnostic_test.go:55: STATE_EXPORT path=/var/home/agent/workspace/tmp/whisper-vad-parity-20261001/state-go-common-qkv-original-mel-logits-22.f32 count=51866 sha=74aedee79777334942ba3cfc8198dceca535d3a3c6513fcba684ced90152ad16
    state_parity_diagnostic_test.go:55: STATE_EXPORT path=/var/home/agent/workspace/tmp/whisper-vad-parity-20261001/state-go-common-qkv-original-mel-logits-23.f32 count=51866 sha=4a20caba2bfdd67bc2cd7f14754e2bcb263cf343d8b4a51520645fcc54bcd3b7
    state_parity_diagnostic_test.go:55: STATE_EXPORT path=/var/home/agent/workspace/tmp/whisper-vad-parity-20261001/state-go-common-qkv-original-mel-logits-24.f32 count=51866 sha=71ddab27efe747aef550b806c1e490d578c78d6a85f9249eba648a816c5b46a0
    state_parity_diagnostic_test.go:55: STATE_EXPORT path=/var/home/agent/workspace/tmp/whisper-vad-parity-20261001/state-go-common-qkv-original-mel-logits-25.f32 count=51866 sha=4080678468ce2b7f61f16980c13b81c18f9370702c0dce816d11f7a023250b06
    state_parity_diagnostic_test.go:55: STATE_EXPORT path=/var/home/agent/workspace/tmp/whisper-vad-parity-20261001/state-go-common-qkv-original-mel-logits-26.f32 count=51866 sha=45c589aa411ea800f0d974130436302ec2c24ac374cc06eb945f14ae3601b59e
    state_parity_diagnostic_test.go:55: STATE_EXPORT path=/var/home/agent/workspace/tmp/whisper-vad-parity-20261001/state-go-common-qkv-original-mel-logits-27.f32 count=51866 sha=3c7b1ae0f3d91fba7222592c7ff08655dbe18d89edf58ff5596682a8cd205fc1
    state_parity_diagnostic_test.go:55: STATE_EXPORT path=/var/home/agent/workspace/tmp/whisper-vad-parity-20261001/state-go-common-qkv-original-mel-logits-28.f32 count=51866 sha=1451a32fe446608d31b5e980785cfe6da69ac761a2ea13b35477febc40bb5c46
    state_parity_diagnostic_test.go:55: STATE_EXPORT path=/var/home/agent/workspace/tmp/whisper-vad-parity-20261001/state-go-common-qkv-original-mel-logits-29.f32 count=51866 sha=2dd32d7432e4a8751b93c854e5098121507eae0306c8470d14b9f1c7a29f0440
    state_parity_diagnostic_test.go:55: STATE_EXPORT path=/var/home/agent/workspace/tmp/whisper-vad-parity-20261001/state-go-common-qkv-original-mel-logits-30.f32 count=51866 sha=9513588652818785b85986bcfb365a539d81081c842cc60e8c54ee6e8d94f854
    state_parity_diagnostic_test.go:257: COMMON_STATE mode=original-mel final={Position:30 Input:50868 EOT:10.815668 RepeatTimestamp:10.99257}
    state_parity_diagnostic_test.go:55: STATE_EXPORT path=/var/home/agent/workspace/tmp/whisper-vad-parity-20261001/state-go-common-qkv-original-hidden-logits-0.f32 count=51866 sha=f6133fe585b001c42edba74b521ce3b656936972c22588ce842e61c398b71d57
    state_parity_diagnostic_test.go:55: STATE_EXPORT path=/var/home/agent/workspace/tmp/whisper-vad-parity-20261001/state-go-common-qkv-original-hidden-logits-1.f32 count=51866 sha=09065a6bad6d80fa83f0d21861bf3438964743aaf6f1914f429f30e7c5622217
    state_parity_diagnostic_test.go:55: STATE_EXPORT path=/var/home/agent/workspace/tmp/whisper-vad-parity-20261001/state-go-common-qkv-original-hidden-logits-2.f32 count=51866 sha=17434865fe35ac4fd0c70d60868c98f2e5ff33d73f9d14e38f0ca7e55eadefaa
    state_parity_diagnostic_test.go:55: STATE_EXPORT path=/var/home/agent/workspace/tmp/whisper-vad-parity-20261001/state-go-common-qkv-original-hidden-logits-3.f32 count=51866 sha=5f230e448465bc225520a073b48b1c21722a1e46d8179217817ab85867b420fa
    state_parity_diagnostic_test.go:55: STATE_EXPORT path=/var/home/agent/workspace/tmp/whisper-vad-parity-20261001/state-go-common-qkv-original-hidden-logits-4.f32 count=51866 sha=3ea659e565a589a997e2c9fc9f02ee8de898d4558331f74f38fe9ac4c4094242
    state_parity_diagnostic_test.go:55: STATE_EXPORT path=/var/home/agent/workspace/tmp/whisper-vad-parity-20261001/state-go-common-qkv-original-hidden-logits-5.f32 count=51866 sha=8003905e37d0dc67a96453216d2d29492392cc60315cd938c85e69020887a998
    state_parity_diagnostic_test.go:55: STATE_EXPORT path=/var/home/agent/workspace/tmp/whisper-vad-parity-20261001/state-go-common-qkv-original-hidden-logits-6.f32 count=51866 sha=5cdb41a663621657b38a239f40c60682817dab37ea3e21774dc85a8c934609c1
    state_parity_diagnostic_test.go:55: STATE_EXPORT path=/var/home/agent/workspace/tmp/whisper-vad-parity-20261001/state-go-common-qkv-original-hidden-logits-7.f32 count=51866 sha=08e6406d8bffd4ca4de6c20bef72b626d5f4d408bb8481f4e2b68312647a1f5b
    state_parity_diagnostic_test.go:55: STATE_EXPORT path=/var/home/agent/workspace/tmp/whisper-vad-parity-20261001/state-go-common-qkv-original-hidden-logits-8.f32 count=51866 sha=ebe0dbbc286aa35450865352265ffde848967f469715a241ff023a7b2cadd464
    state_parity_diagnostic_test.go:55: STATE_EXPORT path=/var/home/agent/workspace/tmp/whisper-vad-parity-20261001/state-go-common-qkv-original-hidden-logits-9.f32 count=51866 sha=fe1a846a6efe6b4d52c9696fa3fe7bfb46c82fa24d35f367021b427e3e2af963
    state_parity_diagnostic_test.go:55: STATE_EXPORT path=/var/home/agent/workspace/tmp/whisper-vad-parity-20261001/state-go-common-qkv-original-hidden-logits-10.f32 count=51866 sha=c8178ec632cc5ad7ea83dc26ed4045e0889683b9d01f1337c19b41daa2cf6aac
    state_parity_diagnostic_test.go:55: STATE_EXPORT path=/var/home/agent/workspace/tmp/whisper-vad-parity-20261001/state-go-common-qkv-original-hidden-logits-11.f32 count=51866 sha=e6dfaa1d84d40cd27538b86c6329cde705fcff2ac03a803ddbb1e0dc772e1eb3
    state_parity_diagnostic_test.go:55: STATE_EXPORT path=/var/home/agent/workspace/tmp/whisper-vad-parity-20261001/state-go-common-qkv-original-hidden-logits-12.f32 count=51866 sha=dd0d3929ea2f899732df552bcf8f6089ec8ba893d9dbe4ad8b422adbbf6880d4
    state_parity_diagnostic_test.go:55: STATE_EXPORT path=/var/home/agent/workspace/tmp/whisper-vad-parity-20261001/state-go-common-qkv-original-hidden-logits-13.f32 count=51866 sha=f485b58997b5e1557099c8ff9c592ec37b5128ad5c399faa2579a5876b833232
    state_parity_diagnostic_test.go:55: STATE_EXPORT path=/var/home/agent/workspace/tmp/whisper-vad-parity-20261001/state-go-common-qkv-original-hidden-logits-14.f32 count=51866 sha=af1163a8841bdada207cad25001d335b0753adafac3c340bc1f627e58fa996bd
    state_parity_diagnostic_test.go:55: STATE_EXPORT path=/var/home/agent/workspace/tmp/whisper-vad-parity-20261001/state-go-common-qkv-original-hidden-logits-15.f32 count=51866 sha=06563a7d9c1793d992e7a0ac6a1aa99f79fcb9f66f9076de107afb8ed6d121b2
    state_parity_diagnostic_test.go:55: STATE_EXPORT path=/var/home/agent/workspace/tmp/whisper-vad-parity-20261001/state-go-common-qkv-original-hidden-logits-16.f32 count=51866 sha=3b228bf3e402320de361fb92cdc7175fff4610dfe3ae0fed7d0ec1bf6ced807c
    state_parity_diagnostic_test.go:55: STATE_EXPORT path=/var/home/agent/workspace/tmp/whisper-vad-parity-20261001/state-go-common-qkv-original-hidden-logits-17.f32 count=51866 sha=30e1a0dc718baf9d797cd240aaaf27a6cf0fefc909fabec5e105d318989d706d
    state_parity_diagnostic_test.go:55: STATE_EXPORT path=/var/home/agent/workspace/tmp/whisper-vad-parity-20261001/state-go-common-qkv-original-hidden-logits-18.f32 count=51866 sha=35a0abaa5c834360a25948842ac3604adcffa10498f40f46ed4d2cc4e9076674
    state_parity_diagnostic_test.go:55: STATE_EXPORT path=/var/home/agent/workspace/tmp/whisper-vad-parity-20261001/state-go-common-qkv-original-hidden-logits-19.f32 count=51866 sha=9a57b5eb5af8350ffe3d4d9529ba5b748d7d8179c34740cf157a139b5ee80212
    state_parity_diagnostic_test.go:55: STATE_EXPORT path=/var/home/agent/workspace/tmp/whisper-vad-parity-20261001/state-go-common-qkv-original-hidden-logits-20.f32 count=51866 sha=8b2814d815dba8b09865eeae37e7be5aafa087cba19e5c1593726f8a0461323f
    state_parity_diagnostic_test.go:55: STATE_EXPORT path=/var/home/agent/workspace/tmp/whisper-vad-parity-20261001/state-go-common-qkv-original-hidden-logits-21.f32 count=51866 sha=cccf402c1bd1ea04278509abf7f9e2a890ffaa7765e1d6e7d110eff90b7dddde
    state_parity_diagnostic_test.go:55: STATE_EXPORT path=/var/home/agent/workspace/tmp/whisper-vad-parity-20261001/state-go-common-qkv-original-hidden-logits-22.f32 count=51866 sha=2b3183e653b48fd3451ff86e9d8bf6c6ee58f340f92b7e4efa9c7ebe5de1f317
    state_parity_diagnostic_test.go:55: STATE_EXPORT path=/var/home/agent/workspace/tmp/whisper-vad-parity-20261001/state-go-common-qkv-original-hidden-logits-23.f32 count=51866 sha=30016eaa717f103b995107461f1cb33d8ba34f7dda48e328e5360463a873225f
    state_parity_diagnostic_test.go:55: STATE_EXPORT path=/var/home/agent/workspace/tmp/whisper-vad-parity-20261001/state-go-common-qkv-original-hidden-logits-24.f32 count=51866 sha=d95cb4bc7ef07c85a702335c2907401f92651a5d731314a7a697bb57a0ae2ee9
    state_parity_diagnostic_test.go:55: STATE_EXPORT path=/var/home/agent/workspace/tmp/whisper-vad-parity-20261001/state-go-common-qkv-original-hidden-logits-25.f32 count=51866 sha=a3b86f0ed3eb3ad4f7d8867fdb8f3c795681165e61c89c8956c9c535e77927ea
    state_parity_diagnostic_test.go:55: STATE_EXPORT path=/var/home/agent/workspace/tmp/whisper-vad-parity-20261001/state-go-common-qkv-original-hidden-logits-26.f32 count=51866 sha=b5e8af7009b4b9420291f0af16e0628c7e4d24146b499ad1187170acd77c50b4
    state_parity_diagnostic_test.go:55: STATE_EXPORT path=/var/home/agent/workspace/tmp/whisper-vad-parity-20261001/state-go-common-qkv-original-hidden-logits-27.f32 count=51866 sha=7cbb0cdc12bca82e2973c88f8e74fb701ddd8a92156c199a21def77ee6fb194c
    state_parity_diagnostic_test.go:55: STATE_EXPORT path=/var/home/agent/workspace/tmp/whisper-vad-parity-20261001/state-go-common-qkv-original-hidden-logits-28.f32 count=51866 sha=eb0572daeacc6cec053342e6e8858e2df751260d3aa3bce6c0bd44988ebe8f11
    state_parity_diagnostic_test.go:55: STATE_EXPORT path=/var/home/agent/workspace/tmp/whisper-vad-parity-20261001/state-go-common-qkv-original-hidden-logits-29.f32 count=51866 sha=781b974ecb007e17dd2471ae0b5779fe080aa79d8eeecd18b7d338bc76ed70ee
    state_parity_diagnostic_test.go:55: STATE_EXPORT path=/var/home/agent/workspace/tmp/whisper-vad-parity-20261001/state-go-common-qkv-original-hidden-logits-30.f32 count=51866 sha=96a42cee849d78e78524a9221cb16753e5bdd9cf711f2f5bc260ded2abe966f6
    state_parity_diagnostic_test.go:257: COMMON_STATE mode=original-hidden final={Position:30 Input:50868 EOT:10.9654455 RepeatTimestamp:10.828323}
    state_parity_diagnostic_test.go:272: STATE_COMMON_PREFIX_PASS tokens=31
--- PASS: TestWhisperCommonStateDiagnostic (17.21s)
PASS
