=== RUN   TestWhisperCommonStateDiagnostic
    state_parity_diagnostic_test.go:30: LEGACY_LOAD seconds=2.832739947 storage=2008 tensors=587 pin=394221709cd5ad1f40c46e6031ca61bce88931e6e088c188294c6d5a55ffa7e2 explicit_widened_values=true
    state_parity_diagnostic_test.go:54: STATE_EXPORT path=/var/home/agent/workspace/tmp/whisper-vad-parity-20261001/state-go-default-mel.f32 count=384000 sha=c54773d2b5488f77e8d03b77ddbc837dace8ba5e3d7ee97373dd845c3d41efdf
    state_parity_diagnostic_test.go:54: STATE_EXPORT path=/var/home/agent/workspace/tmp/whisper-vad-parity-20261001/state-go-default-hidden.f32 count=1920000 sha=d9a1b08e15847fbcad678ec62f20a99c64bdefc272553605a8330013b57aa981
    state_parity_diagnostic_test.go:54: STATE_EXPORT path=/var/home/agent/workspace/tmp/whisper-vad-parity-20261001/state-go-default-original-mel-hidden.f32 count=1920000 sha=31237d176621e31a2d55749fe7da46e46c855d48259ff42ab2e5bdf7c106d0ae
    state_parity_diagnostic_test.go:54: STATE_EXPORT path=/var/home/agent/workspace/tmp/whisper-vad-parity-20261001/state-go-default-own-logits-0.f32 count=51866 sha=0578a7f5c22894aab4bc0bca0f11d11e0797b89a464ee051319bffbac26520b5
    state_parity_diagnostic_test.go:54: STATE_EXPORT path=/var/home/agent/workspace/tmp/whisper-vad-parity-20261001/state-go-default-own-logits-1.f32 count=51866 sha=cfa2f5b1bbed49ffa27a98febef8c1872c419475371b8c3af79e46e4de84f528
    state_parity_diagnostic_test.go:54: STATE_EXPORT path=/var/home/agent/workspace/tmp/whisper-vad-parity-20261001/state-go-default-own-logits-2.f32 count=51866 sha=a3cd31d869ee3be10cd2da9c6e1b453d69a03e66a44b6c8735dde3d49abf59e6
    state_parity_diagnostic_test.go:54: STATE_EXPORT path=/var/home/agent/workspace/tmp/whisper-vad-parity-20261001/state-go-default-own-logits-3.f32 count=51866 sha=9540a22c837ca84487afa94814e2b927ba10b061f79f394b65c4be09c73324cd
    state_parity_diagnostic_test.go:54: STATE_EXPORT path=/var/home/agent/workspace/tmp/whisper-vad-parity-20261001/state-go-default-own-logits-4.f32 count=51866 sha=116ea92b27dc14ac7f5940f639714335796c3bcf33fc2013d4a6f04efc9966ab
    state_parity_diagnostic_test.go:54: STATE_EXPORT path=/var/home/agent/workspace/tmp/whisper-vad-parity-20261001/state-go-default-own-logits-5.f32 count=51866 sha=1d48d7cf6e48ce0a62b239a4974e2da41155d95e3e43eeb3ec170d8c7332e46c
    state_parity_diagnostic_test.go:54: STATE_EXPORT path=/var/home/agent/workspace/tmp/whisper-vad-parity-20261001/state-go-default-own-logits-6.f32 count=51866 sha=29a375028fc613ec981f952f34cd14fb2b844f20900a82e9ae3fc3b8550d64a7
    state_parity_diagnostic_test.go:54: STATE_EXPORT path=/var/home/agent/workspace/tmp/whisper-vad-parity-20261001/state-go-default-own-logits-7.f32 count=51866 sha=199494c5469b708830903cbe57fcd70e01b2b0c3b7d00454020321e8bbdf1638
    state_parity_diagnostic_test.go:54: STATE_EXPORT path=/var/home/agent/workspace/tmp/whisper-vad-parity-20261001/state-go-default-own-logits-8.f32 count=51866 sha=3bd65a0b31780344b28cd023b331667874a3bfefcabf90ad2c12cab66de7b3e0
    state_parity_diagnostic_test.go:54: STATE_EXPORT path=/var/home/agent/workspace/tmp/whisper-vad-parity-20261001/state-go-default-own-logits-9.f32 count=51866 sha=ad157de0f92bde1cc5839d7780c2a39993c6b1e53e83f7063d311e7234822420
    state_parity_diagnostic_test.go:54: STATE_EXPORT path=/var/home/agent/workspace/tmp/whisper-vad-parity-20261001/state-go-default-own-logits-10.f32 count=51866 sha=fd40e0aaf0c0f34ad16104035c320c958ad264bb5c62618467b8fda141263926
    state_parity_diagnostic_test.go:54: STATE_EXPORT path=/var/home/agent/workspace/tmp/whisper-vad-parity-20261001/state-go-default-own-logits-11.f32 count=51866 sha=dcce6b1c2af47b3094f0c403a855af63a9a50be7d237809f6316b26c6397fbb9
    state_parity_diagnostic_test.go:54: STATE_EXPORT path=/var/home/agent/workspace/tmp/whisper-vad-parity-20261001/state-go-default-own-logits-12.f32 count=51866 sha=d1c167a82748be14e1cda05135812d9980a0f79cdf7e16d8cf64fce6d6445ad0
    state_parity_diagnostic_test.go:54: STATE_EXPORT path=/var/home/agent/workspace/tmp/whisper-vad-parity-20261001/state-go-default-own-logits-13.f32 count=51866 sha=6bf99e589dbab6563f4afba1f898c5d3da5132c7fd1b678f1711c93ba95e9e90
    state_parity_diagnostic_test.go:54: STATE_EXPORT path=/var/home/agent/workspace/tmp/whisper-vad-parity-20261001/state-go-default-own-logits-14.f32 count=51866 sha=5e2c70079d41b33a1cfc2bccfb67fdd6768b1263189007c87f970cc485068f5b
    state_parity_diagnostic_test.go:54: STATE_EXPORT path=/var/home/agent/workspace/tmp/whisper-vad-parity-20261001/state-go-default-own-logits-15.f32 count=51866 sha=5e2c07e609efa6fc85f62ab65a6968ccd8f73e0506da4743b66aa7e22da86c3e
    state_parity_diagnostic_test.go:54: STATE_EXPORT path=/var/home/agent/workspace/tmp/whisper-vad-parity-20261001/state-go-default-own-logits-16.f32 count=51866 sha=43b75ca3880bfbb054efbcdfd3fb28dfab6d8515a416946564f33e7ecc7a269a
    state_parity_diagnostic_test.go:54: STATE_EXPORT path=/var/home/agent/workspace/tmp/whisper-vad-parity-20261001/state-go-default-own-logits-17.f32 count=51866 sha=55f7f01dad892b35427576e36dda9e2eeb3d57c24ad5f82527b6f287064f220d
    state_parity_diagnostic_test.go:54: STATE_EXPORT path=/var/home/agent/workspace/tmp/whisper-vad-parity-20261001/state-go-default-own-logits-18.f32 count=51866 sha=9697ba503c921561d3e6b2931a0707dfd991aad446605094d93c153c6b4100f3
    state_parity_diagnostic_test.go:54: STATE_EXPORT path=/var/home/agent/workspace/tmp/whisper-vad-parity-20261001/state-go-default-own-logits-19.f32 count=51866 sha=719bc4e0a6969326e504bb0504a50c06ccf92832e080f30fa98d689ff9985cf1
    state_parity_diagnostic_test.go:54: STATE_EXPORT path=/var/home/agent/workspace/tmp/whisper-vad-parity-20261001/state-go-default-own-logits-20.f32 count=51866 sha=d314335bf19c4b876bc312ddf2f3124f1c2d7032ae2ff78e4d35a41997bb14af
    state_parity_diagnostic_test.go:54: STATE_EXPORT path=/var/home/agent/workspace/tmp/whisper-vad-parity-20261001/state-go-default-own-logits-21.f32 count=51866 sha=225de437ff4ffc76fc24b75b61e40f234feb2a233687654fa1b128b3e4614885
    state_parity_diagnostic_test.go:54: STATE_EXPORT path=/var/home/agent/workspace/tmp/whisper-vad-parity-20261001/state-go-default-own-logits-22.f32 count=51866 sha=774b8e239424a2cd0c5bafd622ea0c439825752aec2ca03536541acba18916e1
    state_parity_diagnostic_test.go:54: STATE_EXPORT path=/var/home/agent/workspace/tmp/whisper-vad-parity-20261001/state-go-default-own-logits-23.f32 count=51866 sha=d6307f3324ecf4eb8462e19aeec2f60bd578f1030693bf9b8af950be21fbc859
    state_parity_diagnostic_test.go:54: STATE_EXPORT path=/var/home/agent/workspace/tmp/whisper-vad-parity-20261001/state-go-default-own-logits-24.f32 count=51866 sha=2c925669817eaec5bc2869f0498dd358816eb6284cb41ebfa714541bc60af4ba
    state_parity_diagnostic_test.go:54: STATE_EXPORT path=/var/home/agent/workspace/tmp/whisper-vad-parity-20261001/state-go-default-own-logits-25.f32 count=51866 sha=af80fc58ddab86dd258d2591a30dd1cb5b1503aec186fc12493fd632d8f84328
    state_parity_diagnostic_test.go:54: STATE_EXPORT path=/var/home/agent/workspace/tmp/whisper-vad-parity-20261001/state-go-default-own-logits-26.f32 count=51866 sha=80af8fe2fdb16425c557f9c79474aef098d136797e4740c2a2005b31ef684f18
    state_parity_diagnostic_test.go:54: STATE_EXPORT path=/var/home/agent/workspace/tmp/whisper-vad-parity-20261001/state-go-default-own-logits-27.f32 count=51866 sha=e8686693bf8f89a0309f713ae2d49fc1e384c3e06c8d05d78a0e18725aaf41d3
    state_parity_diagnostic_test.go:54: STATE_EXPORT path=/var/home/agent/workspace/tmp/whisper-vad-parity-20261001/state-go-default-own-logits-28.f32 count=51866 sha=5f0a95ad6dbc017bf5ad22fd59ee75bd0f6df58349cfa87fc4147c78ab5ba740
    state_parity_diagnostic_test.go:54: STATE_EXPORT path=/var/home/agent/workspace/tmp/whisper-vad-parity-20261001/state-go-default-own-logits-29.f32 count=51866 sha=2cec4202b30aaa2aaed469e52b25ecdb6475b9f7d256afd89621dbdc9ea90806
    state_parity_diagnostic_test.go:54: STATE_EXPORT path=/var/home/agent/workspace/tmp/whisper-vad-parity-20261001/state-go-default-own-logits-30.f32 count=51866 sha=4dc53383aa1396c99f42b3fe8c321ef9385b9393181b5453e01707061240c36b
    state_parity_diagnostic_test.go:129: COMMON_STATE mode=own final={Position:30 Input:50868 EOT:11.421423 RepeatTimestamp:12.91411}
    state_parity_diagnostic_test.go:54: STATE_EXPORT path=/var/home/agent/workspace/tmp/whisper-vad-parity-20261001/state-go-default-original-mel-logits-0.f32 count=51866 sha=28291f3fbfb2d8eafaea2400b976cfe9ec21977e6655c13ba57ebfe851e9dc71
    state_parity_diagnostic_test.go:54: STATE_EXPORT path=/var/home/agent/workspace/tmp/whisper-vad-parity-20261001/state-go-default-original-mel-logits-1.f32 count=51866 sha=afbcf39fe55aec3b34c69b1d5c89b795d190d5db7a48b90ecbcb6e63dde3894d
    state_parity_diagnostic_test.go:54: STATE_EXPORT path=/var/home/agent/workspace/tmp/whisper-vad-parity-20261001/state-go-default-original-mel-logits-2.f32 count=51866 sha=23ae61f85047d1e226789a9169f5eb47565f0afdbd50b97c9479a1f07b765d39
    state_parity_diagnostic_test.go:54: STATE_EXPORT path=/var/home/agent/workspace/tmp/whisper-vad-parity-20261001/state-go-default-original-mel-logits-3.f32 count=51866 sha=2c96bf692dd49570f2d2fca4ecf1156c3bf5ec9c8a834c944b2453964ad539a5
    state_parity_diagnostic_test.go:54: STATE_EXPORT path=/var/home/agent/workspace/tmp/whisper-vad-parity-20261001/state-go-default-original-mel-logits-4.f32 count=51866 sha=8fb501f5c755e324c326e4dd24a2b6f1d68197671b6a9143c3523b1096e2e458
    state_parity_diagnostic_test.go:54: STATE_EXPORT path=/var/home/agent/workspace/tmp/whisper-vad-parity-20261001/state-go-default-original-mel-logits-5.f32 count=51866 sha=22490ca6701606e7db6e4ec3fa388e62043ae3481e19bc11d4e020a7bbcefe43
    state_parity_diagnostic_test.go:54: STATE_EXPORT path=/var/home/agent/workspace/tmp/whisper-vad-parity-20261001/state-go-default-original-mel-logits-6.f32 count=51866 sha=588b2f07d055f461378dfb4048511420bd3c3aed25eb664934001dea04777be7
    state_parity_diagnostic_test.go:54: STATE_EXPORT path=/var/home/agent/workspace/tmp/whisper-vad-parity-20261001/state-go-default-original-mel-logits-7.f32 count=51866 sha=fa6ad0fa79f63e9f5e4d982f77dfa2634dc444dafa523ada61bf40e02cdefa63
    state_parity_diagnostic_test.go:54: STATE_EXPORT path=/var/home/agent/workspace/tmp/whisper-vad-parity-20261001/state-go-default-original-mel-logits-8.f32 count=51866 sha=102738b41e3fd3202e9b11fb012d7275555104b1ba5e3ede26c7ae21dbb3b984
    state_parity_diagnostic_test.go:54: STATE_EXPORT path=/var/home/agent/workspace/tmp/whisper-vad-parity-20261001/state-go-default-original-mel-logits-9.f32 count=51866 sha=d03aa52747b709f6d712c7f48a42010350f11a76ff6191749b1d81c29a69beb8
    state_parity_diagnostic_test.go:54: STATE_EXPORT path=/var/home/agent/workspace/tmp/whisper-vad-parity-20261001/state-go-default-original-mel-logits-10.f32 count=51866 sha=04690e7c8647df7eae37cb70b001c6627e2c883c347f83fabaa9215b752fe3ab
    state_parity_diagnostic_test.go:54: STATE_EXPORT path=/var/home/agent/workspace/tmp/whisper-vad-parity-20261001/state-go-default-original-mel-logits-11.f32 count=51866 sha=585dd9cef9d80857eeb89b54697c82e0b94af34f4c3e5986730976cf1893b85c
    state_parity_diagnostic_test.go:54: STATE_EXPORT path=/var/home/agent/workspace/tmp/whisper-vad-parity-20261001/state-go-default-original-mel-logits-12.f32 count=51866 sha=aa621560a7775e4c687dbc539ec57dc7c676e0efeed55114086a75fdef5a42a6
    state_parity_diagnostic_test.go:54: STATE_EXPORT path=/var/home/agent/workspace/tmp/whisper-vad-parity-20261001/state-go-default-original-mel-logits-13.f32 count=51866 sha=18cdded298f7433dfbd36cd2bedd2c34850b1d89a536367b661957aa57fd7b63
    state_parity_diagnostic_test.go:54: STATE_EXPORT path=/var/home/agent/workspace/tmp/whisper-vad-parity-20261001/state-go-default-original-mel-logits-14.f32 count=51866 sha=99b111c9a7236233a30715b7e229151806cdddae671aa61d16bfe7bf759a9968
    state_parity_diagnostic_test.go:54: STATE_EXPORT path=/var/home/agent/workspace/tmp/whisper-vad-parity-20261001/state-go-default-original-mel-logits-15.f32 count=51866 sha=165c8cf2f5478810ff4f0964d2509c969aa69722117176f3e453c35876435268
    state_parity_diagnostic_test.go:54: STATE_EXPORT path=/var/home/agent/workspace/tmp/whisper-vad-parity-20261001/state-go-default-original-mel-logits-16.f32 count=51866 sha=3a42ade51a0760a0642138cbe3c524d3d61e9f4b16c1e14ef36c0b50ec79111d
    state_parity_diagnostic_test.go:54: STATE_EXPORT path=/var/home/agent/workspace/tmp/whisper-vad-parity-20261001/state-go-default-original-mel-logits-17.f32 count=51866 sha=0b5863dea959842e8a53308ea8faa4963d52044464f2388c5b2d507b73c78752
    state_parity_diagnostic_test.go:54: STATE_EXPORT path=/var/home/agent/workspace/tmp/whisper-vad-parity-20261001/state-go-default-original-mel-logits-18.f32 count=51866 sha=530dc15ee85b68b750da834c15680064842b02f24009c2df54c907b41a531782
    state_parity_diagnostic_test.go:54: STATE_EXPORT path=/var/home/agent/workspace/tmp/whisper-vad-parity-20261001/state-go-default-original-mel-logits-19.f32 count=51866 sha=bf556bc8c360cf179270699df74a5b926ed2c8154a7fff4a03a4991dc4610409
    state_parity_diagnostic_test.go:54: STATE_EXPORT path=/var/home/agent/workspace/tmp/whisper-vad-parity-20261001/state-go-default-original-mel-logits-20.f32 count=51866 sha=656c7c1660e1c077536e72aef74fc4cc3511fe6fd0a8024a5fae952194e31a8b
    state_parity_diagnostic_test.go:54: STATE_EXPORT path=/var/home/agent/workspace/tmp/whisper-vad-parity-20261001/state-go-default-original-mel-logits-21.f32 count=51866 sha=54c53954d20af6f347c1b12aafa60e4b22d625e39865a96ad98e9997ca2758a7
    state_parity_diagnostic_test.go:54: STATE_EXPORT path=/var/home/agent/workspace/tmp/whisper-vad-parity-20261001/state-go-default-original-mel-logits-22.f32 count=51866 sha=3a9841e796b06e19e68dddde2ac40eb969c16e6a46cdf6ee4299681f80d2f460
    state_parity_diagnostic_test.go:54: STATE_EXPORT path=/var/home/agent/workspace/tmp/whisper-vad-parity-20261001/state-go-default-original-mel-logits-23.f32 count=51866 sha=19a9eea830630b239fca8896ea9401d02d757b418865582470998d414f4a8e15
    state_parity_diagnostic_test.go:54: STATE_EXPORT path=/var/home/agent/workspace/tmp/whisper-vad-parity-20261001/state-go-default-original-mel-logits-24.f32 count=51866 sha=6bbb348dfe506a977227ea2e81781ac9e6911137569571b8e10d3a906e58319d
    state_parity_diagnostic_test.go:54: STATE_EXPORT path=/var/home/agent/workspace/tmp/whisper-vad-parity-20261001/state-go-default-original-mel-logits-25.f32 count=51866 sha=d69d2ccd17246e685789b30a05ca81dff915a3ae3d6d24b0b316d2ed791469bd
    state_parity_diagnostic_test.go:54: STATE_EXPORT path=/var/home/agent/workspace/tmp/whisper-vad-parity-20261001/state-go-default-original-mel-logits-26.f32 count=51866 sha=cb6f5639e96f463ac85088f3646b0beaf95795e6cd316aef26eedd0aad6767ec
    state_parity_diagnostic_test.go:54: STATE_EXPORT path=/var/home/agent/workspace/tmp/whisper-vad-parity-20261001/state-go-default-original-mel-logits-27.f32 count=51866 sha=9ab4f2c8f9c3dfe2c4af6158f6662caa5499cdfe13401b651f7e7b4154efe116
    state_parity_diagnostic_test.go:54: STATE_EXPORT path=/var/home/agent/workspace/tmp/whisper-vad-parity-20261001/state-go-default-original-mel-logits-28.f32 count=51866 sha=25260d0546a465ecd42acf1945ccd051fd2ad9ff0de55f35c2abf9b4ab161494
    state_parity_diagnostic_test.go:54: STATE_EXPORT path=/var/home/agent/workspace/tmp/whisper-vad-parity-20261001/state-go-default-original-mel-logits-29.f32 count=51866 sha=553965c54fb918036aaf8fdc94eac75b43e31847eebb2806f853a8b5ebb1bb5c
    state_parity_diagnostic_test.go:54: STATE_EXPORT path=/var/home/agent/workspace/tmp/whisper-vad-parity-20261001/state-go-default-original-mel-logits-30.f32 count=51866 sha=5b3625b1bcbb51a66c958f6ee1d0af0faa4cf904d256e3a2af3ca0465128edc0
    state_parity_diagnostic_test.go:129: COMMON_STATE mode=original-mel final={Position:30 Input:50868 EOT:11.421419 RepeatTimestamp:12.914097}
    state_parity_diagnostic_test.go:54: STATE_EXPORT path=/var/home/agent/workspace/tmp/whisper-vad-parity-20261001/state-go-default-original-hidden-logits-0.f32 count=51866 sha=c7a1e742b89764602d4363bf85c4bf488beca5fe4cfeceb279d57d13feb34001
    state_parity_diagnostic_test.go:54: STATE_EXPORT path=/var/home/agent/workspace/tmp/whisper-vad-parity-20261001/state-go-default-original-hidden-logits-1.f32 count=51866 sha=db2397785b8cc93682a9bffbe8108954f2ebd1191b1412864272a47c4ee7bb51
    state_parity_diagnostic_test.go:54: STATE_EXPORT path=/var/home/agent/workspace/tmp/whisper-vad-parity-20261001/state-go-default-original-hidden-logits-2.f32 count=51866 sha=804ac4f9c84fb4347eb9b30c1c28651b53df5f14f136d3aae3b8074de22cf6e0
    state_parity_diagnostic_test.go:54: STATE_EXPORT path=/var/home/agent/workspace/tmp/whisper-vad-parity-20261001/state-go-default-original-hidden-logits-3.f32 count=51866 sha=ff7ad27f74623eab7010382698165eb212322f86a6bd034d86dc0157a07f4145
    state_parity_diagnostic_test.go:54: STATE_EXPORT path=/var/home/agent/workspace/tmp/whisper-vad-parity-20261001/state-go-default-original-hidden-logits-4.f32 count=51866 sha=31f2948cbfce8b0cb8eb5fb41b5a5fb03b19fc54c932abb35ec11bbb24d73e38
    state_parity_diagnostic_test.go:54: STATE_EXPORT path=/var/home/agent/workspace/tmp/whisper-vad-parity-20261001/state-go-default-original-hidden-logits-5.f32 count=51866 sha=4229220a27ce1e490e1dbb80c55ff59e7334dd61af644c0b1c5df247e3b5b624
    state_parity_diagnostic_test.go:54: STATE_EXPORT path=/var/home/agent/workspace/tmp/whisper-vad-parity-20261001/state-go-default-original-hidden-logits-6.f32 count=51866 sha=db70b83991dd9ffb7987855d3ebefd7801b0311431ceef0e8046440285a4e218
    state_parity_diagnostic_test.go:54: STATE_EXPORT path=/var/home/agent/workspace/tmp/whisper-vad-parity-20261001/state-go-default-original-hidden-logits-7.f32 count=51866 sha=ddf593d073228b8a1dcbe499d5254940ed180807b21dd2d1a8480e68ac8a0652
    state_parity_diagnostic_test.go:54: STATE_EXPORT path=/var/home/agent/workspace/tmp/whisper-vad-parity-20261001/state-go-default-original-hidden-logits-8.f32 count=51866 sha=0b1dbbd670169c52a257bf6ae1da82888c479043f05ce5d76b329e52dd73d050
    state_parity_diagnostic_test.go:54: STATE_EXPORT path=/var/home/agent/workspace/tmp/whisper-vad-parity-20261001/state-go-default-original-hidden-logits-9.f32 count=51866 sha=f5c362401c9a431a99a40bd6401e6ab2dc663d7a3a9044f353e6299f9712f81a
    state_parity_diagnostic_test.go:54: STATE_EXPORT path=/var/home/agent/workspace/tmp/whisper-vad-parity-20261001/state-go-default-original-hidden-logits-10.f32 count=51866 sha=b09d065f64f58903b901b449f237a835b536057de4458ad909dc1e0514c0f933
    state_parity_diagnostic_test.go:54: STATE_EXPORT path=/var/home/agent/workspace/tmp/whisper-vad-parity-20261001/state-go-default-original-hidden-logits-11.f32 count=51866 sha=f9c33c9c6acb894977c1bdcf63bc207f258fc76382c05c2b6f2d5528c16c6afb
    state_parity_diagnostic_test.go:54: STATE_EXPORT path=/var/home/agent/workspace/tmp/whisper-vad-parity-20261001/state-go-default-original-hidden-logits-12.f32 count=51866 sha=0d8226c91733a8b18a1c4100afca742b4dbe059861396c382f94507d46a9b201
    state_parity_diagnostic_test.go:54: STATE_EXPORT path=/var/home/agent/workspace/tmp/whisper-vad-parity-20261001/state-go-default-original-hidden-logits-13.f32 count=51866 sha=66d8b624d037c47a779c67a98ff72bf8aa2a769010f43d3a232bab19fdd42442
    state_parity_diagnostic_test.go:54: STATE_EXPORT path=/var/home/agent/workspace/tmp/whisper-vad-parity-20261001/state-go-default-original-hidden-logits-14.f32 count=51866 sha=6242b6f35da4b27cd200e8e4e4d6ca59a8a4f1e936e055a16f39923cf4b02eed
    state_parity_diagnostic_test.go:54: STATE_EXPORT path=/var/home/agent/workspace/tmp/whisper-vad-parity-20261001/state-go-default-original-hidden-logits-15.f32 count=51866 sha=0fd77af8c6edc99f778164716e0b25087445ad9ab307db477264f2d96c494167
    state_parity_diagnostic_test.go:54: STATE_EXPORT path=/var/home/agent/workspace/tmp/whisper-vad-parity-20261001/state-go-default-original-hidden-logits-16.f32 count=51866 sha=8db698e25d51cdcf67add0bd11172d2c7ebb55d5b676e2e0c2dd4878a63aa43f
    state_parity_diagnostic_test.go:54: STATE_EXPORT path=/var/home/agent/workspace/tmp/whisper-vad-parity-20261001/state-go-default-original-hidden-logits-17.f32 count=51866 sha=3e2bf4c0a1eb2a97b15fdac401f7f4446bf5ca1ce518779dfa77ee838b637071
    state_parity_diagnostic_test.go:54: STATE_EXPORT path=/var/home/agent/workspace/tmp/whisper-vad-parity-20261001/state-go-default-original-hidden-logits-18.f32 count=51866 sha=e7447cb4898b98884b7d056aa91ce8867c15dce45654c14a339f139e9a9c42fe
    state_parity_diagnostic_test.go:54: STATE_EXPORT path=/var/home/agent/workspace/tmp/whisper-vad-parity-20261001/state-go-default-original-hidden-logits-19.f32 count=51866 sha=e44af5c8c0b10e7906998373f06d4643618e5dce8f5933378f1f67fd5fabf619
    state_parity_diagnostic_test.go:54: STATE_EXPORT path=/var/home/agent/workspace/tmp/whisper-vad-parity-20261001/state-go-default-original-hidden-logits-20.f32 count=51866 sha=b8e1d5c77f6084a32a28b8fbbb6e33ee5743c63fac9ab7eca74c92e7cb38f7ec
    state_parity_diagnostic_test.go:54: STATE_EXPORT path=/var/home/agent/workspace/tmp/whisper-vad-parity-20261001/state-go-default-original-hidden-logits-21.f32 count=51866 sha=ddd3ce83dad0618e34d24d3388619dd63860f911ba9fc81ad77aa3fa4319c85f
    state_parity_diagnostic_test.go:54: STATE_EXPORT path=/var/home/agent/workspace/tmp/whisper-vad-parity-20261001/state-go-default-original-hidden-logits-22.f32 count=51866 sha=48f4ad8473e582b9c302e6f67462d9516956ed273738680aa47552710a928758
    state_parity_diagnostic_test.go:54: STATE_EXPORT path=/var/home/agent/workspace/tmp/whisper-vad-parity-20261001/state-go-default-original-hidden-logits-23.f32 count=51866 sha=f42cec5a87c290ccd831f1405e9bd74b07039fd2eec14806bc3103adf74ae5d9
    state_parity_diagnostic_test.go:54: STATE_EXPORT path=/var/home/agent/workspace/tmp/whisper-vad-parity-20261001/state-go-default-original-hidden-logits-24.f32 count=51866 sha=012e18ca16fa1c195e7461a50fcf205320789abf95ef9d24e5b1ce4315458c53
    state_parity_diagnostic_test.go:54: STATE_EXPORT path=/var/home/agent/workspace/tmp/whisper-vad-parity-20261001/state-go-default-original-hidden-logits-25.f32 count=51866 sha=dbfc6038191fb85eb444ea25b117e5c7cff0a8268a043a41627e2e18928f84b4
    state_parity_diagnostic_test.go:54: STATE_EXPORT path=/var/home/agent/workspace/tmp/whisper-vad-parity-20261001/state-go-default-original-hidden-logits-26.f32 count=51866 sha=5840040e472ac3939c2c3954fbf65cbe96418634da3ccbba241fe5c1d7469af0
    state_parity_diagnostic_test.go:54: STATE_EXPORT path=/var/home/agent/workspace/tmp/whisper-vad-parity-20261001/state-go-default-original-hidden-logits-27.f32 count=51866 sha=1a6f85c188e2ba3293281336dae768709757cd4ae5941d85244c091ffaf512b9
    state_parity_diagnostic_test.go:54: STATE_EXPORT path=/var/home/agent/workspace/tmp/whisper-vad-parity-20261001/state-go-default-original-hidden-logits-28.f32 count=51866 sha=4a810d6d10d44ed782c8474df74e2b838aa7d61f5e36bd0e8e6f76cfdc9ee541
    state_parity_diagnostic_test.go:54: STATE_EXPORT path=/var/home/agent/workspace/tmp/whisper-vad-parity-20261001/state-go-default-original-hidden-logits-29.f32 count=51866 sha=f1e16ded9290a489be6a30913654e2bdaa9225ef84f2ddd8ad1f540ec8220418
    state_parity_diagnostic_test.go:54: STATE_EXPORT path=/var/home/agent/workspace/tmp/whisper-vad-parity-20261001/state-go-default-original-hidden-logits-30.f32 count=51866 sha=e00ebb392c4b12936b3376c5e4eb0eda405bdc279bac738c3cfaa4e5e2196340
    state_parity_diagnostic_test.go:129: COMMON_STATE mode=original-hidden final={Position:30 Input:50868 EOT:11.459135 RepeatTimestamp:12.7109}
    state_parity_diagnostic_test.go:144: STATE_COMMON_PREFIX_PASS tokens=31
--- PASS: TestWhisperCommonStateDiagnostic (16.75s)
PASS
