=== RUN   TestWhisperCommonStateDiagnostic
    state_parity_diagnostic_test.go:30: LEGACY_LOAD seconds=2.845750223 storage=2008 tensors=587 pin=394221709cd5ad1f40c46e6031ca61bce88931e6e088c188294c6d5a55ffa7e2 explicit_widened_values=true
    state_parity_diagnostic_test.go:54: STATE_EXPORT path=/var/home/agent/workspace/tmp/whisper-vad-parity-20261001/state-go-tanh-mel.f32 count=384000 sha=c54773d2b5488f77e8d03b77ddbc837dace8ba5e3d7ee97373dd845c3d41efdf
    state_parity_diagnostic_test.go:54: STATE_EXPORT path=/var/home/agent/workspace/tmp/whisper-vad-parity-20261001/state-go-tanh-hidden.f32 count=1920000 sha=5184d8433d3ac9f0ea3a45331116a361154799ff5f9c531096197f00e32ef34a
    state_parity_diagnostic_test.go:54: STATE_EXPORT path=/var/home/agent/workspace/tmp/whisper-vad-parity-20261001/state-go-tanh-diag-stem-pos.f32 count=1920000 sha=0f582f57df82ed821d8766e7deec35fc313027c7468125da3cdedaac85996786
    state_parity_diagnostic_test.go:54: STATE_EXPORT path=/var/home/agent/workspace/tmp/whisper-vad-parity-20261001/state-go-tanh-diag-layer0-output.f32 count=1920000 sha=926bf5470c123ed0cdcd4d6670e679f47d3935ff0d89f0db9b759531df1a7099
    state_parity_diagnostic_test.go:54: STATE_EXPORT path=/var/home/agent/workspace/tmp/whisper-vad-parity-20261001/state-go-tanh-diag-layer1-output.f32 count=1920000 sha=5e76b6f86707bf9ba041ead78b680f31ffb5d24864a2b90f343d0f22e989840f
    state_parity_diagnostic_test.go:54: STATE_EXPORT path=/var/home/agent/workspace/tmp/whisper-vad-parity-20261001/state-go-tanh-diag-layer2-output.f32 count=1920000 sha=df45ef6d11500360f2dc57676060ef8483c865e43384c9855cf9af4e7eb5a94d
    state_parity_diagnostic_test.go:54: STATE_EXPORT path=/var/home/agent/workspace/tmp/whisper-vad-parity-20261001/state-go-tanh-diag-layer3-output.f32 count=1920000 sha=6d5db5c12fda1ae0c0be2ed039b97c4ccad17d7767931ed46c9621466b09c4fc
    state_parity_diagnostic_test.go:54: STATE_EXPORT path=/var/home/agent/workspace/tmp/whisper-vad-parity-20261001/state-go-tanh-diag-layer4-output.f32 count=1920000 sha=159228bb125335743c58e4f94cd102a13706936bde40586542b0fd22e56fd800
    state_parity_diagnostic_test.go:54: STATE_EXPORT path=/var/home/agent/workspace/tmp/whisper-vad-parity-20261001/state-go-tanh-diag-layer5-output.f32 count=1920000 sha=ea359e73b156a39eb8938dee466691b22be3123ae1d81bec480ce13fc5afbe2b
    state_parity_diagnostic_test.go:54: STATE_EXPORT path=/var/home/agent/workspace/tmp/whisper-vad-parity-20261001/state-go-tanh-diag-layer6-output.f32 count=1920000 sha=edfcf69aa0f0e8020c435c6fba61c8a672c6a62c60061d91ae50ba9a5209e41f
    state_parity_diagnostic_test.go:54: STATE_EXPORT path=/var/home/agent/workspace/tmp/whisper-vad-parity-20261001/state-go-tanh-diag-layer7-output.f32 count=1920000 sha=a1dc6569bfb39aaf0d2cf1cc260adb739be3b79f20e6341dc191f1dd754d5b8c
    state_parity_diagnostic_test.go:54: STATE_EXPORT path=/var/home/agent/workspace/tmp/whisper-vad-parity-20261001/state-go-tanh-diag-layer8-output.f32 count=1920000 sha=f2dbc5b468a05bf26378fe1b00073ff9303438473196af669dcf78152171f354
    state_parity_diagnostic_test.go:54: STATE_EXPORT path=/var/home/agent/workspace/tmp/whisper-vad-parity-20261001/state-go-tanh-diag-layer9-output.f32 count=1920000 sha=050f85823c79d8d3830c54df237cf3505150fc56c52f405c05ad9036de8a9519
    state_parity_diagnostic_test.go:54: STATE_EXPORT path=/var/home/agent/workspace/tmp/whisper-vad-parity-20261001/state-go-tanh-diag-layer10-output.f32 count=1920000 sha=6091542334f46275f5f27ced369608feb3ae76c4a130cea5ccd52dbb178b1125
    state_parity_diagnostic_test.go:54: STATE_EXPORT path=/var/home/agent/workspace/tmp/whisper-vad-parity-20261001/state-go-tanh-diag-layer11-output.f32 count=1920000 sha=fa5bb19a5cb3adfe74fd9e583b8fd211ea256e0a8b824cd47a8af2dee50e14c5
    state_parity_diagnostic_test.go:54: STATE_EXPORT path=/var/home/agent/workspace/tmp/whisper-vad-parity-20261001/state-go-tanh-diag-layer12-output.f32 count=1920000 sha=cd20c575c3f6bf705786068dc7ea8d468ffebbd7fae43e7aa636188a013b57b7
    state_parity_diagnostic_test.go:54: STATE_EXPORT path=/var/home/agent/workspace/tmp/whisper-vad-parity-20261001/state-go-tanh-diag-layer13-output.f32 count=1920000 sha=c01e3b7ff02b76823f3d8657aef57a5b87128f572f31e3677759d40d9e695651
    state_parity_diagnostic_test.go:54: STATE_EXPORT path=/var/home/agent/workspace/tmp/whisper-vad-parity-20261001/state-go-tanh-diag-layer14-output.f32 count=1920000 sha=15787d31d1157917510d9bf6b807cc42d8a4221c13b90a01e3d538bcc87ca9ba
    state_parity_diagnostic_test.go:54: STATE_EXPORT path=/var/home/agent/workspace/tmp/whisper-vad-parity-20261001/state-go-tanh-diag-layer15-output.f32 count=1920000 sha=33b356ad622b17ccc6eb90bb2f1327c02eccde28c221ccb9ab256103a934330a
    state_parity_diagnostic_test.go:54: STATE_EXPORT path=/var/home/agent/workspace/tmp/whisper-vad-parity-20261001/state-go-tanh-diag-layer16-output.f32 count=1920000 sha=34bcaee2ceb535d529cb0d1889f4cfb7e56c3681595bb1f94c93fce2e3a2241d
    state_parity_diagnostic_test.go:54: STATE_EXPORT path=/var/home/agent/workspace/tmp/whisper-vad-parity-20261001/state-go-tanh-diag-layer17-output.f32 count=1920000 sha=73c2ebd90533596de6f4d6e0bf885e9fe4ca0ae5bf4fc0d094968d222935e8d3
    state_parity_diagnostic_test.go:54: STATE_EXPORT path=/var/home/agent/workspace/tmp/whisper-vad-parity-20261001/state-go-tanh-diag-layer18-output.f32 count=1920000 sha=84bfcb81b78b07de0736d7b6fd4155de3598f5cd4f8441408866c8e37361e0de
    state_parity_diagnostic_test.go:54: STATE_EXPORT path=/var/home/agent/workspace/tmp/whisper-vad-parity-20261001/state-go-tanh-diag-layer19-output.f32 count=1920000 sha=de2444bfb98f36178f83c7a1735d37add2d859c5494159f6d6562d0816703457
    state_parity_diagnostic_test.go:54: STATE_EXPORT path=/var/home/agent/workspace/tmp/whisper-vad-parity-20261001/state-go-tanh-diag-layer20-output.f32 count=1920000 sha=3e72843c5746814acc000a0f9b2388d6d721bc8acdfc00e56f348ad2ce05a190
    state_parity_diagnostic_test.go:54: STATE_EXPORT path=/var/home/agent/workspace/tmp/whisper-vad-parity-20261001/state-go-tanh-diag-layer21-output.f32 count=1920000 sha=6ddcaf7e0e060b1eba1e70dd7846416e6a5b79ac0564be5e37d7074822f255fb
    state_parity_diagnostic_test.go:54: STATE_EXPORT path=/var/home/agent/workspace/tmp/whisper-vad-parity-20261001/state-go-tanh-diag-layer22-output.f32 count=1920000 sha=61d7a366387d01aa1d300f2ba1d2ec7c4e59a6a2f0b4c40cc855ac307286aefd
    state_parity_diagnostic_test.go:54: STATE_EXPORT path=/var/home/agent/workspace/tmp/whisper-vad-parity-20261001/state-go-tanh-diag-layer23-output.f32 count=1920000 sha=4d9edb042454aebd9881262fb36ee1c0792dfd56ccd53f4538386d6c3e09594a
    state_parity_diagnostic_test.go:54: STATE_EXPORT path=/var/home/agent/workspace/tmp/whisper-vad-parity-20261001/state-go-tanh-diag-layer24-output.f32 count=1920000 sha=b019fa964f2bf2b78a487b0e9370b9bb6a5951e36cdf849bd80826249433a981
    state_parity_diagnostic_test.go:54: STATE_EXPORT path=/var/home/agent/workspace/tmp/whisper-vad-parity-20261001/state-go-tanh-diag-layer25-output.f32 count=1920000 sha=d24b980f1ac9922d0d0351f65d251eb22adde33d8224bf56a1fdb71970abdb9d
    state_parity_diagnostic_test.go:54: STATE_EXPORT path=/var/home/agent/workspace/tmp/whisper-vad-parity-20261001/state-go-tanh-diag-layer26-output.f32 count=1920000 sha=b7f2be1e7040003b05c64fee7a4b6d4bfd9e1a5af1a364e6958f572a0b205880
    state_parity_diagnostic_test.go:54: STATE_EXPORT path=/var/home/agent/workspace/tmp/whisper-vad-parity-20261001/state-go-tanh-diag-layer27-output.f32 count=1920000 sha=ce3f9b178220f0251d5f5d0c8f6088c3861378d0b54c3358abfd99e4f3b4f3d6
    state_parity_diagnostic_test.go:54: STATE_EXPORT path=/var/home/agent/workspace/tmp/whisper-vad-parity-20261001/state-go-tanh-diag-layer28-output.f32 count=1920000 sha=2cdbf27c2b6a84f14085281a3a5eb61a9a9f4ebc53157b84ea8d342a23e648fb
    state_parity_diagnostic_test.go:54: STATE_EXPORT path=/var/home/agent/workspace/tmp/whisper-vad-parity-20261001/state-go-tanh-diag-layer29-output.f32 count=1920000 sha=a1dd888b94b0e3d339435e51402d1619153bdf2eb9671740d17888582916cbd5
    state_parity_diagnostic_test.go:54: STATE_EXPORT path=/var/home/agent/workspace/tmp/whisper-vad-parity-20261001/state-go-tanh-diag-layer30-output.f32 count=1920000 sha=43463509fbc0f4696b221e02da77d149196075401aec01249dbe073db4939b16
    state_parity_diagnostic_test.go:54: STATE_EXPORT path=/var/home/agent/workspace/tmp/whisper-vad-parity-20261001/state-go-tanh-diag-layer31-output.f32 count=1920000 sha=e434aa27d797f427d4f2380040dc008503b2f856ed321f5d0790f0a4ea56ecf8
    state_parity_diagnostic_test.go:54: STATE_EXPORT path=/var/home/agent/workspace/tmp/whisper-vad-parity-20261001/state-go-tanh-diag-final.f32 count=1920000 sha=5184d8433d3ac9f0ea3a45331116a361154799ff5f9c531096197f00e32ef34a
    state_parity_diagnostic_test.go:54: STATE_EXPORT path=/var/home/agent/workspace/tmp/whisper-vad-parity-20261001/state-go-tanh-original-mel-hidden.f32 count=1920000 sha=5a705dd269bfdf363779206b2e55d2491f8b56f1614f3501c16889ee0d003df4
    state_parity_diagnostic_test.go:54: STATE_EXPORT path=/var/home/agent/workspace/tmp/whisper-vad-parity-20261001/state-go-tanh-own-logits-0.f32 count=51866 sha=dfe3bd669912b75ad12b2d65b55f9f63a3db6caa5462df0083da30631f250830
    state_parity_diagnostic_test.go:54: STATE_EXPORT path=/var/home/agent/workspace/tmp/whisper-vad-parity-20261001/state-go-tanh-own-logits-1.f32 count=51866 sha=2e52f538cd367f6f0518a155844387a189617a3180e2e203e27897d609844842
    state_parity_diagnostic_test.go:54: STATE_EXPORT path=/var/home/agent/workspace/tmp/whisper-vad-parity-20261001/state-go-tanh-own-logits-2.f32 count=51866 sha=6efbc68b5a45c1192c23e7744c18d597de325437178f6acfa62c43c9c645b859
    state_parity_diagnostic_test.go:54: STATE_EXPORT path=/var/home/agent/workspace/tmp/whisper-vad-parity-20261001/state-go-tanh-own-logits-3.f32 count=51866 sha=f6e1913a8e086f56f460e9329a8872aa10ce0dc7cf9bc1bb3999596c67b93890
    state_parity_diagnostic_test.go:54: STATE_EXPORT path=/var/home/agent/workspace/tmp/whisper-vad-parity-20261001/state-go-tanh-own-logits-4.f32 count=51866 sha=07b693093c1d8ab273b779e145ce12c545146298f5a81ef223d6551280cef970
    state_parity_diagnostic_test.go:54: STATE_EXPORT path=/var/home/agent/workspace/tmp/whisper-vad-parity-20261001/state-go-tanh-own-logits-5.f32 count=51866 sha=eb29131bf91c6e425509f0dbfb774ff59894419a0bd760a8d1160c20cf305d5e
    state_parity_diagnostic_test.go:54: STATE_EXPORT path=/var/home/agent/workspace/tmp/whisper-vad-parity-20261001/state-go-tanh-own-logits-6.f32 count=51866 sha=22883a6bd1c7367f48dd684b85bee6fa754481b90006cd836ad6b2b75b1d723d
    state_parity_diagnostic_test.go:54: STATE_EXPORT path=/var/home/agent/workspace/tmp/whisper-vad-parity-20261001/state-go-tanh-own-logits-7.f32 count=51866 sha=4a0db9303c8204f11eb4a488b2b7fe1b0e8e97d27827a08cd639f977f79a15fa
    state_parity_diagnostic_test.go:54: STATE_EXPORT path=/var/home/agent/workspace/tmp/whisper-vad-parity-20261001/state-go-tanh-own-logits-8.f32 count=51866 sha=6221d0e0a714f13fc9bbf7fad8f2307f632cd918be312888533c534de7ff555c
    state_parity_diagnostic_test.go:54: STATE_EXPORT path=/var/home/agent/workspace/tmp/whisper-vad-parity-20261001/state-go-tanh-own-logits-9.f32 count=51866 sha=0d92db2605520990cfd3b82ff07b7ea1fae758a770ca0bb1a6aa33207f4b972f
    state_parity_diagnostic_test.go:54: STATE_EXPORT path=/var/home/agent/workspace/tmp/whisper-vad-parity-20261001/state-go-tanh-own-logits-10.f32 count=51866 sha=3d405809e0734c92eb3af20fde0641a4c86ecc5976f0f258e2924cf489942be2
    state_parity_diagnostic_test.go:54: STATE_EXPORT path=/var/home/agent/workspace/tmp/whisper-vad-parity-20261001/state-go-tanh-own-logits-11.f32 count=51866 sha=3e917756df7c63923b2e2261a221c032c03487e0b25140880a32a6ea0a199e3b
    state_parity_diagnostic_test.go:54: STATE_EXPORT path=/var/home/agent/workspace/tmp/whisper-vad-parity-20261001/state-go-tanh-own-logits-12.f32 count=51866 sha=5273de79b59ff6282e995c910375a4d3eb3ffa0b5860387b639be0fd58ca39c2
    state_parity_diagnostic_test.go:54: STATE_EXPORT path=/var/home/agent/workspace/tmp/whisper-vad-parity-20261001/state-go-tanh-own-logits-13.f32 count=51866 sha=4a23ffd0d5d8717f422c62871fa0db70f30a050fd0c7113786b5d13ee139eb49
    state_parity_diagnostic_test.go:54: STATE_EXPORT path=/var/home/agent/workspace/tmp/whisper-vad-parity-20261001/state-go-tanh-own-logits-14.f32 count=51866 sha=298ba5f1769638f421afa4f5b79584e8455c017e7f0a0e72b94f521638bd4c34
    state_parity_diagnostic_test.go:54: STATE_EXPORT path=/var/home/agent/workspace/tmp/whisper-vad-parity-20261001/state-go-tanh-own-logits-15.f32 count=51866 sha=d305221290585a3d3db1c81d70a2cbab1038bb5f5a4407a04238f6ce3157af9a
    state_parity_diagnostic_test.go:54: STATE_EXPORT path=/var/home/agent/workspace/tmp/whisper-vad-parity-20261001/state-go-tanh-own-logits-16.f32 count=51866 sha=171c17ec3bdc14901026352778bb517f74694414dd735890994687d0b9d8c1d0
    state_parity_diagnostic_test.go:54: STATE_EXPORT path=/var/home/agent/workspace/tmp/whisper-vad-parity-20261001/state-go-tanh-own-logits-17.f32 count=51866 sha=2f763f41a07508b5736f015232afd9b62082d88c57dc6ed4afe617ffb67b1b6f
    state_parity_diagnostic_test.go:54: STATE_EXPORT path=/var/home/agent/workspace/tmp/whisper-vad-parity-20261001/state-go-tanh-own-logits-18.f32 count=51866 sha=2e34dcfa3bd5ad0aa6fffe36a11925c57f3a6dcd95acecbff4233085ace17eb9
    state_parity_diagnostic_test.go:54: STATE_EXPORT path=/var/home/agent/workspace/tmp/whisper-vad-parity-20261001/state-go-tanh-own-logits-19.f32 count=51866 sha=c43094a317a0232dfe6d0d4215b6ad515d70008032a753aa7729b0a1f36876f4
    state_parity_diagnostic_test.go:54: STATE_EXPORT path=/var/home/agent/workspace/tmp/whisper-vad-parity-20261001/state-go-tanh-own-logits-20.f32 count=51866 sha=809276c09d38b6748c2da0a17686169dcc09ee603290b401900e8a290a9fd522
    state_parity_diagnostic_test.go:54: STATE_EXPORT path=/var/home/agent/workspace/tmp/whisper-vad-parity-20261001/state-go-tanh-own-logits-21.f32 count=51866 sha=ce4fbf4547039948c1d471c167e9b0bf7efb03f46235fdde6972df51f4d41586
    state_parity_diagnostic_test.go:54: STATE_EXPORT path=/var/home/agent/workspace/tmp/whisper-vad-parity-20261001/state-go-tanh-own-logits-22.f32 count=51866 sha=a46a3ec023b84ea89348dbbf027bdcc43a1cc44568898be872d76955775d7b3e
    state_parity_diagnostic_test.go:54: STATE_EXPORT path=/var/home/agent/workspace/tmp/whisper-vad-parity-20261001/state-go-tanh-own-logits-23.f32 count=51866 sha=9d0d79d1dc8e604c0fb12e19dbda20c30486f571c96610a2d419912e35fe1775
    state_parity_diagnostic_test.go:54: STATE_EXPORT path=/var/home/agent/workspace/tmp/whisper-vad-parity-20261001/state-go-tanh-own-logits-24.f32 count=51866 sha=8a4a24b8399e59203b5d304c633404cfc27644c67acf06d4f9fbdde5c79c41d9
    state_parity_diagnostic_test.go:54: STATE_EXPORT path=/var/home/agent/workspace/tmp/whisper-vad-parity-20261001/state-go-tanh-own-logits-25.f32 count=51866 sha=c6212f7db55a6b860cf1edcb218e2f9043a695739896fd0f40b20a356b377570
    state_parity_diagnostic_test.go:54: STATE_EXPORT path=/var/home/agent/workspace/tmp/whisper-vad-parity-20261001/state-go-tanh-own-logits-26.f32 count=51866 sha=630b97736d430505da873984e3d408dc670d4a79238c0c949dca79057ac30500
    state_parity_diagnostic_test.go:54: STATE_EXPORT path=/var/home/agent/workspace/tmp/whisper-vad-parity-20261001/state-go-tanh-own-logits-27.f32 count=51866 sha=72483c4c9e59c4c5bb1d27e92255d5c29d7a8e380d7c224c6676c5c0ade4c48e
    state_parity_diagnostic_test.go:54: STATE_EXPORT path=/var/home/agent/workspace/tmp/whisper-vad-parity-20261001/state-go-tanh-own-logits-28.f32 count=51866 sha=558c97c29371f5ccf96f2e93b3af89ee3ad9d82759c5f98d5f45f3d6e66366b3
    state_parity_diagnostic_test.go:54: STATE_EXPORT path=/var/home/agent/workspace/tmp/whisper-vad-parity-20261001/state-go-tanh-own-logits-29.f32 count=51866 sha=f2bc9aa15a5c21324cdf7a3c628f981dbfec4d1714e9b8cbd023001eea9a1978
    state_parity_diagnostic_test.go:54: STATE_EXPORT path=/var/home/agent/workspace/tmp/whisper-vad-parity-20261001/state-go-tanh-own-logits-30.f32 count=51866 sha=d0e6bcc54961341375fe52aaa65b790bb7847d763a61ac06055e5273e6643243
    state_parity_diagnostic_test.go:192: COMMON_STATE mode=own final={Position:30 Input:50868 EOT:3.0474422 RepeatTimestamp:-0.30524716}
    state_parity_diagnostic_test.go:54: STATE_EXPORT path=/var/home/agent/workspace/tmp/whisper-vad-parity-20261001/state-go-tanh-original-mel-logits-0.f32 count=51866 sha=e24e7658200080a3835cef660009ee33d01ceec6328e89915c64ba5a3868cad0
    state_parity_diagnostic_test.go:54: STATE_EXPORT path=/var/home/agent/workspace/tmp/whisper-vad-parity-20261001/state-go-tanh-original-mel-logits-1.f32 count=51866 sha=f1e9e9190e9ed2dee863ac14aef49f228b654fa89f02f88845c6ef3338bad219
    state_parity_diagnostic_test.go:54: STATE_EXPORT path=/var/home/agent/workspace/tmp/whisper-vad-parity-20261001/state-go-tanh-original-mel-logits-2.f32 count=51866 sha=1a5894b27e09a6d7a2bb738227267df449c4754ef978ed5345e6443ec2c9b8e1
    state_parity_diagnostic_test.go:54: STATE_EXPORT path=/var/home/agent/workspace/tmp/whisper-vad-parity-20261001/state-go-tanh-original-mel-logits-3.f32 count=51866 sha=a6731c1e74cfc25d3ad04cab7c44ace7e02cb7dc3792045d6497b322686bb6ba
    state_parity_diagnostic_test.go:54: STATE_EXPORT path=/var/home/agent/workspace/tmp/whisper-vad-parity-20261001/state-go-tanh-original-mel-logits-4.f32 count=51866 sha=c8b9d9c0d7518e35ce06da4fcada5762ab575f831d1879b782fc4121f6e6aea0
    state_parity_diagnostic_test.go:54: STATE_EXPORT path=/var/home/agent/workspace/tmp/whisper-vad-parity-20261001/state-go-tanh-original-mel-logits-5.f32 count=51866 sha=621eb4efd18fa9a2584f185340383f9f23dc1728c91e0b71af4b67065a61449d
    state_parity_diagnostic_test.go:54: STATE_EXPORT path=/var/home/agent/workspace/tmp/whisper-vad-parity-20261001/state-go-tanh-original-mel-logits-6.f32 count=51866 sha=58883504809e755d33d623091e2d78b375585859207b091fd1db66963f16dc0a
    state_parity_diagnostic_test.go:54: STATE_EXPORT path=/var/home/agent/workspace/tmp/whisper-vad-parity-20261001/state-go-tanh-original-mel-logits-7.f32 count=51866 sha=0f339298d2539d8e2aedfd36517aaf761e64df44902354c8e9a820984e55a5b6
    state_parity_diagnostic_test.go:54: STATE_EXPORT path=/var/home/agent/workspace/tmp/whisper-vad-parity-20261001/state-go-tanh-original-mel-logits-8.f32 count=51866 sha=900fc2d4097db5707927755bea6576ce88c32238da59cead85db6adcba2cc8ee
    state_parity_diagnostic_test.go:54: STATE_EXPORT path=/var/home/agent/workspace/tmp/whisper-vad-parity-20261001/state-go-tanh-original-mel-logits-9.f32 count=51866 sha=2131756426977d2df4f54570dd6322f995e8d64963aec25bc0f2efbe886dcaa8
    state_parity_diagnostic_test.go:54: STATE_EXPORT path=/var/home/agent/workspace/tmp/whisper-vad-parity-20261001/state-go-tanh-original-mel-logits-10.f32 count=51866 sha=37d8541fa8b8076a6690bd3f591a7faf694570a2ed6a8ac7c9c10fe66894d6dc
    state_parity_diagnostic_test.go:54: STATE_EXPORT path=/var/home/agent/workspace/tmp/whisper-vad-parity-20261001/state-go-tanh-original-mel-logits-11.f32 count=51866 sha=049c410c129dbcd10bafc0954eca866cca6e7013a2819f7a8bb75cf73d2875b0
    state_parity_diagnostic_test.go:54: STATE_EXPORT path=/var/home/agent/workspace/tmp/whisper-vad-parity-20261001/state-go-tanh-original-mel-logits-12.f32 count=51866 sha=a2dbc7a01d32cd661d96cde27e6a91eb89cec97171507c19f99411d63b96e881
    state_parity_diagnostic_test.go:54: STATE_EXPORT path=/var/home/agent/workspace/tmp/whisper-vad-parity-20261001/state-go-tanh-original-mel-logits-13.f32 count=51866 sha=2c533f77ee832baf81d4dcea4e160ca4d8d705adc5cbfb78ceeb61b516af2d6b
    state_parity_diagnostic_test.go:54: STATE_EXPORT path=/var/home/agent/workspace/tmp/whisper-vad-parity-20261001/state-go-tanh-original-mel-logits-14.f32 count=51866 sha=6dad48eb0113fb326a7334ffa144b4f664bd4b018a3650ae21e25323413ca44b
    state_parity_diagnostic_test.go:54: STATE_EXPORT path=/var/home/agent/workspace/tmp/whisper-vad-parity-20261001/state-go-tanh-original-mel-logits-15.f32 count=51866 sha=4cfbbcfa49e6a8e128a81983b5d4d32255b633b65f5b15aaf3d307208fb8a4fe
    state_parity_diagnostic_test.go:54: STATE_EXPORT path=/var/home/agent/workspace/tmp/whisper-vad-parity-20261001/state-go-tanh-original-mel-logits-16.f32 count=51866 sha=9b0b736fd6369977e15cc0a9c4217c371098401f420f5a7bd73b1ade67b57f3c
    state_parity_diagnostic_test.go:54: STATE_EXPORT path=/var/home/agent/workspace/tmp/whisper-vad-parity-20261001/state-go-tanh-original-mel-logits-17.f32 count=51866 sha=96a2621aa7230439f444905b1ae0d860dcb950f794be903bbced078c13d62d4d
    state_parity_diagnostic_test.go:54: STATE_EXPORT path=/var/home/agent/workspace/tmp/whisper-vad-parity-20261001/state-go-tanh-original-mel-logits-18.f32 count=51866 sha=e9fa01516c292303d90498e12cc3923db95639869e6609e8143a1bc9cae79564
    state_parity_diagnostic_test.go:54: STATE_EXPORT path=/var/home/agent/workspace/tmp/whisper-vad-parity-20261001/state-go-tanh-original-mel-logits-19.f32 count=51866 sha=5d01d3b6ea3ea98aa5647e3269c9b0b03ac86d982dee8a55e16d3f8076ba74ae
    state_parity_diagnostic_test.go:54: STATE_EXPORT path=/var/home/agent/workspace/tmp/whisper-vad-parity-20261001/state-go-tanh-original-mel-logits-20.f32 count=51866 sha=ae120cfd10616e81fc614fe6695ec050ad86d7f7d09e0e94df6b9e27261bc62d
    state_parity_diagnostic_test.go:54: STATE_EXPORT path=/var/home/agent/workspace/tmp/whisper-vad-parity-20261001/state-go-tanh-original-mel-logits-21.f32 count=51866 sha=3f87e321035a3a18f4da9e8c91bf194568f6719990deb6eba0198cf018eaa26b
    state_parity_diagnostic_test.go:54: STATE_EXPORT path=/var/home/agent/workspace/tmp/whisper-vad-parity-20261001/state-go-tanh-original-mel-logits-22.f32 count=51866 sha=079027cbfdbd938f4b48fca5f15af536f360a810a42af529da77eefcc5ea496f
    state_parity_diagnostic_test.go:54: STATE_EXPORT path=/var/home/agent/workspace/tmp/whisper-vad-parity-20261001/state-go-tanh-original-mel-logits-23.f32 count=51866 sha=158b3fc2676a902235f35d3281713bd6ca66f0993174b01c5734f8175f3e9046
    state_parity_diagnostic_test.go:54: STATE_EXPORT path=/var/home/agent/workspace/tmp/whisper-vad-parity-20261001/state-go-tanh-original-mel-logits-24.f32 count=51866 sha=11c7750d1e84b04887ec55b674eff6f2b22e31e1c3894bdc33828aaf5e8aa3e3
    state_parity_diagnostic_test.go:54: STATE_EXPORT path=/var/home/agent/workspace/tmp/whisper-vad-parity-20261001/state-go-tanh-original-mel-logits-25.f32 count=51866 sha=dd4a21e51b3220ab72c4017b14b0a93fc0b5f9680f2d65be73aa2b08dd93171b
    state_parity_diagnostic_test.go:54: STATE_EXPORT path=/var/home/agent/workspace/tmp/whisper-vad-parity-20261001/state-go-tanh-original-mel-logits-26.f32 count=51866 sha=80476969d7313e7e6990413a3690481f9034f3096018ea73f65549df0f236ba1
    state_parity_diagnostic_test.go:54: STATE_EXPORT path=/var/home/agent/workspace/tmp/whisper-vad-parity-20261001/state-go-tanh-original-mel-logits-27.f32 count=51866 sha=8d9f0b140f2234a7548eccf583f6a5bef6667dcbb0507882d2d53651fada3881
    state_parity_diagnostic_test.go:54: STATE_EXPORT path=/var/home/agent/workspace/tmp/whisper-vad-parity-20261001/state-go-tanh-original-mel-logits-28.f32 count=51866 sha=9f6669ad0baca1ac1cb67ef00c6156f307d4cad1e9b31db582d4e53cc49e31d6
    state_parity_diagnostic_test.go:54: STATE_EXPORT path=/var/home/agent/workspace/tmp/whisper-vad-parity-20261001/state-go-tanh-original-mel-logits-29.f32 count=51866 sha=852e4486340cf9c8f9324067481ca7f96ac1eef4779755994dbae521e069fb61
    state_parity_diagnostic_test.go:54: STATE_EXPORT path=/var/home/agent/workspace/tmp/whisper-vad-parity-20261001/state-go-tanh-original-mel-logits-30.f32 count=51866 sha=b805ac41db087a7960a24eb11ccfe5194341c8165866fe3032c4b9ea72b69b6b
    state_parity_diagnostic_test.go:192: COMMON_STATE mode=original-mel final={Position:30 Input:50868 EOT:3.0474415 RepeatTimestamp:-0.30524656}
    state_parity_diagnostic_test.go:54: STATE_EXPORT path=/var/home/agent/workspace/tmp/whisper-vad-parity-20261001/state-go-tanh-original-hidden-logits-0.f32 count=51866 sha=f6133fe585b001c42edba74b521ce3b656936972c22588ce842e61c398b71d57
    state_parity_diagnostic_test.go:54: STATE_EXPORT path=/var/home/agent/workspace/tmp/whisper-vad-parity-20261001/state-go-tanh-original-hidden-logits-1.f32 count=51866 sha=09065a6bad6d80fa83f0d21861bf3438964743aaf6f1914f429f30e7c5622217
    state_parity_diagnostic_test.go:54: STATE_EXPORT path=/var/home/agent/workspace/tmp/whisper-vad-parity-20261001/state-go-tanh-original-hidden-logits-2.f32 count=51866 sha=17434865fe35ac4fd0c70d60868c98f2e5ff33d73f9d14e38f0ca7e55eadefaa
    state_parity_diagnostic_test.go:54: STATE_EXPORT path=/var/home/agent/workspace/tmp/whisper-vad-parity-20261001/state-go-tanh-original-hidden-logits-3.f32 count=51866 sha=5f230e448465bc225520a073b48b1c21722a1e46d8179217817ab85867b420fa
    state_parity_diagnostic_test.go:54: STATE_EXPORT path=/var/home/agent/workspace/tmp/whisper-vad-parity-20261001/state-go-tanh-original-hidden-logits-4.f32 count=51866 sha=3ea659e565a589a997e2c9fc9f02ee8de898d4558331f74f38fe9ac4c4094242
    state_parity_diagnostic_test.go:54: STATE_EXPORT path=/var/home/agent/workspace/tmp/whisper-vad-parity-20261001/state-go-tanh-original-hidden-logits-5.f32 count=51866 sha=8003905e37d0dc67a96453216d2d29492392cc60315cd938c85e69020887a998
    state_parity_diagnostic_test.go:54: STATE_EXPORT path=/var/home/agent/workspace/tmp/whisper-vad-parity-20261001/state-go-tanh-original-hidden-logits-6.f32 count=51866 sha=5cdb41a663621657b38a239f40c60682817dab37ea3e21774dc85a8c934609c1
    state_parity_diagnostic_test.go:54: STATE_EXPORT path=/var/home/agent/workspace/tmp/whisper-vad-parity-20261001/state-go-tanh-original-hidden-logits-7.f32 count=51866 sha=08e6406d8bffd4ca4de6c20bef72b626d5f4d408bb8481f4e2b68312647a1f5b
    state_parity_diagnostic_test.go:54: STATE_EXPORT path=/var/home/agent/workspace/tmp/whisper-vad-parity-20261001/state-go-tanh-original-hidden-logits-8.f32 count=51866 sha=ebe0dbbc286aa35450865352265ffde848967f469715a241ff023a7b2cadd464
    state_parity_diagnostic_test.go:54: STATE_EXPORT path=/var/home/agent/workspace/tmp/whisper-vad-parity-20261001/state-go-tanh-original-hidden-logits-9.f32 count=51866 sha=fe1a846a6efe6b4d52c9696fa3fe7bfb46c82fa24d35f367021b427e3e2af963
    state_parity_diagnostic_test.go:54: STATE_EXPORT path=/var/home/agent/workspace/tmp/whisper-vad-parity-20261001/state-go-tanh-original-hidden-logits-10.f32 count=51866 sha=c8178ec632cc5ad7ea83dc26ed4045e0889683b9d01f1337c19b41daa2cf6aac
    state_parity_diagnostic_test.go:54: STATE_EXPORT path=/var/home/agent/workspace/tmp/whisper-vad-parity-20261001/state-go-tanh-original-hidden-logits-11.f32 count=51866 sha=e6dfaa1d84d40cd27538b86c6329cde705fcff2ac03a803ddbb1e0dc772e1eb3
    state_parity_diagnostic_test.go:54: STATE_EXPORT path=/var/home/agent/workspace/tmp/whisper-vad-parity-20261001/state-go-tanh-original-hidden-logits-12.f32 count=51866 sha=dd0d3929ea2f899732df552bcf8f6089ec8ba893d9dbe4ad8b422adbbf6880d4
    state_parity_diagnostic_test.go:54: STATE_EXPORT path=/var/home/agent/workspace/tmp/whisper-vad-parity-20261001/state-go-tanh-original-hidden-logits-13.f32 count=51866 sha=f485b58997b5e1557099c8ff9c592ec37b5128ad5c399faa2579a5876b833232
    state_parity_diagnostic_test.go:54: STATE_EXPORT path=/var/home/agent/workspace/tmp/whisper-vad-parity-20261001/state-go-tanh-original-hidden-logits-14.f32 count=51866 sha=af1163a8841bdada207cad25001d335b0753adafac3c340bc1f627e58fa996bd
    state_parity_diagnostic_test.go:54: STATE_EXPORT path=/var/home/agent/workspace/tmp/whisper-vad-parity-20261001/state-go-tanh-original-hidden-logits-15.f32 count=51866 sha=06563a7d9c1793d992e7a0ac6a1aa99f79fcb9f66f9076de107afb8ed6d121b2
    state_parity_diagnostic_test.go:54: STATE_EXPORT path=/var/home/agent/workspace/tmp/whisper-vad-parity-20261001/state-go-tanh-original-hidden-logits-16.f32 count=51866 sha=3b228bf3e402320de361fb92cdc7175fff4610dfe3ae0fed7d0ec1bf6ced807c
    state_parity_diagnostic_test.go:54: STATE_EXPORT path=/var/home/agent/workspace/tmp/whisper-vad-parity-20261001/state-go-tanh-original-hidden-logits-17.f32 count=51866 sha=30e1a0dc718baf9d797cd240aaaf27a6cf0fefc909fabec5e105d318989d706d
    state_parity_diagnostic_test.go:54: STATE_EXPORT path=/var/home/agent/workspace/tmp/whisper-vad-parity-20261001/state-go-tanh-original-hidden-logits-18.f32 count=51866 sha=35a0abaa5c834360a25948842ac3604adcffa10498f40f46ed4d2cc4e9076674
    state_parity_diagnostic_test.go:54: STATE_EXPORT path=/var/home/agent/workspace/tmp/whisper-vad-parity-20261001/state-go-tanh-original-hidden-logits-19.f32 count=51866 sha=9a57b5eb5af8350ffe3d4d9529ba5b748d7d8179c34740cf157a139b5ee80212
    state_parity_diagnostic_test.go:54: STATE_EXPORT path=/var/home/agent/workspace/tmp/whisper-vad-parity-20261001/state-go-tanh-original-hidden-logits-20.f32 count=51866 sha=8b2814d815dba8b09865eeae37e7be5aafa087cba19e5c1593726f8a0461323f
    state_parity_diagnostic_test.go:54: STATE_EXPORT path=/var/home/agent/workspace/tmp/whisper-vad-parity-20261001/state-go-tanh-original-hidden-logits-21.f32 count=51866 sha=cccf402c1bd1ea04278509abf7f9e2a890ffaa7765e1d6e7d110eff90b7dddde
    state_parity_diagnostic_test.go:54: STATE_EXPORT path=/var/home/agent/workspace/tmp/whisper-vad-parity-20261001/state-go-tanh-original-hidden-logits-22.f32 count=51866 sha=2b3183e653b48fd3451ff86e9d8bf6c6ee58f340f92b7e4efa9c7ebe5de1f317
    state_parity_diagnostic_test.go:54: STATE_EXPORT path=/var/home/agent/workspace/tmp/whisper-vad-parity-20261001/state-go-tanh-original-hidden-logits-23.f32 count=51866 sha=30016eaa717f103b995107461f1cb33d8ba34f7dda48e328e5360463a873225f
    state_parity_diagnostic_test.go:54: STATE_EXPORT path=/var/home/agent/workspace/tmp/whisper-vad-parity-20261001/state-go-tanh-original-hidden-logits-24.f32 count=51866 sha=d95cb4bc7ef07c85a702335c2907401f92651a5d731314a7a697bb57a0ae2ee9
    state_parity_diagnostic_test.go:54: STATE_EXPORT path=/var/home/agent/workspace/tmp/whisper-vad-parity-20261001/state-go-tanh-original-hidden-logits-25.f32 count=51866 sha=a3b86f0ed3eb3ad4f7d8867fdb8f3c795681165e61c89c8956c9c535e77927ea
    state_parity_diagnostic_test.go:54: STATE_EXPORT path=/var/home/agent/workspace/tmp/whisper-vad-parity-20261001/state-go-tanh-original-hidden-logits-26.f32 count=51866 sha=b5e8af7009b4b9420291f0af16e0628c7e4d24146b499ad1187170acd77c50b4
    state_parity_diagnostic_test.go:54: STATE_EXPORT path=/var/home/agent/workspace/tmp/whisper-vad-parity-20261001/state-go-tanh-original-hidden-logits-27.f32 count=51866 sha=7cbb0cdc12bca82e2973c88f8e74fb701ddd8a92156c199a21def77ee6fb194c
    state_parity_diagnostic_test.go:54: STATE_EXPORT path=/var/home/agent/workspace/tmp/whisper-vad-parity-20261001/state-go-tanh-original-hidden-logits-28.f32 count=51866 sha=eb0572daeacc6cec053342e6e8858e2df751260d3aa3bce6c0bd44988ebe8f11
    state_parity_diagnostic_test.go:54: STATE_EXPORT path=/var/home/agent/workspace/tmp/whisper-vad-parity-20261001/state-go-tanh-original-hidden-logits-29.f32 count=51866 sha=781b974ecb007e17dd2471ae0b5779fe080aa79d8eeecd18b7d338bc76ed70ee
    state_parity_diagnostic_test.go:54: STATE_EXPORT path=/var/home/agent/workspace/tmp/whisper-vad-parity-20261001/state-go-tanh-original-hidden-logits-30.f32 count=51866 sha=96a42cee849d78e78524a9221cb16753e5bdd9cf711f2f5bc260ded2abe966f6
    state_parity_diagnostic_test.go:192: COMMON_STATE mode=original-hidden final={Position:30 Input:50868 EOT:10.9654455 RepeatTimestamp:10.828323}
    state_parity_diagnostic_test.go:207: STATE_COMMON_PREFIX_PASS tokens=31
--- PASS: TestWhisperCommonStateDiagnostic (22.48s)
PASS
