=== RUN   TestWhisperCommonStateDiagnostic
    state_parity_diagnostic_test.go:30: LEGACY_LOAD seconds=2.827938576 storage=2008 tensors=587 pin=394221709cd5ad1f40c46e6031ca61bce88931e6e088c188294c6d5a55ffa7e2 explicit_widened_values=true
    state_parity_diagnostic_test.go:54: STATE_EXPORT path=/var/home/agent/workspace/tmp/whisper-vad-parity-20261001/state-go-corrected-mel.f32 count=384000 sha=c54773d2b5488f77e8d03b77ddbc837dace8ba5e3d7ee97373dd845c3d41efdf
    state_parity_diagnostic_test.go:54: STATE_EXPORT path=/var/home/agent/workspace/tmp/whisper-vad-parity-20261001/state-go-corrected-hidden.f32 count=1920000 sha=d9a1b08e15847fbcad678ec62f20a99c64bdefc272553605a8330013b57aa981
    state_parity_diagnostic_test.go:54: STATE_EXPORT path=/var/home/agent/workspace/tmp/whisper-vad-parity-20261001/state-go-corrected-original-mel-hidden.f32 count=1920000 sha=31237d176621e31a2d55749fe7da46e46c855d48259ff42ab2e5bdf7c106d0ae
    state_parity_diagnostic_test.go:54: STATE_EXPORT path=/var/home/agent/workspace/tmp/whisper-vad-parity-20261001/state-go-corrected-own-logits-0.f32 count=51866 sha=0578a7f5c22894aab4bc0bca0f11d11e0797b89a464ee051319bffbac26520b5
    state_parity_diagnostic_test.go:54: STATE_EXPORT path=/var/home/agent/workspace/tmp/whisper-vad-parity-20261001/state-go-corrected-own-logits-1.f32 count=51866 sha=cfa2f5b1bbed49ffa27a98febef8c1872c419475371b8c3af79e46e4de84f528
    state_parity_diagnostic_test.go:54: STATE_EXPORT path=/var/home/agent/workspace/tmp/whisper-vad-parity-20261001/state-go-corrected-own-logits-2.f32 count=51866 sha=1508eba9f95e9f5bf2cb52149d8eff8e55b058fae115662f2cb963ad20d651f7
    state_parity_diagnostic_test.go:54: STATE_EXPORT path=/var/home/agent/workspace/tmp/whisper-vad-parity-20261001/state-go-corrected-own-logits-3.f32 count=51866 sha=6fb1f5aab198819354534da2a44c642cb9a93877c74831c11734e258fcb50706
    state_parity_diagnostic_test.go:54: STATE_EXPORT path=/var/home/agent/workspace/tmp/whisper-vad-parity-20261001/state-go-corrected-own-logits-4.f32 count=51866 sha=72b6e95d76356ef4a13cdf303782e1f269450b0fe8624336eda9555a9ae50093
    state_parity_diagnostic_test.go:54: STATE_EXPORT path=/var/home/agent/workspace/tmp/whisper-vad-parity-20261001/state-go-corrected-own-logits-5.f32 count=51866 sha=719a40aec644d1aebc0a4f6b18e8c0ff2cb04a00fefc14489e64334fa5c8b334
    state_parity_diagnostic_test.go:54: STATE_EXPORT path=/var/home/agent/workspace/tmp/whisper-vad-parity-20261001/state-go-corrected-own-logits-6.f32 count=51866 sha=e956df4041ee1a63be3193b2530426f985e9ca3b325d5447f37132e1e1adebad
    state_parity_diagnostic_test.go:54: STATE_EXPORT path=/var/home/agent/workspace/tmp/whisper-vad-parity-20261001/state-go-corrected-own-logits-7.f32 count=51866 sha=c60ba7df199bfb2ce649f46b2b49c917e62a7d4b0d865aebfabcf27c5f8c5ce2
    state_parity_diagnostic_test.go:54: STATE_EXPORT path=/var/home/agent/workspace/tmp/whisper-vad-parity-20261001/state-go-corrected-own-logits-8.f32 count=51866 sha=2b8d8ca9b94d0bc4a983b716558d52664ae0ee13694dd3b14b8b3269017bd389
    state_parity_diagnostic_test.go:54: STATE_EXPORT path=/var/home/agent/workspace/tmp/whisper-vad-parity-20261001/state-go-corrected-own-logits-9.f32 count=51866 sha=3955c011264d872863c1c064a29d68bf189a4a8588b5dc65ce34df39da67ebbd
    state_parity_diagnostic_test.go:54: STATE_EXPORT path=/var/home/agent/workspace/tmp/whisper-vad-parity-20261001/state-go-corrected-own-logits-10.f32 count=51866 sha=976af7d00bd49454d63bebf2450c04771d58bbe49d5b6102092b21ee9785b955
    state_parity_diagnostic_test.go:54: STATE_EXPORT path=/var/home/agent/workspace/tmp/whisper-vad-parity-20261001/state-go-corrected-own-logits-11.f32 count=51866 sha=2e0f35dc619ad44c8a27ae8842b5011f168075b7f144267d667745caa0154958
    state_parity_diagnostic_test.go:54: STATE_EXPORT path=/var/home/agent/workspace/tmp/whisper-vad-parity-20261001/state-go-corrected-own-logits-12.f32 count=51866 sha=1a13e94ab538f59b1f8b6f283cec57dd9237bb280757d3eb6069fdcb07d8afa7
    state_parity_diagnostic_test.go:54: STATE_EXPORT path=/var/home/agent/workspace/tmp/whisper-vad-parity-20261001/state-go-corrected-own-logits-13.f32 count=51866 sha=a40ed070322f018aec585a1904cfbd1ff6ae3a7f6efb992d29d326f55fb84db9
    state_parity_diagnostic_test.go:54: STATE_EXPORT path=/var/home/agent/workspace/tmp/whisper-vad-parity-20261001/state-go-corrected-own-logits-14.f32 count=51866 sha=62245388a776a8f2c364d376e8af057c911800bdd6332bfd09c0a9fb212fcd64
    state_parity_diagnostic_test.go:54: STATE_EXPORT path=/var/home/agent/workspace/tmp/whisper-vad-parity-20261001/state-go-corrected-own-logits-15.f32 count=51866 sha=9e3ca5226afc7bb0724748704524cdd12580e257b668f4b06b4e8a766e1a04fd
    state_parity_diagnostic_test.go:54: STATE_EXPORT path=/var/home/agent/workspace/tmp/whisper-vad-parity-20261001/state-go-corrected-own-logits-16.f32 count=51866 sha=d1c2789cbf5f3d7d35d2af4a6f867523dae6525bf3a457fa76587a8e843b37f3
    state_parity_diagnostic_test.go:54: STATE_EXPORT path=/var/home/agent/workspace/tmp/whisper-vad-parity-20261001/state-go-corrected-own-logits-17.f32 count=51866 sha=450e923925efaf578d33dd941be934ca7bfb347dffd70f849944569a13fba892
    state_parity_diagnostic_test.go:54: STATE_EXPORT path=/var/home/agent/workspace/tmp/whisper-vad-parity-20261001/state-go-corrected-own-logits-18.f32 count=51866 sha=63d447a342647dce0ae284be0a245b087f3b72d13e29cc443684d02bdd9a9e29
    state_parity_diagnostic_test.go:54: STATE_EXPORT path=/var/home/agent/workspace/tmp/whisper-vad-parity-20261001/state-go-corrected-own-logits-19.f32 count=51866 sha=bec85ca1bfb93cc64118712eb73a3c643375fcf446e495b9ed28667906c7f069
    state_parity_diagnostic_test.go:54: STATE_EXPORT path=/var/home/agent/workspace/tmp/whisper-vad-parity-20261001/state-go-corrected-own-logits-20.f32 count=51866 sha=07fb69bb6c741059db301dbe332aa1287c150f0cdf86dc10144c00f8d51b04a2
    state_parity_diagnostic_test.go:54: STATE_EXPORT path=/var/home/agent/workspace/tmp/whisper-vad-parity-20261001/state-go-corrected-own-logits-21.f32 count=51866 sha=9919adcb9f2210c73d757e44373531f09b06c7799c6548baaa7610fcb79a0301
    state_parity_diagnostic_test.go:54: STATE_EXPORT path=/var/home/agent/workspace/tmp/whisper-vad-parity-20261001/state-go-corrected-own-logits-22.f32 count=51866 sha=7daaa9a641b6eb0fc319313226c69106e7f2b5a816a09746a936f76e0db3f478
    state_parity_diagnostic_test.go:54: STATE_EXPORT path=/var/home/agent/workspace/tmp/whisper-vad-parity-20261001/state-go-corrected-own-logits-23.f32 count=51866 sha=8f6820c9b7dfb5c435e0f88bd8ec8e211719c040bd848464dc8713b7cc69f188
    state_parity_diagnostic_test.go:54: STATE_EXPORT path=/var/home/agent/workspace/tmp/whisper-vad-parity-20261001/state-go-corrected-own-logits-24.f32 count=51866 sha=d01b7530cd9c2c01f83faa776ea234fa55e2919d7baf086bd98d99faec163335
    state_parity_diagnostic_test.go:54: STATE_EXPORT path=/var/home/agent/workspace/tmp/whisper-vad-parity-20261001/state-go-corrected-own-logits-25.f32 count=51866 sha=d7f767f53627d51f9de393b965144f5dde7acd4c8e1ca8e54386897d7682e952
    state_parity_diagnostic_test.go:54: STATE_EXPORT path=/var/home/agent/workspace/tmp/whisper-vad-parity-20261001/state-go-corrected-own-logits-26.f32 count=51866 sha=c4964455ee660ec707abd4ac53c692de2c4c0255603808581c22b9d35efca251
    state_parity_diagnostic_test.go:54: STATE_EXPORT path=/var/home/agent/workspace/tmp/whisper-vad-parity-20261001/state-go-corrected-own-logits-27.f32 count=51866 sha=965f824d8b370d9abbb358b1b3a13abe103bb59373014914982d829e97e5bfb9
    state_parity_diagnostic_test.go:54: STATE_EXPORT path=/var/home/agent/workspace/tmp/whisper-vad-parity-20261001/state-go-corrected-own-logits-28.f32 count=51866 sha=c712e359470e43989af2fe8f30c061e63e74e3231da5fdbf47447896e0911e98
    state_parity_diagnostic_test.go:54: STATE_EXPORT path=/var/home/agent/workspace/tmp/whisper-vad-parity-20261001/state-go-corrected-own-logits-29.f32 count=51866 sha=fee1104b26debf85018215ce6e7ea86f40601a3565c06d204cf753ab0ba2091d
    state_parity_diagnostic_test.go:54: STATE_EXPORT path=/var/home/agent/workspace/tmp/whisper-vad-parity-20261001/state-go-corrected-own-logits-30.f32 count=51866 sha=efc7dd81ad8f62de9b8a67e00bdbab820f7db31409b258c6327558770d1dbc6f
    state_parity_diagnostic_test.go:129: COMMON_STATE mode=own final={Position:30 Input:50868 EOT:10.815668 RepeatTimestamp:10.992569}
    state_parity_diagnostic_test.go:54: STATE_EXPORT path=/var/home/agent/workspace/tmp/whisper-vad-parity-20261001/state-go-corrected-original-mel-logits-0.f32 count=51866 sha=28291f3fbfb2d8eafaea2400b976cfe9ec21977e6655c13ba57ebfe851e9dc71
    state_parity_diagnostic_test.go:54: STATE_EXPORT path=/var/home/agent/workspace/tmp/whisper-vad-parity-20261001/state-go-corrected-original-mel-logits-1.f32 count=51866 sha=afbcf39fe55aec3b34c69b1d5c89b795d190d5db7a48b90ecbcb6e63dde3894d
    state_parity_diagnostic_test.go:54: STATE_EXPORT path=/var/home/agent/workspace/tmp/whisper-vad-parity-20261001/state-go-corrected-original-mel-logits-2.f32 count=51866 sha=d094caf01dccc814d1791e0870a12b5e7d27978fecadd0ee4554feaa710d2a89
    state_parity_diagnostic_test.go:54: STATE_EXPORT path=/var/home/agent/workspace/tmp/whisper-vad-parity-20261001/state-go-corrected-original-mel-logits-3.f32 count=51866 sha=fd171d497ff325ba51b0783a6334b9f2553f607a11e56551be70efe1dc8c840c
    state_parity_diagnostic_test.go:54: STATE_EXPORT path=/var/home/agent/workspace/tmp/whisper-vad-parity-20261001/state-go-corrected-original-mel-logits-4.f32 count=51866 sha=a709b44d988adc37aea32d1c59527cad29d164489304beea4503d166274d20d6
    state_parity_diagnostic_test.go:54: STATE_EXPORT path=/var/home/agent/workspace/tmp/whisper-vad-parity-20261001/state-go-corrected-original-mel-logits-5.f32 count=51866 sha=cbf6af4f002ba25bf273810907521d17985b454f559080a18dd90325101e36ce
    state_parity_diagnostic_test.go:54: STATE_EXPORT path=/var/home/agent/workspace/tmp/whisper-vad-parity-20261001/state-go-corrected-original-mel-logits-6.f32 count=51866 sha=a73f02715b2f23084b82cf75794f8871186ec06db9e4f7034adff40a20ca5328
    state_parity_diagnostic_test.go:54: STATE_EXPORT path=/var/home/agent/workspace/tmp/whisper-vad-parity-20261001/state-go-corrected-original-mel-logits-7.f32 count=51866 sha=f4a8de10535be702748cc05f4b21603a4caec58ce5195e252fcfa4ee52b71168
    state_parity_diagnostic_test.go:54: STATE_EXPORT path=/var/home/agent/workspace/tmp/whisper-vad-parity-20261001/state-go-corrected-original-mel-logits-8.f32 count=51866 sha=0e7c8d2cb9c13a81c583b42c9116cd41025336902f4e8bb733067ca706f3fcea
    state_parity_diagnostic_test.go:54: STATE_EXPORT path=/var/home/agent/workspace/tmp/whisper-vad-parity-20261001/state-go-corrected-original-mel-logits-9.f32 count=51866 sha=834908e1393014a0d74650fe74865058ebd5ab04db7b50a96638aab4f4e00d8e
    state_parity_diagnostic_test.go:54: STATE_EXPORT path=/var/home/agent/workspace/tmp/whisper-vad-parity-20261001/state-go-corrected-original-mel-logits-10.f32 count=51866 sha=139d885c9905ef3c4db07e0058ebdead6fbc408cf786fb9b2463cc2dd44f1235
    state_parity_diagnostic_test.go:54: STATE_EXPORT path=/var/home/agent/workspace/tmp/whisper-vad-parity-20261001/state-go-corrected-original-mel-logits-11.f32 count=51866 sha=b8abdc8f5448a41b5954200fe5e028d8609dc1a372da6ab2b1625c8e29eb023a
    state_parity_diagnostic_test.go:54: STATE_EXPORT path=/var/home/agent/workspace/tmp/whisper-vad-parity-20261001/state-go-corrected-original-mel-logits-12.f32 count=51866 sha=b2539e49341399d98d823ce6f0a332871bc2e956e54290e20930445c6e20346b
    state_parity_diagnostic_test.go:54: STATE_EXPORT path=/var/home/agent/workspace/tmp/whisper-vad-parity-20261001/state-go-corrected-original-mel-logits-13.f32 count=51866 sha=a1f9b38f2178fb49e9ff28489abf24113d29c03809d68075057047c72730d1ce
    state_parity_diagnostic_test.go:54: STATE_EXPORT path=/var/home/agent/workspace/tmp/whisper-vad-parity-20261001/state-go-corrected-original-mel-logits-14.f32 count=51866 sha=8baf004b44e9ba1c958543f061b9320daca586e01ff9b020ed4314604c0b3aa5
    state_parity_diagnostic_test.go:54: STATE_EXPORT path=/var/home/agent/workspace/tmp/whisper-vad-parity-20261001/state-go-corrected-original-mel-logits-15.f32 count=51866 sha=987e31b4ee61cd52b3c00d91306705a427da03562476e5d9d4d7701c9903910f
    state_parity_diagnostic_test.go:54: STATE_EXPORT path=/var/home/agent/workspace/tmp/whisper-vad-parity-20261001/state-go-corrected-original-mel-logits-16.f32 count=51866 sha=2c7f867359a5a4b35019d349e92769ef3d97e5cf7c8974d4c0765d0368ca00fe
    state_parity_diagnostic_test.go:54: STATE_EXPORT path=/var/home/agent/workspace/tmp/whisper-vad-parity-20261001/state-go-corrected-original-mel-logits-17.f32 count=51866 sha=3bfc4608dbd280ec5666bc17f825c56cb61e2f746776ab39aef900366080b2ad
    state_parity_diagnostic_test.go:54: STATE_EXPORT path=/var/home/agent/workspace/tmp/whisper-vad-parity-20261001/state-go-corrected-original-mel-logits-18.f32 count=51866 sha=de0ecadc1ab39d2281dd776b5ec8a2c08130ea7d4283a42bc1d7c2f6fcd23a9b
    state_parity_diagnostic_test.go:54: STATE_EXPORT path=/var/home/agent/workspace/tmp/whisper-vad-parity-20261001/state-go-corrected-original-mel-logits-19.f32 count=51866 sha=a7611d55a42f2c0b26db85eca7681042bef10d5e6252a38f5b9afa1e0d40e86f
    state_parity_diagnostic_test.go:54: STATE_EXPORT path=/var/home/agent/workspace/tmp/whisper-vad-parity-20261001/state-go-corrected-original-mel-logits-20.f32 count=51866 sha=2ae0aa6199c4351266ed14de3b2ec5e43120c0da622825062c9c50ef326dd096
    state_parity_diagnostic_test.go:54: STATE_EXPORT path=/var/home/agent/workspace/tmp/whisper-vad-parity-20261001/state-go-corrected-original-mel-logits-21.f32 count=51866 sha=8686aa4a2b55dc7785d9bda400bb83272860767336f451ffa4a945333b22ce36
    state_parity_diagnostic_test.go:54: STATE_EXPORT path=/var/home/agent/workspace/tmp/whisper-vad-parity-20261001/state-go-corrected-original-mel-logits-22.f32 count=51866 sha=74aedee79777334942ba3cfc8198dceca535d3a3c6513fcba684ced90152ad16
    state_parity_diagnostic_test.go:54: STATE_EXPORT path=/var/home/agent/workspace/tmp/whisper-vad-parity-20261001/state-go-corrected-original-mel-logits-23.f32 count=51866 sha=4a20caba2bfdd67bc2cd7f14754e2bcb263cf343d8b4a51520645fcc54bcd3b7
    state_parity_diagnostic_test.go:54: STATE_EXPORT path=/var/home/agent/workspace/tmp/whisper-vad-parity-20261001/state-go-corrected-original-mel-logits-24.f32 count=51866 sha=71ddab27efe747aef550b806c1e490d578c78d6a85f9249eba648a816c5b46a0
    state_parity_diagnostic_test.go:54: STATE_EXPORT path=/var/home/agent/workspace/tmp/whisper-vad-parity-20261001/state-go-corrected-original-mel-logits-25.f32 count=51866 sha=4080678468ce2b7f61f16980c13b81c18f9370702c0dce816d11f7a023250b06
    state_parity_diagnostic_test.go:54: STATE_EXPORT path=/var/home/agent/workspace/tmp/whisper-vad-parity-20261001/state-go-corrected-original-mel-logits-26.f32 count=51866 sha=45c589aa411ea800f0d974130436302ec2c24ac374cc06eb945f14ae3601b59e
    state_parity_diagnostic_test.go:54: STATE_EXPORT path=/var/home/agent/workspace/tmp/whisper-vad-parity-20261001/state-go-corrected-original-mel-logits-27.f32 count=51866 sha=3c7b1ae0f3d91fba7222592c7ff08655dbe18d89edf58ff5596682a8cd205fc1
    state_parity_diagnostic_test.go:54: STATE_EXPORT path=/var/home/agent/workspace/tmp/whisper-vad-parity-20261001/state-go-corrected-original-mel-logits-28.f32 count=51866 sha=1451a32fe446608d31b5e980785cfe6da69ac761a2ea13b35477febc40bb5c46
    state_parity_diagnostic_test.go:54: STATE_EXPORT path=/var/home/agent/workspace/tmp/whisper-vad-parity-20261001/state-go-corrected-original-mel-logits-29.f32 count=51866 sha=2dd32d7432e4a8751b93c854e5098121507eae0306c8470d14b9f1c7a29f0440
    state_parity_diagnostic_test.go:54: STATE_EXPORT path=/var/home/agent/workspace/tmp/whisper-vad-parity-20261001/state-go-corrected-original-mel-logits-30.f32 count=51866 sha=9513588652818785b85986bcfb365a539d81081c842cc60e8c54ee6e8d94f854
    state_parity_diagnostic_test.go:129: COMMON_STATE mode=original-mel final={Position:30 Input:50868 EOT:10.815668 RepeatTimestamp:10.99257}
    state_parity_diagnostic_test.go:54: STATE_EXPORT path=/var/home/agent/workspace/tmp/whisper-vad-parity-20261001/state-go-corrected-original-hidden-logits-0.f32 count=51866 sha=c7a1e742b89764602d4363bf85c4bf488beca5fe4cfeceb279d57d13feb34001
    state_parity_diagnostic_test.go:54: STATE_EXPORT path=/var/home/agent/workspace/tmp/whisper-vad-parity-20261001/state-go-corrected-original-hidden-logits-1.f32 count=51866 sha=db2397785b8cc93682a9bffbe8108954f2ebd1191b1412864272a47c4ee7bb51
    state_parity_diagnostic_test.go:54: STATE_EXPORT path=/var/home/agent/workspace/tmp/whisper-vad-parity-20261001/state-go-corrected-original-hidden-logits-2.f32 count=51866 sha=59c95ca833901232485097cfccf02383908a0112ae799567a4bbf94a08c40ee1
    state_parity_diagnostic_test.go:54: STATE_EXPORT path=/var/home/agent/workspace/tmp/whisper-vad-parity-20261001/state-go-corrected-original-hidden-logits-3.f32 count=51866 sha=08049a6e9660fc742589c74e866f26b08bac15493caaabb36143d59194468556
    state_parity_diagnostic_test.go:54: STATE_EXPORT path=/var/home/agent/workspace/tmp/whisper-vad-parity-20261001/state-go-corrected-original-hidden-logits-4.f32 count=51866 sha=433ed57c86a7f383a0721b514a6e732fbce2ffeb062a0627a360b8b2fae7eb84
    state_parity_diagnostic_test.go:54: STATE_EXPORT path=/var/home/agent/workspace/tmp/whisper-vad-parity-20261001/state-go-corrected-original-hidden-logits-5.f32 count=51866 sha=7bfb3f7c997f3a214ad1b42a3c730f79955a772f15000eb17573a880c2286a9c
    state_parity_diagnostic_test.go:54: STATE_EXPORT path=/var/home/agent/workspace/tmp/whisper-vad-parity-20261001/state-go-corrected-original-hidden-logits-6.f32 count=51866 sha=4862ac840f7f6ac68681b684b39f252b16d3ba19d76595f55442bff675d94358
    state_parity_diagnostic_test.go:54: STATE_EXPORT path=/var/home/agent/workspace/tmp/whisper-vad-parity-20261001/state-go-corrected-original-hidden-logits-7.f32 count=51866 sha=c0e67cfe4ddf932b097dc2d560ecbf18a17e83a252650d01e38744bfae5c0210
    state_parity_diagnostic_test.go:54: STATE_EXPORT path=/var/home/agent/workspace/tmp/whisper-vad-parity-20261001/state-go-corrected-original-hidden-logits-8.f32 count=51866 sha=be1097cff393bc1fac56f9d44c9f18040424b6f5df8643d9af008cda0248eb31
    state_parity_diagnostic_test.go:54: STATE_EXPORT path=/var/home/agent/workspace/tmp/whisper-vad-parity-20261001/state-go-corrected-original-hidden-logits-9.f32 count=51866 sha=4b88814e3f32f67e0a482d1891a4b9fced8150cd8ff4c72c183e22cf50389c6d
    state_parity_diagnostic_test.go:54: STATE_EXPORT path=/var/home/agent/workspace/tmp/whisper-vad-parity-20261001/state-go-corrected-original-hidden-logits-10.f32 count=51866 sha=30ee264049824c198e35e2d48f521732b75106416df8a4694c2c19d405c93e36
    state_parity_diagnostic_test.go:54: STATE_EXPORT path=/var/home/agent/workspace/tmp/whisper-vad-parity-20261001/state-go-corrected-original-hidden-logits-11.f32 count=51866 sha=899c9b6ad7a5804fd7896d00829e9607a65d959d242617afe105d5d8e74a0847
    state_parity_diagnostic_test.go:54: STATE_EXPORT path=/var/home/agent/workspace/tmp/whisper-vad-parity-20261001/state-go-corrected-original-hidden-logits-12.f32 count=51866 sha=9076df183f5f5f66c22ece51c74f83a8f797405aa601d6f3f763dd18804d0a90
    state_parity_diagnostic_test.go:54: STATE_EXPORT path=/var/home/agent/workspace/tmp/whisper-vad-parity-20261001/state-go-corrected-original-hidden-logits-13.f32 count=51866 sha=903b354385817dbed6f194cb5e067292658dd3397c9370a7ae3651c75014b0be
    state_parity_diagnostic_test.go:54: STATE_EXPORT path=/var/home/agent/workspace/tmp/whisper-vad-parity-20261001/state-go-corrected-original-hidden-logits-14.f32 count=51866 sha=280821e1d9ba551fa283404f8cb50dd1a6050868995a039d2707e927654513ac
    state_parity_diagnostic_test.go:54: STATE_EXPORT path=/var/home/agent/workspace/tmp/whisper-vad-parity-20261001/state-go-corrected-original-hidden-logits-15.f32 count=51866 sha=62d1a0a98471fc508e78785c4ed79cbc950859f0b27343e830df1aedd11e6be8
    state_parity_diagnostic_test.go:54: STATE_EXPORT path=/var/home/agent/workspace/tmp/whisper-vad-parity-20261001/state-go-corrected-original-hidden-logits-16.f32 count=51866 sha=eea3904c884e579b1c097f34613f645e6cb245f3ad3b586a8afa1b728bb0a22c
    state_parity_diagnostic_test.go:54: STATE_EXPORT path=/var/home/agent/workspace/tmp/whisper-vad-parity-20261001/state-go-corrected-original-hidden-logits-17.f32 count=51866 sha=9a5b4ac8e765600d29da49e4419159bae776b76cd965e467cd7f7ab0d0844996
    state_parity_diagnostic_test.go:54: STATE_EXPORT path=/var/home/agent/workspace/tmp/whisper-vad-parity-20261001/state-go-corrected-original-hidden-logits-18.f32 count=51866 sha=9d10b056b621c2c958bdc5c68657e30cdb6f303e686d7a71a044a2bb9ad6d8ad
    state_parity_diagnostic_test.go:54: STATE_EXPORT path=/var/home/agent/workspace/tmp/whisper-vad-parity-20261001/state-go-corrected-original-hidden-logits-19.f32 count=51866 sha=1f67a4f34454e618b3a76d684516007a733903c4358afab1441b7ccb9e9cfe79
    state_parity_diagnostic_test.go:54: STATE_EXPORT path=/var/home/agent/workspace/tmp/whisper-vad-parity-20261001/state-go-corrected-original-hidden-logits-20.f32 count=51866 sha=f14f4cfd56428a2b12087791eb05176dd71f34796be60120488907daae6951be
    state_parity_diagnostic_test.go:54: STATE_EXPORT path=/var/home/agent/workspace/tmp/whisper-vad-parity-20261001/state-go-corrected-original-hidden-logits-21.f32 count=51866 sha=5ee0e64b827e046e1adce27c71901d116f2c65aa95d45f87bfca56434dd26d1d
    state_parity_diagnostic_test.go:54: STATE_EXPORT path=/var/home/agent/workspace/tmp/whisper-vad-parity-20261001/state-go-corrected-original-hidden-logits-22.f32 count=51866 sha=ee54a23ee54fc9011028977eb568ca6b5afb5425c86d02fd7e5fb7f6091d7125
    state_parity_diagnostic_test.go:54: STATE_EXPORT path=/var/home/agent/workspace/tmp/whisper-vad-parity-20261001/state-go-corrected-original-hidden-logits-23.f32 count=51866 sha=6335c9323a65c549e660efd6ea5e66a8663b490e41a550dd41b78e6d79eb5901
    state_parity_diagnostic_test.go:54: STATE_EXPORT path=/var/home/agent/workspace/tmp/whisper-vad-parity-20261001/state-go-corrected-original-hidden-logits-24.f32 count=51866 sha=372c1601ad624cd47e6599206444bb8e484cb78b57f380c75266d1552b75e4fa
    state_parity_diagnostic_test.go:54: STATE_EXPORT path=/var/home/agent/workspace/tmp/whisper-vad-parity-20261001/state-go-corrected-original-hidden-logits-25.f32 count=51866 sha=e9fa5939435e3702ea95cec5807d72709e481d62e5e590949428e880ae9d721d
    state_parity_diagnostic_test.go:54: STATE_EXPORT path=/var/home/agent/workspace/tmp/whisper-vad-parity-20261001/state-go-corrected-original-hidden-logits-26.f32 count=51866 sha=f7ff37fb2f4fff33f9ba02f01e4afdab3be2a8012f55bbfa945e03cf3e6b373b
    state_parity_diagnostic_test.go:54: STATE_EXPORT path=/var/home/agent/workspace/tmp/whisper-vad-parity-20261001/state-go-corrected-original-hidden-logits-27.f32 count=51866 sha=7ca4d6fb22478e557e19bbbf5e0e605fa076435751ae6f1fb3cf9783bf38f667
    state_parity_diagnostic_test.go:54: STATE_EXPORT path=/var/home/agent/workspace/tmp/whisper-vad-parity-20261001/state-go-corrected-original-hidden-logits-28.f32 count=51866 sha=5fb5887d0f485d31080be4d1ec60421dd883fb1d6a95459b8b8c31d8154f111a
    state_parity_diagnostic_test.go:54: STATE_EXPORT path=/var/home/agent/workspace/tmp/whisper-vad-parity-20261001/state-go-corrected-original-hidden-logits-29.f32 count=51866 sha=be6e8e2f2f148aed3501517ca7eebedc2f8c099ac9a218a547cf010bd335a71b
    state_parity_diagnostic_test.go:54: STATE_EXPORT path=/var/home/agent/workspace/tmp/whisper-vad-parity-20261001/state-go-corrected-original-hidden-logits-30.f32 count=51866 sha=b4ad47eee3b9993c34d753b7c5a90b0111a318641e065072e399142bcff7b8f0
    state_parity_diagnostic_test.go:129: COMMON_STATE mode=original-hidden final={Position:30 Input:50868 EOT:10.947939 RepeatTimestamp:10.790747}
    state_parity_diagnostic_test.go:144: STATE_COMMON_PREFIX_PASS tokens=31
--- PASS: TestWhisperCommonStateDiagnostic (16.77s)
PASS
