=== RUN   TestWhisperCommonStateDiagnostic
    state_parity_diagnostic_test.go:31: LEGACY_LOAD seconds=2.854968759 storage=2008 tensors=587 pin=394221709cd5ad1f40c46e6031ca61bce88931e6e088c188294c6d5a55ffa7e2 explicit_widened_values=true
    state_parity_diagnostic_test.go:55: STATE_EXPORT path=/var/home/agent/workspace/tmp/whisper-vad-parity-20261001/state-go-fullpad-tanh-mel.f32 count=384000 sha=c54773d2b5488f77e8d03b77ddbc837dace8ba5e3d7ee97373dd845c3d41efdf
    state_parity_diagnostic_test.go:55: STATE_EXPORT path=/var/home/agent/workspace/tmp/whisper-vad-parity-20261001/state-go-fullpad-tanh-hidden.f32 count=1920000 sha=0836badc9208df8e58dd0c24f550f745ff12ce13942de273861cacab1821ddf8
    state_parity_diagnostic_test.go:55: STATE_EXPORT path=/var/home/agent/workspace/tmp/whisper-vad-parity-20261001/state-go-fullpad-tanh-original-mel-hidden.f32 count=1920000 sha=155071c3172f415a15e1cfa8e1418ed2f1a083b459b7c3a99da221e232f97249
    state_parity_diagnostic_test.go:55: STATE_EXPORT path=/var/home/agent/workspace/tmp/whisper-vad-parity-20261001/state-go-fullpad-tanh-own-logits-0.f32 count=51866 sha=44723d48672c396de2115016c37ef580afcec584d4ed66daf438b96d8117371d
    state_parity_diagnostic_test.go:55: STATE_EXPORT path=/var/home/agent/workspace/tmp/whisper-vad-parity-20261001/state-go-fullpad-tanh-own-logits-1.f32 count=51866 sha=82972c9e055394e8640a3890687d901895b0783d915ab987032ee72e2ea3d28c
    state_parity_diagnostic_test.go:55: STATE_EXPORT path=/var/home/agent/workspace/tmp/whisper-vad-parity-20261001/state-go-fullpad-tanh-own-logits-2.f32 count=51866 sha=36a1894be524b6b6a9dc8064a9d57ba70dac9addebefa580e22da107ac0ddaad
    state_parity_diagnostic_test.go:55: STATE_EXPORT path=/var/home/agent/workspace/tmp/whisper-vad-parity-20261001/state-go-fullpad-tanh-own-logits-3.f32 count=51866 sha=20582dcd82c9f02a903dba34e22d1105caa6178cb5437256b7b05116827bb26e
    state_parity_diagnostic_test.go:55: STATE_EXPORT path=/var/home/agent/workspace/tmp/whisper-vad-parity-20261001/state-go-fullpad-tanh-own-logits-4.f32 count=51866 sha=02c6a1c3fe74274716e01995479ed6ecd229c61eaf987367a2a185f96e4d97a7
    state_parity_diagnostic_test.go:55: STATE_EXPORT path=/var/home/agent/workspace/tmp/whisper-vad-parity-20261001/state-go-fullpad-tanh-own-logits-5.f32 count=51866 sha=7c37621102f497159ed95027aa25dd9d9c1b7127ef41d4baf40d294ae34add7a
    state_parity_diagnostic_test.go:55: STATE_EXPORT path=/var/home/agent/workspace/tmp/whisper-vad-parity-20261001/state-go-fullpad-tanh-own-logits-6.f32 count=51866 sha=294db9c82c951ec3f4f7f039c058a24f510c9a5640c3c6d7081ad1cf1c9069fe
    state_parity_diagnostic_test.go:55: STATE_EXPORT path=/var/home/agent/workspace/tmp/whisper-vad-parity-20261001/state-go-fullpad-tanh-own-logits-7.f32 count=51866 sha=37c6b0474389e1ccf4c9463f727681786d756aa275af39a9a8d2d1fd56bd9814
    state_parity_diagnostic_test.go:55: STATE_EXPORT path=/var/home/agent/workspace/tmp/whisper-vad-parity-20261001/state-go-fullpad-tanh-own-logits-8.f32 count=51866 sha=8f149a5bc436b337e836330521e1146645d93093cca13ba77b3453da9d723846
    state_parity_diagnostic_test.go:55: STATE_EXPORT path=/var/home/agent/workspace/tmp/whisper-vad-parity-20261001/state-go-fullpad-tanh-own-logits-9.f32 count=51866 sha=c7ead8c5ca9d43bfc4369c8d91054159d7b056cc6ff10e8b7184d537bf94a7c0
    state_parity_diagnostic_test.go:55: STATE_EXPORT path=/var/home/agent/workspace/tmp/whisper-vad-parity-20261001/state-go-fullpad-tanh-own-logits-10.f32 count=51866 sha=59ef1c6841a4bcaa820c1c35a2b73b98f6d82fa159063317075552fe6a1efa07
    state_parity_diagnostic_test.go:55: STATE_EXPORT path=/var/home/agent/workspace/tmp/whisper-vad-parity-20261001/state-go-fullpad-tanh-own-logits-11.f32 count=51866 sha=2517f0c92e4fc8fcf62e00b03bf728727d4474a7b8b3a374a0891e641f404fa6
    state_parity_diagnostic_test.go:55: STATE_EXPORT path=/var/home/agent/workspace/tmp/whisper-vad-parity-20261001/state-go-fullpad-tanh-own-logits-12.f32 count=51866 sha=fbb57b7538e73b71c2e3e9eaf4cda1777cda7e380550c2aaa0cbb36e069c66cf
    state_parity_diagnostic_test.go:55: STATE_EXPORT path=/var/home/agent/workspace/tmp/whisper-vad-parity-20261001/state-go-fullpad-tanh-own-logits-13.f32 count=51866 sha=ae795ec7e2c319418f124ca9d8bab7264a5e9a145700bffc2aea71141c95bae2
    state_parity_diagnostic_test.go:55: STATE_EXPORT path=/var/home/agent/workspace/tmp/whisper-vad-parity-20261001/state-go-fullpad-tanh-own-logits-14.f32 count=51866 sha=3daf5779840cf5d8d16fcb9dd6d21c6ba4695965691ef702a961b60456aba7e2
    state_parity_diagnostic_test.go:55: STATE_EXPORT path=/var/home/agent/workspace/tmp/whisper-vad-parity-20261001/state-go-fullpad-tanh-own-logits-15.f32 count=51866 sha=0ccb602443a4bb79afe7dea9f10b418610e8811b0aa6b638c6810c6a4ac1376d
    state_parity_diagnostic_test.go:55: STATE_EXPORT path=/var/home/agent/workspace/tmp/whisper-vad-parity-20261001/state-go-fullpad-tanh-own-logits-16.f32 count=51866 sha=d5cfbfcf043a6187b60d6434005a098c02726695288d6a12aba0f6fefabbe435
    state_parity_diagnostic_test.go:55: STATE_EXPORT path=/var/home/agent/workspace/tmp/whisper-vad-parity-20261001/state-go-fullpad-tanh-own-logits-17.f32 count=51866 sha=6cd782ab3292781c4e44e92dfef930697251b6aef0421d19168564991e5aa383
    state_parity_diagnostic_test.go:55: STATE_EXPORT path=/var/home/agent/workspace/tmp/whisper-vad-parity-20261001/state-go-fullpad-tanh-own-logits-18.f32 count=51866 sha=57259c2f80adf70bd1c09d1766243c088a24d14f5dd22523dabca171056d4d98
    state_parity_diagnostic_test.go:55: STATE_EXPORT path=/var/home/agent/workspace/tmp/whisper-vad-parity-20261001/state-go-fullpad-tanh-own-logits-19.f32 count=51866 sha=be2387537b302ee246bedca04fe8536114042d56b7cebfc5dfdbce3995919a6c
    state_parity_diagnostic_test.go:55: STATE_EXPORT path=/var/home/agent/workspace/tmp/whisper-vad-parity-20261001/state-go-fullpad-tanh-own-logits-20.f32 count=51866 sha=798040f03ecc2efe0ccfad57359bd7318103df556762cb8ccff555da28bc9eda
    state_parity_diagnostic_test.go:55: STATE_EXPORT path=/var/home/agent/workspace/tmp/whisper-vad-parity-20261001/state-go-fullpad-tanh-own-logits-21.f32 count=51866 sha=a0b1eaa5e703387242d6fcd8af011fa55aaf1f999e1710f54238f5b886dbc6c1
    state_parity_diagnostic_test.go:55: STATE_EXPORT path=/var/home/agent/workspace/tmp/whisper-vad-parity-20261001/state-go-fullpad-tanh-own-logits-22.f32 count=51866 sha=2ed2f30a38e11419a59f6785306dcfb3463c68c9fc3d41c8f993e25906321969
    state_parity_diagnostic_test.go:55: STATE_EXPORT path=/var/home/agent/workspace/tmp/whisper-vad-parity-20261001/state-go-fullpad-tanh-own-logits-23.f32 count=51866 sha=c61864a58516c646fa1a7a58ee187d90161705aa254f6601485d2264823f72fa
    state_parity_diagnostic_test.go:55: STATE_EXPORT path=/var/home/agent/workspace/tmp/whisper-vad-parity-20261001/state-go-fullpad-tanh-own-logits-24.f32 count=51866 sha=cef42cdb5628b6b82210f7de75255fdd867f22a9d25108f5914e41f2c4c9e7ac
    state_parity_diagnostic_test.go:55: STATE_EXPORT path=/var/home/agent/workspace/tmp/whisper-vad-parity-20261001/state-go-fullpad-tanh-own-logits-25.f32 count=51866 sha=4da370a066b40cfc382196b8299d0fe264636985bacb50c980f6159deab87e6e
    state_parity_diagnostic_test.go:55: STATE_EXPORT path=/var/home/agent/workspace/tmp/whisper-vad-parity-20261001/state-go-fullpad-tanh-own-logits-26.f32 count=51866 sha=f712bfc4d75ffbb2c759deb2f453f062d3d70edad53bad0aab66376f90a057d7
    state_parity_diagnostic_test.go:55: STATE_EXPORT path=/var/home/agent/workspace/tmp/whisper-vad-parity-20261001/state-go-fullpad-tanh-own-logits-27.f32 count=51866 sha=e9890dea60f4bcf8c25938699778acc9871dd8217596ee79564569a7a4191aa0
    state_parity_diagnostic_test.go:55: STATE_EXPORT path=/var/home/agent/workspace/tmp/whisper-vad-parity-20261001/state-go-fullpad-tanh-own-logits-28.f32 count=51866 sha=462db23b02aca4588919a3282505b83e3f50477dabaee5d6eecb676e22b2fa46
    state_parity_diagnostic_test.go:55: STATE_EXPORT path=/var/home/agent/workspace/tmp/whisper-vad-parity-20261001/state-go-fullpad-tanh-own-logits-29.f32 count=51866 sha=d3a5155309ef147f77dd36a3e7f15d4cf1af1a2369f6b2dc89127cb325fb12a7
    state_parity_diagnostic_test.go:55: STATE_EXPORT path=/var/home/agent/workspace/tmp/whisper-vad-parity-20261001/state-go-fullpad-tanh-own-logits-30.f32 count=51866 sha=9a37ed1deb2d0b95a9181059400547a16d58491be1b38bcf2c7fee03f95b5e0e
    state_parity_diagnostic_test.go:339: COMMON_STATE mode=own final={Position:30 Input:50868 EOT:10.964653 RepeatTimestamp:10.829616}
    state_parity_diagnostic_test.go:55: STATE_EXPORT path=/var/home/agent/workspace/tmp/whisper-vad-parity-20261001/state-go-fullpad-tanh-original-mel-logits-0.f32 count=51866 sha=1244f4a64c4c8f0731c7e415795f9f76bcce3e8ca236d4fcd9e20907c5855e1d
    state_parity_diagnostic_test.go:55: STATE_EXPORT path=/var/home/agent/workspace/tmp/whisper-vad-parity-20261001/state-go-fullpad-tanh-original-mel-logits-1.f32 count=51866 sha=5d6d135bab22757a3a6fe3199588c4e4034e8aac888237b54a7a7f46008445ce
    state_parity_diagnostic_test.go:55: STATE_EXPORT path=/var/home/agent/workspace/tmp/whisper-vad-parity-20261001/state-go-fullpad-tanh-original-mel-logits-2.f32 count=51866 sha=741a7842cd0762a1b90a2699dc5da98f7581b8b95b85760b5985e94a427022ee
    state_parity_diagnostic_test.go:55: STATE_EXPORT path=/var/home/agent/workspace/tmp/whisper-vad-parity-20261001/state-go-fullpad-tanh-original-mel-logits-3.f32 count=51866 sha=8305f181f545b781892032561100df929ea0bbf0a05c95d55e6279fd17422020
    state_parity_diagnostic_test.go:55: STATE_EXPORT path=/var/home/agent/workspace/tmp/whisper-vad-parity-20261001/state-go-fullpad-tanh-original-mel-logits-4.f32 count=51866 sha=e5f3c04ea623051faefa818237b64554a699c45d53a3562411d9e5693a2496e0
    state_parity_diagnostic_test.go:55: STATE_EXPORT path=/var/home/agent/workspace/tmp/whisper-vad-parity-20261001/state-go-fullpad-tanh-original-mel-logits-5.f32 count=51866 sha=90873d6ef2ce8cfae427d2c5ec10a6e8188fa8f5c8476858092b776c3404d49c
    state_parity_diagnostic_test.go:55: STATE_EXPORT path=/var/home/agent/workspace/tmp/whisper-vad-parity-20261001/state-go-fullpad-tanh-original-mel-logits-6.f32 count=51866 sha=c1a5c1311a12d8be9433509cccc78c146b4f549bbe26a48d25c472274425d8a5
    state_parity_diagnostic_test.go:55: STATE_EXPORT path=/var/home/agent/workspace/tmp/whisper-vad-parity-20261001/state-go-fullpad-tanh-original-mel-logits-7.f32 count=51866 sha=a3f9e2bb987b2cb8dac3c7fed9316f34e843c2c6e35e0cd04174a6814eb8d2f7
    state_parity_diagnostic_test.go:55: STATE_EXPORT path=/var/home/agent/workspace/tmp/whisper-vad-parity-20261001/state-go-fullpad-tanh-original-mel-logits-8.f32 count=51866 sha=2be35cc1182fcec64f493c325a08b4eddab58123896b3b6c3bb92355ac091f58
    state_parity_diagnostic_test.go:55: STATE_EXPORT path=/var/home/agent/workspace/tmp/whisper-vad-parity-20261001/state-go-fullpad-tanh-original-mel-logits-9.f32 count=51866 sha=0f1ba6e0410f4c0b482d5e8376a980e90f7480e74d1d2fcd8e769ea9d6eac3c3
    state_parity_diagnostic_test.go:55: STATE_EXPORT path=/var/home/agent/workspace/tmp/whisper-vad-parity-20261001/state-go-fullpad-tanh-original-mel-logits-10.f32 count=51866 sha=9eca23019139884789a27b08d62fe2a0c0a20bbfeebf91183f6f04658bf31955
    state_parity_diagnostic_test.go:55: STATE_EXPORT path=/var/home/agent/workspace/tmp/whisper-vad-parity-20261001/state-go-fullpad-tanh-original-mel-logits-11.f32 count=51866 sha=c0ebc5abd787920a88f1d91aa750b51d3c718037135655025090718a0ae9e4a0
    state_parity_diagnostic_test.go:55: STATE_EXPORT path=/var/home/agent/workspace/tmp/whisper-vad-parity-20261001/state-go-fullpad-tanh-original-mel-logits-12.f32 count=51866 sha=b1d49a33561bdb4bb1e2ca44f26aef349df80606ad070722c4005dfed7ff352d
    state_parity_diagnostic_test.go:55: STATE_EXPORT path=/var/home/agent/workspace/tmp/whisper-vad-parity-20261001/state-go-fullpad-tanh-original-mel-logits-13.f32 count=51866 sha=dcd6b851dc56515a093780136035b93891c74d7c35669c184a4e585e8f65b323
    state_parity_diagnostic_test.go:55: STATE_EXPORT path=/var/home/agent/workspace/tmp/whisper-vad-parity-20261001/state-go-fullpad-tanh-original-mel-logits-14.f32 count=51866 sha=f43a0d46d4dd81c4da2f53d6fdad4c2b7033dfc4be4ff42ab66f6a4b9cfdd25c
    state_parity_diagnostic_test.go:55: STATE_EXPORT path=/var/home/agent/workspace/tmp/whisper-vad-parity-20261001/state-go-fullpad-tanh-original-mel-logits-15.f32 count=51866 sha=0910223c1ea76755082678166a0cb210f294f8400f206fb4a260c606edf2ff7c
    state_parity_diagnostic_test.go:55: STATE_EXPORT path=/var/home/agent/workspace/tmp/whisper-vad-parity-20261001/state-go-fullpad-tanh-original-mel-logits-16.f32 count=51866 sha=bc5808ef0b5b0530a335bbfdc1d080eb8ad36f082292b478325f24f0325126a0
    state_parity_diagnostic_test.go:55: STATE_EXPORT path=/var/home/agent/workspace/tmp/whisper-vad-parity-20261001/state-go-fullpad-tanh-original-mel-logits-17.f32 count=51866 sha=ea43fed42588e8c769015fc96684d48f3a94826de1f3572125cd795475d59ecb
    state_parity_diagnostic_test.go:55: STATE_EXPORT path=/var/home/agent/workspace/tmp/whisper-vad-parity-20261001/state-go-fullpad-tanh-original-mel-logits-18.f32 count=51866 sha=7414f4c5f9c6e7be012c03ee50d45b7d05d6f1641d471b3b6af891f6ec8eeb24
    state_parity_diagnostic_test.go:55: STATE_EXPORT path=/var/home/agent/workspace/tmp/whisper-vad-parity-20261001/state-go-fullpad-tanh-original-mel-logits-19.f32 count=51866 sha=a7b6fe782b5054c793de65e0b34c7e794002aef468623c58e836726e76983dfb
    state_parity_diagnostic_test.go:55: STATE_EXPORT path=/var/home/agent/workspace/tmp/whisper-vad-parity-20261001/state-go-fullpad-tanh-original-mel-logits-20.f32 count=51866 sha=ce7857f9c86ef6131209730bc05076f9e9138f4b79e999b92d2bd95d32951c77
    state_parity_diagnostic_test.go:55: STATE_EXPORT path=/var/home/agent/workspace/tmp/whisper-vad-parity-20261001/state-go-fullpad-tanh-original-mel-logits-21.f32 count=51866 sha=f2e29770e39779a74094058103904899d6dc70b59b4233de45880ddbc04e694d
    state_parity_diagnostic_test.go:55: STATE_EXPORT path=/var/home/agent/workspace/tmp/whisper-vad-parity-20261001/state-go-fullpad-tanh-original-mel-logits-22.f32 count=51866 sha=6e78ecfa3059b258970d9082c3768becc81a63859167861e13978b9ae2ad352a
    state_parity_diagnostic_test.go:55: STATE_EXPORT path=/var/home/agent/workspace/tmp/whisper-vad-parity-20261001/state-go-fullpad-tanh-original-mel-logits-23.f32 count=51866 sha=72b4bbbd534e58c295375609976d9a45a70c6850e15542c9ab299fb1eb85d193
    state_parity_diagnostic_test.go:55: STATE_EXPORT path=/var/home/agent/workspace/tmp/whisper-vad-parity-20261001/state-go-fullpad-tanh-original-mel-logits-24.f32 count=51866 sha=1172d9df58f94a82f3edd42ce9b1c12b5d4d06a0a89554963238e8b62fd9aadb
    state_parity_diagnostic_test.go:55: STATE_EXPORT path=/var/home/agent/workspace/tmp/whisper-vad-parity-20261001/state-go-fullpad-tanh-original-mel-logits-25.f32 count=51866 sha=46a930611afdcc81756c582c2f7f64a658f02efc6faea14ba0e7719afe387fed
    state_parity_diagnostic_test.go:55: STATE_EXPORT path=/var/home/agent/workspace/tmp/whisper-vad-parity-20261001/state-go-fullpad-tanh-original-mel-logits-26.f32 count=51866 sha=1212815e2a9f17f9ae96421d8cb6295c833a11d0327319da904c3e6af292bbff
    state_parity_diagnostic_test.go:55: STATE_EXPORT path=/var/home/agent/workspace/tmp/whisper-vad-parity-20261001/state-go-fullpad-tanh-original-mel-logits-27.f32 count=51866 sha=5ec3d25723302848b9de512154a64d98e8e29e58fdd66c5a7a824001db3fef6c
    state_parity_diagnostic_test.go:55: STATE_EXPORT path=/var/home/agent/workspace/tmp/whisper-vad-parity-20261001/state-go-fullpad-tanh-original-mel-logits-28.f32 count=51866 sha=2b7c260bf9bc9dc09965f0d0bb4d88b5145fb7b88287dc932652fdc963128d6c
    state_parity_diagnostic_test.go:55: STATE_EXPORT path=/var/home/agent/workspace/tmp/whisper-vad-parity-20261001/state-go-fullpad-tanh-original-mel-logits-29.f32 count=51866 sha=94cf750d52a2904f1051466f4bae79a495c0d57117cb9dca74cb32194b506f2b
    state_parity_diagnostic_test.go:55: STATE_EXPORT path=/var/home/agent/workspace/tmp/whisper-vad-parity-20261001/state-go-fullpad-tanh-original-mel-logits-30.f32 count=51866 sha=54b65295b543343f8d073e848ac0399deab7d63ec563e394d5a66436a32f81fc
    state_parity_diagnostic_test.go:339: COMMON_STATE mode=original-mel final={Position:30 Input:50868 EOT:10.964659 RepeatTimestamp:10.829602}
    state_parity_diagnostic_test.go:55: STATE_EXPORT path=/var/home/agent/workspace/tmp/whisper-vad-parity-20261001/state-go-fullpad-tanh-original-hidden-logits-0.f32 count=51866 sha=f6133fe585b001c42edba74b521ce3b656936972c22588ce842e61c398b71d57
    state_parity_diagnostic_test.go:55: STATE_EXPORT path=/var/home/agent/workspace/tmp/whisper-vad-parity-20261001/state-go-fullpad-tanh-original-hidden-logits-1.f32 count=51866 sha=09065a6bad6d80fa83f0d21861bf3438964743aaf6f1914f429f30e7c5622217
    state_parity_diagnostic_test.go:55: STATE_EXPORT path=/var/home/agent/workspace/tmp/whisper-vad-parity-20261001/state-go-fullpad-tanh-original-hidden-logits-2.f32 count=51866 sha=17434865fe35ac4fd0c70d60868c98f2e5ff33d73f9d14e38f0ca7e55eadefaa
    state_parity_diagnostic_test.go:55: STATE_EXPORT path=/var/home/agent/workspace/tmp/whisper-vad-parity-20261001/state-go-fullpad-tanh-original-hidden-logits-3.f32 count=51866 sha=5f230e448465bc225520a073b48b1c21722a1e46d8179217817ab85867b420fa
    state_parity_diagnostic_test.go:55: STATE_EXPORT path=/var/home/agent/workspace/tmp/whisper-vad-parity-20261001/state-go-fullpad-tanh-original-hidden-logits-4.f32 count=51866 sha=3ea659e565a589a997e2c9fc9f02ee8de898d4558331f74f38fe9ac4c4094242
    state_parity_diagnostic_test.go:55: STATE_EXPORT path=/var/home/agent/workspace/tmp/whisper-vad-parity-20261001/state-go-fullpad-tanh-original-hidden-logits-5.f32 count=51866 sha=8003905e37d0dc67a96453216d2d29492392cc60315cd938c85e69020887a998
    state_parity_diagnostic_test.go:55: STATE_EXPORT path=/var/home/agent/workspace/tmp/whisper-vad-parity-20261001/state-go-fullpad-tanh-original-hidden-logits-6.f32 count=51866 sha=5cdb41a663621657b38a239f40c60682817dab37ea3e21774dc85a8c934609c1
    state_parity_diagnostic_test.go:55: STATE_EXPORT path=/var/home/agent/workspace/tmp/whisper-vad-parity-20261001/state-go-fullpad-tanh-original-hidden-logits-7.f32 count=51866 sha=08e6406d8bffd4ca4de6c20bef72b626d5f4d408bb8481f4e2b68312647a1f5b
    state_parity_diagnostic_test.go:55: STATE_EXPORT path=/var/home/agent/workspace/tmp/whisper-vad-parity-20261001/state-go-fullpad-tanh-original-hidden-logits-8.f32 count=51866 sha=ebe0dbbc286aa35450865352265ffde848967f469715a241ff023a7b2cadd464
    state_parity_diagnostic_test.go:55: STATE_EXPORT path=/var/home/agent/workspace/tmp/whisper-vad-parity-20261001/state-go-fullpad-tanh-original-hidden-logits-9.f32 count=51866 sha=fe1a846a6efe6b4d52c9696fa3fe7bfb46c82fa24d35f367021b427e3e2af963
    state_parity_diagnostic_test.go:55: STATE_EXPORT path=/var/home/agent/workspace/tmp/whisper-vad-parity-20261001/state-go-fullpad-tanh-original-hidden-logits-10.f32 count=51866 sha=c8178ec632cc5ad7ea83dc26ed4045e0889683b9d01f1337c19b41daa2cf6aac
    state_parity_diagnostic_test.go:55: STATE_EXPORT path=/var/home/agent/workspace/tmp/whisper-vad-parity-20261001/state-go-fullpad-tanh-original-hidden-logits-11.f32 count=51866 sha=e6dfaa1d84d40cd27538b86c6329cde705fcff2ac03a803ddbb1e0dc772e1eb3
    state_parity_diagnostic_test.go:55: STATE_EXPORT path=/var/home/agent/workspace/tmp/whisper-vad-parity-20261001/state-go-fullpad-tanh-original-hidden-logits-12.f32 count=51866 sha=dd0d3929ea2f899732df552bcf8f6089ec8ba893d9dbe4ad8b422adbbf6880d4
    state_parity_diagnostic_test.go:55: STATE_EXPORT path=/var/home/agent/workspace/tmp/whisper-vad-parity-20261001/state-go-fullpad-tanh-original-hidden-logits-13.f32 count=51866 sha=f485b58997b5e1557099c8ff9c592ec37b5128ad5c399faa2579a5876b833232
    state_parity_diagnostic_test.go:55: STATE_EXPORT path=/var/home/agent/workspace/tmp/whisper-vad-parity-20261001/state-go-fullpad-tanh-original-hidden-logits-14.f32 count=51866 sha=af1163a8841bdada207cad25001d335b0753adafac3c340bc1f627e58fa996bd
    state_parity_diagnostic_test.go:55: STATE_EXPORT path=/var/home/agent/workspace/tmp/whisper-vad-parity-20261001/state-go-fullpad-tanh-original-hidden-logits-15.f32 count=51866 sha=06563a7d9c1793d992e7a0ac6a1aa99f79fcb9f66f9076de107afb8ed6d121b2
    state_parity_diagnostic_test.go:55: STATE_EXPORT path=/var/home/agent/workspace/tmp/whisper-vad-parity-20261001/state-go-fullpad-tanh-original-hidden-logits-16.f32 count=51866 sha=3b228bf3e402320de361fb92cdc7175fff4610dfe3ae0fed7d0ec1bf6ced807c
    state_parity_diagnostic_test.go:55: STATE_EXPORT path=/var/home/agent/workspace/tmp/whisper-vad-parity-20261001/state-go-fullpad-tanh-original-hidden-logits-17.f32 count=51866 sha=30e1a0dc718baf9d797cd240aaaf27a6cf0fefc909fabec5e105d318989d706d
    state_parity_diagnostic_test.go:55: STATE_EXPORT path=/var/home/agent/workspace/tmp/whisper-vad-parity-20261001/state-go-fullpad-tanh-original-hidden-logits-18.f32 count=51866 sha=35a0abaa5c834360a25948842ac3604adcffa10498f40f46ed4d2cc4e9076674
    state_parity_diagnostic_test.go:55: STATE_EXPORT path=/var/home/agent/workspace/tmp/whisper-vad-parity-20261001/state-go-fullpad-tanh-original-hidden-logits-19.f32 count=51866 sha=9a57b5eb5af8350ffe3d4d9529ba5b748d7d8179c34740cf157a139b5ee80212
    state_parity_diagnostic_test.go:55: STATE_EXPORT path=/var/home/agent/workspace/tmp/whisper-vad-parity-20261001/state-go-fullpad-tanh-original-hidden-logits-20.f32 count=51866 sha=8b2814d815dba8b09865eeae37e7be5aafa087cba19e5c1593726f8a0461323f
    state_parity_diagnostic_test.go:55: STATE_EXPORT path=/var/home/agent/workspace/tmp/whisper-vad-parity-20261001/state-go-fullpad-tanh-original-hidden-logits-21.f32 count=51866 sha=cccf402c1bd1ea04278509abf7f9e2a890ffaa7765e1d6e7d110eff90b7dddde
    state_parity_diagnostic_test.go:55: STATE_EXPORT path=/var/home/agent/workspace/tmp/whisper-vad-parity-20261001/state-go-fullpad-tanh-original-hidden-logits-22.f32 count=51866 sha=2b3183e653b48fd3451ff86e9d8bf6c6ee58f340f92b7e4efa9c7ebe5de1f317
    state_parity_diagnostic_test.go:55: STATE_EXPORT path=/var/home/agent/workspace/tmp/whisper-vad-parity-20261001/state-go-fullpad-tanh-original-hidden-logits-23.f32 count=51866 sha=30016eaa717f103b995107461f1cb33d8ba34f7dda48e328e5360463a873225f
    state_parity_diagnostic_test.go:55: STATE_EXPORT path=/var/home/agent/workspace/tmp/whisper-vad-parity-20261001/state-go-fullpad-tanh-original-hidden-logits-24.f32 count=51866 sha=d95cb4bc7ef07c85a702335c2907401f92651a5d731314a7a697bb57a0ae2ee9
    state_parity_diagnostic_test.go:55: STATE_EXPORT path=/var/home/agent/workspace/tmp/whisper-vad-parity-20261001/state-go-fullpad-tanh-original-hidden-logits-25.f32 count=51866 sha=a3b86f0ed3eb3ad4f7d8867fdb8f3c795681165e61c89c8956c9c535e77927ea
    state_parity_diagnostic_test.go:55: STATE_EXPORT path=/var/home/agent/workspace/tmp/whisper-vad-parity-20261001/state-go-fullpad-tanh-original-hidden-logits-26.f32 count=51866 sha=b5e8af7009b4b9420291f0af16e0628c7e4d24146b499ad1187170acd77c50b4
    state_parity_diagnostic_test.go:55: STATE_EXPORT path=/var/home/agent/workspace/tmp/whisper-vad-parity-20261001/state-go-fullpad-tanh-original-hidden-logits-27.f32 count=51866 sha=7cbb0cdc12bca82e2973c88f8e74fb701ddd8a92156c199a21def77ee6fb194c
    state_parity_diagnostic_test.go:55: STATE_EXPORT path=/var/home/agent/workspace/tmp/whisper-vad-parity-20261001/state-go-fullpad-tanh-original-hidden-logits-28.f32 count=51866 sha=eb0572daeacc6cec053342e6e8858e2df751260d3aa3bce6c0bd44988ebe8f11
    state_parity_diagnostic_test.go:55: STATE_EXPORT path=/var/home/agent/workspace/tmp/whisper-vad-parity-20261001/state-go-fullpad-tanh-original-hidden-logits-29.f32 count=51866 sha=781b974ecb007e17dd2471ae0b5779fe080aa79d8eeecd18b7d338bc76ed70ee
    state_parity_diagnostic_test.go:55: STATE_EXPORT path=/var/home/agent/workspace/tmp/whisper-vad-parity-20261001/state-go-fullpad-tanh-original-hidden-logits-30.f32 count=51866 sha=96a42cee849d78e78524a9221cb16753e5bdd9cf711f2f5bc260ded2abe966f6
    state_parity_diagnostic_test.go:339: COMMON_STATE mode=original-hidden final={Position:30 Input:50868 EOT:10.9654455 RepeatTimestamp:10.828323}
    state_parity_diagnostic_test.go:354: STATE_COMMON_PREFIX_PASS tokens=31
--- PASS: TestWhisperCommonStateDiagnostic (16.93s)
PASS
