=== RUN   TestWhisperCommonStateDiagnostic
    state_parity_diagnostic_test.go:31: LEGACY_LOAD seconds=2.8544988719999997 storage=2008 tensors=587 pin=394221709cd5ad1f40c46e6031ca61bce88931e6e088c188294c6d5a55ffa7e2 explicit_widened_values=true
    state_parity_diagnostic_test.go:55: STATE_EXPORT path=/var/home/agent/workspace/tmp/whisper-vad-parity-20261001/state-go-free-pad-erf-mel.f32 count=384000 sha=c54773d2b5488f77e8d03b77ddbc837dace8ba5e3d7ee97373dd845c3d41efdf
    state_parity_diagnostic_test.go:55: STATE_EXPORT path=/var/home/agent/workspace/tmp/whisper-vad-parity-20261001/state-go-free-pad-erf-hidden.f32 count=1920000 sha=92baf919c003233b7c2e75321b11e5c8cd38ddeb7e40bd691891559f2afe1d39
    state_parity_diagnostic_test.go:55: STATE_EXPORT path=/var/home/agent/workspace/tmp/whisper-vad-parity-20261001/state-go-free-pad-erf-original-mel-hidden.f32 count=1920000 sha=7f434c33dff497fa039bcd8d8d5a3cf695ea54d56a8f6603b738526e14a6175a
    state_parity_diagnostic_test.go:55: STATE_EXPORT path=/var/home/agent/workspace/tmp/whisper-vad-parity-20261001/state-go-free-pad-erf-own-logits-0.f32 count=51866 sha=a37bb9922be9976cc3e3f71dbea5ada49e723cf5e3b8a7d5186feb68a399f427
    state_parity_diagnostic_test.go:55: STATE_EXPORT path=/var/home/agent/workspace/tmp/whisper-vad-parity-20261001/state-go-free-pad-erf-own-logits-1.f32 count=51866 sha=96ccfbbf0b8c3644e30b3453a438bea617562e3179559d2c807fcb8734545bac
    state_parity_diagnostic_test.go:55: STATE_EXPORT path=/var/home/agent/workspace/tmp/whisper-vad-parity-20261001/state-go-free-pad-erf-own-logits-2.f32 count=51866 sha=3630d1a8e5389ab6dd0f05e020ba9b532910325a1b33cf4ac3ba333c9cdfaabd
    state_parity_diagnostic_test.go:55: STATE_EXPORT path=/var/home/agent/workspace/tmp/whisper-vad-parity-20261001/state-go-free-pad-erf-own-logits-3.f32 count=51866 sha=8fc8d01a1ad8d6c5d6776b646b7e6a597a811bb27ede02f0f61e1847a0f1129e
    state_parity_diagnostic_test.go:55: STATE_EXPORT path=/var/home/agent/workspace/tmp/whisper-vad-parity-20261001/state-go-free-pad-erf-own-logits-4.f32 count=51866 sha=e8af2eed6bb355bd1012df0257a2ad96700d1ea33c39d09460ce09f770b5594d
    state_parity_diagnostic_test.go:55: STATE_EXPORT path=/var/home/agent/workspace/tmp/whisper-vad-parity-20261001/state-go-free-pad-erf-own-logits-5.f32 count=51866 sha=35b0c3e55f6449d004353e1f7912cae3aad2d155b9ea554580cd952cd6d2a4d6
    state_parity_diagnostic_test.go:55: STATE_EXPORT path=/var/home/agent/workspace/tmp/whisper-vad-parity-20261001/state-go-free-pad-erf-own-logits-6.f32 count=51866 sha=e8541d7399b586f1ffd3f1aa9b577173461c83d8cfa975f23738889ba0614926
    state_parity_diagnostic_test.go:55: STATE_EXPORT path=/var/home/agent/workspace/tmp/whisper-vad-parity-20261001/state-go-free-pad-erf-own-logits-7.f32 count=51866 sha=9303fe0526599bf4b8c7617fc35468768ad45f0512cfaedcf745949939e12518
    state_parity_diagnostic_test.go:55: STATE_EXPORT path=/var/home/agent/workspace/tmp/whisper-vad-parity-20261001/state-go-free-pad-erf-own-logits-8.f32 count=51866 sha=300149e7a5f007a28f856e19fda55afdd7d139443ca3bc7e3b53b872cdba02f4
    state_parity_diagnostic_test.go:55: STATE_EXPORT path=/var/home/agent/workspace/tmp/whisper-vad-parity-20261001/state-go-free-pad-erf-own-logits-9.f32 count=51866 sha=f380440cc692012dcb52f585db440768050436ebe272916bd3ed45321ba794fb
    state_parity_diagnostic_test.go:55: STATE_EXPORT path=/var/home/agent/workspace/tmp/whisper-vad-parity-20261001/state-go-free-pad-erf-own-logits-10.f32 count=51866 sha=f14d86a99a0d00ec65fe7fb58e8f036373c21a8e46244f495d64bb25a01c115e
    state_parity_diagnostic_test.go:55: STATE_EXPORT path=/var/home/agent/workspace/tmp/whisper-vad-parity-20261001/state-go-free-pad-erf-own-logits-11.f32 count=51866 sha=9f008d5193536748f65f7b5f259732e24c72ba2ec18d3ff42712b7ef8d8cb75d
    state_parity_diagnostic_test.go:55: STATE_EXPORT path=/var/home/agent/workspace/tmp/whisper-vad-parity-20261001/state-go-free-pad-erf-own-logits-12.f32 count=51866 sha=f54f05a59518380c417fd08d004ca42e58a2fd95dfddf2f69da7176e27b861bf
    state_parity_diagnostic_test.go:55: STATE_EXPORT path=/var/home/agent/workspace/tmp/whisper-vad-parity-20261001/state-go-free-pad-erf-own-logits-13.f32 count=51866 sha=3830a8ab307a56bce40d148ce9131476b4e490846b84c15d9213e96689cbabb5
    state_parity_diagnostic_test.go:55: STATE_EXPORT path=/var/home/agent/workspace/tmp/whisper-vad-parity-20261001/state-go-free-pad-erf-own-logits-14.f32 count=51866 sha=133f7abc48025fa3e94477bd91caae2c9278e24dbe3661590dc5b2e9e2271283
    state_parity_diagnostic_test.go:55: STATE_EXPORT path=/var/home/agent/workspace/tmp/whisper-vad-parity-20261001/state-go-free-pad-erf-own-logits-15.f32 count=51866 sha=a219d267f7e4362a0d498d0c811a84658a8792731f79ae136d97b8f60d641bc1
    state_parity_diagnostic_test.go:55: STATE_EXPORT path=/var/home/agent/workspace/tmp/whisper-vad-parity-20261001/state-go-free-pad-erf-own-logits-16.f32 count=51866 sha=003a3b3b558544bbf4a824913455cb5b2419c279e29ad5c5dd6e8216e6479afe
    state_parity_diagnostic_test.go:55: STATE_EXPORT path=/var/home/agent/workspace/tmp/whisper-vad-parity-20261001/state-go-free-pad-erf-own-logits-17.f32 count=51866 sha=63c8eecc03c361618a9731e31418a99b276775d6c3c085ad31dcd3e935939937
    state_parity_diagnostic_test.go:55: STATE_EXPORT path=/var/home/agent/workspace/tmp/whisper-vad-parity-20261001/state-go-free-pad-erf-own-logits-18.f32 count=51866 sha=ff67c7f7561c30f5ff7f67e25648ed8920bc1212a6cd3e96240c1404e36aa7d7
    state_parity_diagnostic_test.go:55: STATE_EXPORT path=/var/home/agent/workspace/tmp/whisper-vad-parity-20261001/state-go-free-pad-erf-own-logits-19.f32 count=51866 sha=506db2bf60249b47b1da19f1bce014fe74585fa6fac705d338b6fde9ba4e6bb8
    state_parity_diagnostic_test.go:55: STATE_EXPORT path=/var/home/agent/workspace/tmp/whisper-vad-parity-20261001/state-go-free-pad-erf-own-logits-20.f32 count=51866 sha=203c672c7e44428fc4475210612b20f64a7ac8c4993d39402f0bb79f0455c283
    state_parity_diagnostic_test.go:55: STATE_EXPORT path=/var/home/agent/workspace/tmp/whisper-vad-parity-20261001/state-go-free-pad-erf-own-logits-21.f32 count=51866 sha=496a6425ae645431073359585c01226891c117cc67b17aa8e267fbe934b10eeb
    state_parity_diagnostic_test.go:55: STATE_EXPORT path=/var/home/agent/workspace/tmp/whisper-vad-parity-20261001/state-go-free-pad-erf-own-logits-22.f32 count=51866 sha=5586121ed2b64c73edbf0f3b09b30ed3c674bf1d0835305fda47cfc59ef80ed5
    state_parity_diagnostic_test.go:55: STATE_EXPORT path=/var/home/agent/workspace/tmp/whisper-vad-parity-20261001/state-go-free-pad-erf-own-logits-23.f32 count=51866 sha=c91407166490c458d64fff8e3cc1cbd05f63f098c23c94489020cc50e85d127a
    state_parity_diagnostic_test.go:55: STATE_EXPORT path=/var/home/agent/workspace/tmp/whisper-vad-parity-20261001/state-go-free-pad-erf-own-logits-24.f32 count=51866 sha=8c603bad2861a0665042e0f740574d77e66c839a13aa32f96ed7e77168bc094c
    state_parity_diagnostic_test.go:55: STATE_EXPORT path=/var/home/agent/workspace/tmp/whisper-vad-parity-20261001/state-go-free-pad-erf-own-logits-25.f32 count=51866 sha=55b65911d0284b03c1c66e91cd12d18ba7e9f9f25c71abe2ed3712d34cf96411
    state_parity_diagnostic_test.go:55: STATE_EXPORT path=/var/home/agent/workspace/tmp/whisper-vad-parity-20261001/state-go-free-pad-erf-own-logits-26.f32 count=51866 sha=f0a178cfa01072400bf2cb43e777fd7bbc5964f2260434e476f1eeced1e58b8d
    state_parity_diagnostic_test.go:55: STATE_EXPORT path=/var/home/agent/workspace/tmp/whisper-vad-parity-20261001/state-go-free-pad-erf-own-logits-27.f32 count=51866 sha=e859d925af24e502609315f71cf0ab1dd6f7f17721731d9fa8c0aefc2597af1a
    state_parity_diagnostic_test.go:55: STATE_EXPORT path=/var/home/agent/workspace/tmp/whisper-vad-parity-20261001/state-go-free-pad-erf-own-logits-28.f32 count=51866 sha=636e69e9136f4a1ddc944f9ee220593681d41ae12580ad088ee74a13e21fe1f1
    state_parity_diagnostic_test.go:55: STATE_EXPORT path=/var/home/agent/workspace/tmp/whisper-vad-parity-20261001/state-go-free-pad-erf-own-logits-29.f32 count=51866 sha=3b294a8b83a6e69004e8a3a7117d57bc49cf5d3a8e734c57bd772c718f3efdbd
    state_parity_diagnostic_test.go:55: STATE_EXPORT path=/var/home/agent/workspace/tmp/whisper-vad-parity-20261001/state-go-free-pad-erf-own-logits-30.f32 count=51866 sha=d9f34a5e39eda52f2bac2da6a12cd2c18db138fec7441ee28caa9a0025d7d7db
    state_parity_diagnostic_test.go:356: STATE_FREE mode=own segments=[{Start:0 End:10.06 Text:And so, my fellow Americans, ask not what your country can do for you, ask what you can do for your country. Tokens:[400 370 11 452 7177 6280 11 1029 406 437 428 1941 393 360 337 291 11 1029 437 291 393 360 337 428 1941 13]}]
    state_parity_diagnostic_test.go:359: COMMON_STATE mode=own final={Position:30 Input:50868 EOT:10.963354 RepeatTimestamp:10.879085}
    state_parity_diagnostic_test.go:55: STATE_EXPORT path=/var/home/agent/workspace/tmp/whisper-vad-parity-20261001/state-go-free-pad-erf-original-mel-logits-0.f32 count=51866 sha=5aa0395d6a60162e0583b88c28f3f90b4072233a14e29a2ad4c02537bf94ee67
    state_parity_diagnostic_test.go:55: STATE_EXPORT path=/var/home/agent/workspace/tmp/whisper-vad-parity-20261001/state-go-free-pad-erf-original-mel-logits-1.f32 count=51866 sha=217fd1f213ce19bd6815d4cef49b39cd944bf712941ccf279ea83720f0fb75b0
    state_parity_diagnostic_test.go:55: STATE_EXPORT path=/var/home/agent/workspace/tmp/whisper-vad-parity-20261001/state-go-free-pad-erf-original-mel-logits-2.f32 count=51866 sha=18eaf791cdbfd05d87858c7103e4f8e7c2b5f270a124a40f40e458d34edc914e
    state_parity_diagnostic_test.go:55: STATE_EXPORT path=/var/home/agent/workspace/tmp/whisper-vad-parity-20261001/state-go-free-pad-erf-original-mel-logits-3.f32 count=51866 sha=83e196661ed1dcf9e101f6c8e046eb785c5e9827859c8e4bbfede91f6f5a838c
    state_parity_diagnostic_test.go:55: STATE_EXPORT path=/var/home/agent/workspace/tmp/whisper-vad-parity-20261001/state-go-free-pad-erf-original-mel-logits-4.f32 count=51866 sha=ce64fabca7b1848b917b5c19e8acd755487d7ae2bd64e4ad759cc292269c9888
    state_parity_diagnostic_test.go:55: STATE_EXPORT path=/var/home/agent/workspace/tmp/whisper-vad-parity-20261001/state-go-free-pad-erf-original-mel-logits-5.f32 count=51866 sha=b8f190f54b1b671bfbbb2f033e71d31614fc8e5106838920b1308430e2e7e18b
    state_parity_diagnostic_test.go:55: STATE_EXPORT path=/var/home/agent/workspace/tmp/whisper-vad-parity-20261001/state-go-free-pad-erf-original-mel-logits-6.f32 count=51866 sha=c40e36d1976ceec6b87ca62c3700f231edd1517ae3d61190ac050e1eb75bf362
    state_parity_diagnostic_test.go:55: STATE_EXPORT path=/var/home/agent/workspace/tmp/whisper-vad-parity-20261001/state-go-free-pad-erf-original-mel-logits-7.f32 count=51866 sha=e4f5c3a61f139b119c11fa0dc0de98ff51cf0c9f1cb8218b66f9e414647f8c99
    state_parity_diagnostic_test.go:55: STATE_EXPORT path=/var/home/agent/workspace/tmp/whisper-vad-parity-20261001/state-go-free-pad-erf-original-mel-logits-8.f32 count=51866 sha=55c8ac10c74216622ec2011f2464cd826717f471b3f3061f19fc5e775825f88e
    state_parity_diagnostic_test.go:55: STATE_EXPORT path=/var/home/agent/workspace/tmp/whisper-vad-parity-20261001/state-go-free-pad-erf-original-mel-logits-9.f32 count=51866 sha=aadf713606a9d0b909ada27f10a0d503da0ec9522aa404df1f9889c3cb7c788d
    state_parity_diagnostic_test.go:55: STATE_EXPORT path=/var/home/agent/workspace/tmp/whisper-vad-parity-20261001/state-go-free-pad-erf-original-mel-logits-10.f32 count=51866 sha=2ca12ff6f9a82a904aa20c1f4993dfd872555763987f99ea7d38cb9bfacbfaf8
    state_parity_diagnostic_test.go:55: STATE_EXPORT path=/var/home/agent/workspace/tmp/whisper-vad-parity-20261001/state-go-free-pad-erf-original-mel-logits-11.f32 count=51866 sha=1bc4fe689b2e932748985af9e9d79369f7f5a5756586a93a9738418d5cd8859a
    state_parity_diagnostic_test.go:55: STATE_EXPORT path=/var/home/agent/workspace/tmp/whisper-vad-parity-20261001/state-go-free-pad-erf-original-mel-logits-12.f32 count=51866 sha=08b168d41d175321fcba3c1a6608e704490ab6e580b373511f5f3c57af4db26f
    state_parity_diagnostic_test.go:55: STATE_EXPORT path=/var/home/agent/workspace/tmp/whisper-vad-parity-20261001/state-go-free-pad-erf-original-mel-logits-13.f32 count=51866 sha=3d1eba711d21ffb3eda47f42e2490853d3352aca0f1e9f30350a4f699425facb
    state_parity_diagnostic_test.go:55: STATE_EXPORT path=/var/home/agent/workspace/tmp/whisper-vad-parity-20261001/state-go-free-pad-erf-original-mel-logits-14.f32 count=51866 sha=d81d85418508f8f736c5997e41311303229418eeabe3bfa892d54af2afd678bb
    state_parity_diagnostic_test.go:55: STATE_EXPORT path=/var/home/agent/workspace/tmp/whisper-vad-parity-20261001/state-go-free-pad-erf-original-mel-logits-15.f32 count=51866 sha=e931987f120256b79c0debf88bb7dd592f4b8dc50f763f21e3db910913cdc430
    state_parity_diagnostic_test.go:55: STATE_EXPORT path=/var/home/agent/workspace/tmp/whisper-vad-parity-20261001/state-go-free-pad-erf-original-mel-logits-16.f32 count=51866 sha=286a2fdf25cbc946c77ec763173b27850132b9efe700cadb445a0ac006047283
    state_parity_diagnostic_test.go:55: STATE_EXPORT path=/var/home/agent/workspace/tmp/whisper-vad-parity-20261001/state-go-free-pad-erf-original-mel-logits-17.f32 count=51866 sha=8f291dcce0b7743f36028612adb11c6bbeedc3bcb221ae3747129253d54280d2
    state_parity_diagnostic_test.go:55: STATE_EXPORT path=/var/home/agent/workspace/tmp/whisper-vad-parity-20261001/state-go-free-pad-erf-original-mel-logits-18.f32 count=51866 sha=54cf314e59309bab4e7be66897a1a8eb784babf30c3c78d80224608969898505
    state_parity_diagnostic_test.go:55: STATE_EXPORT path=/var/home/agent/workspace/tmp/whisper-vad-parity-20261001/state-go-free-pad-erf-original-mel-logits-19.f32 count=51866 sha=a42adca5753d932c03e3b043f3c4c9b658cab6fafa6d9867b21b960dc52d70b2
    state_parity_diagnostic_test.go:55: STATE_EXPORT path=/var/home/agent/workspace/tmp/whisper-vad-parity-20261001/state-go-free-pad-erf-original-mel-logits-20.f32 count=51866 sha=56f44389d04ab0109b3b07aebc96526abd80ecdaa3e3d1e89b43ab69c6998fa1
    state_parity_diagnostic_test.go:55: STATE_EXPORT path=/var/home/agent/workspace/tmp/whisper-vad-parity-20261001/state-go-free-pad-erf-original-mel-logits-21.f32 count=51866 sha=37937a2e77cec3b57186c27202323327f5613e28d2e85e635bcbfa230de7b48d
    state_parity_diagnostic_test.go:55: STATE_EXPORT path=/var/home/agent/workspace/tmp/whisper-vad-parity-20261001/state-go-free-pad-erf-original-mel-logits-22.f32 count=51866 sha=a4e0e0a5f6ee5255f9e5b334ed80173025ea76f161c0125906f58ad45ca47a05
    state_parity_diagnostic_test.go:55: STATE_EXPORT path=/var/home/agent/workspace/tmp/whisper-vad-parity-20261001/state-go-free-pad-erf-original-mel-logits-23.f32 count=51866 sha=1d9ce53918712341bb955718bd2b9b0a3ff3ad431730eb7c444e671412a2be86
    state_parity_diagnostic_test.go:55: STATE_EXPORT path=/var/home/agent/workspace/tmp/whisper-vad-parity-20261001/state-go-free-pad-erf-original-mel-logits-24.f32 count=51866 sha=34a79b91c3e0b76aff917bde9b97242a6f2b56252c7f220982a749c7f76dff9a
    state_parity_diagnostic_test.go:55: STATE_EXPORT path=/var/home/agent/workspace/tmp/whisper-vad-parity-20261001/state-go-free-pad-erf-original-mel-logits-25.f32 count=51866 sha=b7b856031ab160f89e48c3a67285482b315c0104ec03841d9ffde5657d74d902
    state_parity_diagnostic_test.go:55: STATE_EXPORT path=/var/home/agent/workspace/tmp/whisper-vad-parity-20261001/state-go-free-pad-erf-original-mel-logits-26.f32 count=51866 sha=1d9fa2ad76dd380ecc95d8b6433eb92ac39d446cb98c5bc2500291d415e2ee11
    state_parity_diagnostic_test.go:55: STATE_EXPORT path=/var/home/agent/workspace/tmp/whisper-vad-parity-20261001/state-go-free-pad-erf-original-mel-logits-27.f32 count=51866 sha=d7b2e21b54ee97f1c12925719c1b00c4ab72ed91efbb1274a93d6cbbad01c80e
    state_parity_diagnostic_test.go:55: STATE_EXPORT path=/var/home/agent/workspace/tmp/whisper-vad-parity-20261001/state-go-free-pad-erf-original-mel-logits-28.f32 count=51866 sha=300ce380bbdd107f637992b9d25a151af5fdae8f5b4c3a4ca9facb13eee24915
    state_parity_diagnostic_test.go:55: STATE_EXPORT path=/var/home/agent/workspace/tmp/whisper-vad-parity-20261001/state-go-free-pad-erf-original-mel-logits-29.f32 count=51866 sha=a1530450338d50f36f2847501d2533ff7a510c280dc97d4b462022a9177f6d7b
    state_parity_diagnostic_test.go:55: STATE_EXPORT path=/var/home/agent/workspace/tmp/whisper-vad-parity-20261001/state-go-free-pad-erf-original-mel-logits-30.f32 count=51866 sha=5e7c1c68e900b9f67548636ea6b14253ebe7c93971a7c5b3841adc61057fcfc2
    state_parity_diagnostic_test.go:356: STATE_FREE mode=original-mel segments=[{Start:0 End:10.06 Text:And so, my fellow Americans, ask not what your country can do for you, ask what you can do for your country. Tokens:[400 370 11 452 7177 6280 11 1029 406 437 428 1941 393 360 337 291 11 1029 437 291 393 360 337 428 1941 13]}]
    state_parity_diagnostic_test.go:359: COMMON_STATE mode=original-mel final={Position:30 Input:50868 EOT:10.963355 RepeatTimestamp:10.879088}
    state_parity_diagnostic_test.go:55: STATE_EXPORT path=/var/home/agent/workspace/tmp/whisper-vad-parity-20261001/state-go-free-pad-erf-original-hidden-logits-0.f32 count=51866 sha=f6133fe585b001c42edba74b521ce3b656936972c22588ce842e61c398b71d57
    state_parity_diagnostic_test.go:55: STATE_EXPORT path=/var/home/agent/workspace/tmp/whisper-vad-parity-20261001/state-go-free-pad-erf-original-hidden-logits-1.f32 count=51866 sha=09065a6bad6d80fa83f0d21861bf3438964743aaf6f1914f429f30e7c5622217
    state_parity_diagnostic_test.go:55: STATE_EXPORT path=/var/home/agent/workspace/tmp/whisper-vad-parity-20261001/state-go-free-pad-erf-original-hidden-logits-2.f32 count=51866 sha=17434865fe35ac4fd0c70d60868c98f2e5ff33d73f9d14e38f0ca7e55eadefaa
    state_parity_diagnostic_test.go:55: STATE_EXPORT path=/var/home/agent/workspace/tmp/whisper-vad-parity-20261001/state-go-free-pad-erf-original-hidden-logits-3.f32 count=51866 sha=5f230e448465bc225520a073b48b1c21722a1e46d8179217817ab85867b420fa
    state_parity_diagnostic_test.go:55: STATE_EXPORT path=/var/home/agent/workspace/tmp/whisper-vad-parity-20261001/state-go-free-pad-erf-original-hidden-logits-4.f32 count=51866 sha=3ea659e565a589a997e2c9fc9f02ee8de898d4558331f74f38fe9ac4c4094242
    state_parity_diagnostic_test.go:55: STATE_EXPORT path=/var/home/agent/workspace/tmp/whisper-vad-parity-20261001/state-go-free-pad-erf-original-hidden-logits-5.f32 count=51866 sha=8003905e37d0dc67a96453216d2d29492392cc60315cd938c85e69020887a998
    state_parity_diagnostic_test.go:55: STATE_EXPORT path=/var/home/agent/workspace/tmp/whisper-vad-parity-20261001/state-go-free-pad-erf-original-hidden-logits-6.f32 count=51866 sha=5cdb41a663621657b38a239f40c60682817dab37ea3e21774dc85a8c934609c1
    state_parity_diagnostic_test.go:55: STATE_EXPORT path=/var/home/agent/workspace/tmp/whisper-vad-parity-20261001/state-go-free-pad-erf-original-hidden-logits-7.f32 count=51866 sha=08e6406d8bffd4ca4de6c20bef72b626d5f4d408bb8481f4e2b68312647a1f5b
    state_parity_diagnostic_test.go:55: STATE_EXPORT path=/var/home/agent/workspace/tmp/whisper-vad-parity-20261001/state-go-free-pad-erf-original-hidden-logits-8.f32 count=51866 sha=ebe0dbbc286aa35450865352265ffde848967f469715a241ff023a7b2cadd464
    state_parity_diagnostic_test.go:55: STATE_EXPORT path=/var/home/agent/workspace/tmp/whisper-vad-parity-20261001/state-go-free-pad-erf-original-hidden-logits-9.f32 count=51866 sha=fe1a846a6efe6b4d52c9696fa3fe7bfb46c82fa24d35f367021b427e3e2af963
    state_parity_diagnostic_test.go:55: STATE_EXPORT path=/var/home/agent/workspace/tmp/whisper-vad-parity-20261001/state-go-free-pad-erf-original-hidden-logits-10.f32 count=51866 sha=c8178ec632cc5ad7ea83dc26ed4045e0889683b9d01f1337c19b41daa2cf6aac
    state_parity_diagnostic_test.go:55: STATE_EXPORT path=/var/home/agent/workspace/tmp/whisper-vad-parity-20261001/state-go-free-pad-erf-original-hidden-logits-11.f32 count=51866 sha=e6dfaa1d84d40cd27538b86c6329cde705fcff2ac03a803ddbb1e0dc772e1eb3
    state_parity_diagnostic_test.go:55: STATE_EXPORT path=/var/home/agent/workspace/tmp/whisper-vad-parity-20261001/state-go-free-pad-erf-original-hidden-logits-12.f32 count=51866 sha=dd0d3929ea2f899732df552bcf8f6089ec8ba893d9dbe4ad8b422adbbf6880d4
    state_parity_diagnostic_test.go:55: STATE_EXPORT path=/var/home/agent/workspace/tmp/whisper-vad-parity-20261001/state-go-free-pad-erf-original-hidden-logits-13.f32 count=51866 sha=f485b58997b5e1557099c8ff9c592ec37b5128ad5c399faa2579a5876b833232
    state_parity_diagnostic_test.go:55: STATE_EXPORT path=/var/home/agent/workspace/tmp/whisper-vad-parity-20261001/state-go-free-pad-erf-original-hidden-logits-14.f32 count=51866 sha=af1163a8841bdada207cad25001d335b0753adafac3c340bc1f627e58fa996bd
    state_parity_diagnostic_test.go:55: STATE_EXPORT path=/var/home/agent/workspace/tmp/whisper-vad-parity-20261001/state-go-free-pad-erf-original-hidden-logits-15.f32 count=51866 sha=06563a7d9c1793d992e7a0ac6a1aa99f79fcb9f66f9076de107afb8ed6d121b2
    state_parity_diagnostic_test.go:55: STATE_EXPORT path=/var/home/agent/workspace/tmp/whisper-vad-parity-20261001/state-go-free-pad-erf-original-hidden-logits-16.f32 count=51866 sha=3b228bf3e402320de361fb92cdc7175fff4610dfe3ae0fed7d0ec1bf6ced807c
    state_parity_diagnostic_test.go:55: STATE_EXPORT path=/var/home/agent/workspace/tmp/whisper-vad-parity-20261001/state-go-free-pad-erf-original-hidden-logits-17.f32 count=51866 sha=30e1a0dc718baf9d797cd240aaaf27a6cf0fefc909fabec5e105d318989d706d
    state_parity_diagnostic_test.go:55: STATE_EXPORT path=/var/home/agent/workspace/tmp/whisper-vad-parity-20261001/state-go-free-pad-erf-original-hidden-logits-18.f32 count=51866 sha=35a0abaa5c834360a25948842ac3604adcffa10498f40f46ed4d2cc4e9076674
    state_parity_diagnostic_test.go:55: STATE_EXPORT path=/var/home/agent/workspace/tmp/whisper-vad-parity-20261001/state-go-free-pad-erf-original-hidden-logits-19.f32 count=51866 sha=9a57b5eb5af8350ffe3d4d9529ba5b748d7d8179c34740cf157a139b5ee80212
    state_parity_diagnostic_test.go:55: STATE_EXPORT path=/var/home/agent/workspace/tmp/whisper-vad-parity-20261001/state-go-free-pad-erf-original-hidden-logits-20.f32 count=51866 sha=8b2814d815dba8b09865eeae37e7be5aafa087cba19e5c1593726f8a0461323f
    state_parity_diagnostic_test.go:55: STATE_EXPORT path=/var/home/agent/workspace/tmp/whisper-vad-parity-20261001/state-go-free-pad-erf-original-hidden-logits-21.f32 count=51866 sha=cccf402c1bd1ea04278509abf7f9e2a890ffaa7765e1d6e7d110eff90b7dddde
    state_parity_diagnostic_test.go:55: STATE_EXPORT path=/var/home/agent/workspace/tmp/whisper-vad-parity-20261001/state-go-free-pad-erf-original-hidden-logits-22.f32 count=51866 sha=2b3183e653b48fd3451ff86e9d8bf6c6ee58f340f92b7e4efa9c7ebe5de1f317
    state_parity_diagnostic_test.go:55: STATE_EXPORT path=/var/home/agent/workspace/tmp/whisper-vad-parity-20261001/state-go-free-pad-erf-original-hidden-logits-23.f32 count=51866 sha=30016eaa717f103b995107461f1cb33d8ba34f7dda48e328e5360463a873225f
    state_parity_diagnostic_test.go:55: STATE_EXPORT path=/var/home/agent/workspace/tmp/whisper-vad-parity-20261001/state-go-free-pad-erf-original-hidden-logits-24.f32 count=51866 sha=d95cb4bc7ef07c85a702335c2907401f92651a5d731314a7a697bb57a0ae2ee9
    state_parity_diagnostic_test.go:55: STATE_EXPORT path=/var/home/agent/workspace/tmp/whisper-vad-parity-20261001/state-go-free-pad-erf-original-hidden-logits-25.f32 count=51866 sha=a3b86f0ed3eb3ad4f7d8867fdb8f3c795681165e61c89c8956c9c535e77927ea
    state_parity_diagnostic_test.go:55: STATE_EXPORT path=/var/home/agent/workspace/tmp/whisper-vad-parity-20261001/state-go-free-pad-erf-original-hidden-logits-26.f32 count=51866 sha=b5e8af7009b4b9420291f0af16e0628c7e4d24146b499ad1187170acd77c50b4
    state_parity_diagnostic_test.go:55: STATE_EXPORT path=/var/home/agent/workspace/tmp/whisper-vad-parity-20261001/state-go-free-pad-erf-original-hidden-logits-27.f32 count=51866 sha=7cbb0cdc12bca82e2973c88f8e74fb701ddd8a92156c199a21def77ee6fb194c
    state_parity_diagnostic_test.go:55: STATE_EXPORT path=/var/home/agent/workspace/tmp/whisper-vad-parity-20261001/state-go-free-pad-erf-original-hidden-logits-28.f32 count=51866 sha=eb0572daeacc6cec053342e6e8858e2df751260d3aa3bce6c0bd44988ebe8f11
    state_parity_diagnostic_test.go:55: STATE_EXPORT path=/var/home/agent/workspace/tmp/whisper-vad-parity-20261001/state-go-free-pad-erf-original-hidden-logits-29.f32 count=51866 sha=781b974ecb007e17dd2471ae0b5779fe080aa79d8eeecd18b7d338bc76ed70ee
    state_parity_diagnostic_test.go:55: STATE_EXPORT path=/var/home/agent/workspace/tmp/whisper-vad-parity-20261001/state-go-free-pad-erf-original-hidden-logits-30.f32 count=51866 sha=96a42cee849d78e78524a9221cb16753e5bdd9cf711f2f5bc260ded2abe966f6
    state_parity_diagnostic_test.go:356: STATE_FREE mode=original-hidden segments=[{Start:0 End:10.06 Text:And so, my fellow Americans, ask not what your country can do for you, ask what you can do for your country. Tokens:[400 370 11 452 7177 6280 11 1029 406 437 428 1941 393 360 337 291 11 1029 437 291 393 360 337 428 1941 13]}]
    state_parity_diagnostic_test.go:359: COMMON_STATE mode=original-hidden final={Position:30 Input:50868 EOT:10.9654455 RepeatTimestamp:10.828323}
    state_parity_diagnostic_test.go:374: STATE_COMMON_PREFIX_PASS tokens=31
--- PASS: TestWhisperCommonStateDiagnostic (19.72s)
PASS
