=== RUN   TestWhisperCommonStateDiagnostic
    state_parity_diagnostic_test.go:30: LEGACY_LOAD seconds=2.858928953 storage=2008 tensors=587 pin=394221709cd5ad1f40c46e6031ca61bce88931e6e088c188294c6d5a55ffa7e2 explicit_widened_values=true
    state_parity_diagnostic_test.go:54: STATE_EXPORT path=/var/home/agent/workspace/tmp/whisper-vad-parity-20261001/state-go-ops-mel.f32 count=384000 sha=c54773d2b5488f77e8d03b77ddbc837dace8ba5e3d7ee97373dd845c3d41efdf
    state_parity_diagnostic_test.go:54: STATE_EXPORT path=/var/home/agent/workspace/tmp/whisper-vad-parity-20261001/state-go-ops-hidden.f32 count=1920000 sha=216368be95689e9a98a928f6ecf18751978fca627c9c303805390f7edddb9ea4
    state_parity_diagnostic_test.go:54: STATE_EXPORT path=/var/home/agent/workspace/tmp/whisper-vad-parity-20261001/state-go-ops-diag-op0-norm.f32 count=1920000 sha=9741473a449dd30590cae5040595a653d8d0d5e4d4dca4067920e32dd0a671d8
    state_parity_diagnostic_test.go:54: STATE_EXPORT path=/var/home/agent/workspace/tmp/whisper-vad-parity-20261001/state-go-ops-diag-op1-q.f32 count=1920000 sha=7991a602e9d85385fa0b8529e6053ffc071dd42835105c119dd8024a20dfbe02
    state_parity_diagnostic_test.go:54: STATE_EXPORT path=/var/home/agent/workspace/tmp/whisper-vad-parity-20261001/state-go-ops-diag-op2-k.f32 count=1920000 sha=965adc19b1942fdd69d3a58823ef7625a065e8927ab195a7edfcd75a51e78207
    state_parity_diagnostic_test.go:54: STATE_EXPORT path=/var/home/agent/workspace/tmp/whisper-vad-parity-20261001/state-go-ops-diag-op3-v.f32 count=1920000 sha=a31ff9d381bd5739a18c14add4a5d830bdfecdad53e5ff1e7bfcca65fdf530fb
    state_parity_diagnostic_test.go:54: STATE_EXPORT path=/var/home/agent/workspace/tmp/whisper-vad-parity-20261001/state-go-ops-diag-op4-attention.f32 count=1920000 sha=ba0149bfbdc095abb1927f9af5fd4185587075bbd3726b107244a9c0eb90bf8c
    state_parity_diagnostic_test.go:54: STATE_EXPORT path=/var/home/agent/workspace/tmp/whisper-vad-parity-20261001/state-go-ops-diag-op5-o.f32 count=1920000 sha=b82cc4f8ea95421984db56d444e055178d2932c84bc5c5c65005dc6df04f4eea
    state_parity_diagnostic_test.go:54: STATE_EXPORT path=/var/home/agent/workspace/tmp/whisper-vad-parity-20261001/state-go-ops-diag-op6-residual.f32 count=1920000 sha=f3134121cd98ee93173cc9c2868b0d25edeef623e4ddd948b47ac0c20547939a
    state_parity_diagnostic_test.go:54: STATE_EXPORT path=/var/home/agent/workspace/tmp/whisper-vad-parity-20261001/state-go-ops-diag-op7-ffnorm.f32 count=1920000 sha=2ae5f60268d44b68163659b0c0fc14e407c8e152583746fa6b54c1c6977a2012
    state_parity_diagnostic_test.go:54: STATE_EXPORT path=/var/home/agent/workspace/tmp/whisper-vad-parity-20261001/state-go-ops-diag-op8-fc1.f32 count=7680000 sha=53224d40f4e8b923391a77b0a4e54d4ed688a58091c18356ffa3096acafcc1e1
    state_parity_diagnostic_test.go:54: STATE_EXPORT path=/var/home/agent/workspace/tmp/whisper-vad-parity-20261001/state-go-ops-diag-op9-gelu.f32 count=7680000 sha=03d0a6124c6ab2da86a46a45046b99c90003b999a6d07d618782f3f0a24f9a79
    state_parity_diagnostic_test.go:54: STATE_EXPORT path=/var/home/agent/workspace/tmp/whisper-vad-parity-20261001/state-go-ops-diag-op10-fc2.f32 count=1920000 sha=7ac7858f854839559e17f1e4ca9b29fdf4dce6506f652f41cfa6256e7c01a373
    state_parity_diagnostic_test.go:54: STATE_EXPORT path=/var/home/agent/workspace/tmp/whisper-vad-parity-20261001/state-go-ops-diag-op11-output.f32 count=1920000 sha=d953d1a4e680bd3539ce1c8b33c2bd41ed7d4209180cacbe7d92e0e9913ab61c
    state_parity_diagnostic_test.go:54: STATE_EXPORT path=/var/home/agent/workspace/tmp/whisper-vad-parity-20261001/state-go-ops-original-mel-hidden.f32 count=1920000 sha=dce0d66b93fb7694116f0742d2aad2f972de18eb63c43cc2b85459bd4e827120
    state_parity_diagnostic_test.go:54: STATE_EXPORT path=/var/home/agent/workspace/tmp/whisper-vad-parity-20261001/state-go-ops-own-logits-0.f32 count=51866 sha=84601c238ec76ef39f4f7b8ac72714b18c684c52e5f69800c9029cb8b5d7921e
    state_parity_diagnostic_test.go:54: STATE_EXPORT path=/var/home/agent/workspace/tmp/whisper-vad-parity-20261001/state-go-ops-own-logits-1.f32 count=51866 sha=66f396a21deb6f721c70cc495f20c70a88e7be9c7592ebb25f80682129c9f487
    state_parity_diagnostic_test.go:54: STATE_EXPORT path=/var/home/agent/workspace/tmp/whisper-vad-parity-20261001/state-go-ops-own-logits-2.f32 count=51866 sha=354abc9ed9b2e1b571ac6e73fba0c9b890ae2aa3efd2ffd6035f5f557e74ea7b
    state_parity_diagnostic_test.go:54: STATE_EXPORT path=/var/home/agent/workspace/tmp/whisper-vad-parity-20261001/state-go-ops-own-logits-3.f32 count=51866 sha=6d2c6036c22a78f467cc488caf099edb1958a4ec3f067f16b4170ef4e0e74ecd
    state_parity_diagnostic_test.go:54: STATE_EXPORT path=/var/home/agent/workspace/tmp/whisper-vad-parity-20261001/state-go-ops-own-logits-4.f32 count=51866 sha=c9401a2d25b68897eb64442cdc4022d26dc4c23b29b969b23b0c56973304c5c2
    state_parity_diagnostic_test.go:54: STATE_EXPORT path=/var/home/agent/workspace/tmp/whisper-vad-parity-20261001/state-go-ops-own-logits-5.f32 count=51866 sha=15b6725531023813fbcb29e29c6dbad573149bb74a0daa1c538aa7e234d0670b
    state_parity_diagnostic_test.go:54: STATE_EXPORT path=/var/home/agent/workspace/tmp/whisper-vad-parity-20261001/state-go-ops-own-logits-6.f32 count=51866 sha=45e79e582ba6a10cd7bf6d0c6c95ca208e511405f6d8211575a58014ba43661b
    state_parity_diagnostic_test.go:54: STATE_EXPORT path=/var/home/agent/workspace/tmp/whisper-vad-parity-20261001/state-go-ops-own-logits-7.f32 count=51866 sha=52ec9330376a35c5728a724c7e1e0ac36e4d0d29ff9d140a660e20a2633d3f30
    state_parity_diagnostic_test.go:54: STATE_EXPORT path=/var/home/agent/workspace/tmp/whisper-vad-parity-20261001/state-go-ops-own-logits-8.f32 count=51866 sha=9ee703e52f4aedc672b3daccc682f252a0d47cb0a79f71e48f8b047eaea15ac1
    state_parity_diagnostic_test.go:54: STATE_EXPORT path=/var/home/agent/workspace/tmp/whisper-vad-parity-20261001/state-go-ops-own-logits-9.f32 count=51866 sha=d709feac7993706246aa012b90727667b33d13311fe00be6bbaed83a32004ea9
    state_parity_diagnostic_test.go:54: STATE_EXPORT path=/var/home/agent/workspace/tmp/whisper-vad-parity-20261001/state-go-ops-own-logits-10.f32 count=51866 sha=cf3418f76eb48871fa391b956eefa20e945ebc12cbf055214fc0b730f614d2c8
    state_parity_diagnostic_test.go:54: STATE_EXPORT path=/var/home/agent/workspace/tmp/whisper-vad-parity-20261001/state-go-ops-own-logits-11.f32 count=51866 sha=59a0e9a6ac9670dbafb043ad669505115f40e05dfe02daab525e58d683cbcbd8
    state_parity_diagnostic_test.go:54: STATE_EXPORT path=/var/home/agent/workspace/tmp/whisper-vad-parity-20261001/state-go-ops-own-logits-12.f32 count=51866 sha=afc703c6936920a2be92c55fedec54abce1b0fdf04d9eca4f6af0149f984a5d2
    state_parity_diagnostic_test.go:54: STATE_EXPORT path=/var/home/agent/workspace/tmp/whisper-vad-parity-20261001/state-go-ops-own-logits-13.f32 count=51866 sha=30aeff06511fb1b64ef19bb9c5c57644184db713c60fccde56abc4d03378ce4b
    state_parity_diagnostic_test.go:54: STATE_EXPORT path=/var/home/agent/workspace/tmp/whisper-vad-parity-20261001/state-go-ops-own-logits-14.f32 count=51866 sha=44ee7f58aa1f4f96d5411dc15b39a2f39902e482ceef9fb49ce734d6879fb727
    state_parity_diagnostic_test.go:54: STATE_EXPORT path=/var/home/agent/workspace/tmp/whisper-vad-parity-20261001/state-go-ops-own-logits-15.f32 count=51866 sha=e23eca6a5cf3975e30cb68b768f8e11a46dfd3d832708d24795ce880c2d4e1c4
    state_parity_diagnostic_test.go:54: STATE_EXPORT path=/var/home/agent/workspace/tmp/whisper-vad-parity-20261001/state-go-ops-own-logits-16.f32 count=51866 sha=b014d6a0c3e2d64b27c32343c5fc0adca9500b1c0bf8caf9dbe71f23066c6504
    state_parity_diagnostic_test.go:54: STATE_EXPORT path=/var/home/agent/workspace/tmp/whisper-vad-parity-20261001/state-go-ops-own-logits-17.f32 count=51866 sha=db430b987fcc0449569e54f4fb859aefee8aea6effdc5ba4aaad965f6a37b9ad
    state_parity_diagnostic_test.go:54: STATE_EXPORT path=/var/home/agent/workspace/tmp/whisper-vad-parity-20261001/state-go-ops-own-logits-18.f32 count=51866 sha=c6d0c14ab2cf572cc15d5c6c9083ea4e3374a4183c5f4cdf3b9f77a71838c36f
    state_parity_diagnostic_test.go:54: STATE_EXPORT path=/var/home/agent/workspace/tmp/whisper-vad-parity-20261001/state-go-ops-own-logits-19.f32 count=51866 sha=09ff26bca8a76f9e4da04f369049c5abe91a96048566639cddb9b5d3dcdc8263
    state_parity_diagnostic_test.go:54: STATE_EXPORT path=/var/home/agent/workspace/tmp/whisper-vad-parity-20261001/state-go-ops-own-logits-20.f32 count=51866 sha=85618a957f59b6f7da689e0c5a0cc53f0d7823f897fba9a1822686e504b17db6
    state_parity_diagnostic_test.go:54: STATE_EXPORT path=/var/home/agent/workspace/tmp/whisper-vad-parity-20261001/state-go-ops-own-logits-21.f32 count=51866 sha=0534b2a099379458c0b4cebda5fb87c65c65d85442d82bdb06a5ae82e7628ee4
    state_parity_diagnostic_test.go:54: STATE_EXPORT path=/var/home/agent/workspace/tmp/whisper-vad-parity-20261001/state-go-ops-own-logits-22.f32 count=51866 sha=8d34009b36a2831932626f54018b8b45bf0077466f54f0e0825ba24dc5ef62cb
    state_parity_diagnostic_test.go:54: STATE_EXPORT path=/var/home/agent/workspace/tmp/whisper-vad-parity-20261001/state-go-ops-own-logits-23.f32 count=51866 sha=31e713060a632224254a119e72f040121a0411125616fd4e4918e686ff07d475
    state_parity_diagnostic_test.go:54: STATE_EXPORT path=/var/home/agent/workspace/tmp/whisper-vad-parity-20261001/state-go-ops-own-logits-24.f32 count=51866 sha=5f51b0848c397c03d75205987e7bd8d5345f93f827cf9fbe165425f3eb6d12b7
    state_parity_diagnostic_test.go:54: STATE_EXPORT path=/var/home/agent/workspace/tmp/whisper-vad-parity-20261001/state-go-ops-own-logits-25.f32 count=51866 sha=3684f0461b2533acd8ebcfba72236d784bd4235ae9afc7496265371f1bd3cea9
    state_parity_diagnostic_test.go:54: STATE_EXPORT path=/var/home/agent/workspace/tmp/whisper-vad-parity-20261001/state-go-ops-own-logits-26.f32 count=51866 sha=4df57825be3041b54d621b3076bf8321c4300d197e842f909589c19a843b5a30
    state_parity_diagnostic_test.go:54: STATE_EXPORT path=/var/home/agent/workspace/tmp/whisper-vad-parity-20261001/state-go-ops-own-logits-27.f32 count=51866 sha=3f2275da27b46cc702fd73e2c28aacebd37457fd844d31ad12d021a936d09472
    state_parity_diagnostic_test.go:54: STATE_EXPORT path=/var/home/agent/workspace/tmp/whisper-vad-parity-20261001/state-go-ops-own-logits-28.f32 count=51866 sha=7eb7a096ea2acb38c94e56f05625ecf5615714eaaada1f5e11a731ea7f3ff0b4
    state_parity_diagnostic_test.go:54: STATE_EXPORT path=/var/home/agent/workspace/tmp/whisper-vad-parity-20261001/state-go-ops-own-logits-29.f32 count=51866 sha=173a0c013fec2e299d8dad08d29175b79b5fd6bf9dab65ba1d296e9bb22ff191
    state_parity_diagnostic_test.go:54: STATE_EXPORT path=/var/home/agent/workspace/tmp/whisper-vad-parity-20261001/state-go-ops-own-logits-30.f32 count=51866 sha=35f101bdd0370957ad3f3534544012f7e8c296523cdb9f3e8456c32c8a4c90d0
    state_parity_diagnostic_test.go:226: COMMON_STATE mode=own final={Position:30 Input:50868 EOT:10.820351 RepeatTimestamp:10.956921}
    state_parity_diagnostic_test.go:54: STATE_EXPORT path=/var/home/agent/workspace/tmp/whisper-vad-parity-20261001/state-go-ops-original-mel-logits-0.f32 count=51866 sha=d67e11b1dfde0cf985962c9f186784e8b571ca5ac272c1ff65ecae12db2782fa
    state_parity_diagnostic_test.go:54: STATE_EXPORT path=/var/home/agent/workspace/tmp/whisper-vad-parity-20261001/state-go-ops-original-mel-logits-1.f32 count=51866 sha=492cd4d0995e2bfbad70c06ecb4596092a31e56df3906e5dd884f6a63f75fe64
    state_parity_diagnostic_test.go:54: STATE_EXPORT path=/var/home/agent/workspace/tmp/whisper-vad-parity-20261001/state-go-ops-original-mel-logits-2.f32 count=51866 sha=411bac0ebe34369fc73eeeebfae7975b6df6e7d7acdf58c6157a8b4579092118
    state_parity_diagnostic_test.go:54: STATE_EXPORT path=/var/home/agent/workspace/tmp/whisper-vad-parity-20261001/state-go-ops-original-mel-logits-3.f32 count=51866 sha=20db0982562543de30244f8a9e4bde9acbc524b28b23e802145848294b66cb99
    state_parity_diagnostic_test.go:54: STATE_EXPORT path=/var/home/agent/workspace/tmp/whisper-vad-parity-20261001/state-go-ops-original-mel-logits-4.f32 count=51866 sha=eb987fd48222603933b3f2255ed28650351b1478c7bec56f8461df7b2423c6d5
    state_parity_diagnostic_test.go:54: STATE_EXPORT path=/var/home/agent/workspace/tmp/whisper-vad-parity-20261001/state-go-ops-original-mel-logits-5.f32 count=51866 sha=9b306a57f8a388cad85459d84b79cb1527acec2c394c36a7636d8a402dca8916
    state_parity_diagnostic_test.go:54: STATE_EXPORT path=/var/home/agent/workspace/tmp/whisper-vad-parity-20261001/state-go-ops-original-mel-logits-6.f32 count=51866 sha=94a416ca51eeef1cd8e1496c2560ef40b5ec342e21dab3099df628fcef81bfbb
    state_parity_diagnostic_test.go:54: STATE_EXPORT path=/var/home/agent/workspace/tmp/whisper-vad-parity-20261001/state-go-ops-original-mel-logits-7.f32 count=51866 sha=2b98fb891ddc9313a4f9c135b09a3dfd0902c9e4a0b20335790634b57ba708e9
    state_parity_diagnostic_test.go:54: STATE_EXPORT path=/var/home/agent/workspace/tmp/whisper-vad-parity-20261001/state-go-ops-original-mel-logits-8.f32 count=51866 sha=def2607a6277af7e23371d531d1c7f62f331b3ecd5054b9b02b8b227f22ec618
    state_parity_diagnostic_test.go:54: STATE_EXPORT path=/var/home/agent/workspace/tmp/whisper-vad-parity-20261001/state-go-ops-original-mel-logits-9.f32 count=51866 sha=3878b4ce35121714df20adc84a2afd2f357c48bbc130478f8e3df132c515a37e
    state_parity_diagnostic_test.go:54: STATE_EXPORT path=/var/home/agent/workspace/tmp/whisper-vad-parity-20261001/state-go-ops-original-mel-logits-10.f32 count=51866 sha=e40b129392b7cca62cb94ceb2579bd504e2cb087d7caae29b9ac5bdf0a054415
    state_parity_diagnostic_test.go:54: STATE_EXPORT path=/var/home/agent/workspace/tmp/whisper-vad-parity-20261001/state-go-ops-original-mel-logits-11.f32 count=51866 sha=16d97504cbc4e4e0602fff61fd9a35ae36a924436e523df0e6fe49b126860ae8
    state_parity_diagnostic_test.go:54: STATE_EXPORT path=/var/home/agent/workspace/tmp/whisper-vad-parity-20261001/state-go-ops-original-mel-logits-12.f32 count=51866 sha=a7524e0cf9570cdbeff88b51deb36210031f36c4aa9aa3b6c1bf3d30acb3ab57
    state_parity_diagnostic_test.go:54: STATE_EXPORT path=/var/home/agent/workspace/tmp/whisper-vad-parity-20261001/state-go-ops-original-mel-logits-13.f32 count=51866 sha=b8176fb6232e0f052f985f2ee1268dfa4b71e7c0e68c84c10044c8ee2ff12b10
    state_parity_diagnostic_test.go:54: STATE_EXPORT path=/var/home/agent/workspace/tmp/whisper-vad-parity-20261001/state-go-ops-original-mel-logits-14.f32 count=51866 sha=942e69dcdf62d125113bc6de5bfd803ba91e11c03a2570703248a769cc913945
    state_parity_diagnostic_test.go:54: STATE_EXPORT path=/var/home/agent/workspace/tmp/whisper-vad-parity-20261001/state-go-ops-original-mel-logits-15.f32 count=51866 sha=3b0f17e0be3f0a36e0a01e4bd06c5d2027cb5cf91e7d67797a5fbae8b3d1cde3
    state_parity_diagnostic_test.go:54: STATE_EXPORT path=/var/home/agent/workspace/tmp/whisper-vad-parity-20261001/state-go-ops-original-mel-logits-16.f32 count=51866 sha=f51bf10cc86df19273ffa11e82fad6c705d558561d1e05cc16dee2a13667cfab
    state_parity_diagnostic_test.go:54: STATE_EXPORT path=/var/home/agent/workspace/tmp/whisper-vad-parity-20261001/state-go-ops-original-mel-logits-17.f32 count=51866 sha=93ba18a5c0815cf0a96e726ec12f97c67bc5962d627a57e3ed7d51b692e4bbfe
    state_parity_diagnostic_test.go:54: STATE_EXPORT path=/var/home/agent/workspace/tmp/whisper-vad-parity-20261001/state-go-ops-original-mel-logits-18.f32 count=51866 sha=aafdd6a5904489acc1dc4a98192e2c8c33856804f5c17059effb1634c12bb68e
    state_parity_diagnostic_test.go:54: STATE_EXPORT path=/var/home/agent/workspace/tmp/whisper-vad-parity-20261001/state-go-ops-original-mel-logits-19.f32 count=51866 sha=197f6593e82f283cb16820f1757e40db285cea74a33794ff3e236085b7e8a1a8
    state_parity_diagnostic_test.go:54: STATE_EXPORT path=/var/home/agent/workspace/tmp/whisper-vad-parity-20261001/state-go-ops-original-mel-logits-20.f32 count=51866 sha=a2122c90e9dcf1fb020a45b7727fd0b720e2f99c2ce1f093d49d7433f922e32e
    state_parity_diagnostic_test.go:54: STATE_EXPORT path=/var/home/agent/workspace/tmp/whisper-vad-parity-20261001/state-go-ops-original-mel-logits-21.f32 count=51866 sha=dc9b9f4697f311e68be2a834bf5f2e5051cec888e7ff29441a748e6118045247
    state_parity_diagnostic_test.go:54: STATE_EXPORT path=/var/home/agent/workspace/tmp/whisper-vad-parity-20261001/state-go-ops-original-mel-logits-22.f32 count=51866 sha=9e98cf8f1e0118ac5ef845c9fc6f7a93df8b2ff3f3632ab9ae7a79f62ba9e48d
    state_parity_diagnostic_test.go:54: STATE_EXPORT path=/var/home/agent/workspace/tmp/whisper-vad-parity-20261001/state-go-ops-original-mel-logits-23.f32 count=51866 sha=868279c6664e5be5c2ad47472dac15438c51bc22e8992225935eefd79526d2ae
    state_parity_diagnostic_test.go:54: STATE_EXPORT path=/var/home/agent/workspace/tmp/whisper-vad-parity-20261001/state-go-ops-original-mel-logits-24.f32 count=51866 sha=bad8ae9b47fcab001ea2190b0fbe07092ecc75f84441aaab13e55baecce255cf
    state_parity_diagnostic_test.go:54: STATE_EXPORT path=/var/home/agent/workspace/tmp/whisper-vad-parity-20261001/state-go-ops-original-mel-logits-25.f32 count=51866 sha=89cb695e8272c6e6b515a79246adf58af71e80d25389c1972053d14bec8fcf60
    state_parity_diagnostic_test.go:54: STATE_EXPORT path=/var/home/agent/workspace/tmp/whisper-vad-parity-20261001/state-go-ops-original-mel-logits-26.f32 count=51866 sha=b212c45a6fb6078a485cce7cee10bdb7c15f86bffdeca4521a60743686d836a8
    state_parity_diagnostic_test.go:54: STATE_EXPORT path=/var/home/agent/workspace/tmp/whisper-vad-parity-20261001/state-go-ops-original-mel-logits-27.f32 count=51866 sha=d438e0459ee22e3fd55a0aefa7694061c5e21f4dfc1c038b312e25ea736f62bf
    state_parity_diagnostic_test.go:54: STATE_EXPORT path=/var/home/agent/workspace/tmp/whisper-vad-parity-20261001/state-go-ops-original-mel-logits-28.f32 count=51866 sha=bbd78cbe32a469d7970f45a3596fc6101c2166470ef54c9d42aae16bb128f955
    state_parity_diagnostic_test.go:54: STATE_EXPORT path=/var/home/agent/workspace/tmp/whisper-vad-parity-20261001/state-go-ops-original-mel-logits-29.f32 count=51866 sha=a5733182c876b86998e4d0840de8f44ff08b038edfbcea36d6243e7cee63b48e
    state_parity_diagnostic_test.go:54: STATE_EXPORT path=/var/home/agent/workspace/tmp/whisper-vad-parity-20261001/state-go-ops-original-mel-logits-30.f32 count=51866 sha=8abe052cc1882b9766f44937ebdaad89031f944d0757f0ba91f541e8fd3652bb
    state_parity_diagnostic_test.go:226: COMMON_STATE mode=original-mel final={Position:30 Input:50868 EOT:10.82036 RepeatTimestamp:10.956921}
    state_parity_diagnostic_test.go:54: STATE_EXPORT path=/var/home/agent/workspace/tmp/whisper-vad-parity-20261001/state-go-ops-original-hidden-logits-0.f32 count=51866 sha=d43c69e25a727e92a18eabbb214c0c2974ae492619dc623ca892a2ec859ea4cf
    state_parity_diagnostic_test.go:54: STATE_EXPORT path=/var/home/agent/workspace/tmp/whisper-vad-parity-20261001/state-go-ops-original-hidden-logits-1.f32 count=51866 sha=e51556f953df97522a0a59a82cb8a9c02422b3496761ede69c92034af4d81f3e
    state_parity_diagnostic_test.go:54: STATE_EXPORT path=/var/home/agent/workspace/tmp/whisper-vad-parity-20261001/state-go-ops-original-hidden-logits-2.f32 count=51866 sha=f529c5837615fcc8070cf73bfcb7d364b5a8c2b6df58bfeb040aa3c790a0b988
    state_parity_diagnostic_test.go:54: STATE_EXPORT path=/var/home/agent/workspace/tmp/whisper-vad-parity-20261001/state-go-ops-original-hidden-logits-3.f32 count=51866 sha=a5bfa314a69073deaa58643137b7fa17ad597764c095c33b712da40b31e84ab5
    state_parity_diagnostic_test.go:54: STATE_EXPORT path=/var/home/agent/workspace/tmp/whisper-vad-parity-20261001/state-go-ops-original-hidden-logits-4.f32 count=51866 sha=3289ffc130b51e2bae73f7c82029eea24ed57548ee448a208549bd1ff73632e2
    state_parity_diagnostic_test.go:54: STATE_EXPORT path=/var/home/agent/workspace/tmp/whisper-vad-parity-20261001/state-go-ops-original-hidden-logits-5.f32 count=51866 sha=1c00b05531d65c6a80f3b8c2d217dfef654f72a0f4a4ec9843d49b88b1572d53
    state_parity_diagnostic_test.go:54: STATE_EXPORT path=/var/home/agent/workspace/tmp/whisper-vad-parity-20261001/state-go-ops-original-hidden-logits-6.f32 count=51866 sha=fe9fea769772403cb9d34f1b07cdac0f31c35aafd00e6dee2efb7b8af2e8c0f5
    state_parity_diagnostic_test.go:54: STATE_EXPORT path=/var/home/agent/workspace/tmp/whisper-vad-parity-20261001/state-go-ops-original-hidden-logits-7.f32 count=51866 sha=eb4039f0286d359da5a3848b3537444f01007e6ccff9debb9ac5572925a5a03f
    state_parity_diagnostic_test.go:54: STATE_EXPORT path=/var/home/agent/workspace/tmp/whisper-vad-parity-20261001/state-go-ops-original-hidden-logits-8.f32 count=51866 sha=fdb3839a2f99e529b735a6f815c6e364ecdb7c5da323c2c26cd78e4aa4f64d0e
    state_parity_diagnostic_test.go:54: STATE_EXPORT path=/var/home/agent/workspace/tmp/whisper-vad-parity-20261001/state-go-ops-original-hidden-logits-9.f32 count=51866 sha=a1f11b1e160e77e51c4f129b529d7c76d461baa9a99a15da9711a8d01cd1f330
    state_parity_diagnostic_test.go:54: STATE_EXPORT path=/var/home/agent/workspace/tmp/whisper-vad-parity-20261001/state-go-ops-original-hidden-logits-10.f32 count=51866 sha=9539679d7c4bc9b79ad637dad3a792da66535ab2bc036ea710a7f9082550a987
    state_parity_diagnostic_test.go:54: STATE_EXPORT path=/var/home/agent/workspace/tmp/whisper-vad-parity-20261001/state-go-ops-original-hidden-logits-11.f32 count=51866 sha=8a73354dedcf722e75668c745772082d10bc3d60957a6ff45a93fdb500acbd09
    state_parity_diagnostic_test.go:54: STATE_EXPORT path=/var/home/agent/workspace/tmp/whisper-vad-parity-20261001/state-go-ops-original-hidden-logits-12.f32 count=51866 sha=65308f3338df4a4c2c184610a8e7e72a7e4ce05f2441cb2ca4285e9e7810ee31
    state_parity_diagnostic_test.go:54: STATE_EXPORT path=/var/home/agent/workspace/tmp/whisper-vad-parity-20261001/state-go-ops-original-hidden-logits-13.f32 count=51866 sha=1dddf08aa8692803f9a10f19281172e95be407b31b9f9964310f8f8dfb4016cb
    state_parity_diagnostic_test.go:54: STATE_EXPORT path=/var/home/agent/workspace/tmp/whisper-vad-parity-20261001/state-go-ops-original-hidden-logits-14.f32 count=51866 sha=8dbb04c120809650b22a7e79f21504ce627607248d4c0bbf1036de9cc4420a1e
    state_parity_diagnostic_test.go:54: STATE_EXPORT path=/var/home/agent/workspace/tmp/whisper-vad-parity-20261001/state-go-ops-original-hidden-logits-15.f32 count=51866 sha=38b90801a3f8068a4e88468ddf4d4e0262286a046b7859db2623fc0a9de7900a
    state_parity_diagnostic_test.go:54: STATE_EXPORT path=/var/home/agent/workspace/tmp/whisper-vad-parity-20261001/state-go-ops-original-hidden-logits-16.f32 count=51866 sha=8650aa48fa08ebfcfe9195f44b35f1076bbe8ba4ee5a0aa0317fa009aa76c417
    state_parity_diagnostic_test.go:54: STATE_EXPORT path=/var/home/agent/workspace/tmp/whisper-vad-parity-20261001/state-go-ops-original-hidden-logits-17.f32 count=51866 sha=b2d3c20fac4b75db79a49b10b8119dc90c507a652eeec2ad4a1244b581690e6c
    state_parity_diagnostic_test.go:54: STATE_EXPORT path=/var/home/agent/workspace/tmp/whisper-vad-parity-20261001/state-go-ops-original-hidden-logits-18.f32 count=51866 sha=f5c766561aff6962e2895dc95f1fe932acc0ef1fffeaf1a67158485fb6b8577e
    state_parity_diagnostic_test.go:54: STATE_EXPORT path=/var/home/agent/workspace/tmp/whisper-vad-parity-20261001/state-go-ops-original-hidden-logits-19.f32 count=51866 sha=d51969f9d16ca5a31f6c0625d6be163414a0c12355716078875ccbc1741334c0
    state_parity_diagnostic_test.go:54: STATE_EXPORT path=/var/home/agent/workspace/tmp/whisper-vad-parity-20261001/state-go-ops-original-hidden-logits-20.f32 count=51866 sha=e8176b7e14b16b03fa1e69d0de0fda9ea55b98ef9b67cf3e914eafd8a6f88bb3
    state_parity_diagnostic_test.go:54: STATE_EXPORT path=/var/home/agent/workspace/tmp/whisper-vad-parity-20261001/state-go-ops-original-hidden-logits-21.f32 count=51866 sha=610a72e29e9d7588c75bbeeed6f08f0e97097d66bbaff17e4ab34c035624f8a4
    state_parity_diagnostic_test.go:54: STATE_EXPORT path=/var/home/agent/workspace/tmp/whisper-vad-parity-20261001/state-go-ops-original-hidden-logits-22.f32 count=51866 sha=12f8258066a52246d363a939ffe783f5c937f9bf754b5a29ae9c6feb98829513
    state_parity_diagnostic_test.go:54: STATE_EXPORT path=/var/home/agent/workspace/tmp/whisper-vad-parity-20261001/state-go-ops-original-hidden-logits-23.f32 count=51866 sha=5fa6a67b74342a21e642f3fb9c6dca943a82cbc42671f90704179995f2018216
    state_parity_diagnostic_test.go:54: STATE_EXPORT path=/var/home/agent/workspace/tmp/whisper-vad-parity-20261001/state-go-ops-original-hidden-logits-24.f32 count=51866 sha=23c1b90030ed531d4ebd0d638133f756c49523725cefb6aae62dce1b34b048b2
    state_parity_diagnostic_test.go:54: STATE_EXPORT path=/var/home/agent/workspace/tmp/whisper-vad-parity-20261001/state-go-ops-original-hidden-logits-25.f32 count=51866 sha=a624c59a0bfed00cf9742dbc033dd0f2309fdb26e823a2eb0224a75e660fd08b
    state_parity_diagnostic_test.go:54: STATE_EXPORT path=/var/home/agent/workspace/tmp/whisper-vad-parity-20261001/state-go-ops-original-hidden-logits-26.f32 count=51866 sha=8a3125e825e535ab70b14613981c167470a78a8ef9cb9e3af12db669b58028f8
    state_parity_diagnostic_test.go:54: STATE_EXPORT path=/var/home/agent/workspace/tmp/whisper-vad-parity-20261001/state-go-ops-original-hidden-logits-27.f32 count=51866 sha=318068584baadb06a23662cdee639a635466fdfab970349fc1b6ef99e7f91c2d
    state_parity_diagnostic_test.go:54: STATE_EXPORT path=/var/home/agent/workspace/tmp/whisper-vad-parity-20261001/state-go-ops-original-hidden-logits-28.f32 count=51866 sha=cf1e61e458f49ec9e017af3b73acb1797de8a6b0352f9161162c7f2b123bab19
    state_parity_diagnostic_test.go:54: STATE_EXPORT path=/var/home/agent/workspace/tmp/whisper-vad-parity-20261001/state-go-ops-original-hidden-logits-29.f32 count=51866 sha=46a0b00057b007a37d0dab80b32ce85770baea29d2c5b4e7d2415aa630bed33d
    state_parity_diagnostic_test.go:54: STATE_EXPORT path=/var/home/agent/workspace/tmp/whisper-vad-parity-20261001/state-go-ops-original-hidden-logits-30.f32 count=51866 sha=5c40b9f1d0322557107212a59d1d708bd83694a79502381197be96785da5d048
    state_parity_diagnostic_test.go:226: COMMON_STATE mode=original-hidden final={Position:30 Input:50868 EOT:8.04191 RepeatTimestamp:8.039873}
    state_parity_diagnostic_test.go:241: STATE_COMMON_PREFIX_PASS tokens=31
--- PASS: TestWhisperCommonStateDiagnostic (17.24s)
PASS
