=== RUN   TestWhisperCommonStateDiagnostic
    state_parity_diagnostic_test.go:30: LEGACY_LOAD seconds=2.8702246860000002 storage=2008 tensors=587 pin=394221709cd5ad1f40c46e6031ca61bce88931e6e088c188294c6d5a55ffa7e2 explicit_widened_values=true
    state_parity_diagnostic_test.go:54: STATE_EXPORT path=/var/home/agent/workspace/tmp/whisper-vad-parity-20261001/state-go-tanh-corrected-mel.f32 count=384000 sha=c54773d2b5488f77e8d03b77ddbc837dace8ba5e3d7ee97373dd845c3d41efdf
    state_parity_diagnostic_test.go:54: STATE_EXPORT path=/var/home/agent/workspace/tmp/whisper-vad-parity-20261001/state-go-tanh-corrected-hidden.f32 count=1920000 sha=216368be95689e9a98a928f6ecf18751978fca627c9c303805390f7edddb9ea4
    state_parity_diagnostic_test.go:54: STATE_EXPORT path=/var/home/agent/workspace/tmp/whisper-vad-parity-20261001/state-go-tanh-corrected-diag-stem-pos.f32 count=1920000 sha=8532ad5c350788bca9412d89d4bb75a3097da47679f51100f42a77215fff74a8
    state_parity_diagnostic_test.go:54: STATE_EXPORT path=/var/home/agent/workspace/tmp/whisper-vad-parity-20261001/state-go-tanh-corrected-diag-layer0-output.f32 count=1920000 sha=d953d1a4e680bd3539ce1c8b33c2bd41ed7d4209180cacbe7d92e0e9913ab61c
    state_parity_diagnostic_test.go:54: STATE_EXPORT path=/var/home/agent/workspace/tmp/whisper-vad-parity-20261001/state-go-tanh-corrected-diag-layer1-output.f32 count=1920000 sha=9f13e94eb9753e07da83e723ff2a7755d320650b6e041a9fd3af303244e2ffe2
    state_parity_diagnostic_test.go:54: STATE_EXPORT path=/var/home/agent/workspace/tmp/whisper-vad-parity-20261001/state-go-tanh-corrected-diag-layer2-output.f32 count=1920000 sha=701d65add4037154804c397144bd7b0ea0f6c29c4afa7a48de973b8b437a1b90
    state_parity_diagnostic_test.go:54: STATE_EXPORT path=/var/home/agent/workspace/tmp/whisper-vad-parity-20261001/state-go-tanh-corrected-diag-layer3-output.f32 count=1920000 sha=b55e9e731cee751bdb8f9fbfee60c389a2d9a73d85ccb17927cc5b3d2b17cf0d
    state_parity_diagnostic_test.go:54: STATE_EXPORT path=/var/home/agent/workspace/tmp/whisper-vad-parity-20261001/state-go-tanh-corrected-diag-layer4-output.f32 count=1920000 sha=9fda8cb7a50e02018ddc0415f351a732c1dc4444af34b3b57ce2319591ad360d
    state_parity_diagnostic_test.go:54: STATE_EXPORT path=/var/home/agent/workspace/tmp/whisper-vad-parity-20261001/state-go-tanh-corrected-diag-layer5-output.f32 count=1920000 sha=a9d7bf786a0d9ddfe08369a59a03172bc3e5c5d1894d59f87aec5de79b80406f
    state_parity_diagnostic_test.go:54: STATE_EXPORT path=/var/home/agent/workspace/tmp/whisper-vad-parity-20261001/state-go-tanh-corrected-diag-layer6-output.f32 count=1920000 sha=1ac68af4eaf652f34584901c40042a6562be2fdc5ffbc1576a4c03ac6bd4c9e6
    state_parity_diagnostic_test.go:54: STATE_EXPORT path=/var/home/agent/workspace/tmp/whisper-vad-parity-20261001/state-go-tanh-corrected-diag-layer7-output.f32 count=1920000 sha=6e62e3311c7ecefa7981069119a001adcbf7005b3ba7b100367bc9a019ba297e
    state_parity_diagnostic_test.go:54: STATE_EXPORT path=/var/home/agent/workspace/tmp/whisper-vad-parity-20261001/state-go-tanh-corrected-diag-layer8-output.f32 count=1920000 sha=03331e34c268a266b8244a499a3a1e18ddd040617a35ceb0fa9936dad962ebc2
    state_parity_diagnostic_test.go:54: STATE_EXPORT path=/var/home/agent/workspace/tmp/whisper-vad-parity-20261001/state-go-tanh-corrected-diag-layer9-output.f32 count=1920000 sha=339ed1067aa6649506c000cd4b844ea7d7fd06a2e9500683fe05c27ab3c8ce9a
    state_parity_diagnostic_test.go:54: STATE_EXPORT path=/var/home/agent/workspace/tmp/whisper-vad-parity-20261001/state-go-tanh-corrected-diag-layer10-output.f32 count=1920000 sha=b1b07102f65476e57270be8826327e5ba0eaccbc3d341ddb0091d05afea7650e
    state_parity_diagnostic_test.go:54: STATE_EXPORT path=/var/home/agent/workspace/tmp/whisper-vad-parity-20261001/state-go-tanh-corrected-diag-layer11-output.f32 count=1920000 sha=c6cc0b10b4b0fecceec7e188a2c578eeb76424e179b2ee262bf771d42e82f2bb
    state_parity_diagnostic_test.go:54: STATE_EXPORT path=/var/home/agent/workspace/tmp/whisper-vad-parity-20261001/state-go-tanh-corrected-diag-layer12-output.f32 count=1920000 sha=76e131788a73340e128bc6f1213d29a3aad8a19f953438bc4b1adb46ebbd9583
    state_parity_diagnostic_test.go:54: STATE_EXPORT path=/var/home/agent/workspace/tmp/whisper-vad-parity-20261001/state-go-tanh-corrected-diag-layer13-output.f32 count=1920000 sha=92ed6418e6b2353ba759b8278fd27a368b57fd6baa8bce045c9ce2a20f674bf1
    state_parity_diagnostic_test.go:54: STATE_EXPORT path=/var/home/agent/workspace/tmp/whisper-vad-parity-20261001/state-go-tanh-corrected-diag-layer14-output.f32 count=1920000 sha=b7f73be889d0cd415de0c9b30d4ccccaedc6ddea7db17f5dbc23ed64765ec807
    state_parity_diagnostic_test.go:54: STATE_EXPORT path=/var/home/agent/workspace/tmp/whisper-vad-parity-20261001/state-go-tanh-corrected-diag-layer15-output.f32 count=1920000 sha=e73c64c20d8b935235e2baaadb38f0bce97afd716e7066deb75934676d33f0d7
    state_parity_diagnostic_test.go:54: STATE_EXPORT path=/var/home/agent/workspace/tmp/whisper-vad-parity-20261001/state-go-tanh-corrected-diag-layer16-output.f32 count=1920000 sha=a8441bcf66f6ca8cd7778ee3ebd7a4aaa50f76a1eaa9ee3e2d54821cc51e6cd6
    state_parity_diagnostic_test.go:54: STATE_EXPORT path=/var/home/agent/workspace/tmp/whisper-vad-parity-20261001/state-go-tanh-corrected-diag-layer17-output.f32 count=1920000 sha=4158e83672529ea2b1be2eab1a40f453b95660129108658b67009d3b94386c96
    state_parity_diagnostic_test.go:54: STATE_EXPORT path=/var/home/agent/workspace/tmp/whisper-vad-parity-20261001/state-go-tanh-corrected-diag-layer18-output.f32 count=1920000 sha=18d94eecc25de4f5ec11cc201e404f0d852168dcf8429aad19423f1b91b80d8c
    state_parity_diagnostic_test.go:54: STATE_EXPORT path=/var/home/agent/workspace/tmp/whisper-vad-parity-20261001/state-go-tanh-corrected-diag-layer19-output.f32 count=1920000 sha=b4ed1cf0503f73c8681bc9a4942de5fc173ddf319df5daada3dd77dc89764fa1
    state_parity_diagnostic_test.go:54: STATE_EXPORT path=/var/home/agent/workspace/tmp/whisper-vad-parity-20261001/state-go-tanh-corrected-diag-layer20-output.f32 count=1920000 sha=e27542397b772aaea725fcfda65d6342d684197ebbe008105cff09bf7d315f0c
    state_parity_diagnostic_test.go:54: STATE_EXPORT path=/var/home/agent/workspace/tmp/whisper-vad-parity-20261001/state-go-tanh-corrected-diag-layer21-output.f32 count=1920000 sha=3ae72a3f9746763e70c8cc2a1d717960ee3734cea29beb842cd057a324b6bdcf
    state_parity_diagnostic_test.go:54: STATE_EXPORT path=/var/home/agent/workspace/tmp/whisper-vad-parity-20261001/state-go-tanh-corrected-diag-layer22-output.f32 count=1920000 sha=c70718a972cf4a0d9a85cbdf73dfbf44661fe8ac3a4dabcc344efe3b2b042626
    state_parity_diagnostic_test.go:54: STATE_EXPORT path=/var/home/agent/workspace/tmp/whisper-vad-parity-20261001/state-go-tanh-corrected-diag-layer23-output.f32 count=1920000 sha=2573f3964123ed2900420ca4620d26ef9c908194c09b5b0983abab8c0a5edae1
    state_parity_diagnostic_test.go:54: STATE_EXPORT path=/var/home/agent/workspace/tmp/whisper-vad-parity-20261001/state-go-tanh-corrected-diag-layer24-output.f32 count=1920000 sha=58b0ad8f1f6e75aad7ba8dc5432931041629541d62a13a59c339dec40be8ecd6
    state_parity_diagnostic_test.go:54: STATE_EXPORT path=/var/home/agent/workspace/tmp/whisper-vad-parity-20261001/state-go-tanh-corrected-diag-layer25-output.f32 count=1920000 sha=162780a066957cd4ae6f33317562b64231311fe622161430d159a8a449eae8c3
    state_parity_diagnostic_test.go:54: STATE_EXPORT path=/var/home/agent/workspace/tmp/whisper-vad-parity-20261001/state-go-tanh-corrected-diag-layer26-output.f32 count=1920000 sha=238c2af38974691ce88f04ebbcc0fd3c1656aa20a541ca20dfd0545ee6d543d0
    state_parity_diagnostic_test.go:54: STATE_EXPORT path=/var/home/agent/workspace/tmp/whisper-vad-parity-20261001/state-go-tanh-corrected-diag-layer27-output.f32 count=1920000 sha=5969481109731c7487c3a567172ffe6163dd902b270b34f91bac0490344bbc77
    state_parity_diagnostic_test.go:54: STATE_EXPORT path=/var/home/agent/workspace/tmp/whisper-vad-parity-20261001/state-go-tanh-corrected-diag-layer28-output.f32 count=1920000 sha=4409c621d95d77f008924c5d9d3a8ee26d95187193e23020341eb2f319b3f532
    state_parity_diagnostic_test.go:54: STATE_EXPORT path=/var/home/agent/workspace/tmp/whisper-vad-parity-20261001/state-go-tanh-corrected-diag-layer29-output.f32 count=1920000 sha=e429099ec477b024b063f218efd8be170509fd749a62517a7f8d5b6491f8d983
    state_parity_diagnostic_test.go:54: STATE_EXPORT path=/var/home/agent/workspace/tmp/whisper-vad-parity-20261001/state-go-tanh-corrected-diag-layer30-output.f32 count=1920000 sha=32a25e59854671364ed06cf2b0c18582e1e93c16666cdbfc9e5620aacf9ae7d6
    state_parity_diagnostic_test.go:54: STATE_EXPORT path=/var/home/agent/workspace/tmp/whisper-vad-parity-20261001/state-go-tanh-corrected-diag-layer31-output.f32 count=1920000 sha=efa142bcfbbadb6e2fd96247b45264b6317b58bb68f4c4f004f9c71c00acf43b
    state_parity_diagnostic_test.go:54: STATE_EXPORT path=/var/home/agent/workspace/tmp/whisper-vad-parity-20261001/state-go-tanh-corrected-diag-final.f32 count=1920000 sha=216368be95689e9a98a928f6ecf18751978fca627c9c303805390f7edddb9ea4
    state_parity_diagnostic_test.go:54: STATE_EXPORT path=/var/home/agent/workspace/tmp/whisper-vad-parity-20261001/state-go-tanh-corrected-original-mel-hidden.f32 count=1920000 sha=dce0d66b93fb7694116f0742d2aad2f972de18eb63c43cc2b85459bd4e827120
    state_parity_diagnostic_test.go:54: STATE_EXPORT path=/var/home/agent/workspace/tmp/whisper-vad-parity-20261001/state-go-tanh-corrected-own-logits-0.f32 count=51866 sha=84601c238ec76ef39f4f7b8ac72714b18c684c52e5f69800c9029cb8b5d7921e
    state_parity_diagnostic_test.go:54: STATE_EXPORT path=/var/home/agent/workspace/tmp/whisper-vad-parity-20261001/state-go-tanh-corrected-own-logits-1.f32 count=51866 sha=66f396a21deb6f721c70cc495f20c70a88e7be9c7592ebb25f80682129c9f487
    state_parity_diagnostic_test.go:54: STATE_EXPORT path=/var/home/agent/workspace/tmp/whisper-vad-parity-20261001/state-go-tanh-corrected-own-logits-2.f32 count=51866 sha=354abc9ed9b2e1b571ac6e73fba0c9b890ae2aa3efd2ffd6035f5f557e74ea7b
    state_parity_diagnostic_test.go:54: STATE_EXPORT path=/var/home/agent/workspace/tmp/whisper-vad-parity-20261001/state-go-tanh-corrected-own-logits-3.f32 count=51866 sha=6d2c6036c22a78f467cc488caf099edb1958a4ec3f067f16b4170ef4e0e74ecd
    state_parity_diagnostic_test.go:54: STATE_EXPORT path=/var/home/agent/workspace/tmp/whisper-vad-parity-20261001/state-go-tanh-corrected-own-logits-4.f32 count=51866 sha=c9401a2d25b68897eb64442cdc4022d26dc4c23b29b969b23b0c56973304c5c2
    state_parity_diagnostic_test.go:54: STATE_EXPORT path=/var/home/agent/workspace/tmp/whisper-vad-parity-20261001/state-go-tanh-corrected-own-logits-5.f32 count=51866 sha=15b6725531023813fbcb29e29c6dbad573149bb74a0daa1c538aa7e234d0670b
    state_parity_diagnostic_test.go:54: STATE_EXPORT path=/var/home/agent/workspace/tmp/whisper-vad-parity-20261001/state-go-tanh-corrected-own-logits-6.f32 count=51866 sha=45e79e582ba6a10cd7bf6d0c6c95ca208e511405f6d8211575a58014ba43661b
    state_parity_diagnostic_test.go:54: STATE_EXPORT path=/var/home/agent/workspace/tmp/whisper-vad-parity-20261001/state-go-tanh-corrected-own-logits-7.f32 count=51866 sha=52ec9330376a35c5728a724c7e1e0ac36e4d0d29ff9d140a660e20a2633d3f30
    state_parity_diagnostic_test.go:54: STATE_EXPORT path=/var/home/agent/workspace/tmp/whisper-vad-parity-20261001/state-go-tanh-corrected-own-logits-8.f32 count=51866 sha=9ee703e52f4aedc672b3daccc682f252a0d47cb0a79f71e48f8b047eaea15ac1
    state_parity_diagnostic_test.go:54: STATE_EXPORT path=/var/home/agent/workspace/tmp/whisper-vad-parity-20261001/state-go-tanh-corrected-own-logits-9.f32 count=51866 sha=d709feac7993706246aa012b90727667b33d13311fe00be6bbaed83a32004ea9
    state_parity_diagnostic_test.go:54: STATE_EXPORT path=/var/home/agent/workspace/tmp/whisper-vad-parity-20261001/state-go-tanh-corrected-own-logits-10.f32 count=51866 sha=cf3418f76eb48871fa391b956eefa20e945ebc12cbf055214fc0b730f614d2c8
    state_parity_diagnostic_test.go:54: STATE_EXPORT path=/var/home/agent/workspace/tmp/whisper-vad-parity-20261001/state-go-tanh-corrected-own-logits-11.f32 count=51866 sha=59a0e9a6ac9670dbafb043ad669505115f40e05dfe02daab525e58d683cbcbd8
    state_parity_diagnostic_test.go:54: STATE_EXPORT path=/var/home/agent/workspace/tmp/whisper-vad-parity-20261001/state-go-tanh-corrected-own-logits-12.f32 count=51866 sha=afc703c6936920a2be92c55fedec54abce1b0fdf04d9eca4f6af0149f984a5d2
    state_parity_diagnostic_test.go:54: STATE_EXPORT path=/var/home/agent/workspace/tmp/whisper-vad-parity-20261001/state-go-tanh-corrected-own-logits-13.f32 count=51866 sha=30aeff06511fb1b64ef19bb9c5c57644184db713c60fccde56abc4d03378ce4b
    state_parity_diagnostic_test.go:54: STATE_EXPORT path=/var/home/agent/workspace/tmp/whisper-vad-parity-20261001/state-go-tanh-corrected-own-logits-14.f32 count=51866 sha=44ee7f58aa1f4f96d5411dc15b39a2f39902e482ceef9fb49ce734d6879fb727
    state_parity_diagnostic_test.go:54: STATE_EXPORT path=/var/home/agent/workspace/tmp/whisper-vad-parity-20261001/state-go-tanh-corrected-own-logits-15.f32 count=51866 sha=e23eca6a5cf3975e30cb68b768f8e11a46dfd3d832708d24795ce880c2d4e1c4
    state_parity_diagnostic_test.go:54: STATE_EXPORT path=/var/home/agent/workspace/tmp/whisper-vad-parity-20261001/state-go-tanh-corrected-own-logits-16.f32 count=51866 sha=b014d6a0c3e2d64b27c32343c5fc0adca9500b1c0bf8caf9dbe71f23066c6504
    state_parity_diagnostic_test.go:54: STATE_EXPORT path=/var/home/agent/workspace/tmp/whisper-vad-parity-20261001/state-go-tanh-corrected-own-logits-17.f32 count=51866 sha=db430b987fcc0449569e54f4fb859aefee8aea6effdc5ba4aaad965f6a37b9ad
    state_parity_diagnostic_test.go:54: STATE_EXPORT path=/var/home/agent/workspace/tmp/whisper-vad-parity-20261001/state-go-tanh-corrected-own-logits-18.f32 count=51866 sha=c6d0c14ab2cf572cc15d5c6c9083ea4e3374a4183c5f4cdf3b9f77a71838c36f
    state_parity_diagnostic_test.go:54: STATE_EXPORT path=/var/home/agent/workspace/tmp/whisper-vad-parity-20261001/state-go-tanh-corrected-own-logits-19.f32 count=51866 sha=09ff26bca8a76f9e4da04f369049c5abe91a96048566639cddb9b5d3dcdc8263
    state_parity_diagnostic_test.go:54: STATE_EXPORT path=/var/home/agent/workspace/tmp/whisper-vad-parity-20261001/state-go-tanh-corrected-own-logits-20.f32 count=51866 sha=85618a957f59b6f7da689e0c5a0cc53f0d7823f897fba9a1822686e504b17db6
    state_parity_diagnostic_test.go:54: STATE_EXPORT path=/var/home/agent/workspace/tmp/whisper-vad-parity-20261001/state-go-tanh-corrected-own-logits-21.f32 count=51866 sha=0534b2a099379458c0b4cebda5fb87c65c65d85442d82bdb06a5ae82e7628ee4
    state_parity_diagnostic_test.go:54: STATE_EXPORT path=/var/home/agent/workspace/tmp/whisper-vad-parity-20261001/state-go-tanh-corrected-own-logits-22.f32 count=51866 sha=8d34009b36a2831932626f54018b8b45bf0077466f54f0e0825ba24dc5ef62cb
    state_parity_diagnostic_test.go:54: STATE_EXPORT path=/var/home/agent/workspace/tmp/whisper-vad-parity-20261001/state-go-tanh-corrected-own-logits-23.f32 count=51866 sha=31e713060a632224254a119e72f040121a0411125616fd4e4918e686ff07d475
    state_parity_diagnostic_test.go:54: STATE_EXPORT path=/var/home/agent/workspace/tmp/whisper-vad-parity-20261001/state-go-tanh-corrected-own-logits-24.f32 count=51866 sha=5f51b0848c397c03d75205987e7bd8d5345f93f827cf9fbe165425f3eb6d12b7
    state_parity_diagnostic_test.go:54: STATE_EXPORT path=/var/home/agent/workspace/tmp/whisper-vad-parity-20261001/state-go-tanh-corrected-own-logits-25.f32 count=51866 sha=3684f0461b2533acd8ebcfba72236d784bd4235ae9afc7496265371f1bd3cea9
    state_parity_diagnostic_test.go:54: STATE_EXPORT path=/var/home/agent/workspace/tmp/whisper-vad-parity-20261001/state-go-tanh-corrected-own-logits-26.f32 count=51866 sha=4df57825be3041b54d621b3076bf8321c4300d197e842f909589c19a843b5a30
    state_parity_diagnostic_test.go:54: STATE_EXPORT path=/var/home/agent/workspace/tmp/whisper-vad-parity-20261001/state-go-tanh-corrected-own-logits-27.f32 count=51866 sha=3f2275da27b46cc702fd73e2c28aacebd37457fd844d31ad12d021a936d09472
    state_parity_diagnostic_test.go:54: STATE_EXPORT path=/var/home/agent/workspace/tmp/whisper-vad-parity-20261001/state-go-tanh-corrected-own-logits-28.f32 count=51866 sha=7eb7a096ea2acb38c94e56f05625ecf5615714eaaada1f5e11a731ea7f3ff0b4
    state_parity_diagnostic_test.go:54: STATE_EXPORT path=/var/home/agent/workspace/tmp/whisper-vad-parity-20261001/state-go-tanh-corrected-own-logits-29.f32 count=51866 sha=173a0c013fec2e299d8dad08d29175b79b5fd6bf9dab65ba1d296e9bb22ff191
    state_parity_diagnostic_test.go:54: STATE_EXPORT path=/var/home/agent/workspace/tmp/whisper-vad-parity-20261001/state-go-tanh-corrected-own-logits-30.f32 count=51866 sha=35f101bdd0370957ad3f3534544012f7e8c296523cdb9f3e8456c32c8a4c90d0
    state_parity_diagnostic_test.go:192: COMMON_STATE mode=own final={Position:30 Input:50868 EOT:10.820351 RepeatTimestamp:10.956921}
    state_parity_diagnostic_test.go:54: STATE_EXPORT path=/var/home/agent/workspace/tmp/whisper-vad-parity-20261001/state-go-tanh-corrected-original-mel-logits-0.f32 count=51866 sha=d67e11b1dfde0cf985962c9f186784e8b571ca5ac272c1ff65ecae12db2782fa
    state_parity_diagnostic_test.go:54: STATE_EXPORT path=/var/home/agent/workspace/tmp/whisper-vad-parity-20261001/state-go-tanh-corrected-original-mel-logits-1.f32 count=51866 sha=492cd4d0995e2bfbad70c06ecb4596092a31e56df3906e5dd884f6a63f75fe64
    state_parity_diagnostic_test.go:54: STATE_EXPORT path=/var/home/agent/workspace/tmp/whisper-vad-parity-20261001/state-go-tanh-corrected-original-mel-logits-2.f32 count=51866 sha=411bac0ebe34369fc73eeeebfae7975b6df6e7d7acdf58c6157a8b4579092118
    state_parity_diagnostic_test.go:54: STATE_EXPORT path=/var/home/agent/workspace/tmp/whisper-vad-parity-20261001/state-go-tanh-corrected-original-mel-logits-3.f32 count=51866 sha=20db0982562543de30244f8a9e4bde9acbc524b28b23e802145848294b66cb99
    state_parity_diagnostic_test.go:54: STATE_EXPORT path=/var/home/agent/workspace/tmp/whisper-vad-parity-20261001/state-go-tanh-corrected-original-mel-logits-4.f32 count=51866 sha=eb987fd48222603933b3f2255ed28650351b1478c7bec56f8461df7b2423c6d5
    state_parity_diagnostic_test.go:54: STATE_EXPORT path=/var/home/agent/workspace/tmp/whisper-vad-parity-20261001/state-go-tanh-corrected-original-mel-logits-5.f32 count=51866 sha=9b306a57f8a388cad85459d84b79cb1527acec2c394c36a7636d8a402dca8916
    state_parity_diagnostic_test.go:54: STATE_EXPORT path=/var/home/agent/workspace/tmp/whisper-vad-parity-20261001/state-go-tanh-corrected-original-mel-logits-6.f32 count=51866 sha=94a416ca51eeef1cd8e1496c2560ef40b5ec342e21dab3099df628fcef81bfbb
    state_parity_diagnostic_test.go:54: STATE_EXPORT path=/var/home/agent/workspace/tmp/whisper-vad-parity-20261001/state-go-tanh-corrected-original-mel-logits-7.f32 count=51866 sha=2b98fb891ddc9313a4f9c135b09a3dfd0902c9e4a0b20335790634b57ba708e9
    state_parity_diagnostic_test.go:54: STATE_EXPORT path=/var/home/agent/workspace/tmp/whisper-vad-parity-20261001/state-go-tanh-corrected-original-mel-logits-8.f32 count=51866 sha=def2607a6277af7e23371d531d1c7f62f331b3ecd5054b9b02b8b227f22ec618
    state_parity_diagnostic_test.go:54: STATE_EXPORT path=/var/home/agent/workspace/tmp/whisper-vad-parity-20261001/state-go-tanh-corrected-original-mel-logits-9.f32 count=51866 sha=3878b4ce35121714df20adc84a2afd2f357c48bbc130478f8e3df132c515a37e
    state_parity_diagnostic_test.go:54: STATE_EXPORT path=/var/home/agent/workspace/tmp/whisper-vad-parity-20261001/state-go-tanh-corrected-original-mel-logits-10.f32 count=51866 sha=e40b129392b7cca62cb94ceb2579bd504e2cb087d7caae29b9ac5bdf0a054415
    state_parity_diagnostic_test.go:54: STATE_EXPORT path=/var/home/agent/workspace/tmp/whisper-vad-parity-20261001/state-go-tanh-corrected-original-mel-logits-11.f32 count=51866 sha=16d97504cbc4e4e0602fff61fd9a35ae36a924436e523df0e6fe49b126860ae8
    state_parity_diagnostic_test.go:54: STATE_EXPORT path=/var/home/agent/workspace/tmp/whisper-vad-parity-20261001/state-go-tanh-corrected-original-mel-logits-12.f32 count=51866 sha=a7524e0cf9570cdbeff88b51deb36210031f36c4aa9aa3b6c1bf3d30acb3ab57
    state_parity_diagnostic_test.go:54: STATE_EXPORT path=/var/home/agent/workspace/tmp/whisper-vad-parity-20261001/state-go-tanh-corrected-original-mel-logits-13.f32 count=51866 sha=b8176fb6232e0f052f985f2ee1268dfa4b71e7c0e68c84c10044c8ee2ff12b10
    state_parity_diagnostic_test.go:54: STATE_EXPORT path=/var/home/agent/workspace/tmp/whisper-vad-parity-20261001/state-go-tanh-corrected-original-mel-logits-14.f32 count=51866 sha=942e69dcdf62d125113bc6de5bfd803ba91e11c03a2570703248a769cc913945
    state_parity_diagnostic_test.go:54: STATE_EXPORT path=/var/home/agent/workspace/tmp/whisper-vad-parity-20261001/state-go-tanh-corrected-original-mel-logits-15.f32 count=51866 sha=3b0f17e0be3f0a36e0a01e4bd06c5d2027cb5cf91e7d67797a5fbae8b3d1cde3
    state_parity_diagnostic_test.go:54: STATE_EXPORT path=/var/home/agent/workspace/tmp/whisper-vad-parity-20261001/state-go-tanh-corrected-original-mel-logits-16.f32 count=51866 sha=f51bf10cc86df19273ffa11e82fad6c705d558561d1e05cc16dee2a13667cfab
    state_parity_diagnostic_test.go:54: STATE_EXPORT path=/var/home/agent/workspace/tmp/whisper-vad-parity-20261001/state-go-tanh-corrected-original-mel-logits-17.f32 count=51866 sha=93ba18a5c0815cf0a96e726ec12f97c67bc5962d627a57e3ed7d51b692e4bbfe
    state_parity_diagnostic_test.go:54: STATE_EXPORT path=/var/home/agent/workspace/tmp/whisper-vad-parity-20261001/state-go-tanh-corrected-original-mel-logits-18.f32 count=51866 sha=aafdd6a5904489acc1dc4a98192e2c8c33856804f5c17059effb1634c12bb68e
    state_parity_diagnostic_test.go:54: STATE_EXPORT path=/var/home/agent/workspace/tmp/whisper-vad-parity-20261001/state-go-tanh-corrected-original-mel-logits-19.f32 count=51866 sha=197f6593e82f283cb16820f1757e40db285cea74a33794ff3e236085b7e8a1a8
    state_parity_diagnostic_test.go:54: STATE_EXPORT path=/var/home/agent/workspace/tmp/whisper-vad-parity-20261001/state-go-tanh-corrected-original-mel-logits-20.f32 count=51866 sha=a2122c90e9dcf1fb020a45b7727fd0b720e2f99c2ce1f093d49d7433f922e32e
    state_parity_diagnostic_test.go:54: STATE_EXPORT path=/var/home/agent/workspace/tmp/whisper-vad-parity-20261001/state-go-tanh-corrected-original-mel-logits-21.f32 count=51866 sha=dc9b9f4697f311e68be2a834bf5f2e5051cec888e7ff29441a748e6118045247
    state_parity_diagnostic_test.go:54: STATE_EXPORT path=/var/home/agent/workspace/tmp/whisper-vad-parity-20261001/state-go-tanh-corrected-original-mel-logits-22.f32 count=51866 sha=9e98cf8f1e0118ac5ef845c9fc6f7a93df8b2ff3f3632ab9ae7a79f62ba9e48d
    state_parity_diagnostic_test.go:54: STATE_EXPORT path=/var/home/agent/workspace/tmp/whisper-vad-parity-20261001/state-go-tanh-corrected-original-mel-logits-23.f32 count=51866 sha=868279c6664e5be5c2ad47472dac15438c51bc22e8992225935eefd79526d2ae
    state_parity_diagnostic_test.go:54: STATE_EXPORT path=/var/home/agent/workspace/tmp/whisper-vad-parity-20261001/state-go-tanh-corrected-original-mel-logits-24.f32 count=51866 sha=bad8ae9b47fcab001ea2190b0fbe07092ecc75f84441aaab13e55baecce255cf
    state_parity_diagnostic_test.go:54: STATE_EXPORT path=/var/home/agent/workspace/tmp/whisper-vad-parity-20261001/state-go-tanh-corrected-original-mel-logits-25.f32 count=51866 sha=89cb695e8272c6e6b515a79246adf58af71e80d25389c1972053d14bec8fcf60
    state_parity_diagnostic_test.go:54: STATE_EXPORT path=/var/home/agent/workspace/tmp/whisper-vad-parity-20261001/state-go-tanh-corrected-original-mel-logits-26.f32 count=51866 sha=b212c45a6fb6078a485cce7cee10bdb7c15f86bffdeca4521a60743686d836a8
    state_parity_diagnostic_test.go:54: STATE_EXPORT path=/var/home/agent/workspace/tmp/whisper-vad-parity-20261001/state-go-tanh-corrected-original-mel-logits-27.f32 count=51866 sha=d438e0459ee22e3fd55a0aefa7694061c5e21f4dfc1c038b312e25ea736f62bf
    state_parity_diagnostic_test.go:54: STATE_EXPORT path=/var/home/agent/workspace/tmp/whisper-vad-parity-20261001/state-go-tanh-corrected-original-mel-logits-28.f32 count=51866 sha=bbd78cbe32a469d7970f45a3596fc6101c2166470ef54c9d42aae16bb128f955
    state_parity_diagnostic_test.go:54: STATE_EXPORT path=/var/home/agent/workspace/tmp/whisper-vad-parity-20261001/state-go-tanh-corrected-original-mel-logits-29.f32 count=51866 sha=a5733182c876b86998e4d0840de8f44ff08b038edfbcea36d6243e7cee63b48e
    state_parity_diagnostic_test.go:54: STATE_EXPORT path=/var/home/agent/workspace/tmp/whisper-vad-parity-20261001/state-go-tanh-corrected-original-mel-logits-30.f32 count=51866 sha=8abe052cc1882b9766f44937ebdaad89031f944d0757f0ba91f541e8fd3652bb
    state_parity_diagnostic_test.go:192: COMMON_STATE mode=original-mel final={Position:30 Input:50868 EOT:10.82036 RepeatTimestamp:10.956921}
    state_parity_diagnostic_test.go:54: STATE_EXPORT path=/var/home/agent/workspace/tmp/whisper-vad-parity-20261001/state-go-tanh-corrected-original-hidden-logits-0.f32 count=51866 sha=f6133fe585b001c42edba74b521ce3b656936972c22588ce842e61c398b71d57
    state_parity_diagnostic_test.go:54: STATE_EXPORT path=/var/home/agent/workspace/tmp/whisper-vad-parity-20261001/state-go-tanh-corrected-original-hidden-logits-1.f32 count=51866 sha=09065a6bad6d80fa83f0d21861bf3438964743aaf6f1914f429f30e7c5622217
    state_parity_diagnostic_test.go:54: STATE_EXPORT path=/var/home/agent/workspace/tmp/whisper-vad-parity-20261001/state-go-tanh-corrected-original-hidden-logits-2.f32 count=51866 sha=17434865fe35ac4fd0c70d60868c98f2e5ff33d73f9d14e38f0ca7e55eadefaa
    state_parity_diagnostic_test.go:54: STATE_EXPORT path=/var/home/agent/workspace/tmp/whisper-vad-parity-20261001/state-go-tanh-corrected-original-hidden-logits-3.f32 count=51866 sha=5f230e448465bc225520a073b48b1c21722a1e46d8179217817ab85867b420fa
    state_parity_diagnostic_test.go:54: STATE_EXPORT path=/var/home/agent/workspace/tmp/whisper-vad-parity-20261001/state-go-tanh-corrected-original-hidden-logits-4.f32 count=51866 sha=3ea659e565a589a997e2c9fc9f02ee8de898d4558331f74f38fe9ac4c4094242
    state_parity_diagnostic_test.go:54: STATE_EXPORT path=/var/home/agent/workspace/tmp/whisper-vad-parity-20261001/state-go-tanh-corrected-original-hidden-logits-5.f32 count=51866 sha=8003905e37d0dc67a96453216d2d29492392cc60315cd938c85e69020887a998
    state_parity_diagnostic_test.go:54: STATE_EXPORT path=/var/home/agent/workspace/tmp/whisper-vad-parity-20261001/state-go-tanh-corrected-original-hidden-logits-6.f32 count=51866 sha=5cdb41a663621657b38a239f40c60682817dab37ea3e21774dc85a8c934609c1
    state_parity_diagnostic_test.go:54: STATE_EXPORT path=/var/home/agent/workspace/tmp/whisper-vad-parity-20261001/state-go-tanh-corrected-original-hidden-logits-7.f32 count=51866 sha=08e6406d8bffd4ca4de6c20bef72b626d5f4d408bb8481f4e2b68312647a1f5b
    state_parity_diagnostic_test.go:54: STATE_EXPORT path=/var/home/agent/workspace/tmp/whisper-vad-parity-20261001/state-go-tanh-corrected-original-hidden-logits-8.f32 count=51866 sha=ebe0dbbc286aa35450865352265ffde848967f469715a241ff023a7b2cadd464
    state_parity_diagnostic_test.go:54: STATE_EXPORT path=/var/home/agent/workspace/tmp/whisper-vad-parity-20261001/state-go-tanh-corrected-original-hidden-logits-9.f32 count=51866 sha=fe1a846a6efe6b4d52c9696fa3fe7bfb46c82fa24d35f367021b427e3e2af963
    state_parity_diagnostic_test.go:54: STATE_EXPORT path=/var/home/agent/workspace/tmp/whisper-vad-parity-20261001/state-go-tanh-corrected-original-hidden-logits-10.f32 count=51866 sha=c8178ec632cc5ad7ea83dc26ed4045e0889683b9d01f1337c19b41daa2cf6aac
    state_parity_diagnostic_test.go:54: STATE_EXPORT path=/var/home/agent/workspace/tmp/whisper-vad-parity-20261001/state-go-tanh-corrected-original-hidden-logits-11.f32 count=51866 sha=e6dfaa1d84d40cd27538b86c6329cde705fcff2ac03a803ddbb1e0dc772e1eb3
    state_parity_diagnostic_test.go:54: STATE_EXPORT path=/var/home/agent/workspace/tmp/whisper-vad-parity-20261001/state-go-tanh-corrected-original-hidden-logits-12.f32 count=51866 sha=dd0d3929ea2f899732df552bcf8f6089ec8ba893d9dbe4ad8b422adbbf6880d4
    state_parity_diagnostic_test.go:54: STATE_EXPORT path=/var/home/agent/workspace/tmp/whisper-vad-parity-20261001/state-go-tanh-corrected-original-hidden-logits-13.f32 count=51866 sha=f485b58997b5e1557099c8ff9c592ec37b5128ad5c399faa2579a5876b833232
    state_parity_diagnostic_test.go:54: STATE_EXPORT path=/var/home/agent/workspace/tmp/whisper-vad-parity-20261001/state-go-tanh-corrected-original-hidden-logits-14.f32 count=51866 sha=af1163a8841bdada207cad25001d335b0753adafac3c340bc1f627e58fa996bd
    state_parity_diagnostic_test.go:54: STATE_EXPORT path=/var/home/agent/workspace/tmp/whisper-vad-parity-20261001/state-go-tanh-corrected-original-hidden-logits-15.f32 count=51866 sha=06563a7d9c1793d992e7a0ac6a1aa99f79fcb9f66f9076de107afb8ed6d121b2
    state_parity_diagnostic_test.go:54: STATE_EXPORT path=/var/home/agent/workspace/tmp/whisper-vad-parity-20261001/state-go-tanh-corrected-original-hidden-logits-16.f32 count=51866 sha=3b228bf3e402320de361fb92cdc7175fff4610dfe3ae0fed7d0ec1bf6ced807c
    state_parity_diagnostic_test.go:54: STATE_EXPORT path=/var/home/agent/workspace/tmp/whisper-vad-parity-20261001/state-go-tanh-corrected-original-hidden-logits-17.f32 count=51866 sha=30e1a0dc718baf9d797cd240aaaf27a6cf0fefc909fabec5e105d318989d706d
    state_parity_diagnostic_test.go:54: STATE_EXPORT path=/var/home/agent/workspace/tmp/whisper-vad-parity-20261001/state-go-tanh-corrected-original-hidden-logits-18.f32 count=51866 sha=35a0abaa5c834360a25948842ac3604adcffa10498f40f46ed4d2cc4e9076674
    state_parity_diagnostic_test.go:54: STATE_EXPORT path=/var/home/agent/workspace/tmp/whisper-vad-parity-20261001/state-go-tanh-corrected-original-hidden-logits-19.f32 count=51866 sha=9a57b5eb5af8350ffe3d4d9529ba5b748d7d8179c34740cf157a139b5ee80212
    state_parity_diagnostic_test.go:54: STATE_EXPORT path=/var/home/agent/workspace/tmp/whisper-vad-parity-20261001/state-go-tanh-corrected-original-hidden-logits-20.f32 count=51866 sha=8b2814d815dba8b09865eeae37e7be5aafa087cba19e5c1593726f8a0461323f
    state_parity_diagnostic_test.go:54: STATE_EXPORT path=/var/home/agent/workspace/tmp/whisper-vad-parity-20261001/state-go-tanh-corrected-original-hidden-logits-21.f32 count=51866 sha=cccf402c1bd1ea04278509abf7f9e2a890ffaa7765e1d6e7d110eff90b7dddde
    state_parity_diagnostic_test.go:54: STATE_EXPORT path=/var/home/agent/workspace/tmp/whisper-vad-parity-20261001/state-go-tanh-corrected-original-hidden-logits-22.f32 count=51866 sha=2b3183e653b48fd3451ff86e9d8bf6c6ee58f340f92b7e4efa9c7ebe5de1f317
    state_parity_diagnostic_test.go:54: STATE_EXPORT path=/var/home/agent/workspace/tmp/whisper-vad-parity-20261001/state-go-tanh-corrected-original-hidden-logits-23.f32 count=51866 sha=30016eaa717f103b995107461f1cb33d8ba34f7dda48e328e5360463a873225f
    state_parity_diagnostic_test.go:54: STATE_EXPORT path=/var/home/agent/workspace/tmp/whisper-vad-parity-20261001/state-go-tanh-corrected-original-hidden-logits-24.f32 count=51866 sha=d95cb4bc7ef07c85a702335c2907401f92651a5d731314a7a697bb57a0ae2ee9
    state_parity_diagnostic_test.go:54: STATE_EXPORT path=/var/home/agent/workspace/tmp/whisper-vad-parity-20261001/state-go-tanh-corrected-original-hidden-logits-25.f32 count=51866 sha=a3b86f0ed3eb3ad4f7d8867fdb8f3c795681165e61c89c8956c9c535e77927ea
    state_parity_diagnostic_test.go:54: STATE_EXPORT path=/var/home/agent/workspace/tmp/whisper-vad-parity-20261001/state-go-tanh-corrected-original-hidden-logits-26.f32 count=51866 sha=b5e8af7009b4b9420291f0af16e0628c7e4d24146b499ad1187170acd77c50b4
    state_parity_diagnostic_test.go:54: STATE_EXPORT path=/var/home/agent/workspace/tmp/whisper-vad-parity-20261001/state-go-tanh-corrected-original-hidden-logits-27.f32 count=51866 sha=7cbb0cdc12bca82e2973c88f8e74fb701ddd8a92156c199a21def77ee6fb194c
    state_parity_diagnostic_test.go:54: STATE_EXPORT path=/var/home/agent/workspace/tmp/whisper-vad-parity-20261001/state-go-tanh-corrected-original-hidden-logits-28.f32 count=51866 sha=eb0572daeacc6cec053342e6e8858e2df751260d3aa3bce6c0bd44988ebe8f11
    state_parity_diagnostic_test.go:54: STATE_EXPORT path=/var/home/agent/workspace/tmp/whisper-vad-parity-20261001/state-go-tanh-corrected-original-hidden-logits-29.f32 count=51866 sha=781b974ecb007e17dd2471ae0b5779fe080aa79d8eeecd18b7d338bc76ed70ee
    state_parity_diagnostic_test.go:54: STATE_EXPORT path=/var/home/agent/workspace/tmp/whisper-vad-parity-20261001/state-go-tanh-corrected-original-hidden-logits-30.f32 count=51866 sha=96a42cee849d78e78524a9221cb16753e5bdd9cf711f2f5bc260ded2abe966f6
    state_parity_diagnostic_test.go:192: COMMON_STATE mode=original-hidden final={Position:30 Input:50868 EOT:10.9654455 RepeatTimestamp:10.828323}
    state_parity_diagnostic_test.go:207: STATE_COMMON_PREFIX_PASS tokens=31
--- PASS: TestWhisperCommonStateDiagnostic (22.49s)
PASS
