=== RUN   TestCommunity1TrainedCorpus
    trained_corpus_test.go:52: TRAINED_PLDA condition=56.00115466461734 residual=1.7763568394002505e-15
    trained_corpus_test.go:78: CORPUS_STAGE read window=0
    trained_corpus_test.go:78: CORPUS_STAGE segmentation window=0
    trained_corpus_test.go:78: CORPUS_STAGE masks window=0
    trained_corpus_test.go:78: CORPUS_STAGE embedding window=0
    trained_corpus_test.go:78: CORPUS_STAGE read window=1
    trained_corpus_test.go:78: CORPUS_STAGE segmentation window=1
    trained_corpus_test.go:78: CORPUS_STAGE masks window=1
    trained_corpus_test.go:78: CORPUS_STAGE embedding window=1
    trained_corpus_test.go:78: CORPUS_STAGE read window=2
    trained_corpus_test.go:78: CORPUS_STAGE segmentation window=2
    trained_corpus_test.go:78: CORPUS_STAGE masks window=2
    trained_corpus_test.go:78: CORPUS_STAGE embedding window=2
    trained_corpus_test.go:78: CORPUS_STAGE read window=3
    trained_corpus_test.go:78: CORPUS_STAGE segmentation window=3
    trained_corpus_test.go:78: CORPUS_STAGE masks window=3
    trained_corpus_test.go:78: CORPUS_STAGE embedding window=3
    trained_corpus_test.go:78: CORPUS_STAGE read window=4
    trained_corpus_test.go:78: CORPUS_STAGE segmentation window=4
    trained_corpus_test.go:78: CORPUS_STAGE masks window=4
    trained_corpus_test.go:78: CORPUS_STAGE embedding window=4
    trained_corpus_test.go:78: CORPUS_STAGE read window=5
    trained_corpus_test.go:78: CORPUS_STAGE segmentation window=5
    trained_corpus_test.go:78: CORPUS_STAGE masks window=5
    trained_corpus_test.go:78: CORPUS_STAGE embedding window=5
    trained_corpus_test.go:78: CORPUS_STAGE read window=6
    trained_corpus_test.go:78: CORPUS_STAGE segmentation window=6
    trained_corpus_test.go:78: CORPUS_STAGE masks window=6
    trained_corpus_test.go:78: CORPUS_STAGE embedding window=6
    trained_corpus_test.go:78: CORPUS_STAGE read window=7
    trained_corpus_test.go:78: CORPUS_STAGE segmentation window=7
    trained_corpus_test.go:78: CORPUS_STAGE masks window=7
    trained_corpus_test.go:78: CORPUS_STAGE embedding window=7
    trained_corpus_test.go:78: CORPUS_STAGE read window=8
    trained_corpus_test.go:78: CORPUS_STAGE segmentation window=8
    trained_corpus_test.go:78: CORPUS_STAGE masks window=8
    trained_corpus_test.go:78: CORPUS_STAGE embedding window=8
    trained_corpus_test.go:78: CORPUS_STAGE read window=9
    trained_corpus_test.go:78: CORPUS_STAGE segmentation window=9
    trained_corpus_test.go:78: CORPUS_STAGE masks window=9
    trained_corpus_test.go:78: CORPUS_STAGE embedding window=9
    trained_corpus_test.go:78: CORPUS_STAGE read window=10
    trained_corpus_test.go:78: CORPUS_STAGE segmentation window=10
    trained_corpus_test.go:78: CORPUS_STAGE masks window=10
    trained_corpus_test.go:78: CORPUS_STAGE embedding window=10
    trained_corpus_test.go:78: CORPUS_STAGE read window=11
    trained_corpus_test.go:78: CORPUS_STAGE segmentation window=11
    trained_corpus_test.go:78: CORPUS_STAGE masks window=11
    trained_corpus_test.go:78: CORPUS_STAGE embedding window=11
    trained_corpus_test.go:78: CORPUS_STAGE read window=12
    trained_corpus_test.go:78: CORPUS_STAGE segmentation window=12
    trained_corpus_test.go:78: CORPUS_STAGE masks window=12
    trained_corpus_test.go:78: CORPUS_STAGE embedding window=12
    trained_corpus_test.go:78: CORPUS_STAGE read window=13
    trained_corpus_test.go:78: CORPUS_STAGE segmentation window=13
    trained_corpus_test.go:78: CORPUS_STAGE masks window=13
    trained_corpus_test.go:78: CORPUS_STAGE embedding window=13
    trained_corpus_test.go:78: CORPUS_STAGE read window=14
    trained_corpus_test.go:78: CORPUS_STAGE segmentation window=14
    trained_corpus_test.go:78: CORPUS_STAGE masks window=14
    trained_corpus_test.go:78: CORPUS_STAGE embedding window=14
    trained_corpus_test.go:78: CORPUS_STAGE read window=15
    trained_corpus_test.go:78: CORPUS_STAGE segmentation window=15
    trained_corpus_test.go:78: CORPUS_STAGE masks window=15
    trained_corpus_test.go:78: CORPUS_STAGE embedding window=15
    trained_corpus_test.go:78: CORPUS_STAGE read window=16
    trained_corpus_test.go:78: CORPUS_STAGE segmentation window=16
    trained_corpus_test.go:78: CORPUS_STAGE masks window=16
    trained_corpus_test.go:78: CORPUS_STAGE embedding window=16
    trained_corpus_test.go:78: CORPUS_STAGE read window=17
    trained_corpus_test.go:78: CORPUS_STAGE segmentation window=17
    trained_corpus_test.go:78: CORPUS_STAGE masks window=17
    trained_corpus_test.go:78: CORPUS_STAGE embedding window=17
    trained_corpus_test.go:78: CORPUS_STAGE read window=18
    trained_corpus_test.go:78: CORPUS_STAGE segmentation window=18
    trained_corpus_test.go:78: CORPUS_STAGE masks window=18
    trained_corpus_test.go:78: CORPUS_STAGE embedding window=18
    trained_corpus_test.go:78: CORPUS_STAGE read window=19
    trained_corpus_test.go:78: CORPUS_STAGE segmentation window=19
    trained_corpus_test.go:78: CORPUS_STAGE masks window=19
    trained_corpus_test.go:78: CORPUS_STAGE embedding window=19
    trained_corpus_test.go:78: CORPUS_STAGE read window=20
    trained_corpus_test.go:78: CORPUS_STAGE segmentation window=20
    trained_corpus_test.go:78: CORPUS_STAGE masks window=20
    trained_corpus_test.go:78: CORPUS_STAGE embedding window=20
    trained_corpus_test.go:78: CORPUS_STAGE read window=21
    trained_corpus_test.go:78: CORPUS_STAGE segmentation window=21
    trained_corpus_test.go:78: CORPUS_STAGE masks window=21
    trained_corpus_test.go:78: CORPUS_STAGE embedding window=21
    trained_corpus_test.go:78: CORPUS_STAGE read window=22
    trained_corpus_test.go:78: CORPUS_STAGE segmentation window=22
    trained_corpus_test.go:78: CORPUS_STAGE masks window=22
    trained_corpus_test.go:78: CORPUS_STAGE embedding window=22
    trained_corpus_test.go:78: CORPUS_STAGE read window=23
    trained_corpus_test.go:78: CORPUS_STAGE segmentation window=23
    trained_corpus_test.go:78: CORPUS_STAGE masks window=23
    trained_corpus_test.go:78: CORPUS_STAGE embedding window=23
    trained_corpus_test.go:78: CORPUS_STAGE read window=24
    trained_corpus_test.go:78: CORPUS_STAGE segmentation window=24
    trained_corpus_test.go:78: CORPUS_STAGE masks window=24
    trained_corpus_test.go:78: CORPUS_STAGE embedding window=24
    trained_corpus_test.go:78: CORPUS_STAGE read window=25
    trained_corpus_test.go:78: CORPUS_STAGE segmentation window=25
    trained_corpus_test.go:78: CORPUS_STAGE masks window=25
    trained_corpus_test.go:78: CORPUS_STAGE embedding window=25
    trained_corpus_test.go:78: CORPUS_STAGE read window=26
    trained_corpus_test.go:78: CORPUS_STAGE segmentation window=26
    trained_corpus_test.go:78: CORPUS_STAGE masks window=26
    trained_corpus_test.go:78: CORPUS_STAGE embedding window=26
    trained_corpus_test.go:78: CORPUS_STAGE read window=27
    trained_corpus_test.go:78: CORPUS_STAGE segmentation window=27
    trained_corpus_test.go:78: CORPUS_STAGE masks window=27
    trained_corpus_test.go:78: CORPUS_STAGE embedding window=27
    trained_corpus_test.go:78: CORPUS_STAGE read window=28
    trained_corpus_test.go:78: CORPUS_STAGE segmentation window=28
    trained_corpus_test.go:78: CORPUS_STAGE masks window=28
    trained_corpus_test.go:78: CORPUS_STAGE embedding window=28
    trained_corpus_test.go:78: CORPUS_STAGE read window=29
    trained_corpus_test.go:78: CORPUS_STAGE segmentation window=29
    trained_corpus_test.go:78: CORPUS_STAGE masks window=29
    trained_corpus_test.go:78: CORPUS_STAGE embedding window=29
    trained_corpus_test.go:78: CORPUS_STAGE read window=30
    trained_corpus_test.go:78: CORPUS_STAGE segmentation window=30
    trained_corpus_test.go:78: CORPUS_STAGE masks window=30
    trained_corpus_test.go:78: CORPUS_STAGE embedding window=30
    trained_corpus_test.go:78: CORPUS_STAGE read window=31
    trained_corpus_test.go:78: CORPUS_STAGE segmentation window=31
    trained_corpus_test.go:78: CORPUS_STAGE masks window=31
    trained_corpus_test.go:78: CORPUS_STAGE embedding window=31
    trained_corpus_test.go:78: CORPUS_STAGE read window=32
    trained_corpus_test.go:78: CORPUS_STAGE segmentation window=32
    trained_corpus_test.go:78: CORPUS_STAGE masks window=32
    trained_corpus_test.go:78: CORPUS_STAGE embedding window=32
    trained_corpus_test.go:78: CORPUS_STAGE read window=33
    trained_corpus_test.go:78: CORPUS_STAGE segmentation window=33
    trained_corpus_test.go:78: CORPUS_STAGE masks window=33
    trained_corpus_test.go:78: CORPUS_STAGE embedding window=33
    trained_corpus_test.go:78: CORPUS_STAGE read window=34
    trained_corpus_test.go:78: CORPUS_STAGE segmentation window=34
    trained_corpus_test.go:78: CORPUS_STAGE masks window=34
    trained_corpus_test.go:78: CORPUS_STAGE embedding window=34
    trained_corpus_test.go:78: CORPUS_STAGE read window=35
    trained_corpus_test.go:78: CORPUS_STAGE segmentation window=35
    trained_corpus_test.go:78: CORPUS_STAGE masks window=35
    trained_corpus_test.go:78: CORPUS_STAGE embedding window=35
    trained_corpus_test.go:78: CORPUS_STAGE read window=36
    trained_corpus_test.go:78: CORPUS_STAGE segmentation window=36
    trained_corpus_test.go:78: CORPUS_STAGE masks window=36
    trained_corpus_test.go:78: CORPUS_STAGE embedding window=36
    trained_corpus_test.go:78: CORPUS_STAGE read window=37
    trained_corpus_test.go:78: CORPUS_STAGE segmentation window=37
    trained_corpus_test.go:78: CORPUS_STAGE masks window=37
    trained_corpus_test.go:78: CORPUS_STAGE embedding window=37
    trained_corpus_test.go:78: CORPUS_STAGE read window=38
    trained_corpus_test.go:78: CORPUS_STAGE segmentation window=38
    trained_corpus_test.go:78: CORPUS_STAGE masks window=38
    trained_corpus_test.go:78: CORPUS_STAGE embedding window=38
    trained_corpus_test.go:78: CORPUS_STAGE read window=39
    trained_corpus_test.go:78: CORPUS_STAGE segmentation window=39
    trained_corpus_test.go:78: CORPUS_STAGE masks window=39
    trained_corpus_test.go:78: CORPUS_STAGE embedding window=39
    trained_corpus_test.go:78: CORPUS_STAGE read window=40
    trained_corpus_test.go:78: CORPUS_STAGE segmentation window=40
    trained_corpus_test.go:78: CORPUS_STAGE masks window=40
    trained_corpus_test.go:78: CORPUS_STAGE embedding window=40
    trained_corpus_test.go:78: CORPUS_STAGE read window=41
    trained_corpus_test.go:78: CORPUS_STAGE segmentation window=41
    trained_corpus_test.go:78: CORPUS_STAGE masks window=41
    trained_corpus_test.go:78: CORPUS_STAGE embedding window=41
    trained_corpus_test.go:78: CORPUS_STAGE read window=42
    trained_corpus_test.go:78: CORPUS_STAGE segmentation window=42
    trained_corpus_test.go:78: CORPUS_STAGE masks window=42
    trained_corpus_test.go:78: CORPUS_STAGE embedding window=42
    trained_corpus_test.go:78: CORPUS_STAGE read window=43
    trained_corpus_test.go:78: CORPUS_STAGE segmentation window=43
    trained_corpus_test.go:78: CORPUS_STAGE masks window=43
    trained_corpus_test.go:78: CORPUS_STAGE embedding window=43
    trained_corpus_test.go:78: CORPUS_STAGE read window=44
    trained_corpus_test.go:78: CORPUS_STAGE segmentation window=44
    trained_corpus_test.go:78: CORPUS_STAGE masks window=44
    trained_corpus_test.go:78: CORPUS_STAGE embedding window=44
    trained_corpus_test.go:78: CORPUS_STAGE read window=45
    trained_corpus_test.go:78: CORPUS_STAGE segmentation window=45
    trained_corpus_test.go:78: CORPUS_STAGE masks window=45
    trained_corpus_test.go:78: CORPUS_STAGE embedding window=45
    trained_corpus_test.go:78: CORPUS_STAGE read window=46
    trained_corpus_test.go:78: CORPUS_STAGE segmentation window=46
    trained_corpus_test.go:78: CORPUS_STAGE masks window=46
    trained_corpus_test.go:78: CORPUS_STAGE embedding window=46
    trained_corpus_test.go:78: CORPUS_STAGE read window=47
    trained_corpus_test.go:78: CORPUS_STAGE segmentation window=47
    trained_corpus_test.go:78: CORPUS_STAGE masks window=47
    trained_corpus_test.go:78: CORPUS_STAGE embedding window=47
    trained_corpus_test.go:78: CORPUS_STAGE read window=48
    trained_corpus_test.go:78: CORPUS_STAGE segmentation window=48
    trained_corpus_test.go:78: CORPUS_STAGE masks window=48
    trained_corpus_test.go:78: CORPUS_STAGE embedding window=48
    trained_corpus_test.go:78: CORPUS_STAGE read window=49
    trained_corpus_test.go:78: CORPUS_STAGE segmentation window=49
    trained_corpus_test.go:78: CORPUS_STAGE masks window=49
    trained_corpus_test.go:78: CORPUS_STAGE embedding window=49
    trained_corpus_test.go:78: CORPUS_STAGE read window=50
    trained_corpus_test.go:78: CORPUS_STAGE segmentation window=50
    trained_corpus_test.go:78: CORPUS_STAGE masks window=50
    trained_corpus_test.go:78: CORPUS_STAGE embedding window=50
    trained_corpus_test.go:78: CORPUS_STAGE count window=-1
    trained_corpus_test.go:78: CORPUS_STAGE filter window=-1
    trained_corpus_test.go:78: CORPUS_STAGE ahc window=-1
    trained_corpus_test.go:78: CORPUS_STAGE plda window=-1
    trained_corpus_test.go:78: CORPUS_STAGE vbx window=-1
    trained_corpus_test.go:78: CORPUS_STAGE centroids window=-1
    trained_corpus_test.go:78: CORPUS_STAGE assignment window=-1
    trained_corpus_test.go:78: CORPUS_STAGE reconstruction window=-1
    trained_corpus_test.go:78: CORPUS_STAGE turns window=-1
    trained_corpus_test.go:91: TRAINED_CORPUS_RESULT samples=960000 windows=51 elapsed=1m46.200863935s path=clustered training_rows=64 clusters=3 full_turns=17 exclusive_turns=13 ambiguous_frames=77
--- PASS: TestCommunity1TrainedCorpus (106.38s)
PASS
ok  	github.com/rcarmo/go-pherence/models/speaker/community1	106.392s
