=== RUN   TestCommunity1TrainedEmbedding
=== RUN   TestCommunity1TrainedEmbedding/silence-1s
    trained_embedding_test.go:136: TRAINED_EMBEDDING_METRIC {"atol":0.000002,"exact":250880,"max_abs":0,"max_budget_ratio":0,"pass":true,"rtol":0.000002,"stage":"reference-fbank/trunk.-1.-1","values":250880}
    trained_embedding_test.go:136: TRAINED_EMBEDDING_METRIC {"atol":0.000002,"exact":122321,"max_abs":2.384185791015625e-7,"max_budget_ratio":0.11453813649230402,"pass":true,"rtol":0.000002,"stage":"reference-fbank/trunk.0.0","values":250880}
    trained_embedding_test.go:136: TRAINED_EMBEDDING_METRIC {"atol":0.000002,"exact":84131,"max_abs":7.003545761108398e-7,"max_budget_ratio":0.3222264791158643,"pass":true,"rtol":0.000002,"stage":"reference-fbank/trunk.0.1","values":250880}
    trained_embedding_test.go:136: TRAINED_EMBEDDING_METRIC {"atol":0.000002,"exact":75419,"max_abs":0.0000011622905731201172,"max_budget_ratio":0.4881926865519226,"pass":true,"rtol":0.000002,"stage":"reference-fbank/trunk.0.2","values":250880}
    trained_embedding_test.go:136: TRAINED_EMBEDDING_METRIC {"atol":0.000002,"exact":49910,"max_abs":8.419156074523926e-7,"max_budget_ratio":0.41380183962968353,"pass":true,"rtol":0.000002,"stage":"reference-fbank/trunk.1.0","values":125440}
    trained_embedding_test.go:136: TRAINED_EMBEDDING_METRIC {"atol":0.000002,"exact":55540,"max_abs":0.0000013113021850585938,"max_budget_ratio":0.4986730690563228,"pass":true,"rtol":0.000002,"stage":"reference-fbank/trunk.1.1","values":125440}
    trained_embedding_test.go:136: TRAINED_EMBEDDING_METRIC {"atol":0.000002,"exact":48132,"max_abs":0.0000017881393432617188,"max_budget_ratio":0.7698873054360049,"pass":true,"rtol":0.000002,"stage":"reference-fbank/trunk.1.2","values":125440}
    trained_embedding_test.go:136: TRAINED_EMBEDDING_METRIC {"atol":0.000002,"exact":58230,"max_abs":0.000005245208740234375,"max_budget_ratio":1.0176707849422448,"pass":false,"rtol":0.000002,"stage":"reference-fbank/trunk.1.3","values":125440}
    trained_embedding_test.go:136: TRAINED_EMBEDDING_METRIC {"atol":0.000002,"exact":32943,"max_abs":9.685754776000977e-7,"max_budget_ratio":0.4796490798781013,"pass":true,"rtol":0.000002,"stage":"reference-fbank/trunk.2.0","values":64000}
    trained_embedding_test.go:136: TRAINED_EMBEDDING_METRIC {"atol":0.000002,"exact":27370,"max_abs":0.0000012777745723724365,"max_budget_ratio":0.6288278336051006,"pass":true,"rtol":0.000002,"stage":"reference-fbank/trunk.2.1","values":64000}
    trained_embedding_test.go:136: TRAINED_EMBEDDING_METRIC {"atol":0.000002,"exact":22737,"max_abs":0.0000026691704988479614,"max_budget_ratio":1.3262561614409107,"pass":false,"rtol":0.000002,"stage":"reference-fbank/trunk.2.2","values":64000}
    trained_embedding_test.go:136: TRAINED_EMBEDDING_METRIC {"atol":0.000002,"exact":26121,"max_abs":0.00000451505184173584,"max_budget_ratio":2.014336978130577,"pass":false,"rtol":0.000002,"stage":"reference-fbank/trunk.2.3","values":64000}
    trained_embedding_test.go:136: TRAINED_EMBEDDING_METRIC {"atol":0.000002,"exact":31577,"max_abs":0.000005479902029037476,"max_budget_ratio":2.6937834963096154,"pass":false,"rtol":0.000002,"stage":"reference-fbank/trunk.2.4","values":64000}
    trained_embedding_test.go:136: TRAINED_EMBEDDING_METRIC {"atol":0.000002,"exact":35399,"max_abs":0.000008702278137207031,"max_budget_ratio":4.162237889349693,"pass":false,"rtol":0.000002,"stage":"reference-fbank/trunk.2.5","values":64000}
    trained_embedding_test.go:136: TRAINED_EMBEDDING_METRIC {"atol":0.000002,"exact":22937,"max_abs":0.0000027548521757125854,"max_budget_ratio":1.355225404442969,"pass":false,"rtol":0.000002,"stage":"reference-fbank/trunk.3.0","values":33280}
    trained_embedding_test.go:136: TRAINED_EMBEDDING_METRIC {"atol":0.000002,"exact":21315,"max_abs":0.0000028908252716064453,"max_budget_ratio":1.35186318732017,"pass":false,"rtol":0.000002,"stage":"reference-fbank/trunk.3.1","values":33280}
    trained_embedding_test.go:136: TRAINED_EMBEDDING_METRIC {"atol":0.000002,"exact":32536,"max_abs":0.0000059138983488082886,"max_budget_ratio":2.8929761962146316,"pass":false,"rtol":0.000002,"stage":"reference-fbank/trunk.3.2","values":33280}
    trained_embedding_test.go:183: TRAINED_EMBEDDING_METRIC {"atol":0.0002,"exact":4717,"max_abs":0.0000016405247151851654,"max_budget_ratio":0.008202623575925827,"pass":true,"rtol":0,"stage":"reference-fbank/unweighted.stats","values":5120}
    trained_embedding_test.go:183: TRAINED_EMBEDDING_METRIC {"atol":0.0002,"exact":3,"max_abs":3.501772880554199e-7,"max_budget_ratio":0.0017508864402770996,"pass":true,"rtol":0,"stage":"reference-fbank/unweighted.embedding","values":256}
    trained_embedding_test.go:136: TRAINED_EMBEDDING_METRIC {"atol":0.000001,"exact":1,"max_abs":0,"max_budget_ratio":0,"pass":true,"rtol":0,"stage":"reference-fbank/unweighted.support","values":1}
    trained_embedding_test.go:183: TRAINED_EMBEDDING_METRIC {"atol":0.0002,"exact":14825,"max_abs":0.0000041816383600234985,"max_budget_ratio":0.020908191800117493,"pass":true,"rtol":0,"stage":"reference-fbank/masked.stats","values":15360}
    trained_embedding_test.go:183: TRAINED_EMBEDDING_METRIC {"atol":0.0002,"exact":257,"max_abs":9.126961231231689e-7,"max_budget_ratio":0.004563480615615845,"pass":true,"rtol":0,"stage":"reference-fbank/masked.embedding","values":768}
    trained_embedding_test.go:136: TRAINED_EMBEDDING_METRIC {"atol":0.000001,"exact":3,"max_abs":0,"max_budget_ratio":0,"pass":true,"rtol":0,"stage":"reference-fbank/masked.support","values":3}
    trained_embedding_test.go:136: TRAINED_EMBEDDING_METRIC {"atol":0.0002,"exact":0,"max_abs":9.5367431640625e-7,"max_budget_ratio":0.00476837158203125,"pass":true,"rtol":0,"stage":"fbank","values":7840}
    trained_embedding_test.go:136: TRAINED_EMBEDDING_METRIC {"atol":0.000002,"exact":194317,"max_abs":2.384185791015625e-7,"max_budget_ratio":0.10011791079564406,"pass":true,"rtol":0.000002,"stage":"go-fbank/trunk.-1.-1","values":250880}
    trained_embedding_test.go:136: TRAINED_EMBEDDING_METRIC {"atol":0.000002,"exact":92412,"max_abs":5.364418029785156e-7,"max_budget_ratio":0.17685790010091118,"pass":true,"rtol":0.000002,"stage":"go-fbank/trunk.0.0","values":250880}
    trained_embedding_test.go:136: TRAINED_EMBEDDING_METRIC {"atol":0.000002,"exact":63237,"max_abs":7.152557373046875e-7,"max_budget_ratio":0.33996986070896806,"pass":true,"rtol":0.000002,"stage":"go-fbank/trunk.0.1","values":250880}
    trained_embedding_test.go:136: TRAINED_EMBEDDING_METRIC {"atol":0.000002,"exact":60132,"max_abs":0.0000011920928955078125,"max_budget_ratio":0.44177998924056466,"pass":true,"rtol":0.000002,"stage":"go-fbank/trunk.0.2","values":250880}
    trained_embedding_test.go:136: TRAINED_EMBEDDING_METRIC {"atol":0.000002,"exact":50422,"max_abs":0.000001341104507446289,"max_budget_ratio":0.5123713543696464,"pass":true,"rtol":0.000002,"stage":"go-fbank/trunk.1.0","values":125440}
    trained_embedding_test.go:136: TRAINED_EMBEDDING_METRIC {"atol":0.000002,"exact":53686,"max_abs":0.000003993511199951172,"max_budget_ratio":1.2437935757192367,"pass":false,"rtol":0.000002,"stage":"go-fbank/trunk.1.1","values":125440}
    trained_embedding_test.go:136: TRAINED_EMBEDDING_METRIC {"atol":0.000002,"exact":46387,"max_abs":0.000004172325134277344,"max_budget_ratio":0.9762381995173806,"pass":true,"rtol":0.000002,"stage":"go-fbank/trunk.1.2","values":125440}
    trained_embedding_test.go:136: TRAINED_EMBEDDING_METRIC {"atol":0.000002,"exact":58351,"max_abs":0.0000064373016357421875,"max_budget_ratio":2.147512866119842,"pass":false,"rtol":0.000002,"stage":"go-fbank/trunk.1.3","values":125440}
    trained_embedding_test.go:136: TRAINED_EMBEDDING_METRIC {"atol":0.000002,"exact":32207,"max_abs":0.0000013113021850585938,"max_budget_ratio":0.5375153576200403,"pass":true,"rtol":0.000002,"stage":"go-fbank/trunk.2.0","values":64000}
    trained_embedding_test.go:136: TRAINED_EMBEDDING_METRIC {"atol":0.000002,"exact":26627,"max_abs":0.0000017285346984863281,"max_budget_ratio":0.8518524589191215,"pass":true,"rtol":0.000002,"stage":"go-fbank/trunk.2.1","values":64000}
    trained_embedding_test.go:136: TRAINED_EMBEDDING_METRIC {"atol":0.000002,"exact":22354,"max_abs":0.0000033602118492126465,"max_budget_ratio":1.6679472754099747,"pass":false,"rtol":0.000002,"stage":"go-fbank/trunk.2.2","values":64000}
    trained_embedding_test.go:136: TRAINED_EMBEDDING_METRIC {"atol":0.000002,"exact":25861,"max_abs":0.000006884336471557617,"max_budget_ratio":3.1613831924610944,"pass":false,"rtol":0.000002,"stage":"go-fbank/trunk.2.3","values":64000}
    trained_embedding_test.go:136: TRAINED_EMBEDDING_METRIC {"atol":0.000002,"exact":31375,"max_abs":0.000008031725883483887,"max_budget_ratio":3.512356727343197,"pass":false,"rtol":0.000002,"stage":"go-fbank/trunk.2.4","values":64000}
    trained_embedding_test.go:136: TRAINED_EMBEDDING_METRIC {"atol":0.000002,"exact":35276,"max_abs":0.000013530254364013672,"max_budget_ratio":4.753788822253844,"pass":false,"rtol":0.000002,"stage":"go-fbank/trunk.2.5","values":64000}
    trained_embedding_test.go:136: TRAINED_EMBEDDING_METRIC {"atol":0.000002,"exact":22899,"max_abs":0.0000024065375328063965,"max_budget_ratio":1.1611098596927067,"pass":false,"rtol":0.000002,"stage":"go-fbank/trunk.3.0","values":33280}
    trained_embedding_test.go:136: TRAINED_EMBEDDING_METRIC {"atol":0.000002,"exact":21285,"max_abs":0.000003591179847717285,"max_budget_ratio":1.6771296008997318,"pass":false,"rtol":0.000002,"stage":"go-fbank/trunk.3.1","values":33280}
    trained_embedding_test.go:136: TRAINED_EMBEDDING_METRIC {"atol":0.000002,"exact":32538,"max_abs":0.000006541609764099121,"max_budget_ratio":2.931018543856793,"pass":false,"rtol":0.000002,"stage":"go-fbank/trunk.3.2","values":33280}
    trained_embedding_test.go:183: TRAINED_EMBEDDING_METRIC {"atol":0.0002,"exact":4722,"max_abs":0.0000024586915969848633,"max_budget_ratio":0.012293457984924316,"pass":true,"rtol":0,"stage":"go-fbank/unweighted.stats","values":5120}
    trained_embedding_test.go:183: TRAINED_EMBEDDING_METRIC {"atol":0.0002,"exact":5,"max_abs":3.948807716369629e-7,"max_budget_ratio":0.0019744038581848145,"pass":true,"rtol":0,"stage":"go-fbank/unweighted.embedding","values":256}
    trained_embedding_test.go:136: TRAINED_EMBEDDING_METRIC {"atol":0.000001,"exact":1,"max_abs":0,"max_budget_ratio":0,"pass":true,"rtol":0,"stage":"go-fbank/unweighted.support","values":1}
    trained_embedding_test.go:183: TRAINED_EMBEDDING_METRIC {"atol":0.0002,"exact":14832,"max_abs":0.0000060498714447021484,"max_budget_ratio":0.030249357223510742,"pass":true,"rtol":0,"stage":"go-fbank/masked.stats","values":15360}
    trained_embedding_test.go:183: TRAINED_EMBEDDING_METRIC {"atol":0.0002,"exact":262,"max_abs":0.000001107342541217804,"max_budget_ratio":0.00553671270608902,"pass":true,"rtol":0,"stage":"go-fbank/masked.embedding","values":768}
    trained_embedding_test.go:136: TRAINED_EMBEDDING_METRIC {"atol":0.000001,"exact":3,"max_abs":0,"max_budget_ratio":0,"pass":true,"rtol":0,"stage":"go-fbank/masked.support","values":3}
    trained_embedding_test.go:212: TRAINED_EMBEDDING_RESULT failed_comparisons=17
    trained_embedding_test.go:214: strict trained embedding qualification failed
=== RUN   TestCommunity1TrainedEmbedding/broadband-1s
    trained_embedding_test.go:136: TRAINED_EMBEDDING_METRIC {"atol":0.000002,"exact":231272,"max_abs":1.7881393432617188e-7,"max_budget_ratio":0.05314024106397249,"pass":true,"rtol":0.000002,"stage":"reference-fbank/trunk.-1.-1","values":250880}
    trained_embedding_test.go:136: TRAINED_EMBEDDING_METRIC {"atol":0.000002,"exact":110652,"max_abs":6.258487701416016e-7,"max_budget_ratio":0.2413010012359897,"pass":true,"rtol":0.000002,"stage":"reference-fbank/trunk.0.0","values":250880}
    trained_embedding_test.go:136: TRAINED_EMBEDDING_METRIC {"atol":0.000002,"exact":89918,"max_abs":0.0000015497207641601562,"max_budget_ratio":0.3472542996526536,"pass":true,"rtol":0.000002,"stage":"reference-fbank/trunk.0.1","values":250880}
    trained_embedding_test.go:136: TRAINED_EMBEDDING_METRIC {"atol":0.000002,"exact":87495,"max_abs":0.0000030994415283203125,"max_budget_ratio":0.6463929120862547,"pass":true,"rtol":0.000002,"stage":"reference-fbank/trunk.0.2","values":250880}
    trained_embedding_test.go:136: TRAINED_EMBEDDING_METRIC {"atol":0.000002,"exact":58090,"max_abs":8.344650268554688e-7,"max_budget_ratio":0.3890196288441525,"pass":true,"rtol":0.000002,"stage":"reference-fbank/trunk.1.0","values":125440}
    trained_embedding_test.go:136: TRAINED_EMBEDDING_METRIC {"atol":0.000002,"exact":50472,"max_abs":0.0000021457672119140625,"max_budget_ratio":0.7367942155216075,"pass":true,"rtol":0.000002,"stage":"reference-fbank/trunk.1.1","values":125440}
    trained_embedding_test.go:136: TRAINED_EMBEDDING_METRIC {"atol":0.000002,"exact":51768,"max_abs":0.0000017285346984863281,"max_budget_ratio":0.6596427177148042,"pass":true,"rtol":0.000002,"stage":"reference-fbank/trunk.1.2","values":125440}
    trained_embedding_test.go:136: TRAINED_EMBEDDING_METRIC {"atol":0.000002,"exact":48892,"max_abs":0.0000032186508178710938,"max_budget_ratio":0.9625276360734344,"pass":true,"rtol":0.000002,"stage":"reference-fbank/trunk.1.3","values":125440}
    trained_embedding_test.go:136: TRAINED_EMBEDDING_METRIC {"atol":0.000002,"exact":33189,"max_abs":7.599592208862305e-7,"max_budget_ratio":0.325287000082355,"pass":true,"rtol":0.000002,"stage":"reference-fbank/trunk.2.0","values":64000}
    trained_embedding_test.go:136: TRAINED_EMBEDDING_METRIC {"atol":0.000002,"exact":23096,"max_abs":8.940696716308594e-7,"max_budget_ratio":0.42194397267592104,"pass":true,"rtol":0.000002,"stage":"reference-fbank/trunk.2.1","values":64000}
    trained_embedding_test.go:136: TRAINED_EMBEDDING_METRIC {"atol":0.000002,"exact":22613,"max_abs":0.0000012814998626708984,"max_budget_ratio":0.6219741567495871,"pass":true,"rtol":0.000002,"stage":"reference-fbank/trunk.2.2","values":64000}
    trained_embedding_test.go:136: TRAINED_EMBEDDING_METRIC {"atol":0.000002,"exact":23589,"max_abs":0.0000014901161193847656,"max_budget_ratio":0.6582126410536202,"pass":true,"rtol":0.000002,"stage":"reference-fbank/trunk.2.3","values":64000}
    trained_embedding_test.go:136: TRAINED_EMBEDDING_METRIC {"atol":0.000002,"exact":30025,"max_abs":0.000002421438694000244,"max_budget_ratio":1.1086321792367737,"pass":false,"rtol":0.000002,"stage":"reference-fbank/trunk.2.4","values":64000}
    trained_embedding_test.go:136: TRAINED_EMBEDDING_METRIC {"atol":0.000002,"exact":33674,"max_abs":0.0000032186508178710938,"max_budget_ratio":1.0383007232945072,"pass":false,"rtol":0.000002,"stage":"reference-fbank/trunk.2.5","values":64000}
    trained_embedding_test.go:136: TRAINED_EMBEDDING_METRIC {"atol":0.000002,"exact":22483,"max_abs":6.854534149169922e-7,"max_budget_ratio":0.2824721376119853,"pass":true,"rtol":0.000002,"stage":"reference-fbank/trunk.3.0","values":33280}
    trained_embedding_test.go:136: TRAINED_EMBEDDING_METRIC {"atol":0.000002,"exact":21237,"max_abs":8.791685104370117e-7,"max_budget_ratio":0.38290679160867686,"pass":true,"rtol":0.000002,"stage":"reference-fbank/trunk.3.1","values":33280}
    trained_embedding_test.go:136: TRAINED_EMBEDDING_METRIC {"atol":0.000002,"exact":32378,"max_abs":0.000001862645149230957,"max_budget_ratio":0.8679477974255391,"pass":true,"rtol":0.000002,"stage":"reference-fbank/trunk.3.2","values":33280}
    trained_embedding_test.go:183: TRAINED_EMBEDDING_METRIC {"atol":0.0002,"exact":4556,"max_abs":4.898756742477417e-7,"max_budget_ratio":0.0024493783712387085,"pass":true,"rtol":0,"stage":"reference-fbank/unweighted.stats","values":5120}
    trained_embedding_test.go:183: TRAINED_EMBEDDING_METRIC {"atol":0.0002,"exact":10,"max_abs":1.0803341865539551e-7,"max_budget_ratio":0.0005401670932769775,"pass":true,"rtol":0,"stage":"reference-fbank/unweighted.embedding","values":256}
    trained_embedding_test.go:136: TRAINED_EMBEDDING_METRIC {"atol":0.000001,"exact":1,"max_abs":0,"max_budget_ratio":0,"pass":true,"rtol":0,"stage":"reference-fbank/unweighted.support","values":1}
    trained_embedding_test.go:183: TRAINED_EMBEDDING_METRIC {"atol":0.0002,"exact":14634,"max_abs":6.668269634246826e-7,"max_budget_ratio":0.003334134817123413,"pass":true,"rtol":0,"stage":"reference-fbank/masked.stats","values":15360}
    trained_embedding_test.go:183: TRAINED_EMBEDDING_METRIC {"atol":0.0002,"exact":273,"max_abs":2.5331974029541016e-7,"max_budget_ratio":0.0012665987014770508,"pass":true,"rtol":0,"stage":"reference-fbank/masked.embedding","values":768}
    trained_embedding_test.go:136: TRAINED_EMBEDDING_METRIC {"atol":0.000001,"exact":3,"max_abs":0,"max_budget_ratio":0,"pass":true,"rtol":0,"stage":"reference-fbank/masked.support","values":3}
    trained_embedding_test.go:136: TRAINED_EMBEDDING_METRIC {"atol":0.0002,"exact":3096,"max_abs":0.00018405914306640625,"max_budget_ratio":0.9202957153320312,"pass":true,"rtol":0,"stage":"fbank","values":7840}
    trained_embedding_test.go:136: TRAINED_EMBEDDING_METRIC {"atol":0.000002,"exact":140847,"max_abs":0.0000432431697845459,"max_budget_ratio":20.240263653673495,"pass":false,"rtol":0.000002,"stage":"go-fbank/trunk.-1.-1","values":250880}
    trained_embedding_test.go:136: TRAINED_EMBEDDING_METRIC {"atol":0.000002,"exact":71905,"max_abs":0.00010217726230621338,"max_budget_ratio":41.8279092817613,"pass":false,"rtol":0.000002,"stage":"go-fbank/trunk.0.0","values":250880}
    trained_embedding_test.go:136: TRAINED_EMBEDDING_METRIC {"atol":0.000002,"exact":57861,"max_abs":0.00022682547569274902,"max_budget_ratio":98.91074718355839,"pass":false,"rtol":0.000002,"stage":"go-fbank/trunk.0.1","values":250880}
    trained_embedding_test.go:136: TRAINED_EMBEDDING_METRIC {"atol":0.000002,"exact":57709,"max_abs":0.00016605854034423828,"max_budget_ratio":56.09837681984463,"pass":false,"rtol":0.000002,"stage":"go-fbank/trunk.0.2","values":250880}
    trained_embedding_test.go:136: TRAINED_EMBEDDING_METRIC {"atol":0.000002,"exact":51191,"max_abs":0.00003123283386230469,"max_budget_ratio":14.334948320384607,"pass":false,"rtol":0.000002,"stage":"go-fbank/trunk.1.0","values":125440}
    trained_embedding_test.go:136: TRAINED_EMBEDDING_METRIC {"atol":0.000002,"exact":43471,"max_abs":0.00006854534149169922,"max_budget_ratio":17.816234254894344,"pass":false,"rtol":0.000002,"stage":"go-fbank/trunk.1.1","values":125440}
    trained_embedding_test.go:136: TRAINED_EMBEDDING_METRIC {"atol":0.000002,"exact":46618,"max_abs":0.000047847628593444824,"max_budget_ratio":20.46490033141029,"pass":false,"rtol":0.000002,"stage":"go-fbank/trunk.1.2","values":125440}
    trained_embedding_test.go:136: TRAINED_EMBEDDING_METRIC {"atol":0.000002,"exact":44605,"max_abs":0.00006729364395141602,"max_budget_ratio":25.03261251902412,"pass":false,"rtol":0.000002,"stage":"go-fbank/trunk.1.3","values":125440}
    trained_embedding_test.go:136: TRAINED_EMBEDDING_METRIC {"atol":0.000002,"exact":30732,"max_abs":0.0000247955322265625,"max_budget_ratio":7.2408629851350135,"pass":false,"rtol":0.000002,"stage":"go-fbank/trunk.2.0","values":64000}
    trained_embedding_test.go:136: TRAINED_EMBEDDING_METRIC {"atol":0.000002,"exact":20422,"max_abs":0.00002586841583251953,"max_budget_ratio":7.131875720949838,"pass":false,"rtol":0.000002,"stage":"go-fbank/trunk.2.1","values":64000}
    trained_embedding_test.go:136: TRAINED_EMBEDDING_METRIC {"atol":0.000002,"exact":19947,"max_abs":0.000026941299438476562,"max_budget_ratio":7.156421562080363,"pass":false,"rtol":0.000002,"stage":"go-fbank/trunk.2.2","values":64000}
    trained_embedding_test.go:136: TRAINED_EMBEDDING_METRIC {"atol":0.000002,"exact":21438,"max_abs":0.000028252601623535156,"max_budget_ratio":8.712098814745465,"pass":false,"rtol":0.000002,"stage":"go-fbank/trunk.2.3","values":64000}
    trained_embedding_test.go:136: TRAINED_EMBEDDING_METRIC {"atol":0.000002,"exact":28543,"max_abs":0.000029206275939941406,"max_budget_ratio":9.387124485610787,"pass":false,"rtol":0.000002,"stage":"go-fbank/trunk.2.4","values":64000}
    trained_embedding_test.go:136: TRAINED_EMBEDDING_METRIC {"atol":0.000002,"exact":32495,"max_abs":0.000032067298889160156,"max_budget_ratio":11.297669213946033,"pass":false,"rtol":0.000002,"stage":"go-fbank/trunk.2.5","values":64000}
    trained_embedding_test.go:136: TRAINED_EMBEDDING_METRIC {"atol":0.000002,"exact":22152,"max_abs":0.000012129545211791992,"max_budget_ratio":5.047571628156314,"pass":false,"rtol":0.000002,"stage":"go-fbank/trunk.3.0","values":33280}
    trained_embedding_test.go:136: TRAINED_EMBEDDING_METRIC {"atol":0.000002,"exact":20924,"max_abs":0.000012978911399841309,"max_budget_ratio":5.215708843155898,"pass":false,"rtol":0.000002,"stage":"go-fbank/trunk.3.1","values":33280}
    trained_embedding_test.go:136: TRAINED_EMBEDDING_METRIC {"atol":0.000002,"exact":32361,"max_abs":0.000023365020751953125,"max_budget_ratio":8.21997449812766,"pass":false,"rtol":0.000002,"stage":"go-fbank/trunk.3.2","values":33280}
    trained_embedding_test.go:183: TRAINED_EMBEDDING_METRIC {"atol":0.0002,"exact":4554,"max_abs":0.000006556510925292969,"max_budget_ratio":0.032782554626464844,"pass":true,"rtol":0,"stage":"go-fbank/unweighted.stats","values":5120}
    trained_embedding_test.go:183: TRAINED_EMBEDDING_METRIC {"atol":0.0002,"exact":1,"max_abs":9.76957380771637e-7,"max_budget_ratio":0.004884786903858185,"pass":true,"rtol":0,"stage":"go-fbank/unweighted.embedding","values":256}
    trained_embedding_test.go:136: TRAINED_EMBEDDING_METRIC {"atol":0.000001,"exact":1,"max_abs":0,"max_budget_ratio":0,"pass":true,"rtol":0,"stage":"go-fbank/unweighted.support","values":1}
    trained_embedding_test.go:183: TRAINED_EMBEDDING_METRIC {"atol":0.0002,"exact":14627,"max_abs":0.000010460615158081055,"max_budget_ratio":0.05230307579040527,"pass":true,"rtol":0,"stage":"go-fbank/masked.stats","values":15360}
    trained_embedding_test.go:183: TRAINED_EMBEDDING_METRIC {"atol":0.0002,"exact":258,"max_abs":0.0000023618340492248535,"max_budget_ratio":0.011809170246124268,"pass":true,"rtol":0,"stage":"go-fbank/masked.embedding","values":768}
    trained_embedding_test.go:136: TRAINED_EMBEDDING_METRIC {"atol":0.000001,"exact":3,"max_abs":0,"max_budget_ratio":0,"pass":true,"rtol":0,"stage":"go-fbank/masked.support","values":3}
    trained_embedding_test.go:212: TRAINED_EMBEDDING_RESULT failed_comparisons=19
    trained_embedding_test.go:214: strict trained embedding qualification failed
=== RUN   TestCommunity1TrainedEmbedding/public-6-7s
    trained_embedding_test.go:136: TRAINED_EMBEDDING_METRIC {"atol":0.000002,"exact":204221,"max_abs":5.066394805908203e-7,"max_budget_ratio":0.18083372303000647,"pass":true,"rtol":0.000002,"stage":"reference-fbank/trunk.-1.-1","values":250880}
    trained_embedding_test.go:136: TRAINED_EMBEDDING_METRIC {"atol":0.000002,"exact":128555,"max_abs":0.0000014007091522216797,"max_budget_ratio":0.6172719521606357,"pass":true,"rtol":0.000002,"stage":"reference-fbank/trunk.0.0","values":250880}
    trained_embedding_test.go:136: TRAINED_EMBEDDING_METRIC {"atol":0.000002,"exact":113880,"max_abs":0.000002421438694000244,"max_budget_ratio":1.0951194985298882,"pass":false,"rtol":0.000002,"stage":"reference-fbank/trunk.0.1","values":250880}
    trained_embedding_test.go:136: TRAINED_EMBEDDING_METRIC {"atol":0.000002,"exact":92478,"max_abs":0.0000028908252716064453,"max_budget_ratio":1.0427086362697535,"pass":false,"rtol":0.000002,"stage":"reference-fbank/trunk.0.2","values":250880}
    trained_embedding_test.go:136: TRAINED_EMBEDDING_METRIC {"atol":0.000002,"exact":60599,"max_abs":0.0000010728836059570312,"max_budget_ratio":0.4777341296070689,"pass":true,"rtol":0.000002,"stage":"reference-fbank/trunk.1.0","values":125440}
    trained_embedding_test.go:136: TRAINED_EMBEDDING_METRIC {"atol":0.000002,"exact":44098,"max_abs":0.0000016093254089355469,"max_budget_ratio":0.698010015326904,"pass":true,"rtol":0.000002,"stage":"reference-fbank/trunk.1.1","values":125440}
    trained_embedding_test.go:136: TRAINED_EMBEDDING_METRIC {"atol":0.000002,"exact":50648,"max_abs":0.0000019073486328125,"max_budget_ratio":0.9426092921599238,"pass":true,"rtol":0.000002,"stage":"reference-fbank/trunk.1.2","values":125440}
    trained_embedding_test.go:136: TRAINED_EMBEDDING_METRIC {"atol":0.000002,"exact":53005,"max_abs":0.0000028014183044433594,"max_budget_ratio":1.1399108893660752,"pass":false,"rtol":0.000002,"stage":"reference-fbank/trunk.1.3","values":125440}
    trained_embedding_test.go:136: TRAINED_EMBEDDING_METRIC {"atol":0.000002,"exact":33767,"max_abs":0.0000011771917343139648,"max_budget_ratio":0.5391242833656341,"pass":true,"rtol":0.000002,"stage":"reference-fbank/trunk.2.0","values":64000}
    trained_embedding_test.go:136: TRAINED_EMBEDDING_METRIC {"atol":0.000002,"exact":26393,"max_abs":0.0000011920928955078125,"max_budget_ratio":0.4095246382308099,"pass":true,"rtol":0.000002,"stage":"reference-fbank/trunk.2.1","values":64000}
    trained_embedding_test.go:136: TRAINED_EMBEDDING_METRIC {"atol":0.000002,"exact":25484,"max_abs":0.000001430511474609375,"max_budget_ratio":0.47115994346998835,"pass":true,"rtol":0.000002,"stage":"reference-fbank/trunk.2.2","values":64000}
    trained_embedding_test.go:136: TRAINED_EMBEDDING_METRIC {"atol":0.000002,"exact":27326,"max_abs":0.0000016391277313232422,"max_budget_ratio":0.6153039701179752,"pass":true,"rtol":0.000002,"stage":"reference-fbank/trunk.2.3","values":64000}
    trained_embedding_test.go:136: TRAINED_EMBEDDING_METRIC {"atol":0.000002,"exact":32894,"max_abs":0.0000019669532775878906,"max_budget_ratio":0.8393394749328787,"pass":true,"rtol":0.000002,"stage":"reference-fbank/trunk.2.4","values":64000}
    trained_embedding_test.go:136: TRAINED_EMBEDDING_METRIC {"atol":0.000002,"exact":33396,"max_abs":0.0000027418136596679688,"max_budget_ratio":1.0072524218070675,"pass":false,"rtol":0.000002,"stage":"reference-fbank/trunk.2.5","values":64000}
    trained_embedding_test.go:136: TRAINED_EMBEDDING_METRIC {"atol":0.000002,"exact":22226,"max_abs":8.642673492431641e-7,"max_budget_ratio":0.3686918477604742,"pass":true,"rtol":0.000002,"stage":"reference-fbank/trunk.3.0","values":33280}
    trained_embedding_test.go:136: TRAINED_EMBEDDING_METRIC {"atol":0.000002,"exact":21321,"max_abs":0.0000013113021850585938,"max_budget_ratio":0.546059049700753,"pass":true,"rtol":0.000002,"stage":"reference-fbank/trunk.3.1","values":33280}
    trained_embedding_test.go:136: TRAINED_EMBEDDING_METRIC {"atol":0.000002,"exact":31992,"max_abs":0.00000286102294921875,"max_budget_ratio":0.6327715926669614,"pass":true,"rtol":0.000002,"stage":"reference-fbank/trunk.3.2","values":33280}
    trained_embedding_test.go:183: TRAINED_EMBEDDING_METRIC {"atol":0.0002,"exact":4124,"max_abs":0.0000011324882507324219,"max_budget_ratio":0.005662441253662109,"pass":true,"rtol":0,"stage":"reference-fbank/unweighted.stats","values":5120}
    trained_embedding_test.go:183: TRAINED_EMBEDDING_METRIC {"atol":0.0002,"exact":9,"max_abs":2.3096799850463867e-7,"max_budget_ratio":0.0011548399925231934,"pass":true,"rtol":0,"stage":"reference-fbank/unweighted.embedding","values":256}
    trained_embedding_test.go:136: TRAINED_EMBEDDING_METRIC {"atol":0.000001,"exact":1,"max_abs":0,"max_budget_ratio":0,"pass":true,"rtol":0,"stage":"reference-fbank/unweighted.support","values":1}
    trained_embedding_test.go:183: TRAINED_EMBEDDING_METRIC {"atol":0.0002,"exact":14205,"max_abs":0.0000011622905731201172,"max_budget_ratio":0.005811452865600586,"pass":true,"rtol":0,"stage":"reference-fbank/masked.stats","values":15360}
    trained_embedding_test.go:183: TRAINED_EMBEDDING_METRIC {"atol":0.0002,"exact":266,"max_abs":2.682209014892578e-7,"max_budget_ratio":0.001341104507446289,"pass":true,"rtol":0,"stage":"reference-fbank/masked.embedding","values":768}
    trained_embedding_test.go:136: TRAINED_EMBEDDING_METRIC {"atol":0.000001,"exact":3,"max_abs":0,"max_budget_ratio":0,"pass":true,"rtol":0,"stage":"reference-fbank/masked.support","values":3}
    trained_embedding_test.go:136: TRAINED_EMBEDDING_METRIC {"atol":0.0002,"exact":3283,"max_abs":0.00011241436004638672,"max_budget_ratio":0.5620718002319336,"pass":true,"rtol":0,"stage":"fbank","values":7840}
    trained_embedding_test.go:136: TRAINED_EMBEDDING_METRIC {"atol":0.000002,"exact":150138,"max_abs":0.000025272369384765625,"max_budget_ratio":6.113884826885579,"pass":false,"rtol":0.000002,"stage":"go-fbank/trunk.-1.-1","values":250880}
    trained_embedding_test.go:136: TRAINED_EMBEDDING_METRIC {"atol":0.000002,"exact":104649,"max_abs":0.000019490718841552734,"max_budget_ratio":7.841652124153084,"pass":false,"rtol":0.000002,"stage":"go-fbank/trunk.0.0","values":250880}
    trained_embedding_test.go:136: TRAINED_EMBEDDING_METRIC {"atol":0.000002,"exact":92400,"max_abs":0.00005257129669189453,"max_budget_ratio":25.17497176235877,"pass":false,"rtol":0.000002,"stage":"go-fbank/trunk.0.1","values":250880}
    trained_embedding_test.go:136: TRAINED_EMBEDDING_METRIC {"atol":0.000002,"exact":70876,"max_abs":0.0000286102294921875,"max_budget_ratio":11.273550711660505,"pass":false,"rtol":0.000002,"stage":"go-fbank/trunk.0.2","values":250880}
    trained_embedding_test.go:136: TRAINED_EMBEDDING_METRIC {"atol":0.000002,"exact":55358,"max_abs":0.000009715557098388672,"max_budget_ratio":4.4540897628021385,"pass":false,"rtol":0.000002,"stage":"go-fbank/trunk.1.0","values":125440}
    trained_embedding_test.go:136: TRAINED_EMBEDDING_METRIC {"atol":0.000002,"exact":38898,"max_abs":0.000012636184692382812,"max_budget_ratio":4.627844703250853,"pass":false,"rtol":0.000002,"stage":"go-fbank/trunk.1.1","values":125440}
    trained_embedding_test.go:136: TRAINED_EMBEDDING_METRIC {"atol":0.000002,"exact":46839,"max_abs":0.000015735626220703125,"max_budget_ratio":5.098515567514801,"pass":false,"rtol":0.000002,"stage":"go-fbank/trunk.1.2","values":125440}
    trained_embedding_test.go:136: TRAINED_EMBEDDING_METRIC {"atol":0.000002,"exact":49789,"max_abs":0.000023365020751953125,"max_budget_ratio":7.098778493575682,"pass":false,"rtol":0.000002,"stage":"go-fbank/trunk.1.3","values":125440}
    trained_embedding_test.go:136: TRAINED_EMBEDDING_METRIC {"atol":0.000002,"exact":32012,"max_abs":0.0000065267086029052734,"max_budget_ratio":3.0357877793046053,"pass":false,"rtol":0.000002,"stage":"go-fbank/trunk.2.0","values":64000}
    trained_embedding_test.go:136: TRAINED_EMBEDDING_METRIC {"atol":0.000002,"exact":24679,"max_abs":0.000006020069122314453,"max_budget_ratio":2.5832263801236173,"pass":false,"rtol":0.000002,"stage":"go-fbank/trunk.2.1","values":64000}
    trained_embedding_test.go:136: TRAINED_EMBEDDING_METRIC {"atol":0.000002,"exact":23827,"max_abs":0.000010192394256591797,"max_budget_ratio":3.544742538405057,"pass":false,"rtol":0.000002,"stage":"go-fbank/trunk.2.2","values":64000}
    trained_embedding_test.go:136: TRAINED_EMBEDDING_METRIC {"atol":0.000002,"exact":26056,"max_abs":0.000010848045349121094,"max_budget_ratio":3.2822666728820753,"pass":false,"rtol":0.000002,"stage":"go-fbank/trunk.2.3","values":64000}
    trained_embedding_test.go:136: TRAINED_EMBEDDING_METRIC {"atol":0.000002,"exact":31965,"max_abs":0.000011086463928222656,"max_budget_ratio":3.3734000806767375,"pass":false,"rtol":0.000002,"stage":"go-fbank/trunk.2.4","values":64000}
    trained_embedding_test.go:136: TRAINED_EMBEDDING_METRIC {"atol":0.000002,"exact":32559,"max_abs":0.0000133514404296875,"max_budget_ratio":4.542244445903253,"pass":false,"rtol":0.000002,"stage":"go-fbank/trunk.2.5","values":64000}
    trained_embedding_test.go:136: TRAINED_EMBEDDING_METRIC {"atol":0.000002,"exact":22040,"max_abs":0.000006198883056640625,"max_budget_ratio":2.113313054311741,"pass":false,"rtol":0.000002,"stage":"go-fbank/trunk.3.0","values":33280}
    trained_embedding_test.go:136: TRAINED_EMBEDDING_METRIC {"atol":0.000002,"exact":21129,"max_abs":0.000008940696716308594,"max_budget_ratio":3.5186336516867955,"pass":false,"rtol":0.000002,"stage":"go-fbank/trunk.3.1","values":33280}
    trained_embedding_test.go:136: TRAINED_EMBEDDING_METRIC {"atol":0.000002,"exact":31977,"max_abs":0.000020205974578857422,"max_budget_ratio":5.4918718029287,"pass":false,"rtol":0.000002,"stage":"go-fbank/trunk.3.2","values":33280}
    trained_embedding_test.go:183: TRAINED_EMBEDDING_METRIC {"atol":0.0002,"exact":4121,"max_abs":0.000006377696990966797,"max_budget_ratio":0.031888484954833984,"pass":true,"rtol":0,"stage":"go-fbank/unweighted.stats","values":5120}
    trained_embedding_test.go:183: TRAINED_EMBEDDING_METRIC {"atol":0.0002,"exact":5,"max_abs":9.98377799987793e-7,"max_budget_ratio":0.004991888999938965,"pass":true,"rtol":0,"stage":"go-fbank/unweighted.embedding","values":256}
    trained_embedding_test.go:136: TRAINED_EMBEDDING_METRIC {"atol":0.000001,"exact":1,"max_abs":0,"max_budget_ratio":0,"pass":true,"rtol":0,"stage":"go-fbank/unweighted.support","values":1}
    trained_embedding_test.go:183: TRAINED_EMBEDDING_METRIC {"atol":0.0002,"exact":14194,"max_abs":0.000005662441253662109,"max_budget_ratio":0.028312206268310547,"pass":true,"rtol":0,"stage":"go-fbank/masked.stats","values":15360}
    trained_embedding_test.go:183: TRAINED_EMBEDDING_METRIC {"atol":0.0002,"exact":262,"max_abs":8.530914783477783e-7,"max_budget_ratio":0.004265457391738892,"pass":true,"rtol":0,"stage":"go-fbank/masked.embedding","values":768}
    trained_embedding_test.go:136: TRAINED_EMBEDDING_METRIC {"atol":0.000001,"exact":3,"max_abs":0,"max_budget_ratio":0,"pass":true,"rtol":0,"stage":"go-fbank/masked.support","values":3}
    trained_embedding_test.go:212: TRAINED_EMBEDDING_RESULT failed_comparisons=21
    trained_embedding_test.go:214: strict trained embedding qualification failed
=== RUN   TestCommunity1TrainedEmbedding/public-6-11s
    trained_embedding_test.go:136: TRAINED_EMBEDDING_METRIC {"atol":0.000002,"exact":997796,"max_abs":5.960464477539062e-7,"max_budget_ratio":0.1912823670746661,"pass":true,"rtol":0.000002,"stage":"reference-fbank/trunk.-1.-1","values":1274880}
    trained_embedding_test.go:136: TRAINED_EMBEDDING_METRIC {"atol":0.000002,"exact":644113,"max_abs":0.0000012814998626708984,"max_budget_ratio":0.530708942233393,"pass":true,"rtol":0.000002,"stage":"reference-fbank/trunk.0.0","values":1274880}
    trained_embedding_test.go:136: TRAINED_EMBEDDING_METRIC {"atol":0.000002,"exact":561545,"max_abs":0.0000022351741790771484,"max_budget_ratio":0.9936611516106892,"pass":true,"rtol":0.000002,"stage":"reference-fbank/trunk.0.1","values":1274880}
    trained_embedding_test.go:136: TRAINED_EMBEDDING_METRIC {"atol":0.000002,"exact":502599,"max_abs":0.000003993511199951172,"max_budget_ratio":1.6678457611047348,"pass":false,"rtol":0.000002,"stage":"reference-fbank/trunk.0.2","values":1274880}
    trained_embedding_test.go:136: TRAINED_EMBEDDING_METRIC {"atol":0.000002,"exact":315461,"max_abs":0.0000015795230865478516,"max_budget_ratio":0.5752688491831335,"pass":true,"rtol":0.000002,"stage":"reference-fbank/trunk.1.0","values":637440}
    trained_embedding_test.go:136: TRAINED_EMBEDDING_METRIC {"atol":0.000002,"exact":255811,"max_abs":0.0000019073486328125,"max_budget_ratio":0.8197223300086789,"pass":true,"rtol":0.000002,"stage":"reference-fbank/trunk.1.1","values":637440}
    trained_embedding_test.go:136: TRAINED_EMBEDDING_METRIC {"atol":0.000002,"exact":271702,"max_abs":0.0000030994415283203125,"max_budget_ratio":1.438448193237147,"pass":false,"rtol":0.000002,"stage":"reference-fbank/trunk.1.2","values":637440}
    trained_embedding_test.go:136: TRAINED_EMBEDDING_METRIC {"atol":0.000002,"exact":276339,"max_abs":0.0000036954879760742188,"max_budget_ratio":1.3768957791385736,"pass":false,"rtol":0.000002,"stage":"reference-fbank/trunk.1.3","values":637440}
    trained_embedding_test.go:136: TRAINED_EMBEDDING_METRIC {"atol":0.000002,"exact":169104,"max_abs":0.0000012814998626708984,"max_budget_ratio":0.525454815358355,"pass":true,"rtol":0.000002,"stage":"reference-fbank/trunk.2.0","values":320000}
    trained_embedding_test.go:136: TRAINED_EMBEDDING_METRIC {"atol":0.000002,"exact":135433,"max_abs":0.0000014901161193847656,"max_budget_ratio":0.5877967443500829,"pass":true,"rtol":0.000002,"stage":"reference-fbank/trunk.2.1","values":320000}
    trained_embedding_test.go:136: TRAINED_EMBEDDING_METRIC {"atol":0.000002,"exact":138533,"max_abs":0.0000020265579223632812,"max_budget_ratio":0.7816783550450812,"pass":true,"rtol":0.000002,"stage":"reference-fbank/trunk.2.2","values":320000}
    trained_embedding_test.go:136: TRAINED_EMBEDDING_METRIC {"atol":0.000002,"exact":143281,"max_abs":0.0000019669532775878906,"max_budget_ratio":0.7510725418784675,"pass":true,"rtol":0.000002,"stage":"reference-fbank/trunk.2.3","values":320000}
    trained_embedding_test.go:136: TRAINED_EMBEDDING_METRIC {"atol":0.000002,"exact":163061,"max_abs":0.0000026226043701171875,"max_budget_ratio":0.9818113969563108,"pass":true,"rtol":0.000002,"stage":"reference-fbank/trunk.2.4","values":320000}
    trained_embedding_test.go:136: TRAINED_EMBEDDING_METRIC {"atol":0.000002,"exact":166144,"max_abs":0.0000030994415283203125,"max_budget_ratio":1.402782085449563,"pass":false,"rtol":0.000002,"stage":"reference-fbank/trunk.2.5","values":320000}
    trained_embedding_test.go:136: TRAINED_EMBEDDING_METRIC {"atol":0.000002,"exact":105702,"max_abs":0.0000016689300537109375,"max_budget_ratio":0.5718403761984414,"pass":true,"rtol":0.000002,"stage":"reference-fbank/trunk.3.0","values":161280}
    trained_embedding_test.go:136: TRAINED_EMBEDDING_METRIC {"atol":0.000002,"exact":103468,"max_abs":0.000002086162567138672,"max_budget_ratio":0.8649328091774611,"pass":true,"rtol":0.000002,"stage":"reference-fbank/trunk.3.1","values":161280}
    trained_embedding_test.go:136: TRAINED_EMBEDDING_METRIC {"atol":0.000002,"exact":139582,"max_abs":0.0000031739473342895508,"max_budget_ratio":1.5018566876379063,"pass":false,"rtol":0.000002,"stage":"reference-fbank/trunk.3.2","values":161280}
    trained_embedding_test.go:183: TRAINED_EMBEDDING_METRIC {"atol":0.0002,"exact":1660,"max_abs":4.172325134277344e-7,"max_budget_ratio":0.002086162567138672,"pass":true,"rtol":0,"stage":"reference-fbank/unweighted.stats","values":5120}
    trained_embedding_test.go:183: TRAINED_EMBEDDING_METRIC {"atol":0.0002,"exact":9,"max_abs":3.166496753692627e-7,"max_budget_ratio":0.0015832483768463135,"pass":true,"rtol":0,"stage":"reference-fbank/unweighted.embedding","values":256}
    trained_embedding_test.go:136: TRAINED_EMBEDDING_METRIC {"atol":0.000001,"exact":1,"max_abs":0,"max_budget_ratio":0,"pass":true,"rtol":0,"stage":"reference-fbank/unweighted.support","values":1}
    trained_embedding_test.go:183: TRAINED_EMBEDDING_METRIC {"atol":0.0002,"exact":10005,"max_abs":0.0000013709068298339844,"max_budget_ratio":0.006854534149169922,"pass":true,"rtol":0,"stage":"reference-fbank/masked.stats","values":15360}
    trained_embedding_test.go:183: TRAINED_EMBEDDING_METRIC {"atol":0.0002,"exact":273,"max_abs":7.301568984985352e-7,"max_budget_ratio":0.0036507844924926758,"pass":true,"rtol":0,"stage":"reference-fbank/masked.embedding","values":768}
    trained_embedding_test.go:136: TRAINED_EMBEDDING_METRIC {"atol":0.000001,"exact":3,"max_abs":0,"max_budget_ratio":0,"pass":true,"rtol":0,"stage":"reference-fbank/masked.support","values":3}
    trained_embedding_test.go:136: TRAINED_EMBEDDING_METRIC {"atol":0.0002,"exact":11894,"max_abs":0.0004010200500488281,"max_budget_ratio":2.0051002502441406,"pass":false,"rtol":0,"stage":"fbank","values":39840}
    trained_embedding_test.go:136: TRAINED_EMBEDDING_METRIC {"atol":0.000002,"exact":745760,"max_abs":0.00008916854858398438,"max_budget_ratio":19.979431217864907,"pass":false,"rtol":0.000002,"stage":"go-fbank/trunk.-1.-1","values":1274880}
    trained_embedding_test.go:136: TRAINED_EMBEDDING_METRIC {"atol":0.000002,"exact":518111,"max_abs":0.00007954239845275879,"max_budget_ratio":30.91064086802015,"pass":false,"rtol":0.000002,"stage":"go-fbank/trunk.0.0","values":1274880}
    trained_embedding_test.go:136: TRAINED_EMBEDDING_METRIC {"atol":0.000002,"exact":444463,"max_abs":0.0001074373722076416,"max_budget_ratio":48.67169625200523,"pass":false,"rtol":0.000002,"stage":"go-fbank/trunk.0.1","values":1274880}
    trained_embedding_test.go:136: TRAINED_EMBEDDING_METRIC {"atol":0.000002,"exact":387861,"max_abs":0.0001590251922607422,"max_budget_ratio":66.4692983592547,"pass":false,"rtol":0.000002,"stage":"go-fbank/trunk.0.2","values":1274880}
    trained_embedding_test.go:136: TRAINED_EMBEDDING_METRIC {"atol":0.000002,"exact":285064,"max_abs":0.00006118416786193848,"max_budget_ratio":26.7137244602546,"pass":false,"rtol":0.000002,"stage":"go-fbank/trunk.1.0","values":637440}
    trained_embedding_test.go:136: TRAINED_EMBEDDING_METRIC {"atol":0.000002,"exact":227357,"max_abs":0.00009541213512420654,"max_budget_ratio":38.28829152058156,"pass":false,"rtol":0.000002,"stage":"go-fbank/trunk.1.1","values":637440}
    trained_embedding_test.go:136: TRAINED_EMBEDDING_METRIC {"atol":0.000002,"exact":248745,"max_abs":0.0000867694616317749,"max_budget_ratio":42.05355139533294,"pass":false,"rtol":0.000002,"stage":"go-fbank/trunk.1.2","values":637440}
    trained_embedding_test.go:136: TRAINED_EMBEDDING_METRIC {"atol":0.000002,"exact":256187,"max_abs":0.00018084049224853516,"max_budget_ratio":47.59700391763817,"pass":false,"rtol":0.000002,"stage":"go-fbank/trunk.1.3","values":637440}
    trained_embedding_test.go:136: TRAINED_EMBEDDING_METRIC {"atol":0.000002,"exact":158721,"max_abs":0.00003403425216674805,"max_budget_ratio":10.877417270150485,"pass":false,"rtol":0.000002,"stage":"go-fbank/trunk.2.0","values":320000}
    trained_embedding_test.go:136: TRAINED_EMBEDDING_METRIC {"atol":0.000002,"exact":124121,"max_abs":0.000031247735023498535,"max_budget_ratio":14.237231464224505,"pass":false,"rtol":0.000002,"stage":"go-fbank/trunk.2.1","values":320000}
    trained_embedding_test.go:136: TRAINED_EMBEDDING_METRIC {"atol":0.000002,"exact":128364,"max_abs":0.00004151463508605957,"max_budget_ratio":20.181212364818748,"pass":false,"rtol":0.000002,"stage":"go-fbank/trunk.2.2","values":320000}
    trained_embedding_test.go:136: TRAINED_EMBEDDING_METRIC {"atol":0.000002,"exact":134587,"max_abs":0.00004482269287109375,"max_budget_ratio":16.253451741019223,"pass":false,"rtol":0.000002,"stage":"go-fbank/trunk.2.3","values":320000}
    trained_embedding_test.go:136: TRAINED_EMBEDDING_METRIC {"atol":0.000002,"exact":156599,"max_abs":0.00004373490810394287,"max_budget_ratio":19.41190383976453,"pass":false,"rtol":0.000002,"stage":"go-fbank/trunk.2.4","values":320000}
    trained_embedding_test.go:136: TRAINED_EMBEDDING_METRIC {"atol":0.000002,"exact":160546,"max_abs":0.00006198883056640625,"max_budget_ratio":21.855580059421857,"pass":false,"rtol":0.000002,"stage":"go-fbank/trunk.2.5","values":320000}
    trained_embedding_test.go:136: TRAINED_EMBEDDING_METRIC {"atol":0.000002,"exact":104000,"max_abs":0.000015556812286376953,"max_budget_ratio":6.178484047154191,"pass":false,"rtol":0.000002,"stage":"go-fbank/trunk.3.0","values":161280}
    trained_embedding_test.go:136: TRAINED_EMBEDDING_METRIC {"atol":0.000002,"exact":102054,"max_abs":0.000019252300262451172,"max_budget_ratio":9.11149548019048,"pass":false,"rtol":0.000002,"stage":"go-fbank/trunk.3.1","values":161280}
    trained_embedding_test.go:136: TRAINED_EMBEDDING_METRIC {"atol":0.000002,"exact":139142,"max_abs":0.00003170967102050781,"max_budget_ratio":8.082987058167761,"pass":false,"rtol":0.000002,"stage":"go-fbank/trunk.3.2","values":161280}
    trained_embedding_test.go:183: TRAINED_EMBEDDING_METRIC {"atol":0.0002,"exact":1540,"max_abs":0.000003259629011154175,"max_budget_ratio":0.016298145055770874,"pass":true,"rtol":0,"stage":"go-fbank/unweighted.stats","values":5120}
    trained_embedding_test.go:183: TRAINED_EMBEDDING_METRIC {"atol":0.0002,"exact":1,"max_abs":9.462237358093262e-7,"max_budget_ratio":0.004731118679046631,"pass":true,"rtol":0,"stage":"go-fbank/unweighted.embedding","values":256}
    trained_embedding_test.go:136: TRAINED_EMBEDDING_METRIC {"atol":0.000001,"exact":1,"max_abs":0,"max_budget_ratio":0,"pass":true,"rtol":0,"stage":"go-fbank/unweighted.support","values":1}
    trained_embedding_test.go:183: TRAINED_EMBEDDING_METRIC {"atol":0.0002,"exact":9832,"max_abs":0.000008031725883483887,"max_budget_ratio":0.040158629417419434,"pass":true,"rtol":0,"stage":"go-fbank/masked.stats","values":15360}
    trained_embedding_test.go:183: TRAINED_EMBEDDING_METRIC {"atol":0.0002,"exact":259,"max_abs":0.0000030994415283203125,"max_budget_ratio":0.015497207641601562,"pass":true,"rtol":0,"stage":"go-fbank/masked.embedding","values":768}
    trained_embedding_test.go:136: TRAINED_EMBEDDING_METRIC {"atol":0.000001,"exact":3,"max_abs":0,"max_budget_ratio":0,"pass":true,"rtol":0,"stage":"go-fbank/masked.support","values":3}
    trained_embedding_test.go:212: TRAINED_EMBEDDING_RESULT failed_comparisons=23
    trained_embedding_test.go:214: strict trained embedding qualification failed
--- FAIL: TestCommunity1TrainedEmbedding (3.58s)
    --- FAIL: TestCommunity1TrainedEmbedding/silence-1s (0.43s)
    --- FAIL: TestCommunity1TrainedEmbedding/broadband-1s (0.43s)
    --- FAIL: TestCommunity1TrainedEmbedding/public-6-7s (0.43s)
    --- FAIL: TestCommunity1TrainedEmbedding/public-6-11s (2.17s)
FAIL
FAIL	github.com/rcarmo/go-pherence/models/speaker/community1	3.586s
FAIL
