=== RUN   TestVulkanNativeQ5GroupedDiagnostic
=== RUN   TestVulkanNativeQ5GroupedDiagnostic/[32_32_64]
    vulkan_q5_grouped_diagnostic_test.go:180: NATIVE_METRIC {"name":"Q5tile64","values":2048,"max_abs":0,"abs_budget":0.00002,"rel_budget":0.00002,"wall_ns":0}
=== RUN   TestVulkanNativeQ5GroupedDiagnostic/[1_32_1]
    vulkan_q5_grouped_diagnostic_test.go:180: NATIVE_METRIC {"name":"Q5tile64","values":1,"max_abs":2.561137080192566e-9,"abs_budget":0.00002,"rel_budget":0.00002,"wall_ns":0}
=== RUN   TestVulkanNativeQ5GroupedDiagnostic/[2_64_5]
    vulkan_q5_grouped_diagnostic_test.go:180: NATIVE_METRIC {"name":"Q5tile64","values":10,"max_abs":4.3612089939415455e-8,"abs_budget":0.00002,"rel_budget":0.00002,"wall_ns":0}
=== RUN   TestVulkanNativeQ5GroupedDiagnostic/[33_96_63]
    vulkan_q5_grouped_diagnostic_test.go:180: NATIVE_METRIC {"name":"Q5tile64","values":2079,"max_abs":1.4226498024072498e-7,"abs_budget":0.00002,"rel_budget":0.00002,"wall_ns":0}
=== RUN   TestVulkanNativeQ5GroupedDiagnostic/[1500_1280_1280]
    vulkan_q5_grouped_diagnostic_test.go:203: Q5GROUPED_SAMPLE candidate=false block=0 ns=16511264 shape=[1500 1280 1280]
    vulkan_q5_grouped_diagnostic_test.go:203: Q5GROUPED_SAMPLE candidate=true block=0 ns=16368050 shape=[1500 1280 1280]
    vulkan_q5_grouped_diagnostic_test.go:203: Q5GROUPED_SAMPLE candidate=true block=0 ns=16539683 shape=[1500 1280 1280]
    vulkan_q5_grouped_diagnostic_test.go:203: Q5GROUPED_SAMPLE candidate=false block=0 ns=16559776 shape=[1500 1280 1280]
    vulkan_q5_grouped_diagnostic_test.go:203: Q5GROUPED_SAMPLE candidate=true block=1 ns=16494368 shape=[1500 1280 1280]
    vulkan_q5_grouped_diagnostic_test.go:203: Q5GROUPED_SAMPLE candidate=false block=1 ns=16580766 shape=[1500 1280 1280]
    vulkan_q5_grouped_diagnostic_test.go:203: Q5GROUPED_SAMPLE candidate=false block=1 ns=16664376 shape=[1500 1280 1280]
    vulkan_q5_grouped_diagnostic_test.go:203: Q5GROUPED_SAMPLE candidate=true block=1 ns=16564438 shape=[1500 1280 1280]
    vulkan_q5_grouped_diagnostic_test.go:203: Q5GROUPED_SAMPLE candidate=false block=2 ns=16652618 shape=[1500 1280 1280]
    vulkan_q5_grouped_diagnostic_test.go:203: Q5GROUPED_SAMPLE candidate=true block=2 ns=16525907 shape=[1500 1280 1280]
    vulkan_q5_grouped_diagnostic_test.go:203: Q5GROUPED_SAMPLE candidate=true block=2 ns=16529800 shape=[1500 1280 1280]
    vulkan_q5_grouped_diagnostic_test.go:203: Q5GROUPED_SAMPLE candidate=false block=2 ns=16675468 shape=[1500 1280 1280]
=== RUN   TestVulkanNativeQ5GroupedDiagnostic/[1500_1280_5120]
    vulkan_q5_grouped_diagnostic_test.go:203: Q5GROUPED_SAMPLE candidate=false block=0 ns=34554418 shape=[1500 1280 5120]
    vulkan_q5_grouped_diagnostic_test.go:203: Q5GROUPED_SAMPLE candidate=true block=0 ns=32867644 shape=[1500 1280 5120]
    vulkan_q5_grouped_diagnostic_test.go:203: Q5GROUPED_SAMPLE candidate=true block=0 ns=33008187 shape=[1500 1280 5120]
    vulkan_q5_grouped_diagnostic_test.go:203: Q5GROUPED_SAMPLE candidate=false block=0 ns=34575291 shape=[1500 1280 5120]
    vulkan_q5_grouped_diagnostic_test.go:203: Q5GROUPED_SAMPLE candidate=true block=1 ns=32905475 shape=[1500 1280 5120]
    vulkan_q5_grouped_diagnostic_test.go:203: Q5GROUPED_SAMPLE candidate=false block=1 ns=34623871 shape=[1500 1280 5120]
    vulkan_q5_grouped_diagnostic_test.go:203: Q5GROUPED_SAMPLE candidate=false block=1 ns=34676378 shape=[1500 1280 5120]
    vulkan_q5_grouped_diagnostic_test.go:203: Q5GROUPED_SAMPLE candidate=true block=1 ns=32795166 shape=[1500 1280 5120]
    vulkan_q5_grouped_diagnostic_test.go:203: Q5GROUPED_SAMPLE candidate=false block=2 ns=34565216 shape=[1500 1280 5120]
    vulkan_q5_grouped_diagnostic_test.go:203: Q5GROUPED_SAMPLE candidate=true block=2 ns=32784851 shape=[1500 1280 5120]
    vulkan_q5_grouped_diagnostic_test.go:203: Q5GROUPED_SAMPLE candidate=true block=2 ns=32784134 shape=[1500 1280 5120]
    vulkan_q5_grouped_diagnostic_test.go:203: Q5GROUPED_SAMPLE candidate=false block=2 ns=34494193 shape=[1500 1280 5120]
=== RUN   TestVulkanNativeQ5GroupedDiagnostic/[1500_5120_1280]
    vulkan_q5_grouped_diagnostic_test.go:203: Q5GROUPED_SAMPLE candidate=false block=0 ns=36380408 shape=[1500 5120 1280]
    vulkan_q5_grouped_diagnostic_test.go:203: Q5GROUPED_SAMPLE candidate=true block=0 ns=33940801 shape=[1500 5120 1280]
    vulkan_q5_grouped_diagnostic_test.go:203: Q5GROUPED_SAMPLE candidate=true block=0 ns=33897307 shape=[1500 5120 1280]
    vulkan_q5_grouped_diagnostic_test.go:203: Q5GROUPED_SAMPLE candidate=false block=0 ns=36826212 shape=[1500 5120 1280]
    vulkan_q5_grouped_diagnostic_test.go:203: Q5GROUPED_SAMPLE candidate=true block=1 ns=33854864 shape=[1500 5120 1280]
    vulkan_q5_grouped_diagnostic_test.go:203: Q5GROUPED_SAMPLE candidate=false block=1 ns=35824895 shape=[1500 5120 1280]
    vulkan_q5_grouped_diagnostic_test.go:203: Q5GROUPED_SAMPLE candidate=false block=1 ns=36399025 shape=[1500 5120 1280]
    vulkan_q5_grouped_diagnostic_test.go:203: Q5GROUPED_SAMPLE candidate=true block=1 ns=34107755 shape=[1500 5120 1280]
    vulkan_q5_grouped_diagnostic_test.go:203: Q5GROUPED_SAMPLE candidate=false block=2 ns=36849899 shape=[1500 5120 1280]
    vulkan_q5_grouped_diagnostic_test.go:203: Q5GROUPED_SAMPLE candidate=true block=2 ns=33802802 shape=[1500 5120 1280]
    vulkan_q5_grouped_diagnostic_test.go:203: Q5GROUPED_SAMPLE candidate=true block=2 ns=34064039 shape=[1500 5120 1280]
    vulkan_q5_grouped_diagnostic_test.go:203: Q5GROUPED_SAMPLE candidate=false block=2 ns=36771791 shape=[1500 5120 1280]
--- PASS: TestVulkanNativeQ5GroupedDiagnostic (2.09s)
    --- PASS: TestVulkanNativeQ5GroupedDiagnostic/[32_32_64] (0.06s)
    --- PASS: TestVulkanNativeQ5GroupedDiagnostic/[1_32_1] (0.01s)
    --- PASS: TestVulkanNativeQ5GroupedDiagnostic/[2_64_5] (0.01s)
    --- PASS: TestVulkanNativeQ5GroupedDiagnostic/[33_96_63] (0.01s)
    --- PASS: TestVulkanNativeQ5GroupedDiagnostic/[1500_1280_1280] (0.39s)
    --- PASS: TestVulkanNativeQ5GroupedDiagnostic/[1500_1280_5120] (0.84s)
    --- PASS: TestVulkanNativeQ5GroupedDiagnostic/[1500_5120_1280] (0.69s)
PASS
