=== RUN   TestVulkanNativeQ5GroupedDiagnostic
=== RUN   TestVulkanNativeQ5GroupedDiagnostic/[32_32_64]
    vulkan_q5_grouped_diagnostic_test.go:180: NATIVE_METRIC {"name":"Q5tile64","values":2048,"max_abs":0,"abs_budget":0.00002,"rel_budget":0.00002,"wall_ns":0}
=== RUN   TestVulkanNativeQ5GroupedDiagnostic/[1_32_1]
    vulkan_q5_grouped_diagnostic_test.go:180: NATIVE_METRIC {"name":"Q5tile64","values":1,"max_abs":2.561137080192566e-9,"abs_budget":0.00002,"rel_budget":0.00002,"wall_ns":0}
=== RUN   TestVulkanNativeQ5GroupedDiagnostic/[2_64_5]
    vulkan_q5_grouped_diagnostic_test.go:180: NATIVE_METRIC {"name":"Q5tile64","values":10,"max_abs":4.3612089939415455e-8,"abs_budget":0.00002,"rel_budget":0.00002,"wall_ns":0}
=== RUN   TestVulkanNativeQ5GroupedDiagnostic/[33_96_63]
    vulkan_q5_grouped_diagnostic_test.go:180: NATIVE_METRIC {"name":"Q5tile64","values":2079,"max_abs":1.4226498024072498e-7,"abs_budget":0.00002,"rel_budget":0.00002,"wall_ns":0}
=== RUN   TestVulkanNativeQ5GroupedDiagnostic/[1500_1280_1280]
    vulkan_q5_grouped_diagnostic_test.go:203: Q5GROUPED_SAMPLE candidate=false block=0 ns=12279064 shape=[1500 1280 1280]
    vulkan_q5_grouped_diagnostic_test.go:203: Q5GROUPED_SAMPLE candidate=true block=0 ns=12222154 shape=[1500 1280 1280]
    vulkan_q5_grouped_diagnostic_test.go:203: Q5GROUPED_SAMPLE candidate=true block=0 ns=12471434 shape=[1500 1280 1280]
    vulkan_q5_grouped_diagnostic_test.go:203: Q5GROUPED_SAMPLE candidate=false block=0 ns=12598332 shape=[1500 1280 1280]
    vulkan_q5_grouped_diagnostic_test.go:203: Q5GROUPED_SAMPLE candidate=true block=1 ns=12815431 shape=[1500 1280 1280]
    vulkan_q5_grouped_diagnostic_test.go:203: Q5GROUPED_SAMPLE candidate=false block=1 ns=12575314 shape=[1500 1280 1280]
    vulkan_q5_grouped_diagnostic_test.go:203: Q5GROUPED_SAMPLE candidate=false block=1 ns=12624672 shape=[1500 1280 1280]
    vulkan_q5_grouped_diagnostic_test.go:203: Q5GROUPED_SAMPLE candidate=true block=1 ns=12366716 shape=[1500 1280 1280]
    vulkan_q5_grouped_diagnostic_test.go:203: Q5GROUPED_SAMPLE candidate=false block=2 ns=12404465 shape=[1500 1280 1280]
    vulkan_q5_grouped_diagnostic_test.go:203: Q5GROUPED_SAMPLE candidate=true block=2 ns=12538522 shape=[1500 1280 1280]
    vulkan_q5_grouped_diagnostic_test.go:203: Q5GROUPED_SAMPLE candidate=true block=2 ns=12566725 shape=[1500 1280 1280]
    vulkan_q5_grouped_diagnostic_test.go:203: Q5GROUPED_SAMPLE candidate=false block=2 ns=12712103 shape=[1500 1280 1280]
=== RUN   TestVulkanNativeQ5GroupedDiagnostic/[1500_1280_5120]
    vulkan_q5_grouped_diagnostic_test.go:203: Q5GROUPED_SAMPLE candidate=false block=0 ns=34615605 shape=[1500 1280 5120]
    vulkan_q5_grouped_diagnostic_test.go:203: Q5GROUPED_SAMPLE candidate=true block=0 ns=32854099 shape=[1500 1280 5120]
    vulkan_q5_grouped_diagnostic_test.go:203: Q5GROUPED_SAMPLE candidate=true block=0 ns=32952240 shape=[1500 1280 5120]
    vulkan_q5_grouped_diagnostic_test.go:203: Q5GROUPED_SAMPLE candidate=false block=0 ns=34555654 shape=[1500 1280 5120]
    vulkan_q5_grouped_diagnostic_test.go:203: Q5GROUPED_SAMPLE candidate=true block=1 ns=32746481 shape=[1500 1280 5120]
    vulkan_q5_grouped_diagnostic_test.go:203: Q5GROUPED_SAMPLE candidate=false block=1 ns=34501419 shape=[1500 1280 5120]
    vulkan_q5_grouped_diagnostic_test.go:203: Q5GROUPED_SAMPLE candidate=false block=1 ns=34437996 shape=[1500 1280 5120]
    vulkan_q5_grouped_diagnostic_test.go:203: Q5GROUPED_SAMPLE candidate=true block=1 ns=32687320 shape=[1500 1280 5120]
    vulkan_q5_grouped_diagnostic_test.go:203: Q5GROUPED_SAMPLE candidate=false block=2 ns=34461461 shape=[1500 1280 5120]
    vulkan_q5_grouped_diagnostic_test.go:203: Q5GROUPED_SAMPLE candidate=true block=2 ns=32658750 shape=[1500 1280 5120]
    vulkan_q5_grouped_diagnostic_test.go:203: Q5GROUPED_SAMPLE candidate=true block=2 ns=32938128 shape=[1500 1280 5120]
    vulkan_q5_grouped_diagnostic_test.go:203: Q5GROUPED_SAMPLE candidate=false block=2 ns=34652418 shape=[1500 1280 5120]
=== RUN   TestVulkanNativeQ5GroupedDiagnostic/[1500_5120_1280]
    vulkan_q5_grouped_diagnostic_test.go:203: Q5GROUPED_SAMPLE candidate=false block=0 ns=36171466 shape=[1500 5120 1280]
    vulkan_q5_grouped_diagnostic_test.go:203: Q5GROUPED_SAMPLE candidate=true block=0 ns=33987635 shape=[1500 5120 1280]
    vulkan_q5_grouped_diagnostic_test.go:203: Q5GROUPED_SAMPLE candidate=true block=0 ns=33793120 shape=[1500 5120 1280]
    vulkan_q5_grouped_diagnostic_test.go:203: Q5GROUPED_SAMPLE candidate=false block=0 ns=36140349 shape=[1500 5120 1280]
    vulkan_q5_grouped_diagnostic_test.go:203: Q5GROUPED_SAMPLE candidate=true block=1 ns=33880924 shape=[1500 5120 1280]
    vulkan_q5_grouped_diagnostic_test.go:203: Q5GROUPED_SAMPLE candidate=false block=1 ns=36640108 shape=[1500 5120 1280]
    vulkan_q5_grouped_diagnostic_test.go:203: Q5GROUPED_SAMPLE candidate=false block=1 ns=36090003 shape=[1500 5120 1280]
    vulkan_q5_grouped_diagnostic_test.go:203: Q5GROUPED_SAMPLE candidate=true block=1 ns=33959829 shape=[1500 5120 1280]
    vulkan_q5_grouped_diagnostic_test.go:203: Q5GROUPED_SAMPLE candidate=false block=2 ns=36205152 shape=[1500 5120 1280]
    vulkan_q5_grouped_diagnostic_test.go:203: Q5GROUPED_SAMPLE candidate=true block=2 ns=34094490 shape=[1500 5120 1280]
    vulkan_q5_grouped_diagnostic_test.go:203: Q5GROUPED_SAMPLE candidate=true block=2 ns=34334411 shape=[1500 5120 1280]
    vulkan_q5_grouped_diagnostic_test.go:203: Q5GROUPED_SAMPLE candidate=false block=2 ns=36483323 shape=[1500 5120 1280]
--- PASS: TestVulkanNativeQ5GroupedDiagnostic (2.00s)
    --- PASS: TestVulkanNativeQ5GroupedDiagnostic/[32_32_64] (0.06s)
    --- PASS: TestVulkanNativeQ5GroupedDiagnostic/[1_32_1] (0.01s)
    --- PASS: TestVulkanNativeQ5GroupedDiagnostic/[2_64_5] (0.01s)
    --- PASS: TestVulkanNativeQ5GroupedDiagnostic/[33_96_63] (0.01s)
    --- PASS: TestVulkanNativeQ5GroupedDiagnostic/[1500_1280_1280] (0.32s)
    --- PASS: TestVulkanNativeQ5GroupedDiagnostic/[1500_1280_5120] (0.83s)
    --- PASS: TestVulkanNativeQ5GroupedDiagnostic/[1500_5120_1280] (0.69s)
PASS
