=== RUN   TestVulkanNativeQ5GroupedDiagnostic
=== RUN   TestVulkanNativeQ5GroupedDiagnostic/[32_32_64]
    vulkan_q5_grouped_diagnostic_test.go:180: NATIVE_METRIC {"name":"Q5tile64","values":2048,"max_abs":0,"abs_budget":0.00002,"rel_budget":0.00002,"wall_ns":0}
=== RUN   TestVulkanNativeQ5GroupedDiagnostic/[1_32_1]
    vulkan_q5_grouped_diagnostic_test.go:180: NATIVE_METRIC {"name":"Q5tile64","values":1,"max_abs":2.561137080192566e-9,"abs_budget":0.00002,"rel_budget":0.00002,"wall_ns":0}
=== RUN   TestVulkanNativeQ5GroupedDiagnostic/[2_64_5]
    vulkan_q5_grouped_diagnostic_test.go:180: NATIVE_METRIC {"name":"Q5tile64","values":10,"max_abs":4.3612089939415455e-8,"abs_budget":0.00002,"rel_budget":0.00002,"wall_ns":0}
=== RUN   TestVulkanNativeQ5GroupedDiagnostic/[33_96_63]
    vulkan_q5_grouped_diagnostic_test.go:180: NATIVE_METRIC {"name":"Q5tile64","values":2079,"max_abs":1.4226498024072498e-7,"abs_budget":0.00002,"rel_budget":0.00002,"wall_ns":0}
=== RUN   TestVulkanNativeQ5GroupedDiagnostic/[1500_1280_1280]
    vulkan_q5_grouped_diagnostic_test.go:203: Q5GROUPED_SAMPLE candidate=false block=0 ns=12436058 shape=[1500 1280 1280]
    vulkan_q5_grouped_diagnostic_test.go:203: Q5GROUPED_SAMPLE candidate=true block=0 ns=12222400 shape=[1500 1280 1280]
    vulkan_q5_grouped_diagnostic_test.go:203: Q5GROUPED_SAMPLE candidate=true block=0 ns=12367799 shape=[1500 1280 1280]
    vulkan_q5_grouped_diagnostic_test.go:203: Q5GROUPED_SAMPLE candidate=false block=0 ns=12569114 shape=[1500 1280 1280]
    vulkan_q5_grouped_diagnostic_test.go:203: Q5GROUPED_SAMPLE candidate=true block=1 ns=12206412 shape=[1500 1280 1280]
    vulkan_q5_grouped_diagnostic_test.go:203: Q5GROUPED_SAMPLE candidate=false block=1 ns=12086312 shape=[1500 1280 1280]
    vulkan_q5_grouped_diagnostic_test.go:203: Q5GROUPED_SAMPLE candidate=false block=1 ns=11831101 shape=[1500 1280 1280]
    vulkan_q5_grouped_diagnostic_test.go:203: Q5GROUPED_SAMPLE candidate=true block=1 ns=12298414 shape=[1500 1280 1280]
    vulkan_q5_grouped_diagnostic_test.go:203: Q5GROUPED_SAMPLE candidate=false block=2 ns=12607125 shape=[1500 1280 1280]
    vulkan_q5_grouped_diagnostic_test.go:203: Q5GROUPED_SAMPLE candidate=true block=2 ns=12421212 shape=[1500 1280 1280]
    vulkan_q5_grouped_diagnostic_test.go:203: Q5GROUPED_SAMPLE candidate=true block=2 ns=11854245 shape=[1500 1280 1280]
    vulkan_q5_grouped_diagnostic_test.go:203: Q5GROUPED_SAMPLE candidate=false block=2 ns=12033454 shape=[1500 1280 1280]
=== RUN   TestVulkanNativeQ5GroupedDiagnostic/[1500_1280_5120]
    vulkan_q5_grouped_diagnostic_test.go:203: Q5GROUPED_SAMPLE candidate=false block=0 ns=34538288 shape=[1500 1280 5120]
    vulkan_q5_grouped_diagnostic_test.go:203: Q5GROUPED_SAMPLE candidate=true block=0 ns=32841245 shape=[1500 1280 5120]
    vulkan_q5_grouped_diagnostic_test.go:203: Q5GROUPED_SAMPLE candidate=true block=0 ns=32899661 shape=[1500 1280 5120]
    vulkan_q5_grouped_diagnostic_test.go:203: Q5GROUPED_SAMPLE candidate=false block=0 ns=34513092 shape=[1500 1280 5120]
    vulkan_q5_grouped_diagnostic_test.go:203: Q5GROUPED_SAMPLE candidate=true block=1 ns=33079741 shape=[1500 1280 5120]
    vulkan_q5_grouped_diagnostic_test.go:203: Q5GROUPED_SAMPLE candidate=false block=1 ns=34798023 shape=[1500 1280 5120]
    vulkan_q5_grouped_diagnostic_test.go:203: Q5GROUPED_SAMPLE candidate=false block=1 ns=34778779 shape=[1500 1280 5120]
    vulkan_q5_grouped_diagnostic_test.go:203: Q5GROUPED_SAMPLE candidate=true block=1 ns=32725316 shape=[1500 1280 5120]
    vulkan_q5_grouped_diagnostic_test.go:203: Q5GROUPED_SAMPLE candidate=false block=2 ns=34621361 shape=[1500 1280 5120]
    vulkan_q5_grouped_diagnostic_test.go:203: Q5GROUPED_SAMPLE candidate=true block=2 ns=32847763 shape=[1500 1280 5120]
    vulkan_q5_grouped_diagnostic_test.go:203: Q5GROUPED_SAMPLE candidate=true block=2 ns=32881602 shape=[1500 1280 5120]
    vulkan_q5_grouped_diagnostic_test.go:203: Q5GROUPED_SAMPLE candidate=false block=2 ns=34542133 shape=[1500 1280 5120]
=== RUN   TestVulkanNativeQ5GroupedDiagnostic/[1500_5120_1280]
    vulkan_q5_grouped_diagnostic_test.go:203: Q5GROUPED_SAMPLE candidate=false block=0 ns=36100378 shape=[1500 5120 1280]
    vulkan_q5_grouped_diagnostic_test.go:203: Q5GROUPED_SAMPLE candidate=true block=0 ns=34140242 shape=[1500 5120 1280]
    vulkan_q5_grouped_diagnostic_test.go:203: Q5GROUPED_SAMPLE candidate=true block=0 ns=33899212 shape=[1500 5120 1280]
    vulkan_q5_grouped_diagnostic_test.go:203: Q5GROUPED_SAMPLE candidate=false block=0 ns=35918408 shape=[1500 5120 1280]
    vulkan_q5_grouped_diagnostic_test.go:203: Q5GROUPED_SAMPLE candidate=true block=1 ns=33868124 shape=[1500 5120 1280]
    vulkan_q5_grouped_diagnostic_test.go:203: Q5GROUPED_SAMPLE candidate=false block=1 ns=36340499 shape=[1500 5120 1280]
    vulkan_q5_grouped_diagnostic_test.go:203: Q5GROUPED_SAMPLE candidate=false block=1 ns=36629871 shape=[1500 5120 1280]
    vulkan_q5_grouped_diagnostic_test.go:203: Q5GROUPED_SAMPLE candidate=true block=1 ns=33864638 shape=[1500 5120 1280]
    vulkan_q5_grouped_diagnostic_test.go:203: Q5GROUPED_SAMPLE candidate=false block=2 ns=36877578 shape=[1500 5120 1280]
    vulkan_q5_grouped_diagnostic_test.go:203: Q5GROUPED_SAMPLE candidate=true block=2 ns=34097285 shape=[1500 5120 1280]
    vulkan_q5_grouped_diagnostic_test.go:203: Q5GROUPED_SAMPLE candidate=true block=2 ns=34725986 shape=[1500 5120 1280]
    vulkan_q5_grouped_diagnostic_test.go:203: Q5GROUPED_SAMPLE candidate=false block=2 ns=36592778 shape=[1500 5120 1280]
--- PASS: TestVulkanNativeQ5GroupedDiagnostic (2.03s)
    --- PASS: TestVulkanNativeQ5GroupedDiagnostic/[32_32_64] (0.06s)
    --- PASS: TestVulkanNativeQ5GroupedDiagnostic/[1_32_1] (0.01s)
    --- PASS: TestVulkanNativeQ5GroupedDiagnostic/[2_64_5] (0.01s)
    --- PASS: TestVulkanNativeQ5GroupedDiagnostic/[33_96_63] (0.01s)
    --- PASS: TestVulkanNativeQ5GroupedDiagnostic/[1500_1280_1280] (0.34s)
    --- PASS: TestVulkanNativeQ5GroupedDiagnostic/[1500_1280_5120] (0.84s)
    --- PASS: TestVulkanNativeQ5GroupedDiagnostic/[1500_5120_1280] (0.68s)
PASS
