=== RUN   TestVulkanNativeQ5GroupedDiagnostic
=== RUN   TestVulkanNativeQ5GroupedDiagnostic/[32_32_64]
    vulkan_q5_grouped_diagnostic_test.go:168: NATIVE_METRIC {"name":"Q5tile64","values":2048,"max_abs":0,"abs_budget":0.00002,"rel_budget":0.00002,"wall_ns":0}
=== RUN   TestVulkanNativeQ5GroupedDiagnostic/[1_32_1]
    vulkan_q5_grouped_diagnostic_test.go:168: NATIVE_METRIC {"name":"Q5tile64","values":1,"max_abs":2.561137080192566e-9,"abs_budget":0.00002,"rel_budget":0.00002,"wall_ns":0}
=== RUN   TestVulkanNativeQ5GroupedDiagnostic/[2_64_5]
    vulkan_q5_grouped_diagnostic_test.go:168: NATIVE_METRIC {"name":"Q5tile64","values":10,"max_abs":4.3612089939415455e-8,"abs_budget":0.00002,"rel_budget":0.00002,"wall_ns":0}
=== RUN   TestVulkanNativeQ5GroupedDiagnostic/[33_96_63]
    vulkan_q5_grouped_diagnostic_test.go:168: NATIVE_METRIC {"name":"Q5tile64","values":2079,"max_abs":1.4226498024072498e-7,"abs_budget":0.00002,"rel_budget":0.00002,"wall_ns":0}
=== RUN   TestVulkanNativeQ5GroupedDiagnostic/[1500_1280_1280]
    vulkan_q5_grouped_diagnostic_test.go:191: Q5GROUPED_SAMPLE candidate=false block=0 ns=12243387 shape=[1500 1280 1280]
    vulkan_q5_grouped_diagnostic_test.go:191: Q5GROUPED_SAMPLE candidate=true block=0 ns=12615816 shape=[1500 1280 1280]
    vulkan_q5_grouped_diagnostic_test.go:191: Q5GROUPED_SAMPLE candidate=true block=0 ns=12114861 shape=[1500 1280 1280]
    vulkan_q5_grouped_diagnostic_test.go:191: Q5GROUPED_SAMPLE candidate=false block=0 ns=12349154 shape=[1500 1280 1280]
    vulkan_q5_grouped_diagnostic_test.go:191: Q5GROUPED_SAMPLE candidate=true block=1 ns=12258976 shape=[1500 1280 1280]
    vulkan_q5_grouped_diagnostic_test.go:191: Q5GROUPED_SAMPLE candidate=false block=1 ns=12503557 shape=[1500 1280 1280]
    vulkan_q5_grouped_diagnostic_test.go:191: Q5GROUPED_SAMPLE candidate=false block=1 ns=12355753 shape=[1500 1280 1280]
    vulkan_q5_grouped_diagnostic_test.go:191: Q5GROUPED_SAMPLE candidate=true block=1 ns=12314082 shape=[1500 1280 1280]
    vulkan_q5_grouped_diagnostic_test.go:191: Q5GROUPED_SAMPLE candidate=false block=2 ns=12272860 shape=[1500 1280 1280]
    vulkan_q5_grouped_diagnostic_test.go:191: Q5GROUPED_SAMPLE candidate=true block=2 ns=12163218 shape=[1500 1280 1280]
    vulkan_q5_grouped_diagnostic_test.go:191: Q5GROUPED_SAMPLE candidate=true block=2 ns=12287376 shape=[1500 1280 1280]
    vulkan_q5_grouped_diagnostic_test.go:191: Q5GROUPED_SAMPLE candidate=false block=2 ns=12087143 shape=[1500 1280 1280]
=== RUN   TestVulkanNativeQ5GroupedDiagnostic/[1500_1280_5120]
    vulkan_q5_grouped_diagnostic_test.go:191: Q5GROUPED_SAMPLE candidate=false block=0 ns=34486752 shape=[1500 1280 5120]
    vulkan_q5_grouped_diagnostic_test.go:191: Q5GROUPED_SAMPLE candidate=true block=0 ns=34253598 shape=[1500 1280 5120]
    vulkan_q5_grouped_diagnostic_test.go:191: Q5GROUPED_SAMPLE candidate=true block=0 ns=33861016 shape=[1500 1280 5120]
    vulkan_q5_grouped_diagnostic_test.go:191: Q5GROUPED_SAMPLE candidate=false block=0 ns=34731955 shape=[1500 1280 5120]
    vulkan_q5_grouped_diagnostic_test.go:191: Q5GROUPED_SAMPLE candidate=true block=1 ns=34060008 shape=[1500 1280 5120]
    vulkan_q5_grouped_diagnostic_test.go:191: Q5GROUPED_SAMPLE candidate=false block=1 ns=34569576 shape=[1500 1280 5120]
    vulkan_q5_grouped_diagnostic_test.go:191: Q5GROUPED_SAMPLE candidate=false block=1 ns=34631593 shape=[1500 1280 5120]
    vulkan_q5_grouped_diagnostic_test.go:191: Q5GROUPED_SAMPLE candidate=true block=1 ns=33942593 shape=[1500 1280 5120]
    vulkan_q5_grouped_diagnostic_test.go:191: Q5GROUPED_SAMPLE candidate=false block=2 ns=34391733 shape=[1500 1280 5120]
    vulkan_q5_grouped_diagnostic_test.go:191: Q5GROUPED_SAMPLE candidate=true block=2 ns=34084665 shape=[1500 1280 5120]
    vulkan_q5_grouped_diagnostic_test.go:191: Q5GROUPED_SAMPLE candidate=true block=2 ns=34146689 shape=[1500 1280 5120]
    vulkan_q5_grouped_diagnostic_test.go:191: Q5GROUPED_SAMPLE candidate=false block=2 ns=34558039 shape=[1500 1280 5120]
=== RUN   TestVulkanNativeQ5GroupedDiagnostic/[1500_5120_1280]
    vulkan_q5_grouped_diagnostic_test.go:191: Q5GROUPED_SAMPLE candidate=false block=0 ns=36205813 shape=[1500 5120 1280]
    vulkan_q5_grouped_diagnostic_test.go:191: Q5GROUPED_SAMPLE candidate=true block=0 ns=35210950 shape=[1500 5120 1280]
    vulkan_q5_grouped_diagnostic_test.go:191: Q5GROUPED_SAMPLE candidate=true block=0 ns=34989003 shape=[1500 5120 1280]
    vulkan_q5_grouped_diagnostic_test.go:191: Q5GROUPED_SAMPLE candidate=false block=0 ns=36133236 shape=[1500 5120 1280]
    vulkan_q5_grouped_diagnostic_test.go:191: Q5GROUPED_SAMPLE candidate=true block=1 ns=35929679 shape=[1500 5120 1280]
    vulkan_q5_grouped_diagnostic_test.go:191: Q5GROUPED_SAMPLE candidate=false block=1 ns=36394370 shape=[1500 5120 1280]
    vulkan_q5_grouped_diagnostic_test.go:191: Q5GROUPED_SAMPLE candidate=false block=1 ns=36508128 shape=[1500 5120 1280]
    vulkan_q5_grouped_diagnostic_test.go:191: Q5GROUPED_SAMPLE candidate=true block=1 ns=36035774 shape=[1500 5120 1280]
    vulkan_q5_grouped_diagnostic_test.go:191: Q5GROUPED_SAMPLE candidate=false block=2 ns=36054162 shape=[1500 5120 1280]
    vulkan_q5_grouped_diagnostic_test.go:191: Q5GROUPED_SAMPLE candidate=true block=2 ns=36048120 shape=[1500 5120 1280]
    vulkan_q5_grouped_diagnostic_test.go:191: Q5GROUPED_SAMPLE candidate=true block=2 ns=36125382 shape=[1500 5120 1280]
    vulkan_q5_grouped_diagnostic_test.go:191: Q5GROUPED_SAMPLE candidate=false block=2 ns=36101159 shape=[1500 5120 1280]
--- PASS: TestVulkanNativeQ5GroupedDiagnostic (2.03s)
    --- PASS: TestVulkanNativeQ5GroupedDiagnostic/[32_32_64] (0.06s)
    --- PASS: TestVulkanNativeQ5GroupedDiagnostic/[1_32_1] (0.01s)
    --- PASS: TestVulkanNativeQ5GroupedDiagnostic/[2_64_5] (0.01s)
    --- PASS: TestVulkanNativeQ5GroupedDiagnostic/[33_96_63] (0.01s)
    --- PASS: TestVulkanNativeQ5GroupedDiagnostic/[1500_1280_1280] (0.33s)
    --- PASS: TestVulkanNativeQ5GroupedDiagnostic/[1500_1280_5120] (0.84s)
    --- PASS: TestVulkanNativeQ5GroupedDiagnostic/[1500_5120_1280] (0.71s)
PASS
