go test ./docs -run '^TestModelLayout' -count=1
ok  	github.com/rcarmo/go-pherence/docs	5.490s
bun test scripts/model-layout.test.ts
bun test v1.4.2 (744846f84)

scripts/model-layout.test.ts:
(pass) source is singular and checkpoint roots are ignored [35.34ms]
(pass) Make defaults to checkpoints and honours explicit/legacy overrides [4.62ms]
(pass) standard Make gates enforce the layout before broad validation [9.51ms]
(pass) GitHub workflow runs the no-weights documentation and layout gate [0.26ms]
(pass) Python asset helpers use checkpoints by default and preserve path overrides [116.47ms]

 5 pass
 0 fail
 3087 expect() calls
Ran 5 tests across 1 file. [176.00ms]
bun test scripts/check-doc-links.test.ts
bun test v1.4.2 (744846f84)

scripts/check-doc-links.test.ts:
(pass) checks inline, reference, image and HTML targets [0.29ms]
(pass) ignores external links, fragments and fenced examples [0.03ms]

 2 pass
 0 fail
 2 expect() calls
Ran 2 tests across 1 file. [10.00ms]
bun run scripts/check-doc-links.ts
Checked 534 Markdown files (tracked + new); broken links: 0
go test ./docs -count=1
ok  	github.com/rcarmo/go-pherence/docs	5.489s
VAD_BOUNDARY_DOC_FINAL_PASS
