=== RUN   TestWhisperVADBoundaryDiagnostic
    vad_boundary_native_diagnostic_test.go:33: LEGACY_LOAD seconds=2.829243269 storage=2008 tensors=587 pin=394221709cd5ad1f40c46e6031ca61bce88931e6e088c188294c6d5a55ffa7e2 explicit_widened_values=true
    vad_boundary_native_diagnostic_test.go:106: GO_BOUNDARY_RAW guard=false pos=31 input=50868 eot=10.8156681 ts503=10.992569 ts515=4.46491003 thank=-2.82966566
    vad_boundary_native_diagnostic_test.go:106: GO_BOUNDARY_RAW guard=false pos=32 input=50868 eot=0.839388251 ts503=-2.65351868 ts515=-4.1970377 thank=8.3207016
    vad_boundary_native_diagnostic_test.go:106: GO_BOUNDARY_RAW guard=false pos=36 input=50880 eot=22.0292778 ts503=-0.267247677 ts515=8.00299835 thank=-0.138134658
    vad_boundary_native_diagnostic_test.go:117: VAD_BOUNDARY repeat=0 guard=false samples=164800 calls=36 seconds=0.844272742 segments=[{Start:0 End:10.06 Text:And so, my fellow Americans, ask not what your country can do for you, ask what you can do for your country. Tokens:[400 370 11 452 7177 6280 11 1029 406 437 428 1941 393 360 337 291 11 1029 437 291 393 360 337 428 1941 13]} {Start:10.06 End:10.3 Text:Thank you. Tokens:[1044 291 13]}]
    vad_boundary_native_diagnostic_test.go:106: GO_BOUNDARY_RAW guard=true pos=31 input=50868 eot=10.8156681 ts503=10.992569 ts515=4.46491003 thank=-2.82966566
    vad_boundary_native_diagnostic_test.go:106: GO_BOUNDARY_RAW guard=true pos=32 input=50868 eot=0.839388251 ts503=-2.65351868 ts515=-4.1970377 thank=8.3207016
    vad_boundary_native_diagnostic_test.go:117: VAD_BOUNDARY repeat=0 guard=true samples=164800 calls=35 seconds=0.813101124 segments=[{Start:0 End:10.06 Text:And so, my fellow Americans, ask not what your country can do for you, ask what you can do for your country. Tokens:[400 370 11 452 7177 6280 11 1029 406 437 428 1941 393 360 337 291 11 1029 437 291 393 360 337 428 1941 13]} {Start:10.06 End:10.3 Text:Thank you. Tokens:[1044 291 13]}]
    vad_boundary_native_diagnostic_test.go:106: GO_BOUNDARY_RAW guard=false pos=31 input=50868 eot=10.8156681 ts503=10.992569 ts515=4.46491003 thank=-2.82966566
    vad_boundary_native_diagnostic_test.go:106: GO_BOUNDARY_RAW guard=false pos=32 input=50868 eot=0.839388251 ts503=-2.65351868 ts515=-4.1970377 thank=8.3207016
    vad_boundary_native_diagnostic_test.go:106: GO_BOUNDARY_RAW guard=false pos=36 input=50880 eot=22.0292778 ts503=-0.267247677 ts515=8.00299835 thank=-0.138134658
    vad_boundary_native_diagnostic_test.go:117: VAD_BOUNDARY repeat=1 guard=false samples=164800 calls=36 seconds=0.834973166 segments=[{Start:0 End:10.06 Text:And so, my fellow Americans, ask not what your country can do for you, ask what you can do for your country. Tokens:[400 370 11 452 7177 6280 11 1029 406 437 428 1941 393 360 337 291 11 1029 437 291 393 360 337 428 1941 13]} {Start:10.06 End:10.3 Text:Thank you. Tokens:[1044 291 13]}]
    vad_boundary_native_diagnostic_test.go:106: GO_BOUNDARY_RAW guard=true pos=31 input=50868 eot=10.8156681 ts503=10.992569 ts515=4.46491003 thank=-2.82966566
    vad_boundary_native_diagnostic_test.go:106: GO_BOUNDARY_RAW guard=true pos=32 input=50868 eot=0.839388251 ts503=-2.65351868 ts515=-4.1970377 thank=8.3207016
    vad_boundary_native_diagnostic_test.go:117: VAD_BOUNDARY repeat=1 guard=true samples=164800 calls=35 seconds=0.822522055 segments=[{Start:0 End:10.06 Text:And so, my fellow Americans, ask not what your country can do for you, ask what you can do for your country. Tokens:[400 370 11 452 7177 6280 11 1029 406 437 428 1941 393 360 337 291 11 1029 437 291 393 360 337 428 1941 13]} {Start:10.06 End:10.3 Text:Thank you. Tokens:[1044 291 13]}]
    vad_boundary_native_diagnostic_test.go:106: GO_BOUNDARY_RAW guard=false pos=31 input=50868 eot=10.8156681 ts503=10.992569 ts515=4.46491003 thank=-2.82966566
    vad_boundary_native_diagnostic_test.go:106: GO_BOUNDARY_RAW guard=false pos=32 input=50868 eot=0.839388251 ts503=-2.65351868 ts515=-4.1970377 thank=8.3207016
    vad_boundary_native_diagnostic_test.go:106: GO_BOUNDARY_RAW guard=false pos=36 input=50880 eot=22.0292778 ts503=-0.267247677 ts515=8.00299835 thank=-0.138134658
    vad_boundary_native_diagnostic_test.go:117: VAD_BOUNDARY repeat=2 guard=false samples=164800 calls=36 seconds=0.838732890 segments=[{Start:0 End:10.06 Text:And so, my fellow Americans, ask not what your country can do for you, ask what you can do for your country. Tokens:[400 370 11 452 7177 6280 11 1029 406 437 428 1941 393 360 337 291 11 1029 437 291 393 360 337 428 1941 13]} {Start:10.06 End:10.3 Text:Thank you. Tokens:[1044 291 13]}]
    vad_boundary_native_diagnostic_test.go:106: GO_BOUNDARY_RAW guard=true pos=31 input=50868 eot=10.8156681 ts503=10.992569 ts515=4.46491003 thank=-2.82966566
    vad_boundary_native_diagnostic_test.go:106: GO_BOUNDARY_RAW guard=true pos=32 input=50868 eot=0.839388251 ts503=-2.65351868 ts515=-4.1970377 thank=8.3207016
    vad_boundary_native_diagnostic_test.go:117: VAD_BOUNDARY repeat=2 guard=true samples=164800 calls=35 seconds=0.814076300 segments=[{Start:0 End:10.06 Text:And so, my fellow Americans, ask not what your country can do for you, ask what you can do for your country. Tokens:[400 370 11 452 7177 6280 11 1029 406 437 428 1941 393 360 337 291 11 1029 437 291 393 360 337 428 1941 13]} {Start:10.06 End:10.3 Text:Thank you. Tokens:[1044 291 13]}]
    vad_boundary_native_diagnostic_test.go:106: GO_BOUNDARY_RAW guard=false pos=31 input=50868 eot=10.8156681 ts503=10.992569 ts515=4.46491003 thank=-2.82966566
    vad_boundary_native_diagnostic_test.go:106: GO_BOUNDARY_RAW guard=false pos=32 input=50868 eot=0.839388251 ts503=-2.65351868 ts515=-4.1970377 thank=8.3207016
    vad_boundary_native_diagnostic_test.go:106: GO_BOUNDARY_RAW guard=false pos=36 input=50880 eot=22.0292778 ts503=-0.267247677 ts515=8.00299835 thank=-0.138134658
    vad_boundary_native_diagnostic_test.go:117: VAD_BOUNDARY repeat=3 guard=false samples=164800 calls=36 seconds=0.844166117 segments=[{Start:0 End:10.06 Text:And so, my fellow Americans, ask not what your country can do for you, ask what you can do for your country. Tokens:[400 370 11 452 7177 6280 11 1029 406 437 428 1941 393 360 337 291 11 1029 437 291 393 360 337 428 1941 13]} {Start:10.06 End:10.3 Text:Thank you. Tokens:[1044 291 13]}]
    vad_boundary_native_diagnostic_test.go:106: GO_BOUNDARY_RAW guard=true pos=31 input=50868 eot=10.8156681 ts503=10.992569 ts515=4.46491003 thank=-2.82966566
    vad_boundary_native_diagnostic_test.go:106: GO_BOUNDARY_RAW guard=true pos=32 input=50868 eot=0.839388251 ts503=-2.65351868 ts515=-4.1970377 thank=8.3207016
    vad_boundary_native_diagnostic_test.go:117: VAD_BOUNDARY repeat=3 guard=true samples=164800 calls=35 seconds=0.818377968 segments=[{Start:0 End:10.06 Text:And so, my fellow Americans, ask not what your country can do for you, ask what you can do for your country. Tokens:[400 370 11 452 7177 6280 11 1029 406 437 428 1941 393 360 337 291 11 1029 437 291 393 360 337 428 1941 13]} {Start:10.06 End:10.3 Text:Thank you. Tokens:[1044 291 13]}]
    vad_boundary_native_diagnostic_test.go:106: GO_BOUNDARY_RAW guard=false pos=31 input=50868 eot=10.8156681 ts503=10.992569 ts515=4.46491003 thank=-2.82966566
    vad_boundary_native_diagnostic_test.go:106: GO_BOUNDARY_RAW guard=false pos=32 input=50868 eot=0.839388251 ts503=-2.65351868 ts515=-4.1970377 thank=8.3207016
    vad_boundary_native_diagnostic_test.go:106: GO_BOUNDARY_RAW guard=false pos=36 input=50880 eot=22.0292778 ts503=-0.267247677 ts515=8.00299835 thank=-0.138134658
    vad_boundary_native_diagnostic_test.go:117: VAD_BOUNDARY repeat=4 guard=false samples=164800 calls=36 seconds=0.838827692 segments=[{Start:0 End:10.06 Text:And so, my fellow Americans, ask not what your country can do for you, ask what you can do for your country. Tokens:[400 370 11 452 7177 6280 11 1029 406 437 428 1941 393 360 337 291 11 1029 437 291 393 360 337 428 1941 13]} {Start:10.06 End:10.3 Text:Thank you. Tokens:[1044 291 13]}]
    vad_boundary_native_diagnostic_test.go:106: GO_BOUNDARY_RAW guard=true pos=31 input=50868 eot=10.8156681 ts503=10.992569 ts515=4.46491003 thank=-2.82966566
    vad_boundary_native_diagnostic_test.go:106: GO_BOUNDARY_RAW guard=true pos=32 input=50868 eot=0.839388251 ts503=-2.65351868 ts515=-4.1970377 thank=8.3207016
    vad_boundary_native_diagnostic_test.go:117: VAD_BOUNDARY repeat=4 guard=true samples=164800 calls=35 seconds=0.820690678 segments=[{Start:0 End:10.06 Text:And so, my fellow Americans, ask not what your country can do for you, ask what you can do for your country. Tokens:[400 370 11 452 7177 6280 11 1029 406 437 428 1941 393 360 337 291 11 1029 437 291 393 360 337 428 1941 13]} {Start:10.06 End:10.3 Text:Thank you. Tokens:[1044 291 13]}]
--- PASS: TestWhisperVADBoundaryDiagnostic (19.24s)
PASS
