whisper_init_from_file_with_params_no_state: loading model from '/var/home/agent/workspace/projects/whisper-stt/models/ggml-large-v3-turbo-q5_0.bin'
whisper_init_with_params_no_state: use gpu    = 1
whisper_init_with_params_no_state: flash attn = 1
whisper_init_with_params_no_state: gpu_device = 0
whisper_init_with_params_no_state: dtw        = 0
ggml_vulkan: Found 1 Vulkan devices:
ggml_vulkan: 0 = Intel(R) Iris(R) Xe Graphics (RPL-P) (Intel open-source Mesa driver) | uma: 1 | fp16: 1 | bf16: 0 | fp4: 0 | warp size: 32 | shared memory: 49152 | int dot: 1 | matrix cores: none
whisper_init_with_params_no_state: devices    = 2
whisper_init_with_params_no_state: backends   = 2
whisper_model_load: loading model
whisper_model_load: n_vocab       = 51866
whisper_model_load: n_audio_ctx   = 1500
whisper_model_load: n_audio_state = 1280
whisper_model_load: n_audio_head  = 20
whisper_model_load: n_audio_layer = 32
whisper_model_load: n_text_ctx    = 448
whisper_model_load: n_text_state  = 1280
whisper_model_load: n_text_head   = 20
whisper_model_load: n_text_layer  = 4
whisper_model_load: n_mels        = 128
whisper_model_load: ftype         = 8
whisper_model_load: qntvr         = 2
whisper_model_load: type          = 5 (large v3)
whisper_model_load: adding 1609 extra tokens
whisper_model_load: n_langs       = 100
whisper_model_load:      Vulkan0 total size =   573.40 MB
whisper_model_load: model size    =  573.40 MB
whisper_backend_init_gpu: device 0: Vulkan0 (type: 2)
whisper_backend_init_gpu: found GPU device 0: Vulkan0 (type: 2, cnt: 0)
whisper_backend_init_gpu: using Vulkan0 backend
whisper_init_state: kv self size  =   10.49 MB
whisper_init_state: kv cross size =   31.46 MB
whisper_init_state: kv pad  size  =    7.86 MB
whisper_init_state: compute buffer (conv)   =   37.69 MB
whisper_init_state: compute buffer (encode) =   55.35 MB
whisper_init_state: compute buffer (cross)  =   39.99 MB
whisper_init_state: compute buffer (decode) =  100.04 MB
ORIGINAL_PREFIX count=0 ids= eot=-inf ts503=-7.14786 ts515=-7.243 thank=-7.96217
ORIGINAL_PREFIX count=1 ids=50365, eot=2.19437 ts503=0.0122278 ts515=-0.0757623 thank=4.55858
ORIGINAL_PREFIX count=2 ids=50365,400, eot=6.07968 ts503=2.6737 ts515=5.44769 thank=4.25049
ORIGINAL_PREFIX count=3 ids=50365,400,370, eot=7.17161 ts503=3.70117 ts515=4.60019 thank=4.54406
ORIGINAL_PREFIX count=4 ids=50365,400,370,11, eot=0.066604 ts503=-2.91306 ts515=-1.61213 thank=-2.05732
ORIGINAL_PREFIX count=5 ids=50365,400,370,11,452, eot=0.95291 ts503=-2.36132 ts515=-2.30714 thank=-0.461086
ORIGINAL_PREFIX count=6 ids=50365,400,370,11,452,7177, eot=-1.01574 ts503=-3.29603 ts515=-1.55362 thank=-2.38187
ORIGINAL_PREFIX count=7 ids=50365,400,370,11,452,7177,6280, eot=-0.113213 ts503=-0.599342 ts515=-1.66632 thank=0.449097
ORIGINAL_PREFIX count=8 ids=50365,400,370,11,452,7177,6280,11, eot=-2.56706 ts503=-3.59762 ts515=-4.64797 thank=-3.47202
ORIGINAL_PREFIX count=9 ids=50365,400,370,11,452,7177,6280,11,1029, eot=0.455047 ts503=-2.43453 ts515=-0.554523 thank=-1.07892
ORIGINAL_PREFIX count=10 ids=50365,400,370,11,452,7177,6280,11,1029,406, eot=1.78932 ts503=-1.56696 ts515=-2.6732 thank=-1.20988
ORIGINAL_PREFIX count=11 ids=50365,400,370,11,452,7177,6280,11,1029,406,437, eot=3.37431 ts503=-1.03026 ts515=0.319905 thank=0.981238
ORIGINAL_PREFIX count=12 ids=50365,400,370,11,452,7177,6280,11,1029,406,437,428, eot=-0.273553 ts503=-1.96629 ts515=-3.46132 thank=-0.716873
ORIGINAL_PREFIX count=13 ids=50365,400,370,11,452,7177,6280,11,1029,406,437,428,1941, eot=3.38213 ts503=2.90494 ts515=0.724619 thank=0.144573
ORIGINAL_PREFIX count=14 ids=50365,400,370,11,452,7177,6280,11,1029,406,437,428,1941,393, eot=4.88202 ts503=3.00875 ts515=4.94305 thank=1.484
ORIGINAL_PREFIX count=15 ids=50365,400,370,11,452,7177,6280,11,1029,406,437,428,1941,393,360, eot=5.67743 ts503=1.66007 ts515=3.56531 thank=2.87516
ORIGINAL_PREFIX count=16 ids=50365,400,370,11,452,7177,6280,11,1029,406,437,428,1941,393,360,337, eot=5.74019 ts503=2.83846 ts515=3.41268 thank=3.51331
ORIGINAL_PREFIX count=17 ids=50365,400,370,11,452,7177,6280,11,1029,406,437,428,1941,393,360,337,291, eot=4.32082 ts503=1.98217 ts515=0.640835 thank=2.38274
ORIGINAL_PREFIX count=18 ids=50365,400,370,11,452,7177,6280,11,1029,406,437,428,1941,393,360,337,291,11, eot=0.888537 ts503=-0.884366 ts515=-2.3428 thank=-0.798545
ORIGINAL_PREFIX count=19 ids=50365,400,370,11,452,7177,6280,11,1029,406,437,428,1941,393,360,337,291,11,1029, eot=3.77192 ts503=2.92269 ts515=4.43466 thank=0.562463
ORIGINAL_PREFIX count=20 ids=50365,400,370,11,452,7177,6280,11,1029,406,437,428,1941,393,360,337,291,11,1029,437, eot=3.56014 ts503=2.16781 ts515=3.79612 thank=1.48969
ORIGINAL_PREFIX count=21 ids=50365,400,370,11,452,7177,6280,11,1029,406,437,428,1941,393,360,337,291,11,1029,437,291, eot=4.20287 ts503=3.77625 ts515=3.22074 thank=0.376528
ORIGINAL_PREFIX count=22 ids=50365,400,370,11,452,7177,6280,11,1029,406,437,428,1941,393,360,337,291,11,1029,437,291,393, eot=4.62841 ts503=5.19673 ts515=3.22205 thank=-0.0914207
ORIGINAL_PREFIX count=23 ids=50365,400,370,11,452,7177,6280,11,1029,406,437,428,1941,393,360,337,291,11,1029,437,291,393,360, eot=4.80224 ts503=6.75361 ts515=7.08347 thank=1.13965
ORIGINAL_PREFIX count=24 ids=50365,400,370,11,452,7177,6280,11,1029,406,437,428,1941,393,360,337,291,11,1029,437,291,393,360,337, eot=5.63659 ts503=8.38608 ts515=6.37699 thank=2.25072
ORIGINAL_PREFIX count=25 ids=50365,400,370,11,452,7177,6280,11,1029,406,437,428,1941,393,360,337,291,11,1029,437,291,393,360,337,428, eot=1.07645 ts503=6.01832 ts515=5.56482 thank=1.16802
ORIGINAL_PREFIX count=26 ids=50365,400,370,11,452,7177,6280,11,1029,406,437,428,1941,393,360,337,291,11,1029,437,291,393,360,337,428,1941, eot=2.51269 ts503=4.42999 ts515=9.83337 thank=1.88298
ORIGINAL_PREFIX count=27 ids=50365,400,370,11,452,7177,6280,11,1029,406,437,428,1941,393,360,337,291,11,1029,437,291,393,360,337,428,1941,13, eot=0.183715 ts503=12.4228 ts515=11.4767 thank=3.92197
ORIGINAL_PREFIX count=28 ids=50365,400,370,11,452,7177,6280,11,1029,406,437,428,1941,393,360,337,291,11,1029,437,291,393,360,337,428,1941,13,50868, eot=10.9662 ts503=10.677 ts515=4.205 thank=-3.03665
ORIGINAL_REQUEST repeat=0 seconds=4.40621 segments=1
ORIGINAL_PREFIX count=0 ids= eot=-inf ts503=-7.14786 ts515=-7.243 thank=-7.96217
ORIGINAL_PREFIX count=1 ids=50365, eot=2.19437 ts503=0.0122278 ts515=-0.0757623 thank=4.55858
ORIGINAL_PREFIX count=2 ids=50365,400, eot=6.07968 ts503=2.6737 ts515=5.44769 thank=4.25049
ORIGINAL_PREFIX count=3 ids=50365,400,370, eot=7.17161 ts503=3.70117 ts515=4.60019 thank=4.54406
ORIGINAL_PREFIX count=4 ids=50365,400,370,11, eot=0.066604 ts503=-2.91306 ts515=-1.61213 thank=-2.05732
ORIGINAL_PREFIX count=5 ids=50365,400,370,11,452, eot=0.95291 ts503=-2.36132 ts515=-2.30714 thank=-0.461086
ORIGINAL_PREFIX count=6 ids=50365,400,370,11,452,7177, eot=-1.01574 ts503=-3.29603 ts515=-1.55362 thank=-2.38187
ORIGINAL_PREFIX count=7 ids=50365,400,370,11,452,7177,6280, eot=-0.113213 ts503=-0.599342 ts515=-1.66632 thank=0.449097
ORIGINAL_PREFIX count=8 ids=50365,400,370,11,452,7177,6280,11, eot=-2.56706 ts503=-3.59762 ts515=-4.64797 thank=-3.47202
ORIGINAL_PREFIX count=9 ids=50365,400,370,11,452,7177,6280,11,1029, eot=0.455047 ts503=-2.43453 ts515=-0.554523 thank=-1.07892
ORIGINAL_PREFIX count=10 ids=50365,400,370,11,452,7177,6280,11,1029,406, eot=1.78932 ts503=-1.56696 ts515=-2.6732 thank=-1.20988
ORIGINAL_PREFIX count=11 ids=50365,400,370,11,452,7177,6280,11,1029,406,437, eot=3.37431 ts503=-1.03026 ts515=0.319905 thank=0.981238
ORIGINAL_PREFIX count=12 ids=50365,400,370,11,452,7177,6280,11,1029,406,437,428, eot=-0.273553 ts503=-1.96629 ts515=-3.46132 thank=-0.716873
ORIGINAL_PREFIX count=13 ids=50365,400,370,11,452,7177,6280,11,1029,406,437,428,1941, eot=3.38213 ts503=2.90494 ts515=0.724619 thank=0.144573
ORIGINAL_PREFIX count=14 ids=50365,400,370,11,452,7177,6280,11,1029,406,437,428,1941,393, eot=4.88202 ts503=3.00875 ts515=4.94305 thank=1.484
ORIGINAL_PREFIX count=15 ids=50365,400,370,11,452,7177,6280,11,1029,406,437,428,1941,393,360, eot=5.67743 ts503=1.66007 ts515=3.56531 thank=2.87516
ORIGINAL_PREFIX count=16 ids=50365,400,370,11,452,7177,6280,11,1029,406,437,428,1941,393,360,337, eot=5.74019 ts503=2.83846 ts515=3.41268 thank=3.51331
ORIGINAL_PREFIX count=17 ids=50365,400,370,11,452,7177,6280,11,1029,406,437,428,1941,393,360,337,291, eot=4.32082 ts503=1.98217 ts515=0.640835 thank=2.38274
ORIGINAL_PREFIX count=18 ids=50365,400,370,11,452,7177,6280,11,1029,406,437,428,1941,393,360,337,291,11, eot=0.888537 ts503=-0.884366 ts515=-2.3428 thank=-0.798545
ORIGINAL_PREFIX count=19 ids=50365,400,370,11,452,7177,6280,11,1029,406,437,428,1941,393,360,337,291,11,1029, eot=3.77192 ts503=2.92269 ts515=4.43466 thank=0.562463
ORIGINAL_PREFIX count=20 ids=50365,400,370,11,452,7177,6280,11,1029,406,437,428,1941,393,360,337,291,11,1029,437, eot=3.56014 ts503=2.16781 ts515=3.79612 thank=1.48969
ORIGINAL_PREFIX count=21 ids=50365,400,370,11,452,7177,6280,11,1029,406,437,428,1941,393,360,337,291,11,1029,437,291, eot=4.20287 ts503=3.77625 ts515=3.22074 thank=0.376528
ORIGINAL_PREFIX count=22 ids=50365,400,370,11,452,7177,6280,11,1029,406,437,428,1941,393,360,337,291,11,1029,437,291,393, eot=4.62841 ts503=5.19673 ts515=3.22205 thank=-0.0914207
ORIGINAL_PREFIX count=23 ids=50365,400,370,11,452,7177,6280,11,1029,406,437,428,1941,393,360,337,291,11,1029,437,291,393,360, eot=4.80224 ts503=6.75361 ts515=7.08347 thank=1.13965
ORIGINAL_PREFIX count=24 ids=50365,400,370,11,452,7177,6280,11,1029,406,437,428,1941,393,360,337,291,11,1029,437,291,393,360,337, eot=5.63659 ts503=8.38608 ts515=6.37699 thank=2.25072
ORIGINAL_PREFIX count=25 ids=50365,400,370,11,452,7177,6280,11,1029,406,437,428,1941,393,360,337,291,11,1029,437,291,393,360,337,428, eot=1.07645 ts503=6.01832 ts515=5.56482 thank=1.16802
ORIGINAL_PREFIX count=26 ids=50365,400,370,11,452,7177,6280,11,1029,406,437,428,1941,393,360,337,291,11,1029,437,291,393,360,337,428,1941, eot=2.51269 ts503=4.42999 ts515=9.83337 thank=1.88298
ORIGINAL_PREFIX count=27 ids=50365,400,370,11,452,7177,6280,11,1029,406,437,428,1941,393,360,337,291,11,1029,437,291,393,360,337,428,1941,13, eot=0.183715 ts503=12.4228 ts515=11.4767 thank=3.92197
ORIGINAL_PREFIX count=28 ids=50365,400,370,11,452,7177,6280,11,1029,406,437,428,1941,393,360,337,291,11,1029,437,291,393,360,337,428,1941,13,50868, eot=10.9662 ts503=10.677 ts515=4.205 thank=-3.03665
ORIGINAL_REQUEST repeat=1 seconds=3.08097 segments=1
ORIGINAL_PREFIX count=0 ids= eot=-inf ts503=-7.14786 ts515=-7.243 thank=-7.96217
ORIGINAL_PREFIX count=1 ids=50365, eot=2.19437 ts503=0.0122278 ts515=-0.0757623 thank=4.55858
ORIGINAL_PREFIX count=2 ids=50365,400, eot=6.07968 ts503=2.6737 ts515=5.44769 thank=4.25049
ORIGINAL_PREFIX count=3 ids=50365,400,370, eot=7.17161 ts503=3.70117 ts515=4.60019 thank=4.54406
ORIGINAL_PREFIX count=4 ids=50365,400,370,11, eot=0.066604 ts503=-2.91306 ts515=-1.61213 thank=-2.05732
ORIGINAL_PREFIX count=5 ids=50365,400,370,11,452, eot=0.95291 ts503=-2.36132 ts515=-2.30714 thank=-0.461086
ORIGINAL_PREFIX count=6 ids=50365,400,370,11,452,7177, eot=-1.01574 ts503=-3.29603 ts515=-1.55362 thank=-2.38187
ORIGINAL_PREFIX count=7 ids=50365,400,370,11,452,7177,6280, eot=-0.113213 ts503=-0.599342 ts515=-1.66632 thank=0.449097
ORIGINAL_PREFIX count=8 ids=50365,400,370,11,452,7177,6280,11, eot=-2.56706 ts503=-3.59762 ts515=-4.64797 thank=-3.47202
ORIGINAL_PREFIX count=9 ids=50365,400,370,11,452,7177,6280,11,1029, eot=0.455047 ts503=-2.43453 ts515=-0.554523 thank=-1.07892
ORIGINAL_PREFIX count=10 ids=50365,400,370,11,452,7177,6280,11,1029,406, eot=1.78932 ts503=-1.56696 ts515=-2.6732 thank=-1.20988
ORIGINAL_PREFIX count=11 ids=50365,400,370,11,452,7177,6280,11,1029,406,437, eot=3.37431 ts503=-1.03026 ts515=0.319905 thank=0.981238
ORIGINAL_PREFIX count=12 ids=50365,400,370,11,452,7177,6280,11,1029,406,437,428, eot=-0.273553 ts503=-1.96629 ts515=-3.46132 thank=-0.716873
ORIGINAL_PREFIX count=13 ids=50365,400,370,11,452,7177,6280,11,1029,406,437,428,1941, eot=3.38213 ts503=2.90494 ts515=0.724619 thank=0.144573
ORIGINAL_PREFIX count=14 ids=50365,400,370,11,452,7177,6280,11,1029,406,437,428,1941,393, eot=4.88202 ts503=3.00875 ts515=4.94305 thank=1.484
ORIGINAL_PREFIX count=15 ids=50365,400,370,11,452,7177,6280,11,1029,406,437,428,1941,393,360, eot=5.67743 ts503=1.66007 ts515=3.56531 thank=2.87516
ORIGINAL_PREFIX count=16 ids=50365,400,370,11,452,7177,6280,11,1029,406,437,428,1941,393,360,337, eot=5.74019 ts503=2.83846 ts515=3.41268 thank=3.51331
ORIGINAL_PREFIX count=17 ids=50365,400,370,11,452,7177,6280,11,1029,406,437,428,1941,393,360,337,291, eot=4.32082 ts503=1.98217 ts515=0.640835 thank=2.38274
ORIGINAL_PREFIX count=18 ids=50365,400,370,11,452,7177,6280,11,1029,406,437,428,1941,393,360,337,291,11, eot=0.888537 ts503=-0.884366 ts515=-2.3428 thank=-0.798545
ORIGINAL_PREFIX count=19 ids=50365,400,370,11,452,7177,6280,11,1029,406,437,428,1941,393,360,337,291,11,1029, eot=3.77192 ts503=2.92269 ts515=4.43466 thank=0.562463
ORIGINAL_PREFIX count=20 ids=50365,400,370,11,452,7177,6280,11,1029,406,437,428,1941,393,360,337,291,11,1029,437, eot=3.56014 ts503=2.16781 ts515=3.79612 thank=1.48969
ORIGINAL_PREFIX count=21 ids=50365,400,370,11,452,7177,6280,11,1029,406,437,428,1941,393,360,337,291,11,1029,437,291, eot=4.20287 ts503=3.77625 ts515=3.22074 thank=0.376528
ORIGINAL_PREFIX count=22 ids=50365,400,370,11,452,7177,6280,11,1029,406,437,428,1941,393,360,337,291,11,1029,437,291,393, eot=4.62841 ts503=5.19673 ts515=3.22205 thank=-0.0914207
ORIGINAL_PREFIX count=23 ids=50365,400,370,11,452,7177,6280,11,1029,406,437,428,1941,393,360,337,291,11,1029,437,291,393,360, eot=4.80224 ts503=6.75361 ts515=7.08347 thank=1.13965
ORIGINAL_PREFIX count=24 ids=50365,400,370,11,452,7177,6280,11,1029,406,437,428,1941,393,360,337,291,11,1029,437,291,393,360,337, eot=5.63659 ts503=8.38608 ts515=6.37699 thank=2.25072
ORIGINAL_PREFIX count=25 ids=50365,400,370,11,452,7177,6280,11,1029,406,437,428,1941,393,360,337,291,11,1029,437,291,393,360,337,428, eot=1.07645 ts503=6.01832 ts515=5.56482 thank=1.16802
ORIGINAL_PREFIX count=26 ids=50365,400,370,11,452,7177,6280,11,1029,406,437,428,1941,393,360,337,291,11,1029,437,291,393,360,337,428,1941, eot=2.51269 ts503=4.42999 ts515=9.83337 thank=1.88298
ORIGINAL_PREFIX count=27 ids=50365,400,370,11,452,7177,6280,11,1029,406,437,428,1941,393,360,337,291,11,1029,437,291,393,360,337,428,1941,13, eot=0.183715 ts503=12.4228 ts515=11.4767 thank=3.92197
ORIGINAL_PREFIX count=28 ids=50365,400,370,11,452,7177,6280,11,1029,406,437,428,1941,393,360,337,291,11,1029,437,291,393,360,337,428,1941,13,50868, eot=10.9662 ts503=10.677 ts515=4.205 thank=-3.03665
ORIGINAL_REQUEST repeat=2 seconds=2.99915 segments=1
ORIGINAL_PREFIX count=0 ids= eot=-inf ts503=-7.14786 ts515=-7.243 thank=-7.96217
ORIGINAL_PREFIX count=1 ids=50365, eot=2.19437 ts503=0.0122278 ts515=-0.0757623 thank=4.55858
ORIGINAL_PREFIX count=2 ids=50365,400, eot=6.07968 ts503=2.6737 ts515=5.44769 thank=4.25049
ORIGINAL_PREFIX count=3 ids=50365,400,370, eot=7.17161 ts503=3.70117 ts515=4.60019 thank=4.54406
ORIGINAL_PREFIX count=4 ids=50365,400,370,11, eot=0.066604 ts503=-2.91306 ts515=-1.61213 thank=-2.05732
ORIGINAL_PREFIX count=5 ids=50365,400,370,11,452, eot=0.95291 ts503=-2.36132 ts515=-2.30714 thank=-0.461086
ORIGINAL_PREFIX count=6 ids=50365,400,370,11,452,7177, eot=-1.01574 ts503=-3.29603 ts515=-1.55362 thank=-2.38187
ORIGINAL_PREFIX count=7 ids=50365,400,370,11,452,7177,6280, eot=-0.113213 ts503=-0.599342 ts515=-1.66632 thank=0.449097
ORIGINAL_PREFIX count=8 ids=50365,400,370,11,452,7177,6280,11, eot=-2.56706 ts503=-3.59762 ts515=-4.64797 thank=-3.47202
ORIGINAL_PREFIX count=9 ids=50365,400,370,11,452,7177,6280,11,1029, eot=0.455047 ts503=-2.43453 ts515=-0.554523 thank=-1.07892
ORIGINAL_PREFIX count=10 ids=50365,400,370,11,452,7177,6280,11,1029,406, eot=1.78932 ts503=-1.56696 ts515=-2.6732 thank=-1.20988
ORIGINAL_PREFIX count=11 ids=50365,400,370,11,452,7177,6280,11,1029,406,437, eot=3.37431 ts503=-1.03026 ts515=0.319905 thank=0.981238
ORIGINAL_PREFIX count=12 ids=50365,400,370,11,452,7177,6280,11,1029,406,437,428, eot=-0.273553 ts503=-1.96629 ts515=-3.46132 thank=-0.716873
ORIGINAL_PREFIX count=13 ids=50365,400,370,11,452,7177,6280,11,1029,406,437,428,1941, eot=3.38213 ts503=2.90494 ts515=0.724619 thank=0.144573
ORIGINAL_PREFIX count=14 ids=50365,400,370,11,452,7177,6280,11,1029,406,437,428,1941,393, eot=4.88202 ts503=3.00875 ts515=4.94305 thank=1.484
ORIGINAL_PREFIX count=15 ids=50365,400,370,11,452,7177,6280,11,1029,406,437,428,1941,393,360, eot=5.67743 ts503=1.66007 ts515=3.56531 thank=2.87516
ORIGINAL_PREFIX count=16 ids=50365,400,370,11,452,7177,6280,11,1029,406,437,428,1941,393,360,337, eot=5.74019 ts503=2.83846 ts515=3.41268 thank=3.51331
ORIGINAL_PREFIX count=17 ids=50365,400,370,11,452,7177,6280,11,1029,406,437,428,1941,393,360,337,291, eot=4.32082 ts503=1.98217 ts515=0.640835 thank=2.38274
ORIGINAL_PREFIX count=18 ids=50365,400,370,11,452,7177,6280,11,1029,406,437,428,1941,393,360,337,291,11, eot=0.888537 ts503=-0.884366 ts515=-2.3428 thank=-0.798545
ORIGINAL_PREFIX count=19 ids=50365,400,370,11,452,7177,6280,11,1029,406,437,428,1941,393,360,337,291,11,1029, eot=3.77192 ts503=2.92269 ts515=4.43466 thank=0.562463
ORIGINAL_PREFIX count=20 ids=50365,400,370,11,452,7177,6280,11,1029,406,437,428,1941,393,360,337,291,11,1029,437, eot=3.56014 ts503=2.16781 ts515=3.79612 thank=1.48969
ORIGINAL_PREFIX count=21 ids=50365,400,370,11,452,7177,6280,11,1029,406,437,428,1941,393,360,337,291,11,1029,437,291, eot=4.20287 ts503=3.77625 ts515=3.22074 thank=0.376528
ORIGINAL_PREFIX count=22 ids=50365,400,370,11,452,7177,6280,11,1029,406,437,428,1941,393,360,337,291,11,1029,437,291,393, eot=4.62841 ts503=5.19673 ts515=3.22205 thank=-0.0914207
ORIGINAL_PREFIX count=23 ids=50365,400,370,11,452,7177,6280,11,1029,406,437,428,1941,393,360,337,291,11,1029,437,291,393,360, eot=4.80224 ts503=6.75361 ts515=7.08347 thank=1.13965
ORIGINAL_PREFIX count=24 ids=50365,400,370,11,452,7177,6280,11,1029,406,437,428,1941,393,360,337,291,11,1029,437,291,393,360,337, eot=5.63659 ts503=8.38608 ts515=6.37699 thank=2.25072
ORIGINAL_PREFIX count=25 ids=50365,400,370,11,452,7177,6280,11,1029,406,437,428,1941,393,360,337,291,11,1029,437,291,393,360,337,428, eot=1.07645 ts503=6.01832 ts515=5.56482 thank=1.16802
ORIGINAL_PREFIX count=26 ids=50365,400,370,11,452,7177,6280,11,1029,406,437,428,1941,393,360,337,291,11,1029,437,291,393,360,337,428,1941, eot=2.51269 ts503=4.42999 ts515=9.83337 thank=1.88298
ORIGINAL_PREFIX count=27 ids=50365,400,370,11,452,7177,6280,11,1029,406,437,428,1941,393,360,337,291,11,1029,437,291,393,360,337,428,1941,13, eot=0.183715 ts503=12.4228 ts515=11.4767 thank=3.92197
ORIGINAL_PREFIX count=28 ids=50365,400,370,11,452,7177,6280,11,1029,406,437,428,1941,393,360,337,291,11,1029,437,291,393,360,337,428,1941,13,50868, eot=10.9662 ts503=10.677 ts515=4.205 thank=-3.03665
ORIGINAL_REQUEST repeat=3 seconds=3.00338 segments=1
ORIGINAL_PREFIX count=0 ids= eot=-inf ts503=-7.14786 ts515=-7.243 thank=-7.96217
ORIGINAL_PREFIX count=1 ids=50365, eot=2.19437 ts503=0.0122278 ts515=-0.0757623 thank=4.55858
ORIGINAL_PREFIX count=2 ids=50365,400, eot=6.07968 ts503=2.6737 ts515=5.44769 thank=4.25049
ORIGINAL_PREFIX count=3 ids=50365,400,370, eot=7.17161 ts503=3.70117 ts515=4.60019 thank=4.54406
ORIGINAL_PREFIX count=4 ids=50365,400,370,11, eot=0.066604 ts503=-2.91306 ts515=-1.61213 thank=-2.05732
ORIGINAL_PREFIX count=5 ids=50365,400,370,11,452, eot=0.95291 ts503=-2.36132 ts515=-2.30714 thank=-0.461086
ORIGINAL_PREFIX count=6 ids=50365,400,370,11,452,7177, eot=-1.01574 ts503=-3.29603 ts515=-1.55362 thank=-2.38187
ORIGINAL_PREFIX count=7 ids=50365,400,370,11,452,7177,6280, eot=-0.113213 ts503=-0.599342 ts515=-1.66632 thank=0.449097
ORIGINAL_PREFIX count=8 ids=50365,400,370,11,452,7177,6280,11, eot=-2.56706 ts503=-3.59762 ts515=-4.64797 thank=-3.47202
ORIGINAL_PREFIX count=9 ids=50365,400,370,11,452,7177,6280,11,1029, eot=0.455047 ts503=-2.43453 ts515=-0.554523 thank=-1.07892
ORIGINAL_PREFIX count=10 ids=50365,400,370,11,452,7177,6280,11,1029,406, eot=1.78932 ts503=-1.56696 ts515=-2.6732 thank=-1.20988
ORIGINAL_PREFIX count=11 ids=50365,400,370,11,452,7177,6280,11,1029,406,437, eot=3.37431 ts503=-1.03026 ts515=0.319905 thank=0.981238
ORIGINAL_PREFIX count=12 ids=50365,400,370,11,452,7177,6280,11,1029,406,437,428, eot=-0.273553 ts503=-1.96629 ts515=-3.46132 thank=-0.716873
ORIGINAL_PREFIX count=13 ids=50365,400,370,11,452,7177,6280,11,1029,406,437,428,1941, eot=3.38213 ts503=2.90494 ts515=0.724619 thank=0.144573
ORIGINAL_PREFIX count=14 ids=50365,400,370,11,452,7177,6280,11,1029,406,437,428,1941,393, eot=4.88202 ts503=3.00875 ts515=4.94305 thank=1.484
ORIGINAL_PREFIX count=15 ids=50365,400,370,11,452,7177,6280,11,1029,406,437,428,1941,393,360, eot=5.67743 ts503=1.66007 ts515=3.56531 thank=2.87516
ORIGINAL_PREFIX count=16 ids=50365,400,370,11,452,7177,6280,11,1029,406,437,428,1941,393,360,337, eot=5.74019 ts503=2.83846 ts515=3.41268 thank=3.51331
ORIGINAL_PREFIX count=17 ids=50365,400,370,11,452,7177,6280,11,1029,406,437,428,1941,393,360,337,291, eot=4.32082 ts503=1.98217 ts515=0.640835 thank=2.38274
ORIGINAL_PREFIX count=18 ids=50365,400,370,11,452,7177,6280,11,1029,406,437,428,1941,393,360,337,291,11, eot=0.888537 ts503=-0.884366 ts515=-2.3428 thank=-0.798545
ORIGINAL_PREFIX count=19 ids=50365,400,370,11,452,7177,6280,11,1029,406,437,428,1941,393,360,337,291,11,1029, eot=3.77192 ts503=2.92269 ts515=4.43466 thank=0.562463
ORIGINAL_PREFIX count=20 ids=50365,400,370,11,452,7177,6280,11,1029,406,437,428,1941,393,360,337,291,11,1029,437, eot=3.56014 ts503=2.16781 ts515=3.79612 thank=1.48969
ORIGINAL_PREFIX count=21 ids=50365,400,370,11,452,7177,6280,11,1029,406,437,428,1941,393,360,337,291,11,1029,437,291, eot=4.20287 ts503=3.77625 ts515=3.22074 thank=0.376528
ORIGINAL_PREFIX count=22 ids=50365,400,370,11,452,7177,6280,11,1029,406,437,428,1941,393,360,337,291,11,1029,437,291,393, eot=4.62841 ts503=5.19673 ts515=3.22205 thank=-0.0914207
ORIGINAL_PREFIX count=23 ids=50365,400,370,11,452,7177,6280,11,1029,406,437,428,1941,393,360,337,291,11,1029,437,291,393,360, eot=4.80224 ts503=6.75361 ts515=7.08347 thank=1.13965
ORIGINAL_PREFIX count=24 ids=50365,400,370,11,452,7177,6280,11,1029,406,437,428,1941,393,360,337,291,11,1029,437,291,393,360,337, eot=5.63659 ts503=8.38608 ts515=6.37699 thank=2.25072
ORIGINAL_PREFIX count=25 ids=50365,400,370,11,452,7177,6280,11,1029,406,437,428,1941,393,360,337,291,11,1029,437,291,393,360,337,428, eot=1.07645 ts503=6.01832 ts515=5.56482 thank=1.16802
ORIGINAL_PREFIX count=26 ids=50365,400,370,11,452,7177,6280,11,1029,406,437,428,1941,393,360,337,291,11,1029,437,291,393,360,337,428,1941, eot=2.51269 ts503=4.42999 ts515=9.83337 thank=1.88298
ORIGINAL_PREFIX count=27 ids=50365,400,370,11,452,7177,6280,11,1029,406,437,428,1941,393,360,337,291,11,1029,437,291,393,360,337,428,1941,13, eot=0.183715 ts503=12.4228 ts515=11.4767 thank=3.92197
ORIGINAL_PREFIX count=28 ids=50365,400,370,11,452,7177,6280,11,1029,406,437,428,1941,393,360,337,291,11,1029,437,291,393,360,337,428,1941,13,50868, eot=10.9662 ts503=10.677 ts515=4.205 thank=-3.03665
ORIGINAL_REQUEST repeat=4 seconds=3.00886 segments=1
ORIGINAL_PROCESS seconds=16.834371387 status=0 expired=false
