whisper_init_from_file_with_params_no_state: loading model from '/var/home/agent/workspace/projects/whisper-stt/models/ggml-large-v3-turbo-q5_0.bin'
whisper_init_with_params_no_state: use gpu    = 1
whisper_init_with_params_no_state: flash attn = 1
whisper_init_with_params_no_state: gpu_device = 0
whisper_init_with_params_no_state: dtw        = 0
ggml_vulkan: Found 1 Vulkan devices:
ggml_vulkan: 0 = Intel(R) Iris(R) Xe Graphics (RPL-P) (Intel open-source Mesa driver) | uma: 1 | fp16: 0 | bf16: 0 | fp4: 0 | warp size: 32 | shared memory: 49152 | int dot: 0 | matrix cores: none
whisper_init_with_params_no_state: devices    = 2
whisper_init_with_params_no_state: backends   = 2
whisper_model_load: loading model
whisper_model_load: n_vocab       = 51866
whisper_model_load: n_audio_ctx   = 1500
whisper_model_load: n_audio_state = 1280
whisper_model_load: n_audio_head  = 20
whisper_model_load: n_audio_layer = 32
whisper_model_load: n_text_ctx    = 448
whisper_model_load: n_text_state  = 1280
whisper_model_load: n_text_head   = 20
whisper_model_load: n_text_layer  = 4
whisper_model_load: n_mels        = 128
whisper_model_load: ftype         = 8
whisper_model_load: qntvr         = 2
whisper_model_load: type          = 5 (large v3)
whisper_model_load: adding 1609 extra tokens
whisper_model_load: n_langs       = 100
whisper_model_load:      Vulkan0 total size =   573.40 MB
whisper_model_load: model size    =  573.40 MB
whisper_backend_init_gpu: device 0: Vulkan0 (type: 2)
whisper_backend_init_gpu: found GPU device 0: Vulkan0 (type: 2, cnt: 0)
whisper_backend_init_gpu: using Vulkan0 backend
whisper_init_state: kv self size  =   10.49 MB
whisper_init_state: kv cross size =   31.46 MB
whisper_init_state: kv pad  size  =    7.86 MB
whisper_init_state: compute buffer (conv)   =   37.69 MB
whisper_init_state: compute buffer (encode) =   55.35 MB
whisper_init_state: compute buffer (cross)  =   39.99 MB
whisper_init_state: compute buffer (decode) =  100.04 MB
ORIGINAL_PREFIX count=0 ids= eot=-inf ts503=-7.16434 ts515=-7.26642 thank=-7.95952
ORIGINAL_PREFIX count=1 ids=50365, eot=2.32553 ts503=-0.0186522 ts515=-0.0900466 thank=4.62254
ORIGINAL_PREFIX count=2 ids=50365,400, eot=6.10668 ts503=2.65752 ts515=5.4409 thank=4.28873
ORIGINAL_PREFIX count=3 ids=50365,400,370, eot=7.15368 ts503=3.65943 ts515=4.54515 thank=4.51735
ORIGINAL_PREFIX count=4 ids=50365,400,370,11, eot=0.0909091 ts503=-2.96241 ts515=-1.65379 thank=-2.0614
ORIGINAL_PREFIX count=5 ids=50365,400,370,11,452, eot=0.980825 ts503=-2.42023 ts515=-2.36778 thank=-0.504826
ORIGINAL_PREFIX count=6 ids=50365,400,370,11,452,7177, eot=-0.996804 ts503=-3.32905 ts515=-1.58637 thank=-2.39044
ORIGINAL_PREFIX count=7 ids=50365,400,370,11,452,7177,6280, eot=-0.0969428 ts503=-0.598247 ts515=-1.65793 thank=0.479398
ORIGINAL_PREFIX count=8 ids=50365,400,370,11,452,7177,6280,11, eot=-2.54796 ts503=-3.57765 ts515=-4.62855 thank=-3.45937
ORIGINAL_PREFIX count=9 ids=50365,400,370,11,452,7177,6280,11,1029, eot=0.436536 ts503=-2.45487 ts515=-0.573025 thank=-1.12279
ORIGINAL_PREFIX count=10 ids=50365,400,370,11,452,7177,6280,11,1029,406, eot=1.75641 ts503=-1.55488 ts515=-2.65097 thank=-1.21084
ORIGINAL_PREFIX count=11 ids=50365,400,370,11,452,7177,6280,11,1029,406,437, eot=3.37262 ts503=-1.03804 ts515=0.292339 thank=0.963131
ORIGINAL_PREFIX count=12 ids=50365,400,370,11,452,7177,6280,11,1029,406,437,428, eot=-0.234925 ts503=-1.97859 ts515=-3.4864 thank=-0.739995
ORIGINAL_PREFIX count=13 ids=50365,400,370,11,452,7177,6280,11,1029,406,437,428,1941, eot=3.40113 ts503=2.95602 ts515=0.78806 thank=0.152822
ORIGINAL_PREFIX count=14 ids=50365,400,370,11,452,7177,6280,11,1029,406,437,428,1941,393, eot=4.8842 ts503=3.09908 ts515=4.99028 thank=1.50415
ORIGINAL_PREFIX count=15 ids=50365,400,370,11,452,7177,6280,11,1029,406,437,428,1941,393,360, eot=5.76034 ts503=1.7118 ts515=3.66862 thank=2.92857
ORIGINAL_PREFIX count=16 ids=50365,400,370,11,452,7177,6280,11,1029,406,437,428,1941,393,360,337, eot=5.79107 ts503=2.85519 ts515=3.43781 thank=3.52855
ORIGINAL_PREFIX count=17 ids=50365,400,370,11,452,7177,6280,11,1029,406,437,428,1941,393,360,337,291, eot=4.34117 ts503=1.96535 ts515=0.622124 thank=2.41124
ORIGINAL_PREFIX count=18 ids=50365,400,370,11,452,7177,6280,11,1029,406,437,428,1941,393,360,337,291,11, eot=0.871649 ts503=-0.896282 ts515=-2.36147 thank=-0.826926
ORIGINAL_PREFIX count=19 ids=50365,400,370,11,452,7177,6280,11,1029,406,437,428,1941,393,360,337,291,11,1029, eot=3.73511 ts503=2.85828 ts515=4.39409 thank=0.53188
ORIGINAL_PREFIX count=20 ids=50365,400,370,11,452,7177,6280,11,1029,406,437,428,1941,393,360,337,291,11,1029,437, eot=3.57047 ts503=2.12587 ts515=3.74173 thank=1.50129
ORIGINAL_PREFIX count=21 ids=50365,400,370,11,452,7177,6280,11,1029,406,437,428,1941,393,360,337,291,11,1029,437,291, eot=4.12946 ts503=3.72231 ts515=3.12867 thank=0.264809
ORIGINAL_PREFIX count=22 ids=50365,400,370,11,452,7177,6280,11,1029,406,437,428,1941,393,360,337,291,11,1029,437,291,393, eot=4.63024 ts503=5.20467 ts515=3.14921 thank=0.0178069
ORIGINAL_PREFIX count=23 ids=50365,400,370,11,452,7177,6280,11,1029,406,437,428,1941,393,360,337,291,11,1029,437,291,393,360, eot=4.64025 ts503=6.75388 ts515=7.07515 thank=1.23315
ORIGINAL_PREFIX count=24 ids=50365,400,370,11,452,7177,6280,11,1029,406,437,428,1941,393,360,337,291,11,1029,437,291,393,360,337, eot=5.43102 ts503=8.34917 ts515=6.35931 thank=2.32067
ORIGINAL_PREFIX count=25 ids=50365,400,370,11,452,7177,6280,11,1029,406,437,428,1941,393,360,337,291,11,1029,437,291,393,360,337,428, eot=0.848241 ts503=5.78866 ts515=5.42244 thank=1.06637
ORIGINAL_PREFIX count=26 ids=50365,400,370,11,452,7177,6280,11,1029,406,437,428,1941,393,360,337,291,11,1029,437,291,393,360,337,428,1941, eot=2.51507 ts503=4.41706 ts515=9.69407 thank=1.85892
ORIGINAL_PREFIX count=27 ids=50365,400,370,11,452,7177,6280,11,1029,406,437,428,1941,393,360,337,291,11,1029,437,291,393,360,337,428,1941,13, eot=0.146434 ts503=12.325 ts515=11.3667 thank=3.90956
ORIGINAL_PREFIX count=28 ids=50365,400,370,11,452,7177,6280,11,1029,406,437,428,1941,393,360,337,291,11,1029,437,291,393,360,337,428,1941,13,50868, eot=10.9777 ts503=10.7465 ts515=4.26435 thank=-2.99791
ORIGINAL_REQUEST repeat=0 seconds=7.50602 segments=1
ORIGINAL_PREFIX count=0 ids= eot=-inf ts503=-7.16434 ts515=-7.26642 thank=-7.95952
ORIGINAL_PREFIX count=1 ids=50365, eot=2.32553 ts503=-0.0186522 ts515=-0.0900466 thank=4.62254
ORIGINAL_PREFIX count=2 ids=50365,400, eot=6.10668 ts503=2.65752 ts515=5.4409 thank=4.28873
ORIGINAL_PREFIX count=3 ids=50365,400,370, eot=7.15368 ts503=3.65943 ts515=4.54515 thank=4.51735
ORIGINAL_PREFIX count=4 ids=50365,400,370,11, eot=0.0909091 ts503=-2.96241 ts515=-1.65379 thank=-2.0614
ORIGINAL_PREFIX count=5 ids=50365,400,370,11,452, eot=0.980825 ts503=-2.42023 ts515=-2.36778 thank=-0.504826
ORIGINAL_PREFIX count=6 ids=50365,400,370,11,452,7177, eot=-0.996804 ts503=-3.32905 ts515=-1.58637 thank=-2.39044
ORIGINAL_PREFIX count=7 ids=50365,400,370,11,452,7177,6280, eot=-0.0969428 ts503=-0.598247 ts515=-1.65793 thank=0.479398
ORIGINAL_PREFIX count=8 ids=50365,400,370,11,452,7177,6280,11, eot=-2.54796 ts503=-3.57765 ts515=-4.62855 thank=-3.45937
ORIGINAL_PREFIX count=9 ids=50365,400,370,11,452,7177,6280,11,1029, eot=0.436536 ts503=-2.45487 ts515=-0.573025 thank=-1.12279
ORIGINAL_PREFIX count=10 ids=50365,400,370,11,452,7177,6280,11,1029,406, eot=1.75641 ts503=-1.55488 ts515=-2.65097 thank=-1.21084
ORIGINAL_PREFIX count=11 ids=50365,400,370,11,452,7177,6280,11,1029,406,437, eot=3.37262 ts503=-1.03804 ts515=0.292339 thank=0.963131
ORIGINAL_PREFIX count=12 ids=50365,400,370,11,452,7177,6280,11,1029,406,437,428, eot=-0.234925 ts503=-1.97859 ts515=-3.4864 thank=-0.739995
ORIGINAL_PREFIX count=13 ids=50365,400,370,11,452,7177,6280,11,1029,406,437,428,1941, eot=3.40113 ts503=2.95602 ts515=0.78806 thank=0.152822
ORIGINAL_PREFIX count=14 ids=50365,400,370,11,452,7177,6280,11,1029,406,437,428,1941,393, eot=4.8842 ts503=3.09908 ts515=4.99028 thank=1.50415
ORIGINAL_PREFIX count=15 ids=50365,400,370,11,452,7177,6280,11,1029,406,437,428,1941,393,360, eot=5.76034 ts503=1.7118 ts515=3.66862 thank=2.92857
ORIGINAL_PREFIX count=16 ids=50365,400,370,11,452,7177,6280,11,1029,406,437,428,1941,393,360,337, eot=5.79107 ts503=2.85519 ts515=3.43781 thank=3.52855
ORIGINAL_PREFIX count=17 ids=50365,400,370,11,452,7177,6280,11,1029,406,437,428,1941,393,360,337,291, eot=4.34117 ts503=1.96535 ts515=0.622124 thank=2.41124
ORIGINAL_PREFIX count=18 ids=50365,400,370,11,452,7177,6280,11,1029,406,437,428,1941,393,360,337,291,11, eot=0.871649 ts503=-0.896282 ts515=-2.36147 thank=-0.826926
ORIGINAL_PREFIX count=19 ids=50365,400,370,11,452,7177,6280,11,1029,406,437,428,1941,393,360,337,291,11,1029, eot=3.73511 ts503=2.85828 ts515=4.39409 thank=0.53188
ORIGINAL_PREFIX count=20 ids=50365,400,370,11,452,7177,6280,11,1029,406,437,428,1941,393,360,337,291,11,1029,437, eot=3.57047 ts503=2.12587 ts515=3.74173 thank=1.50129
ORIGINAL_PREFIX count=21 ids=50365,400,370,11,452,7177,6280,11,1029,406,437,428,1941,393,360,337,291,11,1029,437,291, eot=4.12946 ts503=3.72231 ts515=3.12867 thank=0.264809
ORIGINAL_PREFIX count=22 ids=50365,400,370,11,452,7177,6280,11,1029,406,437,428,1941,393,360,337,291,11,1029,437,291,393, eot=4.63024 ts503=5.20467 ts515=3.14921 thank=0.0178069
ORIGINAL_PREFIX count=23 ids=50365,400,370,11,452,7177,6280,11,1029,406,437,428,1941,393,360,337,291,11,1029,437,291,393,360, eot=4.64025 ts503=6.75388 ts515=7.07515 thank=1.23315
ORIGINAL_PREFIX count=24 ids=50365,400,370,11,452,7177,6280,11,1029,406,437,428,1941,393,360,337,291,11,1029,437,291,393,360,337, eot=5.43102 ts503=8.34917 ts515=6.35931 thank=2.32067
ORIGINAL_PREFIX count=25 ids=50365,400,370,11,452,7177,6280,11,1029,406,437,428,1941,393,360,337,291,11,1029,437,291,393,360,337,428, eot=0.848241 ts503=5.78866 ts515=5.42244 thank=1.06637
ORIGINAL_PREFIX count=26 ids=50365,400,370,11,452,7177,6280,11,1029,406,437,428,1941,393,360,337,291,11,1029,437,291,393,360,337,428,1941, eot=2.51507 ts503=4.41706 ts515=9.69407 thank=1.85892
ORIGINAL_PREFIX count=27 ids=50365,400,370,11,452,7177,6280,11,1029,406,437,428,1941,393,360,337,291,11,1029,437,291,393,360,337,428,1941,13, eot=0.146434 ts503=12.325 ts515=11.3667 thank=3.90956
ORIGINAL_PREFIX count=28 ids=50365,400,370,11,452,7177,6280,11,1029,406,437,428,1941,393,360,337,291,11,1029,437,291,393,360,337,428,1941,13,50868, eot=10.9777 ts503=10.7465 ts515=4.26435 thank=-2.99791
ORIGINAL_REQUEST repeat=1 seconds=4.32129 segments=1
ORIGINAL_PREFIX count=0 ids= eot=-inf ts503=-7.16434 ts515=-7.26642 thank=-7.95952
ORIGINAL_PREFIX count=1 ids=50365, eot=2.32553 ts503=-0.0186522 ts515=-0.0900466 thank=4.62254
ORIGINAL_PREFIX count=2 ids=50365,400, eot=6.10668 ts503=2.65752 ts515=5.4409 thank=4.28873
ORIGINAL_PREFIX count=3 ids=50365,400,370, eot=7.15368 ts503=3.65943 ts515=4.54515 thank=4.51735
ORIGINAL_PREFIX count=4 ids=50365,400,370,11, eot=0.0909091 ts503=-2.96241 ts515=-1.65379 thank=-2.0614
ORIGINAL_PREFIX count=5 ids=50365,400,370,11,452, eot=0.980825 ts503=-2.42023 ts515=-2.36778 thank=-0.504826
ORIGINAL_PREFIX count=6 ids=50365,400,370,11,452,7177, eot=-0.996804 ts503=-3.32905 ts515=-1.58637 thank=-2.39044
ORIGINAL_PREFIX count=7 ids=50365,400,370,11,452,7177,6280, eot=-0.0969428 ts503=-0.598247 ts515=-1.65793 thank=0.479398
ORIGINAL_PREFIX count=8 ids=50365,400,370,11,452,7177,6280,11, eot=-2.54796 ts503=-3.57765 ts515=-4.62855 thank=-3.45937
ORIGINAL_PREFIX count=9 ids=50365,400,370,11,452,7177,6280,11,1029, eot=0.436536 ts503=-2.45487 ts515=-0.573025 thank=-1.12279
ORIGINAL_PREFIX count=10 ids=50365,400,370,11,452,7177,6280,11,1029,406, eot=1.75641 ts503=-1.55488 ts515=-2.65097 thank=-1.21084
ORIGINAL_PREFIX count=11 ids=50365,400,370,11,452,7177,6280,11,1029,406,437, eot=3.37262 ts503=-1.03804 ts515=0.292339 thank=0.963131
ORIGINAL_PREFIX count=12 ids=50365,400,370,11,452,7177,6280,11,1029,406,437,428, eot=-0.234925 ts503=-1.97859 ts515=-3.4864 thank=-0.739995
ORIGINAL_PREFIX count=13 ids=50365,400,370,11,452,7177,6280,11,1029,406,437,428,1941, eot=3.40113 ts503=2.95602 ts515=0.78806 thank=0.152822
ORIGINAL_PREFIX count=14 ids=50365,400,370,11,452,7177,6280,11,1029,406,437,428,1941,393, eot=4.8842 ts503=3.09908 ts515=4.99028 thank=1.50415
ORIGINAL_PREFIX count=15 ids=50365,400,370,11,452,7177,6280,11,1029,406,437,428,1941,393,360, eot=5.76034 ts503=1.7118 ts515=3.66862 thank=2.92857
ORIGINAL_PREFIX count=16 ids=50365,400,370,11,452,7177,6280,11,1029,406,437,428,1941,393,360,337, eot=5.79107 ts503=2.85519 ts515=3.43781 thank=3.52855
ORIGINAL_PREFIX count=17 ids=50365,400,370,11,452,7177,6280,11,1029,406,437,428,1941,393,360,337,291, eot=4.34117 ts503=1.96535 ts515=0.622124 thank=2.41124
ORIGINAL_PREFIX count=18 ids=50365,400,370,11,452,7177,6280,11,1029,406,437,428,1941,393,360,337,291,11, eot=0.871649 ts503=-0.896282 ts515=-2.36147 thank=-0.826926
ORIGINAL_PREFIX count=19 ids=50365,400,370,11,452,7177,6280,11,1029,406,437,428,1941,393,360,337,291,11,1029, eot=3.73511 ts503=2.85828 ts515=4.39409 thank=0.53188
ORIGINAL_PREFIX count=20 ids=50365,400,370,11,452,7177,6280,11,1029,406,437,428,1941,393,360,337,291,11,1029,437, eot=3.57047 ts503=2.12587 ts515=3.74173 thank=1.50129
ORIGINAL_PREFIX count=21 ids=50365,400,370,11,452,7177,6280,11,1029,406,437,428,1941,393,360,337,291,11,1029,437,291, eot=4.12946 ts503=3.72231 ts515=3.12867 thank=0.264809
ORIGINAL_PREFIX count=22 ids=50365,400,370,11,452,7177,6280,11,1029,406,437,428,1941,393,360,337,291,11,1029,437,291,393, eot=4.63024 ts503=5.20467 ts515=3.14921 thank=0.0178069
ORIGINAL_PREFIX count=23 ids=50365,400,370,11,452,7177,6280,11,1029,406,437,428,1941,393,360,337,291,11,1029,437,291,393,360, eot=4.64025 ts503=6.75388 ts515=7.07515 thank=1.23315
ORIGINAL_PREFIX count=24 ids=50365,400,370,11,452,7177,6280,11,1029,406,437,428,1941,393,360,337,291,11,1029,437,291,393,360,337, eot=5.43102 ts503=8.34917 ts515=6.35931 thank=2.32067
ORIGINAL_PREFIX count=25 ids=50365,400,370,11,452,7177,6280,11,1029,406,437,428,1941,393,360,337,291,11,1029,437,291,393,360,337,428, eot=0.848241 ts503=5.78866 ts515=5.42244 thank=1.06637
ORIGINAL_PREFIX count=26 ids=50365,400,370,11,452,7177,6280,11,1029,406,437,428,1941,393,360,337,291,11,1029,437,291,393,360,337,428,1941, eot=2.51507 ts503=4.41706 ts515=9.69407 thank=1.85892
ORIGINAL_PREFIX count=27 ids=50365,400,370,11,452,7177,6280,11,1029,406,437,428,1941,393,360,337,291,11,1029,437,291,393,360,337,428,1941,13, eot=0.146434 ts503=12.325 ts515=11.3667 thank=3.90956
ORIGINAL_PREFIX count=28 ids=50365,400,370,11,452,7177,6280,11,1029,406,437,428,1941,393,360,337,291,11,1029,437,291,393,360,337,428,1941,13,50868, eot=10.9777 ts503=10.7465 ts515=4.26435 thank=-2.99791
ORIGINAL_REQUEST repeat=2 seconds=4.35669 segments=1
ORIGINAL_PREFIX count=0 ids= eot=-inf ts503=-7.16434 ts515=-7.26642 thank=-7.95952
ORIGINAL_PREFIX count=1 ids=50365, eot=2.32553 ts503=-0.0186522 ts515=-0.0900466 thank=4.62254
ORIGINAL_PREFIX count=2 ids=50365,400, eot=6.10668 ts503=2.65752 ts515=5.4409 thank=4.28873
ORIGINAL_PREFIX count=3 ids=50365,400,370, eot=7.15368 ts503=3.65943 ts515=4.54515 thank=4.51735
ORIGINAL_PREFIX count=4 ids=50365,400,370,11, eot=0.0909091 ts503=-2.96241 ts515=-1.65379 thank=-2.0614
ORIGINAL_PREFIX count=5 ids=50365,400,370,11,452, eot=0.980825 ts503=-2.42023 ts515=-2.36778 thank=-0.504826
ORIGINAL_PREFIX count=6 ids=50365,400,370,11,452,7177, eot=-0.996804 ts503=-3.32905 ts515=-1.58637 thank=-2.39044
ORIGINAL_PREFIX count=7 ids=50365,400,370,11,452,7177,6280, eot=-0.0969428 ts503=-0.598247 ts515=-1.65793 thank=0.479398
ORIGINAL_PREFIX count=8 ids=50365,400,370,11,452,7177,6280,11, eot=-2.54796 ts503=-3.57765 ts515=-4.62855 thank=-3.45937
ORIGINAL_PREFIX count=9 ids=50365,400,370,11,452,7177,6280,11,1029, eot=0.436536 ts503=-2.45487 ts515=-0.573025 thank=-1.12279
ORIGINAL_PREFIX count=10 ids=50365,400,370,11,452,7177,6280,11,1029,406, eot=1.75641 ts503=-1.55488 ts515=-2.65097 thank=-1.21084
ORIGINAL_PREFIX count=11 ids=50365,400,370,11,452,7177,6280,11,1029,406,437, eot=3.37262 ts503=-1.03804 ts515=0.292339 thank=0.963131
ORIGINAL_PREFIX count=12 ids=50365,400,370,11,452,7177,6280,11,1029,406,437,428, eot=-0.234925 ts503=-1.97859 ts515=-3.4864 thank=-0.739995
ORIGINAL_PREFIX count=13 ids=50365,400,370,11,452,7177,6280,11,1029,406,437,428,1941, eot=3.40113 ts503=2.95602 ts515=0.78806 thank=0.152822
ORIGINAL_PREFIX count=14 ids=50365,400,370,11,452,7177,6280,11,1029,406,437,428,1941,393, eot=4.8842 ts503=3.09908 ts515=4.99028 thank=1.50415
ORIGINAL_PREFIX count=15 ids=50365,400,370,11,452,7177,6280,11,1029,406,437,428,1941,393,360, eot=5.76034 ts503=1.7118 ts515=3.66862 thank=2.92857
ORIGINAL_PREFIX count=16 ids=50365,400,370,11,452,7177,6280,11,1029,406,437,428,1941,393,360,337, eot=5.79107 ts503=2.85519 ts515=3.43781 thank=3.52855
ORIGINAL_PREFIX count=17 ids=50365,400,370,11,452,7177,6280,11,1029,406,437,428,1941,393,360,337,291, eot=4.34117 ts503=1.96535 ts515=0.622124 thank=2.41124
ORIGINAL_PREFIX count=18 ids=50365,400,370,11,452,7177,6280,11,1029,406,437,428,1941,393,360,337,291,11, eot=0.871649 ts503=-0.896282 ts515=-2.36147 thank=-0.826926
ORIGINAL_PREFIX count=19 ids=50365,400,370,11,452,7177,6280,11,1029,406,437,428,1941,393,360,337,291,11,1029, eot=3.73511 ts503=2.85828 ts515=4.39409 thank=0.53188
ORIGINAL_PREFIX count=20 ids=50365,400,370,11,452,7177,6280,11,1029,406,437,428,1941,393,360,337,291,11,1029,437, eot=3.57047 ts503=2.12587 ts515=3.74173 thank=1.50129
ORIGINAL_PREFIX count=21 ids=50365,400,370,11,452,7177,6280,11,1029,406,437,428,1941,393,360,337,291,11,1029,437,291, eot=4.12946 ts503=3.72231 ts515=3.12867 thank=0.264809
ORIGINAL_PREFIX count=22 ids=50365,400,370,11,452,7177,6280,11,1029,406,437,428,1941,393,360,337,291,11,1029,437,291,393, eot=4.63024 ts503=5.20467 ts515=3.14921 thank=0.0178069
ORIGINAL_PREFIX count=23 ids=50365,400,370,11,452,7177,6280,11,1029,406,437,428,1941,393,360,337,291,11,1029,437,291,393,360, eot=4.64025 ts503=6.75388 ts515=7.07515 thank=1.23315
ORIGINAL_PREFIX count=24 ids=50365,400,370,11,452,7177,6280,11,1029,406,437,428,1941,393,360,337,291,11,1029,437,291,393,360,337, eot=5.43102 ts503=8.34917 ts515=6.35931 thank=2.32067
ORIGINAL_PREFIX count=25 ids=50365,400,370,11,452,7177,6280,11,1029,406,437,428,1941,393,360,337,291,11,1029,437,291,393,360,337,428, eot=0.848241 ts503=5.78866 ts515=5.42244 thank=1.06637
ORIGINAL_PREFIX count=26 ids=50365,400,370,11,452,7177,6280,11,1029,406,437,428,1941,393,360,337,291,11,1029,437,291,393,360,337,428,1941, eot=2.51507 ts503=4.41706 ts515=9.69407 thank=1.85892
ORIGINAL_PREFIX count=27 ids=50365,400,370,11,452,7177,6280,11,1029,406,437,428,1941,393,360,337,291,11,1029,437,291,393,360,337,428,1941,13, eot=0.146434 ts503=12.325 ts515=11.3667 thank=3.90956
ORIGINAL_PREFIX count=28 ids=50365,400,370,11,452,7177,6280,11,1029,406,437,428,1941,393,360,337,291,11,1029,437,291,393,360,337,428,1941,13,50868, eot=10.9777 ts503=10.7465 ts515=4.26435 thank=-2.99791
ORIGINAL_REQUEST repeat=3 seconds=4.30376 segments=1
ORIGINAL_PREFIX count=0 ids= eot=-inf ts503=-7.16434 ts515=-7.26642 thank=-7.95952
ORIGINAL_PREFIX count=1 ids=50365, eot=2.32553 ts503=-0.0186522 ts515=-0.0900466 thank=4.62254
ORIGINAL_PREFIX count=2 ids=50365,400, eot=6.10668 ts503=2.65752 ts515=5.4409 thank=4.28873
ORIGINAL_PREFIX count=3 ids=50365,400,370, eot=7.15368 ts503=3.65943 ts515=4.54515 thank=4.51735
ORIGINAL_PREFIX count=4 ids=50365,400,370,11, eot=0.0909091 ts503=-2.96241 ts515=-1.65379 thank=-2.0614
ORIGINAL_PREFIX count=5 ids=50365,400,370,11,452, eot=0.980825 ts503=-2.42023 ts515=-2.36778 thank=-0.504826
ORIGINAL_PREFIX count=6 ids=50365,400,370,11,452,7177, eot=-0.996804 ts503=-3.32905 ts515=-1.58637 thank=-2.39044
ORIGINAL_PREFIX count=7 ids=50365,400,370,11,452,7177,6280, eot=-0.0969428 ts503=-0.598247 ts515=-1.65793 thank=0.479398
ORIGINAL_PREFIX count=8 ids=50365,400,370,11,452,7177,6280,11, eot=-2.54796 ts503=-3.57765 ts515=-4.62855 thank=-3.45937
ORIGINAL_PREFIX count=9 ids=50365,400,370,11,452,7177,6280,11,1029, eot=0.436536 ts503=-2.45487 ts515=-0.573025 thank=-1.12279
ORIGINAL_PREFIX count=10 ids=50365,400,370,11,452,7177,6280,11,1029,406, eot=1.75641 ts503=-1.55488 ts515=-2.65097 thank=-1.21084
ORIGINAL_PREFIX count=11 ids=50365,400,370,11,452,7177,6280,11,1029,406,437, eot=3.37262 ts503=-1.03804 ts515=0.292339 thank=0.963131
ORIGINAL_PREFIX count=12 ids=50365,400,370,11,452,7177,6280,11,1029,406,437,428, eot=-0.234925 ts503=-1.97859 ts515=-3.4864 thank=-0.739995
ORIGINAL_PREFIX count=13 ids=50365,400,370,11,452,7177,6280,11,1029,406,437,428,1941, eot=3.40113 ts503=2.95602 ts515=0.78806 thank=0.152822
ORIGINAL_PREFIX count=14 ids=50365,400,370,11,452,7177,6280,11,1029,406,437,428,1941,393, eot=4.8842 ts503=3.09908 ts515=4.99028 thank=1.50415
ORIGINAL_PREFIX count=15 ids=50365,400,370,11,452,7177,6280,11,1029,406,437,428,1941,393,360, eot=5.76034 ts503=1.7118 ts515=3.66862 thank=2.92857
ORIGINAL_PREFIX count=16 ids=50365,400,370,11,452,7177,6280,11,1029,406,437,428,1941,393,360,337, eot=5.79107 ts503=2.85519 ts515=3.43781 thank=3.52855
ORIGINAL_PREFIX count=17 ids=50365,400,370,11,452,7177,6280,11,1029,406,437,428,1941,393,360,337,291, eot=4.34117 ts503=1.96535 ts515=0.622124 thank=2.41124
ORIGINAL_PREFIX count=18 ids=50365,400,370,11,452,7177,6280,11,1029,406,437,428,1941,393,360,337,291,11, eot=0.871649 ts503=-0.896282 ts515=-2.36147 thank=-0.826926
ORIGINAL_PREFIX count=19 ids=50365,400,370,11,452,7177,6280,11,1029,406,437,428,1941,393,360,337,291,11,1029, eot=3.73511 ts503=2.85828 ts515=4.39409 thank=0.53188
ORIGINAL_PREFIX count=20 ids=50365,400,370,11,452,7177,6280,11,1029,406,437,428,1941,393,360,337,291,11,1029,437, eot=3.57047 ts503=2.12587 ts515=3.74173 thank=1.50129
ORIGINAL_PREFIX count=21 ids=50365,400,370,11,452,7177,6280,11,1029,406,437,428,1941,393,360,337,291,11,1029,437,291, eot=4.12946 ts503=3.72231 ts515=3.12867 thank=0.264809
ORIGINAL_PREFIX count=22 ids=50365,400,370,11,452,7177,6280,11,1029,406,437,428,1941,393,360,337,291,11,1029,437,291,393, eot=4.63024 ts503=5.20467 ts515=3.14921 thank=0.0178069
ORIGINAL_PREFIX count=23 ids=50365,400,370,11,452,7177,6280,11,1029,406,437,428,1941,393,360,337,291,11,1029,437,291,393,360, eot=4.64025 ts503=6.75388 ts515=7.07515 thank=1.23315
ORIGINAL_PREFIX count=24 ids=50365,400,370,11,452,7177,6280,11,1029,406,437,428,1941,393,360,337,291,11,1029,437,291,393,360,337, eot=5.43102 ts503=8.34917 ts515=6.35931 thank=2.32067
ORIGINAL_PREFIX count=25 ids=50365,400,370,11,452,7177,6280,11,1029,406,437,428,1941,393,360,337,291,11,1029,437,291,393,360,337,428, eot=0.848241 ts503=5.78866 ts515=5.42244 thank=1.06637
ORIGINAL_PREFIX count=26 ids=50365,400,370,11,452,7177,6280,11,1029,406,437,428,1941,393,360,337,291,11,1029,437,291,393,360,337,428,1941, eot=2.51507 ts503=4.41706 ts515=9.69407 thank=1.85892
ORIGINAL_PREFIX count=27 ids=50365,400,370,11,452,7177,6280,11,1029,406,437,428,1941,393,360,337,291,11,1029,437,291,393,360,337,428,1941,13, eot=0.146434 ts503=12.325 ts515=11.3667 thank=3.90956
ORIGINAL_PREFIX count=28 ids=50365,400,370,11,452,7177,6280,11,1029,406,437,428,1941,393,360,337,291,11,1029,437,291,393,360,337,428,1941,13,50868, eot=10.9777 ts503=10.7465 ts515=4.26435 thank=-2.99791
ORIGINAL_REQUEST repeat=4 seconds=4.30401 segments=1
ORIGINAL_PROCESS seconds=25.117629268 status=0 expired=false
