=== RUN   TestDecoderVulkanHeadDiagnostic
    decoder_vulkan_head_diagnostic_test.go:27: LEGACY_LOAD seconds=2.855032477 storage=2008 tensors=587 pin=394221709cd5ad1f40c46e6031ca61bce88931e6e088c188294c6d5a55ffa7e2 explicit_widened_values=true
    decoder_vulkan_head_diagnostic_test.go:89: DECODER_VK_HEAD_WEIGHT_UPLOAD seconds=0.047538033 bytes=265553920
    decoder_vulkan_head_diagnostic_test.go:147: DECODER_VK_HEAD tokenIndex=0 candidate=false repeat=0 seconds=0.005863500 values=51866
    decoder_vulkan_head_diagnostic_test.go:147: DECODER_VK_HEAD tokenIndex=0 candidate=true repeat=0 seconds=0.005785075 values=51866
    decoder_vulkan_head_diagnostic_test.go:147: DECODER_VK_HEAD tokenIndex=0 candidate=true repeat=1 seconds=0.005575585 values=51866
    decoder_vulkan_head_diagnostic_test.go:147: DECODER_VK_HEAD tokenIndex=0 candidate=false repeat=1 seconds=0.006040732 values=51866
    decoder_vulkan_head_diagnostic_test.go:147: DECODER_VK_HEAD tokenIndex=0 candidate=false repeat=2 seconds=0.005945355 values=51866
    decoder_vulkan_head_diagnostic_test.go:147: DECODER_VK_HEAD tokenIndex=0 candidate=true repeat=2 seconds=0.005778088 values=51866
    decoder_vulkan_head_diagnostic_test.go:147: DECODER_VK_HEAD tokenIndex=0 candidate=true repeat=3 seconds=0.005692591 values=51866
    decoder_vulkan_head_diagnostic_test.go:147: DECODER_VK_HEAD tokenIndex=0 candidate=false repeat=3 seconds=0.006151858 values=51866
    decoder_vulkan_head_diagnostic_test.go:147: DECODER_VK_HEAD tokenIndex=0 candidate=false repeat=4 seconds=0.005938994 values=51866
    decoder_vulkan_head_diagnostic_test.go:147: DECODER_VK_HEAD tokenIndex=0 candidate=true repeat=4 seconds=0.005698072 values=51866
    decoder_vulkan_head_diagnostic_test.go:147: DECODER_VK_HEAD tokenIndex=1 candidate=false repeat=0 seconds=0.005907468 values=51866
    decoder_vulkan_head_diagnostic_test.go:147: DECODER_VK_HEAD tokenIndex=1 candidate=true repeat=0 seconds=0.005715004 values=51866
    decoder_vulkan_head_diagnostic_test.go:147: DECODER_VK_HEAD tokenIndex=1 candidate=true repeat=1 seconds=0.005688459 values=51866
    decoder_vulkan_head_diagnostic_test.go:147: DECODER_VK_HEAD tokenIndex=1 candidate=false repeat=1 seconds=0.006346500 values=51866
    decoder_vulkan_head_diagnostic_test.go:147: DECODER_VK_HEAD tokenIndex=1 candidate=false repeat=2 seconds=0.005876594 values=51866
    decoder_vulkan_head_diagnostic_test.go:147: DECODER_VK_HEAD tokenIndex=1 candidate=true repeat=2 seconds=0.005729509 values=51866
    decoder_vulkan_head_diagnostic_test.go:147: DECODER_VK_HEAD tokenIndex=1 candidate=true repeat=3 seconds=0.005796538 values=51866
    decoder_vulkan_head_diagnostic_test.go:147: DECODER_VK_HEAD tokenIndex=1 candidate=false repeat=3 seconds=0.006219932 values=51866
    decoder_vulkan_head_diagnostic_test.go:147: DECODER_VK_HEAD tokenIndex=1 candidate=false repeat=4 seconds=0.005860550 values=51866
    decoder_vulkan_head_diagnostic_test.go:147: DECODER_VK_HEAD tokenIndex=1 candidate=true repeat=4 seconds=0.005856255 values=51866
    decoder_vulkan_head_diagnostic_test.go:147: DECODER_VK_HEAD tokenIndex=2 candidate=false repeat=0 seconds=0.005926489 values=51866
    decoder_vulkan_head_diagnostic_test.go:147: DECODER_VK_HEAD tokenIndex=2 candidate=true repeat=0 seconds=0.005723551 values=51866
    decoder_vulkan_head_diagnostic_test.go:147: DECODER_VK_HEAD tokenIndex=2 candidate=true repeat=1 seconds=0.005773450 values=51866
    decoder_vulkan_head_diagnostic_test.go:147: DECODER_VK_HEAD tokenIndex=2 candidate=false repeat=1 seconds=0.007913069 values=51866
    decoder_vulkan_head_diagnostic_test.go:147: DECODER_VK_HEAD tokenIndex=2 candidate=false repeat=2 seconds=0.005879420 values=51866
    decoder_vulkan_head_diagnostic_test.go:147: DECODER_VK_HEAD tokenIndex=2 candidate=true repeat=2 seconds=0.005766192 values=51866
    decoder_vulkan_head_diagnostic_test.go:147: DECODER_VK_HEAD tokenIndex=2 candidate=true repeat=3 seconds=0.005697502 values=51866
    decoder_vulkan_head_diagnostic_test.go:147: DECODER_VK_HEAD tokenIndex=2 candidate=false repeat=3 seconds=0.006552721 values=51866
    decoder_vulkan_head_diagnostic_test.go:147: DECODER_VK_HEAD tokenIndex=2 candidate=false repeat=4 seconds=0.007067716 values=51866
    decoder_vulkan_head_diagnostic_test.go:147: DECODER_VK_HEAD tokenIndex=2 candidate=true repeat=4 seconds=0.005754561 values=51866
    decoder_vulkan_head_diagnostic_test.go:147: DECODER_VK_HEAD tokenIndex=3 candidate=false repeat=0 seconds=0.006014539 values=51866
    decoder_vulkan_head_diagnostic_test.go:147: DECODER_VK_HEAD tokenIndex=3 candidate=true repeat=0 seconds=0.005758570 values=51866
    decoder_vulkan_head_diagnostic_test.go:147: DECODER_VK_HEAD tokenIndex=3 candidate=true repeat=1 seconds=0.005656817 values=51866
    decoder_vulkan_head_diagnostic_test.go:147: DECODER_VK_HEAD tokenIndex=3 candidate=false repeat=1 seconds=0.006191971 values=51866
    decoder_vulkan_head_diagnostic_test.go:147: DECODER_VK_HEAD tokenIndex=3 candidate=false repeat=2 seconds=0.005887477 values=51866
    decoder_vulkan_head_diagnostic_test.go:147: DECODER_VK_HEAD tokenIndex=3 candidate=true repeat=2 seconds=0.005709218 values=51866
    decoder_vulkan_head_diagnostic_test.go:147: DECODER_VK_HEAD tokenIndex=3 candidate=true repeat=3 seconds=0.005676061 values=51866
    decoder_vulkan_head_diagnostic_test.go:147: DECODER_VK_HEAD tokenIndex=3 candidate=false repeat=3 seconds=0.006194085 values=51866
    decoder_vulkan_head_diagnostic_test.go:147: DECODER_VK_HEAD tokenIndex=3 candidate=false repeat=4 seconds=0.005875515 values=51866
    decoder_vulkan_head_diagnostic_test.go:147: DECODER_VK_HEAD tokenIndex=3 candidate=true repeat=4 seconds=0.005647655 values=51866
    decoder_vulkan_head_diagnostic_test.go:147: DECODER_VK_HEAD tokenIndex=4 candidate=false repeat=0 seconds=0.006118638 values=51866
    decoder_vulkan_head_diagnostic_test.go:147: DECODER_VK_HEAD tokenIndex=4 candidate=true repeat=0 seconds=0.005741869 values=51866
    decoder_vulkan_head_diagnostic_test.go:147: DECODER_VK_HEAD tokenIndex=4 candidate=true repeat=1 seconds=0.005618240 values=51866
    decoder_vulkan_head_diagnostic_test.go:147: DECODER_VK_HEAD tokenIndex=4 candidate=false repeat=1 seconds=0.005799049 values=51866
    decoder_vulkan_head_diagnostic_test.go:147: DECODER_VK_HEAD tokenIndex=4 candidate=false repeat=2 seconds=0.005849953 values=51866
    decoder_vulkan_head_diagnostic_test.go:147: DECODER_VK_HEAD tokenIndex=4 candidate=true repeat=2 seconds=0.005739142 values=51866
    decoder_vulkan_head_diagnostic_test.go:147: DECODER_VK_HEAD tokenIndex=4 candidate=true repeat=3 seconds=0.005714883 values=51866
    decoder_vulkan_head_diagnostic_test.go:147: DECODER_VK_HEAD tokenIndex=4 candidate=false repeat=3 seconds=0.006003169 values=51866
    decoder_vulkan_head_diagnostic_test.go:147: DECODER_VK_HEAD tokenIndex=4 candidate=false repeat=4 seconds=0.005928032 values=51866
    decoder_vulkan_head_diagnostic_test.go:147: DECODER_VK_HEAD tokenIndex=4 candidate=true repeat=4 seconds=0.005722522 values=51866
    decoder_vulkan_head_diagnostic_test.go:147: DECODER_VK_HEAD tokenIndex=5 candidate=false repeat=0 seconds=0.005897130 values=51866
    decoder_vulkan_head_diagnostic_test.go:147: DECODER_VK_HEAD tokenIndex=5 candidate=true repeat=0 seconds=0.005724108 values=51866
    decoder_vulkan_head_diagnostic_test.go:147: DECODER_VK_HEAD tokenIndex=5 candidate=true repeat=1 seconds=0.005747324 values=51866
    decoder_vulkan_head_diagnostic_test.go:147: DECODER_VK_HEAD tokenIndex=5 candidate=false repeat=1 seconds=0.006411040 values=51866
    decoder_vulkan_head_diagnostic_test.go:147: DECODER_VK_HEAD tokenIndex=5 candidate=false repeat=2 seconds=0.005820213 values=51866
    decoder_vulkan_head_diagnostic_test.go:147: DECODER_VK_HEAD tokenIndex=5 candidate=true repeat=2 seconds=0.005762233 values=51866
    decoder_vulkan_head_diagnostic_test.go:147: DECODER_VK_HEAD tokenIndex=5 candidate=true repeat=3 seconds=0.005746818 values=51866
    decoder_vulkan_head_diagnostic_test.go:147: DECODER_VK_HEAD tokenIndex=5 candidate=false repeat=3 seconds=0.006425132 values=51866
    decoder_vulkan_head_diagnostic_test.go:147: DECODER_VK_HEAD tokenIndex=5 candidate=false repeat=4 seconds=0.005869643 values=51866
    decoder_vulkan_head_diagnostic_test.go:147: DECODER_VK_HEAD tokenIndex=5 candidate=true repeat=4 seconds=0.005704005 values=51866
    decoder_vulkan_head_diagnostic_test.go:147: DECODER_VK_HEAD tokenIndex=6 candidate=false repeat=0 seconds=0.005959435 values=51866
    decoder_vulkan_head_diagnostic_test.go:147: DECODER_VK_HEAD tokenIndex=6 candidate=true repeat=0 seconds=0.005727197 values=51866
    decoder_vulkan_head_diagnostic_test.go:147: DECODER_VK_HEAD tokenIndex=6 candidate=true repeat=1 seconds=0.005762217 values=51866
    decoder_vulkan_head_diagnostic_test.go:147: DECODER_VK_HEAD tokenIndex=6 candidate=false repeat=1 seconds=0.005939796 values=51866
    decoder_vulkan_head_diagnostic_test.go:147: DECODER_VK_HEAD tokenIndex=6 candidate=false repeat=2 seconds=0.005826241 values=51866
    decoder_vulkan_head_diagnostic_test.go:147: DECODER_VK_HEAD tokenIndex=6 candidate=true repeat=2 seconds=0.005750204 values=51866
    decoder_vulkan_head_diagnostic_test.go:147: DECODER_VK_HEAD tokenIndex=6 candidate=true repeat=3 seconds=0.005661713 values=51866
    decoder_vulkan_head_diagnostic_test.go:147: DECODER_VK_HEAD tokenIndex=6 candidate=false repeat=3 seconds=0.006163549 values=51866
    decoder_vulkan_head_diagnostic_test.go:147: DECODER_VK_HEAD tokenIndex=6 candidate=false repeat=4 seconds=0.005965971 values=51866
    decoder_vulkan_head_diagnostic_test.go:147: DECODER_VK_HEAD tokenIndex=6 candidate=true repeat=4 seconds=0.005570010 values=51866
    decoder_vulkan_head_diagnostic_test.go:147: DECODER_VK_HEAD tokenIndex=7 candidate=false repeat=0 seconds=0.005968211 values=51866
    decoder_vulkan_head_diagnostic_test.go:147: DECODER_VK_HEAD tokenIndex=7 candidate=true repeat=0 seconds=0.005660786 values=51866
    decoder_vulkan_head_diagnostic_test.go:147: DECODER_VK_HEAD tokenIndex=7 candidate=true repeat=1 seconds=0.005760507 values=51866
    decoder_vulkan_head_diagnostic_test.go:147: DECODER_VK_HEAD tokenIndex=7 candidate=false repeat=1 seconds=0.006113833 values=51866
    decoder_vulkan_head_diagnostic_test.go:147: DECODER_VK_HEAD tokenIndex=7 candidate=false repeat=2 seconds=0.005823002 values=51866
    decoder_vulkan_head_diagnostic_test.go:147: DECODER_VK_HEAD tokenIndex=7 candidate=true repeat=2 seconds=0.005711846 values=51866
    decoder_vulkan_head_diagnostic_test.go:147: DECODER_VK_HEAD tokenIndex=7 candidate=true repeat=3 seconds=0.005708311 values=51866
    decoder_vulkan_head_diagnostic_test.go:147: DECODER_VK_HEAD tokenIndex=7 candidate=false repeat=3 seconds=0.006286957 values=51866
    decoder_vulkan_head_diagnostic_test.go:147: DECODER_VK_HEAD tokenIndex=7 candidate=false repeat=4 seconds=0.005937456 values=51866
    decoder_vulkan_head_diagnostic_test.go:147: DECODER_VK_HEAD tokenIndex=7 candidate=true repeat=4 seconds=0.005751683 values=51866
    decoder_vulkan_head_diagnostic_test.go:165: DECODER_VK_HEAD_ALL_LOGITS_EXACT8_PRE_CANCEL_REUSE_GUARDS_PASS
--- PASS: TestDecoderVulkanHeadDiagnostic (3.96s)
PASS
