=== RUN   TestVulkanNativeF32KTileDiagnostic
=== RUN   TestVulkanNativeF32KTileDiagnostic/f32k16
=== RUN   TestVulkanNativeF32KTileDiagnostic/f32k16/[33_96_63]
=== RUN   TestVulkanNativeF32KTileDiagnostic/f32k16/[1500_1280_1280]
    vulkan_f32_ktile_diagnostic_test.go:90: F32_KTILE variant=f32k16 shape=[1500 1280 1280] candidate=false repeat=0 seconds=0.019016330 values=1920000
    vulkan_f32_ktile_diagnostic_test.go:90: F32_KTILE variant=f32k16 shape=[1500 1280 1280] candidate=true repeat=0 seconds=0.026261349 values=1920000
    vulkan_f32_ktile_diagnostic_test.go:90: F32_KTILE variant=f32k16 shape=[1500 1280 1280] candidate=true repeat=1 seconds=0.022216982 values=1920000
    vulkan_f32_ktile_diagnostic_test.go:90: F32_KTILE variant=f32k16 shape=[1500 1280 1280] candidate=false repeat=1 seconds=0.015477428 values=1920000
    vulkan_f32_ktile_diagnostic_test.go:90: F32_KTILE variant=f32k16 shape=[1500 1280 1280] candidate=false repeat=2 seconds=0.015517929 values=1920000
    vulkan_f32_ktile_diagnostic_test.go:90: F32_KTILE variant=f32k16 shape=[1500 1280 1280] candidate=true repeat=2 seconds=0.022076576 values=1920000
    vulkan_f32_ktile_diagnostic_test.go:90: F32_KTILE variant=f32k16 shape=[1500 1280 1280] candidate=true repeat=3 seconds=0.018804324 values=1920000
    vulkan_f32_ktile_diagnostic_test.go:90: F32_KTILE variant=f32k16 shape=[1500 1280 1280] candidate=false repeat=3 seconds=0.013345609 values=1920000
    vulkan_f32_ktile_diagnostic_test.go:90: F32_KTILE variant=f32k16 shape=[1500 1280 1280] candidate=false repeat=4 seconds=0.013168802 values=1920000
    vulkan_f32_ktile_diagnostic_test.go:90: F32_KTILE variant=f32k16 shape=[1500 1280 1280] candidate=true repeat=4 seconds=0.018725523 values=1920000
=== RUN   TestVulkanNativeF32KTileDiagnostic/f32k8
=== RUN   TestVulkanNativeF32KTileDiagnostic/f32k8/[33_96_63]
=== RUN   TestVulkanNativeF32KTileDiagnostic/f32k8/[1500_1280_1280]
    vulkan_f32_ktile_diagnostic_test.go:90: F32_KTILE variant=f32k8 shape=[1500 1280 1280] candidate=false repeat=0 seconds=0.012185284 values=1920000
    vulkan_f32_ktile_diagnostic_test.go:90: F32_KTILE variant=f32k8 shape=[1500 1280 1280] candidate=true repeat=0 seconds=0.017936000 values=1920000
    vulkan_f32_ktile_diagnostic_test.go:90: F32_KTILE variant=f32k8 shape=[1500 1280 1280] candidate=true repeat=1 seconds=0.017969525 values=1920000
    vulkan_f32_ktile_diagnostic_test.go:90: F32_KTILE variant=f32k8 shape=[1500 1280 1280] candidate=false repeat=1 seconds=0.011476340 values=1920000
    vulkan_f32_ktile_diagnostic_test.go:90: F32_KTILE variant=f32k8 shape=[1500 1280 1280] candidate=false repeat=2 seconds=0.011401849 values=1920000
    vulkan_f32_ktile_diagnostic_test.go:90: F32_KTILE variant=f32k8 shape=[1500 1280 1280] candidate=true repeat=2 seconds=0.018077029 values=1920000
    vulkan_f32_ktile_diagnostic_test.go:90: F32_KTILE variant=f32k8 shape=[1500 1280 1280] candidate=true repeat=3 seconds=0.018075541 values=1920000
    vulkan_f32_ktile_diagnostic_test.go:90: F32_KTILE variant=f32k8 shape=[1500 1280 1280] candidate=false repeat=3 seconds=0.012093372 values=1920000
    vulkan_f32_ktile_diagnostic_test.go:90: F32_KTILE variant=f32k8 shape=[1500 1280 1280] candidate=false repeat=4 seconds=0.012595548 values=1920000
    vulkan_f32_ktile_diagnostic_test.go:90: F32_KTILE variant=f32k8 shape=[1500 1280 1280] candidate=true repeat=4 seconds=0.018167428 values=1920000
=== RUN   TestVulkanNativeF32KTileDiagnostic/f32k16ping
=== RUN   TestVulkanNativeF32KTileDiagnostic/f32k16ping/[33_96_63]
=== RUN   TestVulkanNativeF32KTileDiagnostic/f32k16ping/[1500_1280_1280]
    vulkan_f32_ktile_diagnostic_test.go:90: F32_KTILE variant=f32k16ping shape=[1500 1280 1280] candidate=false repeat=0 seconds=0.011864355 values=1920000
    vulkan_f32_ktile_diagnostic_test.go:90: F32_KTILE variant=f32k16ping shape=[1500 1280 1280] candidate=true repeat=0 seconds=0.013747957 values=1920000
    vulkan_f32_ktile_diagnostic_test.go:90: F32_KTILE variant=f32k16ping shape=[1500 1280 1280] candidate=true repeat=1 seconds=0.013534639 values=1920000
    vulkan_f32_ktile_diagnostic_test.go:90: F32_KTILE variant=f32k16ping shape=[1500 1280 1280] candidate=false repeat=1 seconds=0.010246818 values=1920000
    vulkan_f32_ktile_diagnostic_test.go:90: F32_KTILE variant=f32k16ping shape=[1500 1280 1280] candidate=false repeat=2 seconds=0.010342854 values=1920000
    vulkan_f32_ktile_diagnostic_test.go:90: F32_KTILE variant=f32k16ping shape=[1500 1280 1280] candidate=true repeat=2 seconds=0.013763042 values=1920000
    vulkan_f32_ktile_diagnostic_test.go:90: F32_KTILE variant=f32k16ping shape=[1500 1280 1280] candidate=true repeat=3 seconds=0.013719310 values=1920000
    vulkan_f32_ktile_diagnostic_test.go:90: F32_KTILE variant=f32k16ping shape=[1500 1280 1280] candidate=false repeat=3 seconds=0.010375735 values=1920000
    vulkan_f32_ktile_diagnostic_test.go:90: F32_KTILE variant=f32k16ping shape=[1500 1280 1280] candidate=false repeat=4 seconds=0.010202250 values=1920000
    vulkan_f32_ktile_diagnostic_test.go:90: F32_KTILE variant=f32k16ping shape=[1500 1280 1280] candidate=true repeat=4 seconds=0.013800246 values=1920000
=== RUN   TestVulkanNativeF32KTileDiagnostic/f32k8ping
=== RUN   TestVulkanNativeF32KTileDiagnostic/f32k8ping/[33_96_63]
=== RUN   TestVulkanNativeF32KTileDiagnostic/f32k8ping/[1500_1280_1280]
    vulkan_f32_ktile_diagnostic_test.go:90: F32_KTILE variant=f32k8ping shape=[1500 1280 1280] candidate=false repeat=0 seconds=0.010300981 values=1920000
    vulkan_f32_ktile_diagnostic_test.go:90: F32_KTILE variant=f32k8ping shape=[1500 1280 1280] candidate=true repeat=0 seconds=0.015142949 values=1920000
    vulkan_f32_ktile_diagnostic_test.go:90: F32_KTILE variant=f32k8ping shape=[1500 1280 1280] candidate=true repeat=1 seconds=0.014951564 values=1920000
    vulkan_f32_ktile_diagnostic_test.go:90: F32_KTILE variant=f32k8ping shape=[1500 1280 1280] candidate=false repeat=1 seconds=0.010254586 values=1920000
    vulkan_f32_ktile_diagnostic_test.go:90: F32_KTILE variant=f32k8ping shape=[1500 1280 1280] candidate=false repeat=2 seconds=0.010143994 values=1920000
    vulkan_f32_ktile_diagnostic_test.go:90: F32_KTILE variant=f32k8ping shape=[1500 1280 1280] candidate=true repeat=2 seconds=0.015106422 values=1920000
    vulkan_f32_ktile_diagnostic_test.go:90: F32_KTILE variant=f32k8ping shape=[1500 1280 1280] candidate=true repeat=3 seconds=0.015180005 values=1920000
    vulkan_f32_ktile_diagnostic_test.go:90: F32_KTILE variant=f32k8ping shape=[1500 1280 1280] candidate=false repeat=3 seconds=0.010329076 values=1920000
    vulkan_f32_ktile_diagnostic_test.go:90: F32_KTILE variant=f32k8ping shape=[1500 1280 1280] candidate=false repeat=4 seconds=0.010276703 values=1920000
    vulkan_f32_ktile_diagnostic_test.go:90: F32_KTILE variant=f32k8ping shape=[1500 1280 1280] candidate=true repeat=4 seconds=0.015115533 values=1920000
--- PASS: TestVulkanNativeF32KTileDiagnostic (1.44s)
    --- PASS: TestVulkanNativeF32KTileDiagnostic/f32k16 (0.45s)
        --- PASS: TestVulkanNativeF32KTileDiagnostic/f32k16/[33_96_63] (0.07s)
        --- PASS: TestVulkanNativeF32KTileDiagnostic/f32k16/[1500_1280_1280] (0.35s)
    --- PASS: TestVulkanNativeF32KTileDiagnostic/f32k8 (0.34s)
        --- PASS: TestVulkanNativeF32KTileDiagnostic/f32k8/[33_96_63] (0.02s)
        --- PASS: TestVulkanNativeF32KTileDiagnostic/f32k8/[1500_1280_1280] (0.29s)
    --- PASS: TestVulkanNativeF32KTileDiagnostic/f32k16ping (0.31s)
        --- PASS: TestVulkanNativeF32KTileDiagnostic/f32k16ping/[33_96_63] (0.02s)
        --- PASS: TestVulkanNativeF32KTileDiagnostic/f32k16ping/[1500_1280_1280] (0.24s)
    --- PASS: TestVulkanNativeF32KTileDiagnostic/f32k8ping (0.30s)
        --- PASS: TestVulkanNativeF32KTileDiagnostic/f32k8ping/[33_96_63] (0.02s)
        --- PASS: TestVulkanNativeF32KTileDiagnostic/f32k8ping/[1500_1280_1280] (0.25s)
PASS
