=== RUN   TestVulkanNativeQ5SchedulingDiagnostic
=== RUN   TestVulkanNativeQ5SchedulingDiagnostic/wrotate1
=== RUN   TestVulkanNativeQ5SchedulingDiagnostic/wrotate1/[33_96_63]
=== RUN   TestVulkanNativeQ5SchedulingDiagnostic/wrotate1/[1500_1280_5120]
    vulkan_q5_scheduling_diagnostic_test.go:111: Q5_SCHEDULING variant=wrotate1 shape=[1500 1280 5120] candidate=false repeat=0 seconds=0.030870897 sourceBytes=4915200 candidateBytes=4915200
    vulkan_q5_scheduling_diagnostic_test.go:111: Q5_SCHEDULING variant=wrotate1 shape=[1500 1280 5120] candidate=true repeat=0 seconds=0.036928068 sourceBytes=4915200 candidateBytes=4915200
    vulkan_q5_scheduling_diagnostic_test.go:111: Q5_SCHEDULING variant=wrotate1 shape=[1500 1280 5120] candidate=true repeat=1 seconds=0.036577019 sourceBytes=4915200 candidateBytes=4915200
    vulkan_q5_scheduling_diagnostic_test.go:111: Q5_SCHEDULING variant=wrotate1 shape=[1500 1280 5120] candidate=false repeat=1 seconds=0.030728396 sourceBytes=4915200 candidateBytes=4915200
    vulkan_q5_scheduling_diagnostic_test.go:111: Q5_SCHEDULING variant=wrotate1 shape=[1500 1280 5120] candidate=false repeat=2 seconds=0.031159083 sourceBytes=4915200 candidateBytes=4915200
    vulkan_q5_scheduling_diagnostic_test.go:111: Q5_SCHEDULING variant=wrotate1 shape=[1500 1280 5120] candidate=true repeat=2 seconds=0.036778059 sourceBytes=4915200 candidateBytes=4915200
    vulkan_q5_scheduling_diagnostic_test.go:111: Q5_SCHEDULING variant=wrotate1 shape=[1500 1280 5120] candidate=true repeat=3 seconds=0.036617505 sourceBytes=4915200 candidateBytes=4915200
    vulkan_q5_scheduling_diagnostic_test.go:111: Q5_SCHEDULING variant=wrotate1 shape=[1500 1280 5120] candidate=false repeat=3 seconds=0.030734599 sourceBytes=4915200 candidateBytes=4915200
    vulkan_q5_scheduling_diagnostic_test.go:111: Q5_SCHEDULING variant=wrotate1 shape=[1500 1280 5120] candidate=false repeat=4 seconds=0.030797661 sourceBytes=4915200 candidateBytes=4915200
    vulkan_q5_scheduling_diagnostic_test.go:111: Q5_SCHEDULING variant=wrotate1 shape=[1500 1280 5120] candidate=true repeat=4 seconds=0.036736814 sourceBytes=4915200 candidateBytes=4915200
=== RUN   TestVulkanNativeQ5SchedulingDiagnostic/wrotate1/[1500_5120_1280]
    vulkan_q5_scheduling_diagnostic_test.go:111: Q5_SCHEDULING variant=wrotate1 shape=[1500 5120 1280] candidate=false repeat=0 seconds=0.031822071 sourceBytes=4915200 candidateBytes=4915200
    vulkan_q5_scheduling_diagnostic_test.go:111: Q5_SCHEDULING variant=wrotate1 shape=[1500 5120 1280] candidate=true repeat=0 seconds=0.037644828 sourceBytes=4915200 candidateBytes=4915200
    vulkan_q5_scheduling_diagnostic_test.go:111: Q5_SCHEDULING variant=wrotate1 shape=[1500 5120 1280] candidate=true repeat=1 seconds=0.037611022 sourceBytes=4915200 candidateBytes=4915200
    vulkan_q5_scheduling_diagnostic_test.go:111: Q5_SCHEDULING variant=wrotate1 shape=[1500 5120 1280] candidate=false repeat=1 seconds=0.031858766 sourceBytes=4915200 candidateBytes=4915200
    vulkan_q5_scheduling_diagnostic_test.go:111: Q5_SCHEDULING variant=wrotate1 shape=[1500 5120 1280] candidate=false repeat=2 seconds=0.031774760 sourceBytes=4915200 candidateBytes=4915200
    vulkan_q5_scheduling_diagnostic_test.go:111: Q5_SCHEDULING variant=wrotate1 shape=[1500 5120 1280] candidate=true repeat=2 seconds=0.037454538 sourceBytes=4915200 candidateBytes=4915200
    vulkan_q5_scheduling_diagnostic_test.go:111: Q5_SCHEDULING variant=wrotate1 shape=[1500 5120 1280] candidate=true repeat=3 seconds=0.037407558 sourceBytes=4915200 candidateBytes=4915200
    vulkan_q5_scheduling_diagnostic_test.go:111: Q5_SCHEDULING variant=wrotate1 shape=[1500 5120 1280] candidate=false repeat=3 seconds=0.031642264 sourceBytes=4915200 candidateBytes=4915200
    vulkan_q5_scheduling_diagnostic_test.go:111: Q5_SCHEDULING variant=wrotate1 shape=[1500 5120 1280] candidate=false repeat=4 seconds=0.031579741 sourceBytes=4915200 candidateBytes=4915200
    vulkan_q5_scheduling_diagnostic_test.go:111: Q5_SCHEDULING variant=wrotate1 shape=[1500 5120 1280] candidate=true repeat=4 seconds=0.037614901 sourceBytes=4915200 candidateBytes=4915200
=== RUN   TestVulkanNativeQ5SchedulingDiagnostic/wrotate2
=== RUN   TestVulkanNativeQ5SchedulingDiagnostic/wrotate2/[33_96_63]
=== RUN   TestVulkanNativeQ5SchedulingDiagnostic/wrotate2/[1500_1280_5120]
    vulkan_q5_scheduling_diagnostic_test.go:111: Q5_SCHEDULING variant=wrotate2 shape=[1500 1280 5120] candidate=false repeat=0 seconds=0.030774266 sourceBytes=4915200 candidateBytes=4915200
    vulkan_q5_scheduling_diagnostic_test.go:111: Q5_SCHEDULING variant=wrotate2 shape=[1500 1280 5120] candidate=true repeat=0 seconds=0.039473100 sourceBytes=4915200 candidateBytes=4915200
    vulkan_q5_scheduling_diagnostic_test.go:111: Q5_SCHEDULING variant=wrotate2 shape=[1500 1280 5120] candidate=true repeat=1 seconds=0.039420778 sourceBytes=4915200 candidateBytes=4915200
    vulkan_q5_scheduling_diagnostic_test.go:111: Q5_SCHEDULING variant=wrotate2 shape=[1500 1280 5120] candidate=false repeat=1 seconds=0.030726498 sourceBytes=4915200 candidateBytes=4915200
    vulkan_q5_scheduling_diagnostic_test.go:111: Q5_SCHEDULING variant=wrotate2 shape=[1500 1280 5120] candidate=false repeat=2 seconds=0.031111670 sourceBytes=4915200 candidateBytes=4915200
    vulkan_q5_scheduling_diagnostic_test.go:111: Q5_SCHEDULING variant=wrotate2 shape=[1500 1280 5120] candidate=true repeat=2 seconds=0.040083942 sourceBytes=4915200 candidateBytes=4915200
    vulkan_q5_scheduling_diagnostic_test.go:111: Q5_SCHEDULING variant=wrotate2 shape=[1500 1280 5120] candidate=true repeat=3 seconds=0.040874550 sourceBytes=4915200 candidateBytes=4915200
    vulkan_q5_scheduling_diagnostic_test.go:111: Q5_SCHEDULING variant=wrotate2 shape=[1500 1280 5120] candidate=false repeat=3 seconds=0.031746717 sourceBytes=4915200 candidateBytes=4915200
    vulkan_q5_scheduling_diagnostic_test.go:111: Q5_SCHEDULING variant=wrotate2 shape=[1500 1280 5120] candidate=false repeat=4 seconds=0.031760849 sourceBytes=4915200 candidateBytes=4915200
    vulkan_q5_scheduling_diagnostic_test.go:111: Q5_SCHEDULING variant=wrotate2 shape=[1500 1280 5120] candidate=true repeat=4 seconds=0.041084060 sourceBytes=4915200 candidateBytes=4915200
=== RUN   TestVulkanNativeQ5SchedulingDiagnostic/wrotate2/[1500_5120_1280]
    vulkan_q5_scheduling_diagnostic_test.go:111: Q5_SCHEDULING variant=wrotate2 shape=[1500 5120 1280] candidate=false repeat=0 seconds=0.032683523 sourceBytes=4915200 candidateBytes=4915200
    vulkan_q5_scheduling_diagnostic_test.go:111: Q5_SCHEDULING variant=wrotate2 shape=[1500 5120 1280] candidate=true repeat=0 seconds=0.041979799 sourceBytes=4915200 candidateBytes=4915200
    vulkan_q5_scheduling_diagnostic_test.go:111: Q5_SCHEDULING variant=wrotate2 shape=[1500 5120 1280] candidate=true repeat=1 seconds=0.041904612 sourceBytes=4915200 candidateBytes=4915200
    vulkan_q5_scheduling_diagnostic_test.go:111: Q5_SCHEDULING variant=wrotate2 shape=[1500 5120 1280] candidate=false repeat=1 seconds=0.032686727 sourceBytes=4915200 candidateBytes=4915200
    vulkan_q5_scheduling_diagnostic_test.go:111: Q5_SCHEDULING variant=wrotate2 shape=[1500 5120 1280] candidate=false repeat=2 seconds=0.032959256 sourceBytes=4915200 candidateBytes=4915200
    vulkan_q5_scheduling_diagnostic_test.go:111: Q5_SCHEDULING variant=wrotate2 shape=[1500 5120 1280] candidate=true repeat=2 seconds=0.041864788 sourceBytes=4915200 candidateBytes=4915200
    vulkan_q5_scheduling_diagnostic_test.go:111: Q5_SCHEDULING variant=wrotate2 shape=[1500 5120 1280] candidate=true repeat=3 seconds=0.041704168 sourceBytes=4915200 candidateBytes=4915200
    vulkan_q5_scheduling_diagnostic_test.go:111: Q5_SCHEDULING variant=wrotate2 shape=[1500 5120 1280] candidate=false repeat=3 seconds=0.032828038 sourceBytes=4915200 candidateBytes=4915200
    vulkan_q5_scheduling_diagnostic_test.go:111: Q5_SCHEDULING variant=wrotate2 shape=[1500 5120 1280] candidate=false repeat=4 seconds=0.032740812 sourceBytes=4915200 candidateBytes=4915200
    vulkan_q5_scheduling_diagnostic_test.go:111: Q5_SCHEDULING variant=wrotate2 shape=[1500 5120 1280] candidate=true repeat=4 seconds=0.041769010 sourceBytes=4915200 candidateBytes=4915200
=== RUN   TestVulkanNativeQ5SchedulingDiagnostic/bothrotate
=== RUN   TestVulkanNativeQ5SchedulingDiagnostic/bothrotate/[33_96_63]
=== RUN   TestVulkanNativeQ5SchedulingDiagnostic/bothrotate/[1500_1280_5120]
    vulkan_q5_scheduling_diagnostic_test.go:111: Q5_SCHEDULING variant=bothrotate shape=[1500 1280 5120] candidate=false repeat=0 seconds=0.031783934 sourceBytes=4915200 candidateBytes=4915200
    vulkan_q5_scheduling_diagnostic_test.go:111: Q5_SCHEDULING variant=bothrotate shape=[1500 1280 5120] candidate=true repeat=0 seconds=0.038756287 sourceBytes=4915200 candidateBytes=4915200
    vulkan_q5_scheduling_diagnostic_test.go:111: Q5_SCHEDULING variant=bothrotate shape=[1500 1280 5120] candidate=true repeat=1 seconds=0.038702041 sourceBytes=4915200 candidateBytes=4915200
    vulkan_q5_scheduling_diagnostic_test.go:111: Q5_SCHEDULING variant=bothrotate shape=[1500 1280 5120] candidate=false repeat=1 seconds=0.034753707 sourceBytes=4915200 candidateBytes=4915200
    vulkan_q5_scheduling_diagnostic_test.go:111: Q5_SCHEDULING variant=bothrotate shape=[1500 1280 5120] candidate=false repeat=2 seconds=0.034625116 sourceBytes=4915200 candidateBytes=4915200
    vulkan_q5_scheduling_diagnostic_test.go:111: Q5_SCHEDULING variant=bothrotate shape=[1500 1280 5120] candidate=true repeat=2 seconds=0.041892799 sourceBytes=4915200 candidateBytes=4915200
    vulkan_q5_scheduling_diagnostic_test.go:111: Q5_SCHEDULING variant=bothrotate shape=[1500 1280 5120] candidate=true repeat=3 seconds=0.039196900 sourceBytes=4915200 candidateBytes=4915200
    vulkan_q5_scheduling_diagnostic_test.go:111: Q5_SCHEDULING variant=bothrotate shape=[1500 1280 5120] candidate=false repeat=3 seconds=0.031590826 sourceBytes=4915200 candidateBytes=4915200
    vulkan_q5_scheduling_diagnostic_test.go:111: Q5_SCHEDULING variant=bothrotate shape=[1500 1280 5120] candidate=false repeat=4 seconds=0.031810697 sourceBytes=4915200 candidateBytes=4915200
    vulkan_q5_scheduling_diagnostic_test.go:111: Q5_SCHEDULING variant=bothrotate shape=[1500 1280 5120] candidate=true repeat=4 seconds=0.038661405 sourceBytes=4915200 candidateBytes=4915200
=== RUN   TestVulkanNativeQ5SchedulingDiagnostic/bothrotate/[1500_5120_1280]
    vulkan_q5_scheduling_diagnostic_test.go:111: Q5_SCHEDULING variant=bothrotate shape=[1500 5120 1280] candidate=false repeat=0 seconds=0.032792960 sourceBytes=4915200 candidateBytes=4915200
    vulkan_q5_scheduling_diagnostic_test.go:111: Q5_SCHEDULING variant=bothrotate shape=[1500 5120 1280] candidate=true repeat=0 seconds=0.039624264 sourceBytes=4915200 candidateBytes=4915200
    vulkan_q5_scheduling_diagnostic_test.go:111: Q5_SCHEDULING variant=bothrotate shape=[1500 5120 1280] candidate=true repeat=1 seconds=0.039572834 sourceBytes=4915200 candidateBytes=4915200
    vulkan_q5_scheduling_diagnostic_test.go:111: Q5_SCHEDULING variant=bothrotate shape=[1500 5120 1280] candidate=false repeat=1 seconds=0.032799114 sourceBytes=4915200 candidateBytes=4915200
    vulkan_q5_scheduling_diagnostic_test.go:111: Q5_SCHEDULING variant=bothrotate shape=[1500 5120 1280] candidate=false repeat=2 seconds=0.032809622 sourceBytes=4915200 candidateBytes=4915200
    vulkan_q5_scheduling_diagnostic_test.go:111: Q5_SCHEDULING variant=bothrotate shape=[1500 5120 1280] candidate=true repeat=2 seconds=0.039459987 sourceBytes=4915200 candidateBytes=4915200
    vulkan_q5_scheduling_diagnostic_test.go:111: Q5_SCHEDULING variant=bothrotate shape=[1500 5120 1280] candidate=true repeat=3 seconds=0.039561861 sourceBytes=4915200 candidateBytes=4915200
    vulkan_q5_scheduling_diagnostic_test.go:111: Q5_SCHEDULING variant=bothrotate shape=[1500 5120 1280] candidate=false repeat=3 seconds=0.032677986 sourceBytes=4915200 candidateBytes=4915200
    vulkan_q5_scheduling_diagnostic_test.go:111: Q5_SCHEDULING variant=bothrotate shape=[1500 5120 1280] candidate=false repeat=4 seconds=0.032420927 sourceBytes=4915200 candidateBytes=4915200
    vulkan_q5_scheduling_diagnostic_test.go:111: Q5_SCHEDULING variant=bothrotate shape=[1500 5120 1280] candidate=true repeat=4 seconds=0.039529425 sourceBytes=4915200 candidateBytes=4915200
=== RUN   TestVulkanNativeQ5SchedulingDiagnostic/colmajor
=== RUN   TestVulkanNativeQ5SchedulingDiagnostic/colmajor/[33_96_63]
=== RUN   TestVulkanNativeQ5SchedulingDiagnostic/colmajor/[1500_1280_5120]
    vulkan_q5_scheduling_diagnostic_test.go:111: Q5_SCHEDULING variant=colmajor shape=[1500 1280 5120] candidate=false repeat=0 seconds=0.031627346 sourceBytes=4915200 candidateBytes=4915200
    vulkan_q5_scheduling_diagnostic_test.go:111: Q5_SCHEDULING variant=colmajor shape=[1500 1280 5120] candidate=true repeat=0 seconds=0.032001354 sourceBytes=4915200 candidateBytes=4915200
    vulkan_q5_scheduling_diagnostic_test.go:111: Q5_SCHEDULING variant=colmajor shape=[1500 1280 5120] candidate=true repeat=1 seconds=0.031882914 sourceBytes=4915200 candidateBytes=4915200
    vulkan_q5_scheduling_diagnostic_test.go:111: Q5_SCHEDULING variant=colmajor shape=[1500 1280 5120] candidate=false repeat=1 seconds=0.031525865 sourceBytes=4915200 candidateBytes=4915200
    vulkan_q5_scheduling_diagnostic_test.go:111: Q5_SCHEDULING variant=colmajor shape=[1500 1280 5120] candidate=false repeat=2 seconds=0.031598222 sourceBytes=4915200 candidateBytes=4915200
    vulkan_q5_scheduling_diagnostic_test.go:111: Q5_SCHEDULING variant=colmajor shape=[1500 1280 5120] candidate=true repeat=2 seconds=0.031680485 sourceBytes=4915200 candidateBytes=4915200
    vulkan_q5_scheduling_diagnostic_test.go:111: Q5_SCHEDULING variant=colmajor shape=[1500 1280 5120] candidate=true repeat=3 seconds=0.031985066 sourceBytes=4915200 candidateBytes=4915200
    vulkan_q5_scheduling_diagnostic_test.go:111: Q5_SCHEDULING variant=colmajor shape=[1500 1280 5120] candidate=false repeat=3 seconds=0.031706321 sourceBytes=4915200 candidateBytes=4915200
    vulkan_q5_scheduling_diagnostic_test.go:111: Q5_SCHEDULING variant=colmajor shape=[1500 1280 5120] candidate=false repeat=4 seconds=0.031612904 sourceBytes=4915200 candidateBytes=4915200
    vulkan_q5_scheduling_diagnostic_test.go:111: Q5_SCHEDULING variant=colmajor shape=[1500 1280 5120] candidate=true repeat=4 seconds=0.031880403 sourceBytes=4915200 candidateBytes=4915200
=== RUN   TestVulkanNativeQ5SchedulingDiagnostic/colmajor/[1500_5120_1280]
    vulkan_q5_scheduling_diagnostic_test.go:111: Q5_SCHEDULING variant=colmajor shape=[1500 5120 1280] candidate=false repeat=0 seconds=0.032681557 sourceBytes=4915200 candidateBytes=4915200
    vulkan_q5_scheduling_diagnostic_test.go:111: Q5_SCHEDULING variant=colmajor shape=[1500 5120 1280] candidate=true repeat=0 seconds=0.032856413 sourceBytes=4915200 candidateBytes=4915200
    vulkan_q5_scheduling_diagnostic_test.go:111: Q5_SCHEDULING variant=colmajor shape=[1500 5120 1280] candidate=true repeat=1 seconds=0.032917999 sourceBytes=4915200 candidateBytes=4915200
    vulkan_q5_scheduling_diagnostic_test.go:111: Q5_SCHEDULING variant=colmajor shape=[1500 5120 1280] candidate=false repeat=1 seconds=0.032555156 sourceBytes=4915200 candidateBytes=4915200
    vulkan_q5_scheduling_diagnostic_test.go:111: Q5_SCHEDULING variant=colmajor shape=[1500 5120 1280] candidate=false repeat=2 seconds=0.032570225 sourceBytes=4915200 candidateBytes=4915200
    vulkan_q5_scheduling_diagnostic_test.go:111: Q5_SCHEDULING variant=colmajor shape=[1500 5120 1280] candidate=true repeat=2 seconds=0.032849075 sourceBytes=4915200 candidateBytes=4915200
    vulkan_q5_scheduling_diagnostic_test.go:111: Q5_SCHEDULING variant=colmajor shape=[1500 5120 1280] candidate=true repeat=3 seconds=0.032741225 sourceBytes=4915200 candidateBytes=4915200
    vulkan_q5_scheduling_diagnostic_test.go:111: Q5_SCHEDULING variant=colmajor shape=[1500 5120 1280] candidate=false repeat=3 seconds=0.032489456 sourceBytes=4915200 candidateBytes=4915200
    vulkan_q5_scheduling_diagnostic_test.go:111: Q5_SCHEDULING variant=colmajor shape=[1500 5120 1280] candidate=false repeat=4 seconds=0.032641733 sourceBytes=4915200 candidateBytes=4915200
    vulkan_q5_scheduling_diagnostic_test.go:111: Q5_SCHEDULING variant=colmajor shape=[1500 5120 1280] candidate=true repeat=4 seconds=0.032766259 sourceBytes=4915200 candidateBytes=4915200
=== RUN   TestVulkanNativeQ5SchedulingDiagnostic/colmajorrotate
=== RUN   TestVulkanNativeQ5SchedulingDiagnostic/colmajorrotate/[33_96_63]
=== RUN   TestVulkanNativeQ5SchedulingDiagnostic/colmajorrotate/[1500_1280_5120]
    vulkan_q5_scheduling_diagnostic_test.go:111: Q5_SCHEDULING variant=colmajorrotate shape=[1500 1280 5120] candidate=false repeat=0 seconds=0.031818184 sourceBytes=4915200 candidateBytes=4915200
    vulkan_q5_scheduling_diagnostic_test.go:111: Q5_SCHEDULING variant=colmajorrotate shape=[1500 1280 5120] candidate=true repeat=0 seconds=0.039540860 sourceBytes=4915200 candidateBytes=4915200
    vulkan_q5_scheduling_diagnostic_test.go:111: Q5_SCHEDULING variant=colmajorrotate shape=[1500 1280 5120] candidate=true repeat=1 seconds=0.039683518 sourceBytes=4915200 candidateBytes=4915200
    vulkan_q5_scheduling_diagnostic_test.go:111: Q5_SCHEDULING variant=colmajorrotate shape=[1500 1280 5120] candidate=false repeat=1 seconds=0.031727308 sourceBytes=4915200 candidateBytes=4915200
    vulkan_q5_scheduling_diagnostic_test.go:111: Q5_SCHEDULING variant=colmajorrotate shape=[1500 1280 5120] candidate=false repeat=2 seconds=0.031854146 sourceBytes=4915200 candidateBytes=4915200
    vulkan_q5_scheduling_diagnostic_test.go:111: Q5_SCHEDULING variant=colmajorrotate shape=[1500 1280 5120] candidate=true repeat=2 seconds=0.042673911 sourceBytes=4915200 candidateBytes=4915200
    vulkan_q5_scheduling_diagnostic_test.go:111: Q5_SCHEDULING variant=colmajorrotate shape=[1500 1280 5120] candidate=true repeat=3 seconds=0.042665572 sourceBytes=4915200 candidateBytes=4915200
    vulkan_q5_scheduling_diagnostic_test.go:111: Q5_SCHEDULING variant=colmajorrotate shape=[1500 1280 5120] candidate=false repeat=3 seconds=0.033972940 sourceBytes=4915200 candidateBytes=4915200
    vulkan_q5_scheduling_diagnostic_test.go:111: Q5_SCHEDULING variant=colmajorrotate shape=[1500 1280 5120] candidate=false repeat=4 seconds=0.034083878 sourceBytes=4915200 candidateBytes=4915200
    vulkan_q5_scheduling_diagnostic_test.go:111: Q5_SCHEDULING variant=colmajorrotate shape=[1500 1280 5120] candidate=true repeat=4 seconds=0.042641414 sourceBytes=4915200 candidateBytes=4915200
=== RUN   TestVulkanNativeQ5SchedulingDiagnostic/colmajorrotate/[1500_5120_1280]
    vulkan_q5_scheduling_diagnostic_test.go:111: Q5_SCHEDULING variant=colmajorrotate shape=[1500 5120 1280] candidate=false repeat=0 seconds=0.036064712 sourceBytes=4915200 candidateBytes=4915200
    vulkan_q5_scheduling_diagnostic_test.go:111: Q5_SCHEDULING variant=colmajorrotate shape=[1500 5120 1280] candidate=true repeat=0 seconds=0.043882370 sourceBytes=4915200 candidateBytes=4915200
    vulkan_q5_scheduling_diagnostic_test.go:111: Q5_SCHEDULING variant=colmajorrotate shape=[1500 5120 1280] candidate=true repeat=1 seconds=0.043816626 sourceBytes=4915200 candidateBytes=4915200
    vulkan_q5_scheduling_diagnostic_test.go:111: Q5_SCHEDULING variant=colmajorrotate shape=[1500 5120 1280] candidate=false repeat=1 seconds=0.034914842 sourceBytes=4915200 candidateBytes=4915200
    vulkan_q5_scheduling_diagnostic_test.go:111: Q5_SCHEDULING variant=colmajorrotate shape=[1500 5120 1280] candidate=false repeat=2 seconds=0.034888766 sourceBytes=4915200 candidateBytes=4915200
    vulkan_q5_scheduling_diagnostic_test.go:111: Q5_SCHEDULING variant=colmajorrotate shape=[1500 5120 1280] candidate=true repeat=2 seconds=0.043965839 sourceBytes=4915200 candidateBytes=4915200
    vulkan_q5_scheduling_diagnostic_test.go:111: Q5_SCHEDULING variant=colmajorrotate shape=[1500 5120 1280] candidate=true repeat=3 seconds=0.043610856 sourceBytes=4915200 candidateBytes=4915200
    vulkan_q5_scheduling_diagnostic_test.go:111: Q5_SCHEDULING variant=colmajorrotate shape=[1500 5120 1280] candidate=false repeat=3 seconds=0.034843070 sourceBytes=4915200 candidateBytes=4915200
    vulkan_q5_scheduling_diagnostic_test.go:111: Q5_SCHEDULING variant=colmajorrotate shape=[1500 5120 1280] candidate=false repeat=4 seconds=0.034730143 sourceBytes=4915200 candidateBytes=4915200
    vulkan_q5_scheduling_diagnostic_test.go:111: Q5_SCHEDULING variant=colmajorrotate shape=[1500 5120 1280] candidate=true repeat=4 seconds=0.044191269 sourceBytes=4915200 candidateBytes=4915200
=== RUN   TestVulkanNativeQ5SchedulingDiagnostic/local32x8
=== RUN   TestVulkanNativeQ5SchedulingDiagnostic/local32x8/[33_96_63]
=== RUN   TestVulkanNativeQ5SchedulingDiagnostic/local32x8/[1500_1280_5120]
    vulkan_q5_scheduling_diagnostic_test.go:111: Q5_SCHEDULING variant=local32x8 shape=[1500 1280 5120] candidate=false repeat=0 seconds=0.034220921 sourceBytes=4915200 candidateBytes=4915200
    vulkan_q5_scheduling_diagnostic_test.go:111: Q5_SCHEDULING variant=local32x8 shape=[1500 1280 5120] candidate=true repeat=0 seconds=0.037807286 sourceBytes=4915200 candidateBytes=4915200
    vulkan_q5_scheduling_diagnostic_test.go:111: Q5_SCHEDULING variant=local32x8 shape=[1500 1280 5120] candidate=true repeat=1 seconds=0.037780345 sourceBytes=4915200 candidateBytes=4915200
    vulkan_q5_scheduling_diagnostic_test.go:111: Q5_SCHEDULING variant=local32x8 shape=[1500 1280 5120] candidate=false repeat=1 seconds=0.033994959 sourceBytes=4915200 candidateBytes=4915200
    vulkan_q5_scheduling_diagnostic_test.go:111: Q5_SCHEDULING variant=local32x8 shape=[1500 1280 5120] candidate=false repeat=2 seconds=0.034172349 sourceBytes=4915200 candidateBytes=4915200
    vulkan_q5_scheduling_diagnostic_test.go:111: Q5_SCHEDULING variant=local32x8 shape=[1500 1280 5120] candidate=true repeat=2 seconds=0.037933119 sourceBytes=4915200 candidateBytes=4915200
    vulkan_q5_scheduling_diagnostic_test.go:111: Q5_SCHEDULING variant=local32x8 shape=[1500 1280 5120] candidate=true repeat=3 seconds=0.037827427 sourceBytes=4915200 candidateBytes=4915200
    vulkan_q5_scheduling_diagnostic_test.go:111: Q5_SCHEDULING variant=local32x8 shape=[1500 1280 5120] candidate=false repeat=3 seconds=0.036121250 sourceBytes=4915200 candidateBytes=4915200
    vulkan_q5_scheduling_diagnostic_test.go:111: Q5_SCHEDULING variant=local32x8 shape=[1500 1280 5120] candidate=false repeat=4 seconds=0.035895728 sourceBytes=4915200 candidateBytes=4915200
    vulkan_q5_scheduling_diagnostic_test.go:111: Q5_SCHEDULING variant=local32x8 shape=[1500 1280 5120] candidate=true repeat=4 seconds=0.039275567 sourceBytes=4915200 candidateBytes=4915200
=== RUN   TestVulkanNativeQ5SchedulingDiagnostic/local32x8/[1500_5120_1280]
    vulkan_q5_scheduling_diagnostic_test.go:111: Q5_SCHEDULING variant=local32x8 shape=[1500 5120 1280] candidate=false repeat=0 seconds=0.036568159 sourceBytes=4915200 candidateBytes=4915200
    vulkan_q5_scheduling_diagnostic_test.go:111: Q5_SCHEDULING variant=local32x8 shape=[1500 5120 1280] candidate=true repeat=0 seconds=0.040414103 sourceBytes=4915200 candidateBytes=4915200
    vulkan_q5_scheduling_diagnostic_test.go:111: Q5_SCHEDULING variant=local32x8 shape=[1500 5120 1280] candidate=true repeat=1 seconds=0.040434134 sourceBytes=4915200 candidateBytes=4915200
    vulkan_q5_scheduling_diagnostic_test.go:111: Q5_SCHEDULING variant=local32x8 shape=[1500 5120 1280] candidate=false repeat=1 seconds=0.036128371 sourceBytes=4915200 candidateBytes=4915200
    vulkan_q5_scheduling_diagnostic_test.go:111: Q5_SCHEDULING variant=local32x8 shape=[1500 5120 1280] candidate=false repeat=2 seconds=0.036867503 sourceBytes=4915200 candidateBytes=4915200
    vulkan_q5_scheduling_diagnostic_test.go:111: Q5_SCHEDULING variant=local32x8 shape=[1500 5120 1280] candidate=true repeat=2 seconds=0.040496621 sourceBytes=4915200 candidateBytes=4915200
    vulkan_q5_scheduling_diagnostic_test.go:111: Q5_SCHEDULING variant=local32x8 shape=[1500 5120 1280] candidate=true repeat=3 seconds=0.040314182 sourceBytes=4915200 candidateBytes=4915200
    vulkan_q5_scheduling_diagnostic_test.go:111: Q5_SCHEDULING variant=local32x8 shape=[1500 5120 1280] candidate=false repeat=3 seconds=0.036738043 sourceBytes=4915200 candidateBytes=4915200
    vulkan_q5_scheduling_diagnostic_test.go:111: Q5_SCHEDULING variant=local32x8 shape=[1500 5120 1280] candidate=false repeat=4 seconds=0.036369642 sourceBytes=4915200 candidateBytes=4915200
    vulkan_q5_scheduling_diagnostic_test.go:111: Q5_SCHEDULING variant=local32x8 shape=[1500 5120 1280] candidate=true repeat=4 seconds=0.040495052 sourceBytes=4915200 candidateBytes=4915200
=== RUN   TestVulkanNativeQ5SchedulingDiagnostic/local8x32
=== RUN   TestVulkanNativeQ5SchedulingDiagnostic/local8x32/[33_96_63]
=== RUN   TestVulkanNativeQ5SchedulingDiagnostic/local8x32/[1500_1280_5120]
    vulkan_q5_scheduling_diagnostic_test.go:111: Q5_SCHEDULING variant=local8x32 shape=[1500 1280 5120] candidate=false repeat=0 seconds=0.036032359 sourceBytes=4915200 candidateBytes=4915200
    vulkan_q5_scheduling_diagnostic_test.go:111: Q5_SCHEDULING variant=local8x32 shape=[1500 1280 5120] candidate=true repeat=0 seconds=0.037673358 sourceBytes=4915200 candidateBytes=4915200
    vulkan_q5_scheduling_diagnostic_test.go:111: Q5_SCHEDULING variant=local8x32 shape=[1500 1280 5120] candidate=true repeat=1 seconds=0.037687392 sourceBytes=4915200 candidateBytes=4915200
    vulkan_q5_scheduling_diagnostic_test.go:111: Q5_SCHEDULING variant=local8x32 shape=[1500 1280 5120] candidate=false repeat=1 seconds=0.036667513 sourceBytes=4915200 candidateBytes=4915200
    vulkan_q5_scheduling_diagnostic_test.go:111: Q5_SCHEDULING variant=local8x32 shape=[1500 1280 5120] candidate=false repeat=2 seconds=0.036424781 sourceBytes=4915200 candidateBytes=4915200
    vulkan_q5_scheduling_diagnostic_test.go:111: Q5_SCHEDULING variant=local8x32 shape=[1500 1280 5120] candidate=true repeat=2 seconds=0.037655375 sourceBytes=4915200 candidateBytes=4915200
    vulkan_q5_scheduling_diagnostic_test.go:111: Q5_SCHEDULING variant=local8x32 shape=[1500 1280 5120] candidate=true repeat=3 seconds=0.037607960 sourceBytes=4915200 candidateBytes=4915200
    vulkan_q5_scheduling_diagnostic_test.go:111: Q5_SCHEDULING variant=local8x32 shape=[1500 1280 5120] candidate=false repeat=3 seconds=0.035205507 sourceBytes=4915200 candidateBytes=4915200
    vulkan_q5_scheduling_diagnostic_test.go:111: Q5_SCHEDULING variant=local8x32 shape=[1500 1280 5120] candidate=false repeat=4 seconds=0.036111182 sourceBytes=4915200 candidateBytes=4915200
    vulkan_q5_scheduling_diagnostic_test.go:111: Q5_SCHEDULING variant=local8x32 shape=[1500 1280 5120] candidate=true repeat=4 seconds=0.037543974 sourceBytes=4915200 candidateBytes=4915200
=== RUN   TestVulkanNativeQ5SchedulingDiagnostic/local8x32/[1500_5120_1280]
    vulkan_q5_scheduling_diagnostic_test.go:111: Q5_SCHEDULING variant=local8x32 shape=[1500 5120 1280] candidate=false repeat=0 seconds=0.036289028 sourceBytes=4915200 candidateBytes=4915200
    vulkan_q5_scheduling_diagnostic_test.go:111: Q5_SCHEDULING variant=local8x32 shape=[1500 5120 1280] candidate=true repeat=0 seconds=0.038383084 sourceBytes=4915200 candidateBytes=4915200
    vulkan_q5_scheduling_diagnostic_test.go:111: Q5_SCHEDULING variant=local8x32 shape=[1500 5120 1280] candidate=true repeat=1 seconds=0.038394237 sourceBytes=4915200 candidateBytes=4915200
    vulkan_q5_scheduling_diagnostic_test.go:111: Q5_SCHEDULING variant=local8x32 shape=[1500 5120 1280] candidate=false repeat=1 seconds=0.036306675 sourceBytes=4915200 candidateBytes=4915200
    vulkan_q5_scheduling_diagnostic_test.go:111: Q5_SCHEDULING variant=local8x32 shape=[1500 5120 1280] candidate=false repeat=2 seconds=0.036480728 sourceBytes=4915200 candidateBytes=4915200
    vulkan_q5_scheduling_diagnostic_test.go:111: Q5_SCHEDULING variant=local8x32 shape=[1500 5120 1280] candidate=true repeat=2 seconds=0.038287134 sourceBytes=4915200 candidateBytes=4915200
    vulkan_q5_scheduling_diagnostic_test.go:111: Q5_SCHEDULING variant=local8x32 shape=[1500 5120 1280] candidate=true repeat=3 seconds=0.038413008 sourceBytes=4915200 candidateBytes=4915200
    vulkan_q5_scheduling_diagnostic_test.go:111: Q5_SCHEDULING variant=local8x32 shape=[1500 5120 1280] candidate=false repeat=3 seconds=0.036215206 sourceBytes=4915200 candidateBytes=4915200
    vulkan_q5_scheduling_diagnostic_test.go:111: Q5_SCHEDULING variant=local8x32 shape=[1500 5120 1280] candidate=false repeat=4 seconds=0.036514835 sourceBytes=4915200 candidateBytes=4915200
    vulkan_q5_scheduling_diagnostic_test.go:111: Q5_SCHEDULING variant=local8x32 shape=[1500 5120 1280] candidate=true repeat=4 seconds=0.038395519 sourceBytes=4915200 candidateBytes=4915200
=== RUN   TestVulkanNativeQ5SchedulingDiagnostic/local32x8col
=== RUN   TestVulkanNativeQ5SchedulingDiagnostic/local32x8col/[33_96_63]
=== RUN   TestVulkanNativeQ5SchedulingDiagnostic/local32x8col/[1500_1280_5120]
    vulkan_q5_scheduling_diagnostic_test.go:111: Q5_SCHEDULING variant=local32x8col shape=[1500 1280 5120] candidate=false repeat=0 seconds=0.036280996 sourceBytes=4915200 candidateBytes=4915200
    vulkan_q5_scheduling_diagnostic_test.go:111: Q5_SCHEDULING variant=local32x8col shape=[1500 1280 5120] candidate=true repeat=0 seconds=0.039012278 sourceBytes=4915200 candidateBytes=4915200
    vulkan_q5_scheduling_diagnostic_test.go:111: Q5_SCHEDULING variant=local32x8col shape=[1500 1280 5120] candidate=true repeat=1 seconds=0.038945325 sourceBytes=4915200 candidateBytes=4915200
    vulkan_q5_scheduling_diagnostic_test.go:111: Q5_SCHEDULING variant=local32x8col shape=[1500 1280 5120] candidate=false repeat=1 seconds=0.035938121 sourceBytes=4915200 candidateBytes=4915200
    vulkan_q5_scheduling_diagnostic_test.go:111: Q5_SCHEDULING variant=local32x8col shape=[1500 1280 5120] candidate=false repeat=2 seconds=0.035658510 sourceBytes=4915200 candidateBytes=4915200
    vulkan_q5_scheduling_diagnostic_test.go:111: Q5_SCHEDULING variant=local32x8col shape=[1500 1280 5120] candidate=true repeat=2 seconds=0.038814265 sourceBytes=4915200 candidateBytes=4915200
    vulkan_q5_scheduling_diagnostic_test.go:111: Q5_SCHEDULING variant=local32x8col shape=[1500 1280 5120] candidate=true repeat=3 seconds=0.039615144 sourceBytes=4915200 candidateBytes=4915200
    vulkan_q5_scheduling_diagnostic_test.go:111: Q5_SCHEDULING variant=local32x8col shape=[1500 1280 5120] candidate=false repeat=3 seconds=0.035346898 sourceBytes=4915200 candidateBytes=4915200
    vulkan_q5_scheduling_diagnostic_test.go:111: Q5_SCHEDULING variant=local32x8col shape=[1500 1280 5120] candidate=false repeat=4 seconds=0.036250729 sourceBytes=4915200 candidateBytes=4915200
    vulkan_q5_scheduling_diagnostic_test.go:111: Q5_SCHEDULING variant=local32x8col shape=[1500 1280 5120] candidate=true repeat=4 seconds=0.038927295 sourceBytes=4915200 candidateBytes=4915200
=== RUN   TestVulkanNativeQ5SchedulingDiagnostic/local32x8col/[1500_5120_1280]
    vulkan_q5_scheduling_diagnostic_test.go:111: Q5_SCHEDULING variant=local32x8col shape=[1500 5120 1280] candidate=false repeat=0 seconds=0.038305519 sourceBytes=4915200 candidateBytes=4915200
    vulkan_q5_scheduling_diagnostic_test.go:111: Q5_SCHEDULING variant=local32x8col shape=[1500 5120 1280] candidate=true repeat=0 seconds=0.041576032 sourceBytes=4915200 candidateBytes=4915200
    vulkan_q5_scheduling_diagnostic_test.go:111: Q5_SCHEDULING variant=local32x8col shape=[1500 5120 1280] candidate=true repeat=1 seconds=0.041665488 sourceBytes=4915200 candidateBytes=4915200
    vulkan_q5_scheduling_diagnostic_test.go:111: Q5_SCHEDULING variant=local32x8col shape=[1500 5120 1280] candidate=false repeat=1 seconds=0.037656040 sourceBytes=4915200 candidateBytes=4915200
    vulkan_q5_scheduling_diagnostic_test.go:111: Q5_SCHEDULING variant=local32x8col shape=[1500 5120 1280] candidate=false repeat=2 seconds=0.037788969 sourceBytes=4915200 candidateBytes=4915200
    vulkan_q5_scheduling_diagnostic_test.go:111: Q5_SCHEDULING variant=local32x8col shape=[1500 5120 1280] candidate=true repeat=2 seconds=0.041621264 sourceBytes=4915200 candidateBytes=4915200
    vulkan_q5_scheduling_diagnostic_test.go:111: Q5_SCHEDULING variant=local32x8col shape=[1500 5120 1280] candidate=true repeat=3 seconds=0.041711501 sourceBytes=4915200 candidateBytes=4915200
    vulkan_q5_scheduling_diagnostic_test.go:111: Q5_SCHEDULING variant=local32x8col shape=[1500 5120 1280] candidate=false repeat=3 seconds=0.037833246 sourceBytes=4915200 candidateBytes=4915200
    vulkan_q5_scheduling_diagnostic_test.go:111: Q5_SCHEDULING variant=local32x8col shape=[1500 5120 1280] candidate=false repeat=4 seconds=0.038485521 sourceBytes=4915200 candidateBytes=4915200
    vulkan_q5_scheduling_diagnostic_test.go:111: Q5_SCHEDULING variant=local32x8col shape=[1500 5120 1280] candidate=true repeat=4 seconds=0.041644780 sourceBytes=4915200 candidateBytes=4915200
=== RUN   TestVulkanNativeQ5SchedulingDiagnostic/local8x32col
=== RUN   TestVulkanNativeQ5SchedulingDiagnostic/local8x32col/[33_96_63]
=== RUN   TestVulkanNativeQ5SchedulingDiagnostic/local8x32col/[1500_1280_5120]
    vulkan_q5_scheduling_diagnostic_test.go:111: Q5_SCHEDULING variant=local8x32col shape=[1500 1280 5120] candidate=false repeat=0 seconds=0.036696964 sourceBytes=4915200 candidateBytes=4915200
    vulkan_q5_scheduling_diagnostic_test.go:111: Q5_SCHEDULING variant=local8x32col shape=[1500 1280 5120] candidate=true repeat=0 seconds=0.040446760 sourceBytes=4915200 candidateBytes=4915200
    vulkan_q5_scheduling_diagnostic_test.go:111: Q5_SCHEDULING variant=local8x32col shape=[1500 1280 5120] candidate=true repeat=1 seconds=0.040347530 sourceBytes=4915200 candidateBytes=4915200
    vulkan_q5_scheduling_diagnostic_test.go:111: Q5_SCHEDULING variant=local8x32col shape=[1500 1280 5120] candidate=false repeat=1 seconds=0.036663398 sourceBytes=4915200 candidateBytes=4915200
    vulkan_q5_scheduling_diagnostic_test.go:111: Q5_SCHEDULING variant=local8x32col shape=[1500 1280 5120] candidate=false repeat=2 seconds=0.037024342 sourceBytes=4915200 candidateBytes=4915200
    vulkan_q5_scheduling_diagnostic_test.go:111: Q5_SCHEDULING variant=local8x32col shape=[1500 1280 5120] candidate=true repeat=2 seconds=0.040247259 sourceBytes=4915200 candidateBytes=4915200
    vulkan_q5_scheduling_diagnostic_test.go:111: Q5_SCHEDULING variant=local8x32col shape=[1500 1280 5120] candidate=true repeat=3 seconds=0.040522673 sourceBytes=4915200 candidateBytes=4915200
    vulkan_q5_scheduling_diagnostic_test.go:111: Q5_SCHEDULING variant=local8x32col shape=[1500 1280 5120] candidate=false repeat=3 seconds=0.036678516 sourceBytes=4915200 candidateBytes=4915200
    vulkan_q5_scheduling_diagnostic_test.go:111: Q5_SCHEDULING variant=local8x32col shape=[1500 1280 5120] candidate=false repeat=4 seconds=0.036767070 sourceBytes=4915200 candidateBytes=4915200
    vulkan_q5_scheduling_diagnostic_test.go:111: Q5_SCHEDULING variant=local8x32col shape=[1500 1280 5120] candidate=true repeat=4 seconds=0.040430651 sourceBytes=4915200 candidateBytes=4915200
=== RUN   TestVulkanNativeQ5SchedulingDiagnostic/local8x32col/[1500_5120_1280]
    vulkan_q5_scheduling_diagnostic_test.go:111: Q5_SCHEDULING variant=local8x32col shape=[1500 5120 1280] candidate=false repeat=0 seconds=0.037829822 sourceBytes=4915200 candidateBytes=4915200
    vulkan_q5_scheduling_diagnostic_test.go:111: Q5_SCHEDULING variant=local8x32col shape=[1500 5120 1280] candidate=true repeat=0 seconds=0.041621176 sourceBytes=4915200 candidateBytes=4915200
    vulkan_q5_scheduling_diagnostic_test.go:111: Q5_SCHEDULING variant=local8x32col shape=[1500 5120 1280] candidate=true repeat=1 seconds=0.041600679 sourceBytes=4915200 candidateBytes=4915200
    vulkan_q5_scheduling_diagnostic_test.go:111: Q5_SCHEDULING variant=local8x32col shape=[1500 5120 1280] candidate=false repeat=1 seconds=0.037636547 sourceBytes=4915200 candidateBytes=4915200
    vulkan_q5_scheduling_diagnostic_test.go:111: Q5_SCHEDULING variant=local8x32col shape=[1500 5120 1280] candidate=false repeat=2 seconds=0.037795471 sourceBytes=4915200 candidateBytes=4915200
    vulkan_q5_scheduling_diagnostic_test.go:111: Q5_SCHEDULING variant=local8x32col shape=[1500 5120 1280] candidate=true repeat=2 seconds=0.041578395 sourceBytes=4915200 candidateBytes=4915200
    vulkan_q5_scheduling_diagnostic_test.go:111: Q5_SCHEDULING variant=local8x32col shape=[1500 5120 1280] candidate=true repeat=3 seconds=0.041550372 sourceBytes=4915200 candidateBytes=4915200
    vulkan_q5_scheduling_diagnostic_test.go:111: Q5_SCHEDULING variant=local8x32col shape=[1500 5120 1280] candidate=false repeat=3 seconds=0.037873892 sourceBytes=4915200 candidateBytes=4915200
    vulkan_q5_scheduling_diagnostic_test.go:111: Q5_SCHEDULING variant=local8x32col shape=[1500 5120 1280] candidate=false repeat=4 seconds=0.037763075 sourceBytes=4915200 candidateBytes=4915200
    vulkan_q5_scheduling_diagnostic_test.go:111: Q5_SCHEDULING variant=local8x32col shape=[1500 5120 1280] candidate=true repeat=4 seconds=0.041528582 sourceBytes=4915200 candidateBytes=4915200
=== RUN   TestVulkanNativeQ5SchedulingDiagnostic/decode1
=== RUN   TestVulkanNativeQ5SchedulingDiagnostic/decode1/[33_96_63]
=== RUN   TestVulkanNativeQ5SchedulingDiagnostic/decode1/[1500_1280_5120]
    vulkan_q5_scheduling_diagnostic_test.go:111: Q5_SCHEDULING variant=decode1 shape=[1500 1280 5120] candidate=false repeat=0 seconds=0.036731606 sourceBytes=4915200 candidateBytes=4915200
    vulkan_q5_scheduling_diagnostic_test.go:111: Q5_SCHEDULING variant=decode1 shape=[1500 1280 5120] candidate=true repeat=0 seconds=0.051742685 sourceBytes=4915200 candidateBytes=4915200
    vulkan_q5_scheduling_diagnostic_test.go:111: Q5_SCHEDULING variant=decode1 shape=[1500 1280 5120] candidate=true repeat=1 seconds=0.051830486 sourceBytes=4915200 candidateBytes=4915200
    vulkan_q5_scheduling_diagnostic_test.go:111: Q5_SCHEDULING variant=decode1 shape=[1500 1280 5120] candidate=false repeat=1 seconds=0.036817772 sourceBytes=4915200 candidateBytes=4915200
    vulkan_q5_scheduling_diagnostic_test.go:111: Q5_SCHEDULING variant=decode1 shape=[1500 1280 5120] candidate=false repeat=2 seconds=0.036699857 sourceBytes=4915200 candidateBytes=4915200
    vulkan_q5_scheduling_diagnostic_test.go:111: Q5_SCHEDULING variant=decode1 shape=[1500 1280 5120] candidate=true repeat=2 seconds=0.051813714 sourceBytes=4915200 candidateBytes=4915200
    vulkan_q5_scheduling_diagnostic_test.go:111: Q5_SCHEDULING variant=decode1 shape=[1500 1280 5120] candidate=true repeat=3 seconds=0.051883530 sourceBytes=4915200 candidateBytes=4915200
    vulkan_q5_scheduling_diagnostic_test.go:111: Q5_SCHEDULING variant=decode1 shape=[1500 1280 5120] candidate=false repeat=3 seconds=0.036568719 sourceBytes=4915200 candidateBytes=4915200
    vulkan_q5_scheduling_diagnostic_test.go:111: Q5_SCHEDULING variant=decode1 shape=[1500 1280 5120] candidate=false repeat=4 seconds=0.036824392 sourceBytes=4915200 candidateBytes=4915200
    vulkan_q5_scheduling_diagnostic_test.go:111: Q5_SCHEDULING variant=decode1 shape=[1500 1280 5120] candidate=true repeat=4 seconds=0.051648307 sourceBytes=4915200 candidateBytes=4915200
=== RUN   TestVulkanNativeQ5SchedulingDiagnostic/decode1/[1500_5120_1280]
    vulkan_q5_scheduling_diagnostic_test.go:111: Q5_SCHEDULING variant=decode1 shape=[1500 5120 1280] candidate=false repeat=0 seconds=0.037559728 sourceBytes=4915200 candidateBytes=4915200
    vulkan_q5_scheduling_diagnostic_test.go:111: Q5_SCHEDULING variant=decode1 shape=[1500 5120 1280] candidate=true repeat=0 seconds=0.052680042 sourceBytes=4915200 candidateBytes=4915200
    vulkan_q5_scheduling_diagnostic_test.go:111: Q5_SCHEDULING variant=decode1 shape=[1500 5120 1280] candidate=true repeat=1 seconds=0.053488371 sourceBytes=4915200 candidateBytes=4915200
    vulkan_q5_scheduling_diagnostic_test.go:111: Q5_SCHEDULING variant=decode1 shape=[1500 5120 1280] candidate=false repeat=1 seconds=0.037828979 sourceBytes=4915200 candidateBytes=4915200
    vulkan_q5_scheduling_diagnostic_test.go:111: Q5_SCHEDULING variant=decode1 shape=[1500 5120 1280] candidate=false repeat=2 seconds=0.037758530 sourceBytes=4915200 candidateBytes=4915200
    vulkan_q5_scheduling_diagnostic_test.go:111: Q5_SCHEDULING variant=decode1 shape=[1500 5120 1280] candidate=true repeat=2 seconds=0.052602739 sourceBytes=4915200 candidateBytes=4915200
    vulkan_q5_scheduling_diagnostic_test.go:111: Q5_SCHEDULING variant=decode1 shape=[1500 5120 1280] candidate=true repeat=3 seconds=0.052738436 sourceBytes=4915200 candidateBytes=4915200
    vulkan_q5_scheduling_diagnostic_test.go:111: Q5_SCHEDULING variant=decode1 shape=[1500 5120 1280] candidate=false repeat=3 seconds=0.037770651 sourceBytes=4915200 candidateBytes=4915200
    vulkan_q5_scheduling_diagnostic_test.go:111: Q5_SCHEDULING variant=decode1 shape=[1500 5120 1280] candidate=false repeat=4 seconds=0.037865003 sourceBytes=4915200 candidateBytes=4915200
    vulkan_q5_scheduling_diagnostic_test.go:111: Q5_SCHEDULING variant=decode1 shape=[1500 5120 1280] candidate=true repeat=4 seconds=0.052571750 sourceBytes=4915200 candidateBytes=4915200
=== RUN   TestVulkanNativeQ5SchedulingDiagnostic/decode2
=== RUN   TestVulkanNativeQ5SchedulingDiagnostic/decode2/[33_96_63]
=== RUN   TestVulkanNativeQ5SchedulingDiagnostic/decode2/[1500_1280_5120]
    vulkan_q5_scheduling_diagnostic_test.go:111: Q5_SCHEDULING variant=decode2 shape=[1500 1280 5120] candidate=false repeat=0 seconds=0.036961770 sourceBytes=4915200 candidateBytes=4915200
    vulkan_q5_scheduling_diagnostic_test.go:111: Q5_SCHEDULING variant=decode2 shape=[1500 1280 5120] candidate=true repeat=0 seconds=0.048528040 sourceBytes=4915200 candidateBytes=4915200
    vulkan_q5_scheduling_diagnostic_test.go:111: Q5_SCHEDULING variant=decode2 shape=[1500 1280 5120] candidate=true repeat=1 seconds=0.048405473 sourceBytes=4915200 candidateBytes=4915200
    vulkan_q5_scheduling_diagnostic_test.go:111: Q5_SCHEDULING variant=decode2 shape=[1500 1280 5120] candidate=false repeat=1 seconds=0.036598507 sourceBytes=4915200 candidateBytes=4915200
    vulkan_q5_scheduling_diagnostic_test.go:111: Q5_SCHEDULING variant=decode2 shape=[1500 1280 5120] candidate=false repeat=2 seconds=0.036636157 sourceBytes=4915200 candidateBytes=4915200
    vulkan_q5_scheduling_diagnostic_test.go:111: Q5_SCHEDULING variant=decode2 shape=[1500 1280 5120] candidate=true repeat=2 seconds=0.048669289 sourceBytes=4915200 candidateBytes=4915200
    vulkan_q5_scheduling_diagnostic_test.go:111: Q5_SCHEDULING variant=decode2 shape=[1500 1280 5120] candidate=true repeat=3 seconds=0.048643387 sourceBytes=4915200 candidateBytes=4915200
    vulkan_q5_scheduling_diagnostic_test.go:111: Q5_SCHEDULING variant=decode2 shape=[1500 1280 5120] candidate=false repeat=3 seconds=0.036694602 sourceBytes=4915200 candidateBytes=4915200
    vulkan_q5_scheduling_diagnostic_test.go:111: Q5_SCHEDULING variant=decode2 shape=[1500 1280 5120] candidate=false repeat=4 seconds=0.036825819 sourceBytes=4915200 candidateBytes=4915200
    vulkan_q5_scheduling_diagnostic_test.go:111: Q5_SCHEDULING variant=decode2 shape=[1500 1280 5120] candidate=true repeat=4 seconds=0.048343946 sourceBytes=4915200 candidateBytes=4915200
=== RUN   TestVulkanNativeQ5SchedulingDiagnostic/decode2/[1500_5120_1280]
    vulkan_q5_scheduling_diagnostic_test.go:111: Q5_SCHEDULING variant=decode2 shape=[1500 5120 1280] candidate=false repeat=0 seconds=0.038298849 sourceBytes=4915200 candidateBytes=4915200
    vulkan_q5_scheduling_diagnostic_test.go:111: Q5_SCHEDULING variant=decode2 shape=[1500 5120 1280] candidate=true repeat=0 seconds=0.050111899 sourceBytes=4915200 candidateBytes=4915200
    vulkan_q5_scheduling_diagnostic_test.go:111: Q5_SCHEDULING variant=decode2 shape=[1500 5120 1280] candidate=true repeat=1 seconds=0.049960713 sourceBytes=4915200 candidateBytes=4915200
    vulkan_q5_scheduling_diagnostic_test.go:111: Q5_SCHEDULING variant=decode2 shape=[1500 5120 1280] candidate=false repeat=1 seconds=0.037745475 sourceBytes=4915200 candidateBytes=4915200
    vulkan_q5_scheduling_diagnostic_test.go:111: Q5_SCHEDULING variant=decode2 shape=[1500 5120 1280] candidate=false repeat=2 seconds=0.037696898 sourceBytes=4915200 candidateBytes=4915200
    vulkan_q5_scheduling_diagnostic_test.go:111: Q5_SCHEDULING variant=decode2 shape=[1500 5120 1280] candidate=true repeat=2 seconds=0.049927303 sourceBytes=4915200 candidateBytes=4915200
    vulkan_q5_scheduling_diagnostic_test.go:111: Q5_SCHEDULING variant=decode2 shape=[1500 5120 1280] candidate=true repeat=3 seconds=0.049885523 sourceBytes=4915200 candidateBytes=4915200
    vulkan_q5_scheduling_diagnostic_test.go:111: Q5_SCHEDULING variant=decode2 shape=[1500 5120 1280] candidate=false repeat=3 seconds=0.038260371 sourceBytes=4915200 candidateBytes=4915200
    vulkan_q5_scheduling_diagnostic_test.go:111: Q5_SCHEDULING variant=decode2 shape=[1500 5120 1280] candidate=false repeat=4 seconds=0.037811084 sourceBytes=4915200 candidateBytes=4915200
    vulkan_q5_scheduling_diagnostic_test.go:111: Q5_SCHEDULING variant=decode2 shape=[1500 5120 1280] candidate=true repeat=4 seconds=0.049935564 sourceBytes=4915200 candidateBytes=4915200
=== RUN   TestVulkanNativeQ5SchedulingDiagnostic/pingpong
=== RUN   TestVulkanNativeQ5SchedulingDiagnostic/pingpong/[33_96_63]
=== RUN   TestVulkanNativeQ5SchedulingDiagnostic/pingpong/[1500_1280_5120]
    vulkan_q5_scheduling_diagnostic_test.go:111: Q5_SCHEDULING variant=pingpong shape=[1500 1280 5120] candidate=false repeat=0 seconds=0.036602984 sourceBytes=4915200 candidateBytes=4915200
    vulkan_q5_scheduling_diagnostic_test.go:111: Q5_SCHEDULING variant=pingpong shape=[1500 1280 5120] candidate=true repeat=0 seconds=0.058503862 sourceBytes=4915200 candidateBytes=4915200
    vulkan_q5_scheduling_diagnostic_test.go:111: Q5_SCHEDULING variant=pingpong shape=[1500 1280 5120] candidate=true repeat=1 seconds=0.058505477 sourceBytes=4915200 candidateBytes=4915200
    vulkan_q5_scheduling_diagnostic_test.go:111: Q5_SCHEDULING variant=pingpong shape=[1500 1280 5120] candidate=false repeat=1 seconds=0.036967669 sourceBytes=4915200 candidateBytes=4915200
    vulkan_q5_scheduling_diagnostic_test.go:111: Q5_SCHEDULING variant=pingpong shape=[1500 1280 5120] candidate=false repeat=2 seconds=0.036896555 sourceBytes=4915200 candidateBytes=4915200
    vulkan_q5_scheduling_diagnostic_test.go:111: Q5_SCHEDULING variant=pingpong shape=[1500 1280 5120] candidate=true repeat=2 seconds=0.058438193 sourceBytes=4915200 candidateBytes=4915200
    vulkan_q5_scheduling_diagnostic_test.go:111: Q5_SCHEDULING variant=pingpong shape=[1500 1280 5120] candidate=true repeat=3 seconds=0.058470603 sourceBytes=4915200 candidateBytes=4915200
    vulkan_q5_scheduling_diagnostic_test.go:111: Q5_SCHEDULING variant=pingpong shape=[1500 1280 5120] candidate=false repeat=3 seconds=0.036637916 sourceBytes=4915200 candidateBytes=4915200
    vulkan_q5_scheduling_diagnostic_test.go:111: Q5_SCHEDULING variant=pingpong shape=[1500 1280 5120] candidate=false repeat=4 seconds=0.036679280 sourceBytes=4915200 candidateBytes=4915200
    vulkan_q5_scheduling_diagnostic_test.go:111: Q5_SCHEDULING variant=pingpong shape=[1500 1280 5120] candidate=true repeat=4 seconds=0.058612586 sourceBytes=4915200 candidateBytes=4915200
=== RUN   TestVulkanNativeQ5SchedulingDiagnostic/pingpong/[1500_5120_1280]
    vulkan_q5_scheduling_diagnostic_test.go:111: Q5_SCHEDULING variant=pingpong shape=[1500 5120 1280] candidate=false repeat=0 seconds=0.038062465 sourceBytes=4915200 candidateBytes=4915200
    vulkan_q5_scheduling_diagnostic_test.go:111: Q5_SCHEDULING variant=pingpong shape=[1500 5120 1280] candidate=true repeat=0 seconds=0.060727522 sourceBytes=4915200 candidateBytes=4915200
    vulkan_q5_scheduling_diagnostic_test.go:111: Q5_SCHEDULING variant=pingpong shape=[1500 5120 1280] candidate=true repeat=1 seconds=0.060838753 sourceBytes=4915200 candidateBytes=4915200
    vulkan_q5_scheduling_diagnostic_test.go:111: Q5_SCHEDULING variant=pingpong shape=[1500 5120 1280] candidate=false repeat=1 seconds=0.037683139 sourceBytes=4915200 candidateBytes=4915200
    vulkan_q5_scheduling_diagnostic_test.go:111: Q5_SCHEDULING variant=pingpong shape=[1500 5120 1280] candidate=false repeat=2 seconds=0.037825787 sourceBytes=4915200 candidateBytes=4915200
    vulkan_q5_scheduling_diagnostic_test.go:111: Q5_SCHEDULING variant=pingpong shape=[1500 5120 1280] candidate=true repeat=2 seconds=0.061421867 sourceBytes=4915200 candidateBytes=4915200
    vulkan_q5_scheduling_diagnostic_test.go:111: Q5_SCHEDULING variant=pingpong shape=[1500 5120 1280] candidate=true repeat=3 seconds=0.060561032 sourceBytes=4915200 candidateBytes=4915200
    vulkan_q5_scheduling_diagnostic_test.go:111: Q5_SCHEDULING variant=pingpong shape=[1500 5120 1280] candidate=false repeat=3 seconds=0.038057726 sourceBytes=4915200 candidateBytes=4915200
    vulkan_q5_scheduling_diagnostic_test.go:111: Q5_SCHEDULING variant=pingpong shape=[1500 5120 1280] candidate=false repeat=4 seconds=0.037965754 sourceBytes=4915200 candidateBytes=4915200
    vulkan_q5_scheduling_diagnostic_test.go:111: Q5_SCHEDULING variant=pingpong shape=[1500 5120 1280] candidate=true repeat=4 seconds=0.060464615 sourceBytes=4915200 candidateBytes=4915200
=== RUN   TestVulkanNativeQ5SchedulingDiagnostic/pingpongcol
=== RUN   TestVulkanNativeQ5SchedulingDiagnostic/pingpongcol/[33_96_63]
=== RUN   TestVulkanNativeQ5SchedulingDiagnostic/pingpongcol/[1500_1280_5120]
    vulkan_q5_scheduling_diagnostic_test.go:111: Q5_SCHEDULING variant=pingpongcol shape=[1500 1280 5120] candidate=false repeat=0 seconds=0.036777646 sourceBytes=4915200 candidateBytes=4915200
    vulkan_q5_scheduling_diagnostic_test.go:111: Q5_SCHEDULING variant=pingpongcol shape=[1500 1280 5120] candidate=true repeat=0 seconds=0.050742627 sourceBytes=4915200 candidateBytes=4915200
    vulkan_q5_scheduling_diagnostic_test.go:111: Q5_SCHEDULING variant=pingpongcol shape=[1500 1280 5120] candidate=true repeat=1 seconds=0.050652753 sourceBytes=4915200 candidateBytes=4915200
    vulkan_q5_scheduling_diagnostic_test.go:111: Q5_SCHEDULING variant=pingpongcol shape=[1500 1280 5120] candidate=false repeat=1 seconds=0.036898255 sourceBytes=4915200 candidateBytes=4915200
    vulkan_q5_scheduling_diagnostic_test.go:111: Q5_SCHEDULING variant=pingpongcol shape=[1500 1280 5120] candidate=false repeat=2 seconds=0.037537576 sourceBytes=4915200 candidateBytes=4915200
    vulkan_q5_scheduling_diagnostic_test.go:111: Q5_SCHEDULING variant=pingpongcol shape=[1500 1280 5120] candidate=true repeat=2 seconds=0.053025876 sourceBytes=4915200 candidateBytes=4915200
    vulkan_q5_scheduling_diagnostic_test.go:111: Q5_SCHEDULING variant=pingpongcol shape=[1500 1280 5120] candidate=true repeat=3 seconds=0.053051284 sourceBytes=4915200 candidateBytes=4915200
    vulkan_q5_scheduling_diagnostic_test.go:111: Q5_SCHEDULING variant=pingpongcol shape=[1500 1280 5120] candidate=false repeat=3 seconds=0.038520037 sourceBytes=4915200 candidateBytes=4915200
    vulkan_q5_scheduling_diagnostic_test.go:111: Q5_SCHEDULING variant=pingpongcol shape=[1500 1280 5120] candidate=false repeat=4 seconds=0.038202680 sourceBytes=4915200 candidateBytes=4915200
    vulkan_q5_scheduling_diagnostic_test.go:111: Q5_SCHEDULING variant=pingpongcol shape=[1500 1280 5120] candidate=true repeat=4 seconds=0.053030188 sourceBytes=4915200 candidateBytes=4915200
=== RUN   TestVulkanNativeQ5SchedulingDiagnostic/pingpongcol/[1500_5120_1280]
    vulkan_q5_scheduling_diagnostic_test.go:111: Q5_SCHEDULING variant=pingpongcol shape=[1500 5120 1280] candidate=false repeat=0 seconds=0.039787139 sourceBytes=4915200 candidateBytes=4915200
    vulkan_q5_scheduling_diagnostic_test.go:111: Q5_SCHEDULING variant=pingpongcol shape=[1500 5120 1280] candidate=true repeat=0 seconds=0.056641575 sourceBytes=4915200 candidateBytes=4915200
    vulkan_q5_scheduling_diagnostic_test.go:111: Q5_SCHEDULING variant=pingpongcol shape=[1500 5120 1280] candidate=true repeat=1 seconds=0.056238076 sourceBytes=4915200 candidateBytes=4915200
    vulkan_q5_scheduling_diagnostic_test.go:111: Q5_SCHEDULING variant=pingpongcol shape=[1500 5120 1280] candidate=false repeat=1 seconds=0.039499036 sourceBytes=4915200 candidateBytes=4915200
    vulkan_q5_scheduling_diagnostic_test.go:111: Q5_SCHEDULING variant=pingpongcol shape=[1500 5120 1280] candidate=false repeat=2 seconds=0.039451208 sourceBytes=4915200 candidateBytes=4915200
    vulkan_q5_scheduling_diagnostic_test.go:111: Q5_SCHEDULING variant=pingpongcol shape=[1500 5120 1280] candidate=true repeat=2 seconds=0.056318008 sourceBytes=4915200 candidateBytes=4915200
    vulkan_q5_scheduling_diagnostic_test.go:111: Q5_SCHEDULING variant=pingpongcol shape=[1500 5120 1280] candidate=true repeat=3 seconds=0.056236309 sourceBytes=4915200 candidateBytes=4915200
    vulkan_q5_scheduling_diagnostic_test.go:111: Q5_SCHEDULING variant=pingpongcol shape=[1500 5120 1280] candidate=false repeat=3 seconds=0.039833741 sourceBytes=4915200 candidateBytes=4915200
    vulkan_q5_scheduling_diagnostic_test.go:111: Q5_SCHEDULING variant=pingpongcol shape=[1500 5120 1280] candidate=false repeat=4 seconds=0.039311037 sourceBytes=4915200 candidateBytes=4915200
    vulkan_q5_scheduling_diagnostic_test.go:111: Q5_SCHEDULING variant=pingpongcol shape=[1500 5120 1280] candidate=true repeat=4 seconds=0.055925454 sourceBytes=4915200 candidateBytes=4915200
--- PASS: TestVulkanNativeQ5SchedulingDiagnostic (17.65s)
    --- PASS: TestVulkanNativeQ5SchedulingDiagnostic/wrotate1 (1.33s)
        --- PASS: TestVulkanNativeQ5SchedulingDiagnostic/wrotate1/[33_96_63] (0.07s)
        --- PASS: TestVulkanNativeQ5SchedulingDiagnostic/wrotate1/[1500_1280_5120] (0.67s)
        --- PASS: TestVulkanNativeQ5SchedulingDiagnostic/wrotate1/[1500_5120_1280] (0.54s)
    --- PASS: TestVulkanNativeQ5SchedulingDiagnostic/wrotate2 (1.29s)
        --- PASS: TestVulkanNativeQ5SchedulingDiagnostic/wrotate2/[33_96_63] (0.02s)
        --- PASS: TestVulkanNativeQ5SchedulingDiagnostic/wrotate2/[1500_1280_5120] (0.65s)
        --- PASS: TestVulkanNativeQ5SchedulingDiagnostic/wrotate2/[1500_5120_1280] (0.57s)
    --- PASS: TestVulkanNativeQ5SchedulingDiagnostic/bothrotate (1.27s)
        --- PASS: TestVulkanNativeQ5SchedulingDiagnostic/bothrotate/[33_96_63] (0.02s)
        --- PASS: TestVulkanNativeQ5SchedulingDiagnostic/bothrotate/[1500_1280_5120] (0.65s)
        --- PASS: TestVulkanNativeQ5SchedulingDiagnostic/bothrotate/[1500_5120_1280] (0.54s)
    --- PASS: TestVulkanNativeQ5SchedulingDiagnostic/colmajor (1.20s)
        --- PASS: TestVulkanNativeQ5SchedulingDiagnostic/colmajor/[33_96_63] (0.02s)
        --- PASS: TestVulkanNativeQ5SchedulingDiagnostic/colmajor/[1500_1280_5120] (0.61s)
        --- PASS: TestVulkanNativeQ5SchedulingDiagnostic/colmajor/[1500_5120_1280] (0.51s)
    --- PASS: TestVulkanNativeQ5SchedulingDiagnostic/colmajorrotate (1.31s)
        --- PASS: TestVulkanNativeQ5SchedulingDiagnostic/colmajorrotate/[33_96_63] (0.02s)
        --- PASS: TestVulkanNativeQ5SchedulingDiagnostic/colmajorrotate/[1500_1280_5120] (0.67s)
        --- PASS: TestVulkanNativeQ5SchedulingDiagnostic/colmajorrotate/[1500_5120_1280] (0.56s)
    --- PASS: TestVulkanNativeQ5SchedulingDiagnostic/local32x8 (1.30s)
        --- PASS: TestVulkanNativeQ5SchedulingDiagnostic/local32x8/[33_96_63] (0.02s)
        --- PASS: TestVulkanNativeQ5SchedulingDiagnostic/local32x8/[1500_1280_5120] (0.65s)
        --- PASS: TestVulkanNativeQ5SchedulingDiagnostic/local32x8/[1500_5120_1280] (0.58s)
    --- PASS: TestVulkanNativeQ5SchedulingDiagnostic/local8x32 (1.30s)
        --- PASS: TestVulkanNativeQ5SchedulingDiagnostic/local8x32/[33_96_63] (0.02s)
        --- PASS: TestVulkanNativeQ5SchedulingDiagnostic/local8x32/[1500_1280_5120] (0.66s)
        --- PASS: TestVulkanNativeQ5SchedulingDiagnostic/local8x32/[1500_5120_1280] (0.57s)
    --- PASS: TestVulkanNativeQ5SchedulingDiagnostic/local32x8col (1.33s)
        --- PASS: TestVulkanNativeQ5SchedulingDiagnostic/local32x8col/[33_96_63] (0.02s)
        --- PASS: TestVulkanNativeQ5SchedulingDiagnostic/local32x8col/[1500_1280_5120] (0.67s)
        --- PASS: TestVulkanNativeQ5SchedulingDiagnostic/local32x8col/[1500_5120_1280] (0.59s)
    --- PASS: TestVulkanNativeQ5SchedulingDiagnostic/local8x32col (1.36s)
        --- PASS: TestVulkanNativeQ5SchedulingDiagnostic/local8x32col/[33_96_63] (0.02s)
        --- PASS: TestVulkanNativeQ5SchedulingDiagnostic/local8x32col/[1500_1280_5120] (0.70s)
        --- PASS: TestVulkanNativeQ5SchedulingDiagnostic/local8x32col/[1500_5120_1280] (0.60s)
    --- PASS: TestVulkanNativeQ5SchedulingDiagnostic/decode1 (1.48s)
        --- PASS: TestVulkanNativeQ5SchedulingDiagnostic/decode1/[33_96_63] (0.02s)
        --- PASS: TestVulkanNativeQ5SchedulingDiagnostic/decode1/[1500_1280_5120] (0.74s)
        --- PASS: TestVulkanNativeQ5SchedulingDiagnostic/decode1/[1500_5120_1280] (0.64s)
    --- PASS: TestVulkanNativeQ5SchedulingDiagnostic/decode2 (1.43s)
        --- PASS: TestVulkanNativeQ5SchedulingDiagnostic/decode2/[33_96_63] (0.02s)
        --- PASS: TestVulkanNativeQ5SchedulingDiagnostic/decode2/[1500_1280_5120] (0.72s)
        --- PASS: TestVulkanNativeQ5SchedulingDiagnostic/decode2/[1500_5120_1280] (0.64s)
    --- PASS: TestVulkanNativeQ5SchedulingDiagnostic/pingpong (1.52s)
        --- PASS: TestVulkanNativeQ5SchedulingDiagnostic/pingpong/[33_96_63] (0.02s)
        --- PASS: TestVulkanNativeQ5SchedulingDiagnostic/pingpong/[1500_1280_5120] (0.78s)
        --- PASS: TestVulkanNativeQ5SchedulingDiagnostic/pingpong/[1500_5120_1280] (0.67s)
    --- PASS: TestVulkanNativeQ5SchedulingDiagnostic/pingpongcol (1.49s)
        --- PASS: TestVulkanNativeQ5SchedulingDiagnostic/pingpongcol/[33_96_63] (0.02s)
        --- PASS: TestVulkanNativeQ5SchedulingDiagnostic/pingpongcol/[1500_1280_5120] (0.75s)
        --- PASS: TestVulkanNativeQ5SchedulingDiagnostic/pingpongcol/[1500_5120_1280] (0.67s)
PASS
