go test ./docs -run '^TestModelLayout' -count=1
ok  	github.com/rcarmo/go-pherence/docs	5.529s
bun test scripts/model-layout.test.ts
bun test v1.4.2 (744846f84)

scripts/model-layout.test.ts:
(pass) source is singular and checkpoint roots are ignored [31.60ms]
(pass) Make defaults to checkpoints and honours explicit/legacy overrides [4.64ms]
(pass) standard Make gates enforce the layout before broad validation [9.81ms]
(pass) GitHub workflow runs the no-weights documentation and layout gate [0.28ms]
(pass) Python asset helpers use checkpoints by default and preserve path overrides [117.54ms]

 5 pass
 0 fail
 3080 expect() calls
Ran 5 tests across 1 file. [173.00ms]
bun test scripts/check-doc-links.test.ts
bun test v1.4.2 (744846f84)

scripts/check-doc-links.test.ts:
(pass) checks inline, reference, image and HTML targets [0.30ms]
(pass) ignores external links, fragments and fenced examples [0.03ms]

 2 pass
 0 fail
 2 expect() calls
Ran 2 tests across 1 file. [9.00ms]
bun run scripts/check-doc-links.ts
Checked 527 Markdown files (tracked + new); broken links: 0
go test ./docs -count=1
ok  	github.com/rcarmo/go-pherence/docs	5.546s
bun test v1.4.2 (744846f84)

scripts/check-vulkan-shaders.test.ts:
(pass) offline SPIR-V comparison > ignores only generator and decoration order [0.45ms]
(pass) offline SPIR-V comparison > preserves changed declaration, type and header values [0.24ms]
(pass) offline SPIR-V comparison > retains non-decoration order [0.06ms]
(pass) offline SPIR-V comparison > rejects malformed framing [0.18ms]
(pass) offline SPIR-V comparison > extracts exact checked-in inventory and rejects duplicate/missing bytes [53.36ms]
(pass) checker failure reporting > missing validator fails and writes a failed report [24.48ms]

scripts/check-vulkan-integer-dot.test.ts:
(pass) explicit shader gate refuses overwrite and reports unavailable tools [1.61ms]

 7 pass
 0 fail
 90 expect() calls
Ran 7 tests across 2 files. [96.00ms]
OUTPUTILP_DOC_PASS
