'DISPLAY' environment variable not set... skipping surface info
error: XDG_RUNTIME_DIR is invalid or not set in the environment.
==========
VULKANINFO
==========

Vulkan Instance Version: 1.4.341


Instance Extensions: count = 26
-------------------------------
VK_EXT_acquire_drm_display             : extension revision 1
VK_EXT_acquire_xlib_display            : extension revision 1
VK_EXT_debug_report                    : extension revision 10
VK_EXT_debug_utils                     : extension revision 2
VK_EXT_direct_mode_display             : extension revision 1
VK_EXT_display_surface_counter         : extension revision 1
VK_EXT_headless_surface                : extension revision 1
VK_EXT_layer_settings                  : extension revision 2
VK_EXT_surface_maintenance1            : extension revision 1
VK_EXT_swapchain_colorspace            : extension revision 5
VK_KHR_device_group_creation           : extension revision 1
VK_KHR_display                         : extension revision 23
VK_KHR_external_fence_capabilities     : extension revision 1
VK_KHR_external_memory_capabilities    : extension revision 1
VK_KHR_external_semaphore_capabilities : extension revision 1
VK_KHR_get_display_properties2         : extension revision 1
VK_KHR_get_physical_device_properties2 : extension revision 2
VK_KHR_get_surface_capabilities2       : extension revision 1
VK_KHR_portability_enumeration         : extension revision 1
VK_KHR_surface                         : extension revision 25
VK_KHR_surface_maintenance1            : extension revision 1
VK_KHR_surface_protected_capabilities  : extension revision 1
VK_KHR_wayland_surface                 : extension revision 6
VK_KHR_xcb_surface                     : extension revision 6
VK_KHR_xlib_surface                    : extension revision 6
VK_LUNARG_direct_driver_loading        : extension revision 1

Instance Layers: count = 1
--------------------------
VK_LAYER_MESA_device_select Linux device selection layer 1.4.303  version 1

Devices:
========
GPU0:
	apiVersion         = 1.4.354
	driverVersion      = 26.1.5
	vendorID           = 0x8086
	deviceID           = 0xa7a0
	deviceType         = PHYSICAL_DEVICE_TYPE_INTEGRATED_GPU
	deviceName         = Intel(R) Iris(R) Xe Graphics (RPL-P)
	driverID           = DRIVER_ID_INTEL_OPEN_SOURCE_MESA
	driverName         = Intel open-source Mesa driver
	driverInfo         = Mesa 26.1.5
	conformanceVersion = 1.4.0.0
	deviceUUID         = 8680a0a7-0400-0000-0002-000000000000
	driverUUID         = bc724327-cee7-d458-b68f-61ddd5dc73a5
VkPhysicalDeviceVulkan13Properties:
-----------------------------------
	minSubgroupSize                                                               = 8
	maxSubgroupSize                                                               = 32
	maxComputeWorkgroupSubgroups                                                  = 64
	requiredSubgroupSizeStages: count = 3
		SHADER_STAGE_COMPUTE_BIT
		SHADER_STAGE_TASK_BIT_EXT
		SHADER_STAGE_MESH_BIT_EXT
	maxInlineUniformBlockSize                                                     = 4096
	maxPerStageDescriptorInlineUniformBlocks                                      = 32
	maxPerStageDescriptorUpdateAfterBindInlineUniformBlocks                       = 32
	maxDescriptorSetInlineUniformBlocks                                           = 32
	maxDescriptorSetUpdateAfterBindInlineUniformBlocks                            = 32
	maxInlineUniformTotalSize                                                     = 65535
	integerDotProduct8BitUnsignedAccelerated                                      = false
	integerDotProduct8BitSignedAccelerated                                        = false
	integerDotProduct8BitMixedSignednessAccelerated                               = false
	integerDotProduct4x8BitPackedUnsignedAccelerated                              = true
	integerDotProduct4x8BitPackedSignedAccelerated                                = true
	integerDotProduct4x8BitPackedMixedSignednessAccelerated                       = true
	integerDotProduct16BitUnsignedAccelerated                                     = false
	integerDotProduct16BitSignedAccelerated                                       = false
	integerDotProduct16BitMixedSignednessAccelerated                              = false
	integerDotProduct32BitUnsignedAccelerated                                     = false
	integerDotProduct32BitSignedAccelerated                                       = false
	integerDotProduct32BitMixedSignednessAccelerated                              = false
	integerDotProduct64BitUnsignedAccelerated                                     = false
	integerDotProduct64BitSignedAccelerated                                       = false
	integerDotProduct64BitMixedSignednessAccelerated                              = false
	integerDotProductAccumulatingSaturating8BitUnsignedAccelerated                = false
	integerDotProductAccumulatingSaturating8BitSignedAccelerated                  = false
	integerDotProductAccumulatingSaturating8BitMixedSignednessAccelerated         = false
	integerDotProductAccumulatingSaturating4x8BitPackedUnsignedAccelerated        = true
	integerDotProductAccumulatingSaturating4x8BitPackedSignedAccelerated          = true
