=== RUN   TestVulkanNativeIntegerDotProbe
    vulkan_integer_dot_test.go:191: INTDOT_PROBE values=1025 repeat=5 device=Intel(R) Iris(R) Xe Graphics (RPL-P)
--- PASS: TestVulkanNativeIntegerDotProbe (0.03s)
=== RUN   TestVulkanNativeIntegerLinearDiagnostic
=== RUN   TestVulkanNativeIntegerLinearDiagnostic/[1_32_1]
    vulkan_integer_linear_diagnostic_test.go:155: INTDOT_DRIFT shape=[1 32 1] scalarchecked=1 maxAbs=0.00152778625 meanAbs=0.00152778625
=== RUN   TestVulkanNativeIntegerLinearDiagnostic/[33_96_63]
    vulkan_integer_linear_diagnostic_test.go:155: INTDOT_DRIFT shape=[33 96 63] scalarchecked=2079 maxAbs=0.0264282227 meanAbs=0.00596375939
=== RUN   TestVulkanNativeIntegerLinearDiagnostic/[1500_1280_1280]
    vulkan_integer_linear_diagnostic_test.go:155: INTDOT_DRIFT shape=[1500 1280 1280] scalarchecked=4 maxAbs=0.104892969 meanAbs=0.0200908978
    vulkan_integer_linear_diagnostic_test.go:165: INTDOT_LINEAR_SAMPLE shape=[1500 1280 1280] repeat=0 baseline=0.022036739 quant_plus_linear=0.012415651
    vulkan_integer_linear_diagnostic_test.go:165: INTDOT_LINEAR_SAMPLE shape=[1500 1280 1280] repeat=1 baseline=0.011723729 quant_plus_linear=0.006338286
    vulkan_integer_linear_diagnostic_test.go:165: INTDOT_LINEAR_SAMPLE shape=[1500 1280 1280] repeat=2 baseline=0.008974968 quant_plus_linear=0.006524098
    vulkan_integer_linear_diagnostic_test.go:165: INTDOT_LINEAR_SAMPLE shape=[1500 1280 1280] repeat=3 baseline=0.009135634 quant_plus_linear=0.006486251
    vulkan_integer_linear_diagnostic_test.go:165: INTDOT_LINEAR_SAMPLE shape=[1500 1280 1280] repeat=4 baseline=0.009023949 quant_plus_linear=0.006172872
=== RUN   TestVulkanNativeIntegerLinearDiagnostic/[1500_1280_5120]
    vulkan_integer_linear_diagnostic_test.go:155: INTDOT_DRIFT shape=[1500 1280 5120] scalarchecked=4 maxAbs=0.104892969 meanAbs=0.0200908978
    vulkan_integer_linear_diagnostic_test.go:165: INTDOT_LINEAR_SAMPLE shape=[1500 1280 5120] repeat=0 baseline=0.032942883 quant_plus_linear=0.022833013
    vulkan_integer_linear_diagnostic_test.go:165: INTDOT_LINEAR_SAMPLE shape=[1500 1280 5120] repeat=1 baseline=0.032771022 quant_plus_linear=0.022631775
    vulkan_integer_linear_diagnostic_test.go:165: INTDOT_LINEAR_SAMPLE shape=[1500 1280 5120] repeat=2 baseline=0.037018189 quant_plus_linear=0.023091619
    vulkan_integer_linear_diagnostic_test.go:165: INTDOT_LINEAR_SAMPLE shape=[1500 1280 5120] repeat=3 baseline=0.032620685 quant_plus_linear=0.022359739
    vulkan_integer_linear_diagnostic_test.go:165: INTDOT_LINEAR_SAMPLE shape=[1500 1280 5120] repeat=4 baseline=0.032723114 quant_plus_linear=0.022296180
=== RUN   TestVulkanNativeIntegerLinearDiagnostic/[1500_5120_1280]
    vulkan_integer_linear_diagnostic_test.go:155: INTDOT_DRIFT shape=[1500 5120 1280] scalarchecked=4 maxAbs=0.149562836 meanAbs=0.0282652619
    vulkan_integer_linear_diagnostic_test.go:165: INTDOT_LINEAR_SAMPLE shape=[1500 5120 1280] repeat=0 baseline=0.033930444 quant_plus_linear=0.023379870
    vulkan_integer_linear_diagnostic_test.go:165: INTDOT_LINEAR_SAMPLE shape=[1500 5120 1280] repeat=1 baseline=0.034129567 quant_plus_linear=0.025025150
    vulkan_integer_linear_diagnostic_test.go:165: INTDOT_LINEAR_SAMPLE shape=[1500 5120 1280] repeat=2 baseline=0.034088054 quant_plus_linear=0.023310056
    vulkan_integer_linear_diagnostic_test.go:165: INTDOT_LINEAR_SAMPLE shape=[1500 5120 1280] repeat=3 baseline=0.033810831 quant_plus_linear=0.024486729
    vulkan_integer_linear_diagnostic_test.go:165: INTDOT_LINEAR_SAMPLE shape=[1500 5120 1280] repeat=4 baseline=0.033912603 quant_plus_linear=0.023874272
--- PASS: TestVulkanNativeIntegerLinearDiagnostic (1.22s)
    --- PASS: TestVulkanNativeIntegerLinearDiagnostic/[1_32_1] (0.10s)
    --- PASS: TestVulkanNativeIntegerLinearDiagnostic/[33_96_63] (0.02s)
    --- PASS: TestVulkanNativeIntegerLinearDiagnostic/[1500_1280_1280] (0.21s)
    --- PASS: TestVulkanNativeIntegerLinearDiagnostic/[1500_1280_5120] (0.46s)
    --- PASS: TestVulkanNativeIntegerLinearDiagnostic/[1500_5120_1280] (0.44s)
=== RUN   TestVulkanNativeIntegerQ8Oracle
    vulkan_q8_integer_oracle_test.go:209: Q8_ORACLE blocks=205 words=1845 repeat=5 Q5Q8 outputs exact; ties=nearest-even explicit diagnostic
--- PASS: TestVulkanNativeIntegerQ8Oracle (0.02s)
PASS
