=== RUN   TestVulkanNativeQKVFusionDiagnostic
=== RUN   TestVulkanNativeQKVFusionDiagnostic/1x1x1
    vulkan_qkv_fusion_diagnostic_test.go:119: NATIVE_METRIC {"name":"fused scalar","values":1,"max_abs":1.862645149230957e-9,"abs_budget":0.00002,"rel_budget":0.00002,"wall_ns":0}
    vulkan_qkv_fusion_diagnostic_test.go:119: NATIVE_METRIC {"name":"fused scalar","values":1,"max_abs":0,"abs_budget":0.00002,"rel_budget":0.00002,"wall_ns":0}
    vulkan_qkv_fusion_diagnostic_test.go:119: NATIVE_METRIC {"name":"fused scalar","values":1,"max_abs":7.275957614183426e-11,"abs_budget":0.00002,"rel_budget":0.00002,"wall_ns":0}
=== RUN   TestVulkanNativeQKVFusionDiagnostic/2x3x5
    vulkan_qkv_fusion_diagnostic_test.go:119: NATIVE_METRIC {"name":"fused scalar","values":10,"max_abs":2.3283064365386963e-10,"abs_budget":0.00002,"rel_budget":0.00002,"wall_ns":0}
    vulkan_qkv_fusion_diagnostic_test.go:119: NATIVE_METRIC {"name":"fused scalar","values":10,"max_abs":7.450580596923828e-9,"abs_budget":0.00002,"rel_budget":0.00002,"wall_ns":0}
    vulkan_qkv_fusion_diagnostic_test.go:119: NATIVE_METRIC {"name":"fused scalar","values":10,"max_abs":9.313225746154785e-10,"abs_budget":0.00002,"rel_budget":0.00002,"wall_ns":0}
=== RUN   TestVulkanNativeQKVFusionDiagnostic/31x33x65
    vulkan_qkv_fusion_diagnostic_test.go:119: NATIVE_METRIC {"name":"fused scalar","values":2015,"max_abs":1.6472768038511276e-8,"abs_budget":0.00002,"rel_budget":0.00002,"wall_ns":0}
    vulkan_qkv_fusion_diagnostic_test.go:119: NATIVE_METRIC {"name":"fused scalar","values":2015,"max_abs":2.9802322387695312e-8,"abs_budget":0.00002,"rel_budget":0.00002,"wall_ns":0}
    vulkan_qkv_fusion_diagnostic_test.go:119: NATIVE_METRIC {"name":"fused scalar","values":2015,"max_abs":2.9802322387695312e-8,"abs_budget":0.00002,"rel_budget":0.00002,"wall_ns":0}
=== RUN   TestVulkanNativeQKVFusionDiagnostic/65x63x31
    vulkan_qkv_fusion_diagnostic_test.go:119: NATIVE_METRIC {"name":"fused scalar","values":2015,"max_abs":2.9802322387695312e-8,"abs_budget":0.00002,"rel_budget":0.00002,"wall_ns":0}
    vulkan_qkv_fusion_diagnostic_test.go:119: NATIVE_METRIC {"name":"fused scalar","values":2015,"max_abs":4.470348358154297e-8,"abs_budget":0.00002,"rel_budget":0.00002,"wall_ns":0}
    vulkan_qkv_fusion_diagnostic_test.go:119: NATIVE_METRIC {"name":"fused scalar","values":2015,"max_abs":4.7031790018081665e-8,"abs_budget":0.00002,"rel_budget":0.00002,"wall_ns":0}
=== RUN   TestVulkanNativeQKVFusionDiagnostic/1500x1280x1280
    vulkan_qkv_fusion_diagnostic_test.go:137: QKV_SAMPLE tile=32 candidate=false block=0 ns=25627803 shape=[1500 1280 1280]
    vulkan_qkv_fusion_diagnostic_test.go:137: QKV_SAMPLE tile=32 candidate=true block=0 ns=29310407 shape=[1500 1280 1280]
    vulkan_qkv_fusion_diagnostic_test.go:137: QKV_SAMPLE tile=32 candidate=true block=0 ns=28630491 shape=[1500 1280 1280]
    vulkan_qkv_fusion_diagnostic_test.go:137: QKV_SAMPLE tile=32 candidate=false block=0 ns=26415203 shape=[1500 1280 1280]
    vulkan_qkv_fusion_diagnostic_test.go:137: QKV_SAMPLE tile=32 candidate=true block=1 ns=28543549 shape=[1500 1280 1280]
    vulkan_qkv_fusion_diagnostic_test.go:137: QKV_SAMPLE tile=32 candidate=false block=1 ns=25683248 shape=[1500 1280 1280]
    vulkan_qkv_fusion_diagnostic_test.go:137: QKV_SAMPLE tile=32 candidate=false block=1 ns=25861294 shape=[1500 1280 1280]
    vulkan_qkv_fusion_diagnostic_test.go:137: QKV_SAMPLE tile=32 candidate=true block=1 ns=28684063 shape=[1500 1280 1280]
    vulkan_qkv_fusion_diagnostic_test.go:137: QKV_SAMPLE tile=32 candidate=false block=2 ns=25844511 shape=[1500 1280 1280]
    vulkan_qkv_fusion_diagnostic_test.go:137: QKV_SAMPLE tile=32 candidate=true block=2 ns=28568390 shape=[1500 1280 1280]
    vulkan_qkv_fusion_diagnostic_test.go:137: QKV_SAMPLE tile=32 candidate=true block=2 ns=28633022 shape=[1500 1280 1280]
    vulkan_qkv_fusion_diagnostic_test.go:137: QKV_SAMPLE tile=32 candidate=false block=2 ns=25639918 shape=[1500 1280 1280]
    vulkan_qkv_fusion_diagnostic_test.go:137: QKV_SAMPLE tile=32 candidate=true block=3 ns=28686468 shape=[1500 1280 1280]
    vulkan_qkv_fusion_diagnostic_test.go:137: QKV_SAMPLE tile=32 candidate=false block=3 ns=27467181 shape=[1500 1280 1280]
    vulkan_qkv_fusion_diagnostic_test.go:137: QKV_SAMPLE tile=32 candidate=false block=3 ns=26910514 shape=[1500 1280 1280]
    vulkan_qkv_fusion_diagnostic_test.go:137: QKV_SAMPLE tile=32 candidate=true block=3 ns=28583495 shape=[1500 1280 1280]
--- PASS: TestVulkanNativeQKVFusionDiagnostic (1.06s)
    --- PASS: TestVulkanNativeQKVFusionDiagnostic/1x1x1 (0.01s)
    --- PASS: TestVulkanNativeQKVFusionDiagnostic/2x3x5 (0.01s)
    --- PASS: TestVulkanNativeQKVFusionDiagnostic/31x33x65 (0.01s)
    --- PASS: TestVulkanNativeQKVFusionDiagnostic/65x63x31 (0.01s)
    --- PASS: TestVulkanNativeQKVFusionDiagnostic/1500x1280x1280 (0.90s)
PASS
