=== RUN   TestVulkanNativeQKVFusionDiagnostic
=== RUN   TestVulkanNativeQKVFusionDiagnostic/1x1x1
    vulkan_qkv_fusion_diagnostic_test.go:123: NATIVE_METRIC {"name":"fused scalar","values":1,"max_abs":1.862645149230957e-9,"abs_budget":0.00002,"rel_budget":0.00002,"wall_ns":0}
    vulkan_qkv_fusion_diagnostic_test.go:123: NATIVE_METRIC {"name":"fused scalar","values":1,"max_abs":0,"abs_budget":0.00002,"rel_budget":0.00002,"wall_ns":0}
    vulkan_qkv_fusion_diagnostic_test.go:123: NATIVE_METRIC {"name":"fused scalar","values":1,"max_abs":7.275957614183426e-11,"abs_budget":0.00002,"rel_budget":0.00002,"wall_ns":0}
=== RUN   TestVulkanNativeQKVFusionDiagnostic/2x3x5
    vulkan_qkv_fusion_diagnostic_test.go:123: NATIVE_METRIC {"name":"fused scalar","values":10,"max_abs":2.3283064365386963e-10,"abs_budget":0.00002,"rel_budget":0.00002,"wall_ns":0}
    vulkan_qkv_fusion_diagnostic_test.go:123: NATIVE_METRIC {"name":"fused scalar","values":10,"max_abs":7.450580596923828e-9,"abs_budget":0.00002,"rel_budget":0.00002,"wall_ns":0}
    vulkan_qkv_fusion_diagnostic_test.go:123: NATIVE_METRIC {"name":"fused scalar","values":10,"max_abs":9.313225746154785e-10,"abs_budget":0.00002,"rel_budget":0.00002,"wall_ns":0}
=== RUN   TestVulkanNativeQKVFusionDiagnostic/31x33x65
    vulkan_qkv_fusion_diagnostic_test.go:123: NATIVE_METRIC {"name":"fused scalar","values":2015,"max_abs":1.6472768038511276e-8,"abs_budget":0.00002,"rel_budget":0.00002,"wall_ns":0}
    vulkan_qkv_fusion_diagnostic_test.go:123: NATIVE_METRIC {"name":"fused scalar","values":2015,"max_abs":2.9802322387695312e-8,"abs_budget":0.00002,"rel_budget":0.00002,"wall_ns":0}
    vulkan_qkv_fusion_diagnostic_test.go:123: NATIVE_METRIC {"name":"fused scalar","values":2015,"max_abs":2.9802322387695312e-8,"abs_budget":0.00002,"rel_budget":0.00002,"wall_ns":0}
=== RUN   TestVulkanNativeQKVFusionDiagnostic/65x63x31
    vulkan_qkv_fusion_diagnostic_test.go:123: NATIVE_METRIC {"name":"fused scalar","values":2015,"max_abs":2.9802322387695312e-8,"abs_budget":0.00002,"rel_budget":0.00002,"wall_ns":0}
    vulkan_qkv_fusion_diagnostic_test.go:123: NATIVE_METRIC {"name":"fused scalar","values":2015,"max_abs":4.470348358154297e-8,"abs_budget":0.00002,"rel_budget":0.00002,"wall_ns":0}
    vulkan_qkv_fusion_diagnostic_test.go:123: NATIVE_METRIC {"name":"fused scalar","values":2015,"max_abs":4.7031790018081665e-8,"abs_budget":0.00002,"rel_budget":0.00002,"wall_ns":0}
=== RUN   TestVulkanNativeQKVFusionDiagnostic/1500x1280x1280
    vulkan_qkv_fusion_diagnostic_test.go:141: QKV_SAMPLE tile=64 candidate=false block=0 ns=32008678 shape=[1500 1280 1280]
    vulkan_qkv_fusion_diagnostic_test.go:141: QKV_SAMPLE tile=64 candidate=true block=0 ns=30458165 shape=[1500 1280 1280]
    vulkan_qkv_fusion_diagnostic_test.go:141: QKV_SAMPLE tile=64 candidate=true block=0 ns=28697833 shape=[1500 1280 1280]
    vulkan_qkv_fusion_diagnostic_test.go:141: QKV_SAMPLE tile=64 candidate=false block=0 ns=25725667 shape=[1500 1280 1280]
    vulkan_qkv_fusion_diagnostic_test.go:141: QKV_SAMPLE tile=64 candidate=true block=1 ns=27542042 shape=[1500 1280 1280]
    vulkan_qkv_fusion_diagnostic_test.go:141: QKV_SAMPLE tile=64 candidate=false block=1 ns=25774274 shape=[1500 1280 1280]
    vulkan_qkv_fusion_diagnostic_test.go:141: QKV_SAMPLE tile=64 candidate=false block=1 ns=26160029 shape=[1500 1280 1280]
    vulkan_qkv_fusion_diagnostic_test.go:141: QKV_SAMPLE tile=64 candidate=true block=1 ns=27515963 shape=[1500 1280 1280]
    vulkan_qkv_fusion_diagnostic_test.go:141: QKV_SAMPLE tile=64 candidate=false block=2 ns=25749681 shape=[1500 1280 1280]
    vulkan_qkv_fusion_diagnostic_test.go:141: QKV_SAMPLE tile=64 candidate=true block=2 ns=27702341 shape=[1500 1280 1280]
    vulkan_qkv_fusion_diagnostic_test.go:141: QKV_SAMPLE tile=64 candidate=true block=2 ns=27599738 shape=[1500 1280 1280]
    vulkan_qkv_fusion_diagnostic_test.go:141: QKV_SAMPLE tile=64 candidate=false block=2 ns=25710071 shape=[1500 1280 1280]
    vulkan_qkv_fusion_diagnostic_test.go:141: QKV_SAMPLE tile=64 candidate=true block=3 ns=27706833 shape=[1500 1280 1280]
    vulkan_qkv_fusion_diagnostic_test.go:141: QKV_SAMPLE tile=64 candidate=false block=3 ns=25755019 shape=[1500 1280 1280]
    vulkan_qkv_fusion_diagnostic_test.go:141: QKV_SAMPLE tile=64 candidate=false block=3 ns=25749028 shape=[1500 1280 1280]
    vulkan_qkv_fusion_diagnostic_test.go:141: QKV_SAMPLE tile=64 candidate=true block=3 ns=27434467 shape=[1500 1280 1280]
--- PASS: TestVulkanNativeQKVFusionDiagnostic (1.13s)
    --- PASS: TestVulkanNativeQKVFusionDiagnostic/1x1x1 (0.01s)
    --- PASS: TestVulkanNativeQKVFusionDiagnostic/2x3x5 (0.01s)
    --- PASS: TestVulkanNativeQKVFusionDiagnostic/31x33x65 (0.01s)
    --- PASS: TestVulkanNativeQKVFusionDiagnostic/65x63x31 (0.01s)
    --- PASS: TestVulkanNativeQKVFusionDiagnostic/1500x1280x1280 (0.91s)
PASS
