=== RUN   TestVulkanNativeKVTogetherDiagnostic
=== RUN   TestVulkanNativeKVTogetherDiagnostic/independent
    vulkan_speech_native_test.go:312: NATIVE_METRIC {"name":"attention[1 1 1 1]","values":1,"max_abs":0,"abs_budget":0.00002,"rel_budget":0.00002,"wall_ns":1421376}
    vulkan_speech_native_test.go:312: NATIVE_METRIC {"name":"attention[2 3 2 3]","values":12,"max_abs":2.4318113900356764e-7,"abs_budget":0.00002,"rel_budget":0.00002,"wall_ns":508187}
    vulkan_speech_native_test.go:312: NATIVE_METRIC {"name":"attention[15 17 3 7]","values":315,"max_abs":3.1699323432832216e-7,"abs_budget":0.00002,"rel_budget":0.00002,"wall_ns":619370}
    vulkan_speech_native_test.go:312: NATIVE_METRIC {"name":"attention[16 16 2 16]","values":512,"max_abs":4.826661395007648e-7,"abs_budget":0.00002,"rel_budget":0.00002,"wall_ns":256357}
    vulkan_speech_native_test.go:312: NATIVE_METRIC {"name":"attention[17 31 2 17]","values":578,"max_abs":2.767401235947986e-7,"abs_budget":0.00002,"rel_budget":0.00002,"wall_ns":409549}
    vulkan_speech_native_test.go:312: NATIVE_METRIC {"name":"attention[31 33 3 31]","values":2883,"max_abs":5.160010383420399e-7,"abs_budget":0.00002,"rel_budget":0.00002,"wall_ns":450344}
    vulkan_speech_native_test.go:312: NATIVE_METRIC {"name":"attention[33 17 2 32]","values":2112,"max_abs":5.064824967204729e-7,"abs_budget":0.00002,"rel_budget":0.00002,"wall_ns":470676}
    vulkan_speech_native_test.go:312: NATIVE_METRIC {"name":"attention[3 65 2 63]","values":378,"max_abs":3.9721062294884035e-7,"abs_budget":0.00002,"rel_budget":0.00002,"wall_ns":573370}
    vulkan_speech_native_test.go:312: NATIVE_METRIC {"name":"attention[2 129 3 64]","values":384,"max_abs":3.2536213345757403e-7,"abs_budget":0.00002,"rel_budget":0.00002,"wall_ns":577617}
    vulkan_speech_native_test.go:312: NATIVE_METRIC {"name":"attention[1 4096 1 1]","values":1,"max_abs":1.8552660772247487e-8,"abs_budget":0.00002,"rel_budget":0.00002,"wall_ns":1785674}
    vulkan_speech_native_test.go:312: NATIVE_METRIC {"name":"attention[4096 1 1 1]","values":4096,"max_abs":0,"abs_budget":0.00002,"rel_budget":0.00002,"wall_ns":523827}
    vulkan_speech_native_test.go:312: NATIVE_METRIC {"name":"attention[1 17 32 64]","values":2048,"max_abs":4.358565501849654e-7,"abs_budget":0.00002,"rel_budget":0.00002,"wall_ns":478121}
    vulkan_speech_native_test.go:334: NATIVE_METRIC {"name":"attention-stress/-1","values":102,"max_abs":0,"abs_budget":0.0002,"rel_budget":0.00002,"wall_ns":345222}
    vulkan_speech_native_test.go:334: NATIVE_METRIC {"name":"attention-stress/0","values":102,"max_abs":5.551115123125783e-17,"abs_budget":0.0002,"rel_budget":0.00002,"wall_ns":426988}
    vulkan_speech_native_test.go:334: NATIVE_METRIC {"name":"attention-stress/1","values":102,"max_abs":0.0000018002380999249112,"abs_budget":0.0002,"rel_budget":0.00002,"wall_ns":441312}
=== NAME  TestVulkanNativeKVTogetherDiagnostic
    vulkan_kv_together_diagnostic_test.go:83: ATTENTION_SAMPLE candidate=false block=0 ns=66876229 max_abs=0 shape=[1500 20 64]
    vulkan_kv_together_diagnostic_test.go:83: ATTENTION_SAMPLE candidate=true block=0 ns=89846522 max_abs=0 shape=[1500 20 64]
    vulkan_kv_together_diagnostic_test.go:83: ATTENTION_SAMPLE candidate=true block=0 ns=89930983 max_abs=0 shape=[1500 20 64]
    vulkan_kv_together_diagnostic_test.go:83: ATTENTION_SAMPLE candidate=false block=0 ns=66941515 max_abs=0 shape=[1500 20 64]
    vulkan_kv_together_diagnostic_test.go:83: ATTENTION_SAMPLE candidate=true block=1 ns=89936031 max_abs=0 shape=[1500 20 64]
    vulkan_kv_together_diagnostic_test.go:83: ATTENTION_SAMPLE candidate=false block=1 ns=66924536 max_abs=0 shape=[1500 20 64]
    vulkan_kv_together_diagnostic_test.go:83: ATTENTION_SAMPLE candidate=false block=1 ns=67316347 max_abs=0 shape=[1500 20 64]
    vulkan_kv_together_diagnostic_test.go:83: ATTENTION_SAMPLE candidate=true block=1 ns=89802689 max_abs=0 shape=[1500 20 64]
    vulkan_kv_together_diagnostic_test.go:83: ATTENTION_SAMPLE candidate=false block=2 ns=67043080 max_abs=0 shape=[1500 20 64]
    vulkan_kv_together_diagnostic_test.go:83: ATTENTION_SAMPLE candidate=true block=2 ns=89905517 max_abs=0 shape=[1500 20 64]
    vulkan_kv_together_diagnostic_test.go:83: ATTENTION_SAMPLE candidate=true block=2 ns=90118763 max_abs=0 shape=[1500 20 64]
    vulkan_kv_together_diagnostic_test.go:83: ATTENTION_SAMPLE candidate=false block=2 ns=67173099 max_abs=0 shape=[1500 20 64]
--- PASS: TestVulkanNativeKVTogetherDiagnostic (1.47s)
    --- PASS: TestVulkanNativeKVTogetherDiagnostic/independent (0.10s)
PASS
