whisper_init_from_file_with_params_no_state: loading model from '/var/home/agent/workspace/projects/whisper-stt/models/ggml-large-v3-turbo-q5_0.bin'
whisper_init_with_params_no_state: use gpu    = 1
whisper_init_with_params_no_state: flash attn = 1
whisper_init_with_params_no_state: gpu_device = 0
whisper_init_with_params_no_state: dtw        = 0
ggml_vulkan: Found 1 Vulkan devices:
ggml_vulkan: 0 = Intel(R) Iris(R) Xe Graphics (RPL-P) (Intel open-source Mesa driver) | uma: 1 | fp16: 1 | bf16: 0 | fp4: 0 | warp size: 32 | shared memory: 49152 | int dot: 1 | matrix cores: none
whisper_init_with_params_no_state: devices    = 2
whisper_init_with_params_no_state: backends   = 2
whisper_model_load: loading model
whisper_model_load: n_vocab       = 51866
whisper_model_load: n_audio_ctx   = 1500
whisper_model_load: n_audio_state = 1280
whisper_model_load: n_audio_head  = 20
whisper_model_load: n_audio_layer = 32
whisper_model_load: n_text_ctx    = 448
whisper_model_load: n_text_state  = 1280
whisper_model_load: n_text_head   = 20
whisper_model_load: n_text_layer  = 4
whisper_model_load: n_mels        = 128
whisper_model_load: ftype         = 8
whisper_model_load: qntvr         = 2
whisper_model_load: type          = 5 (large v3)
whisper_model_load: adding 1609 extra tokens
whisper_model_load: n_langs       = 100
whisper_model_load:      Vulkan0 total size =   573.40 MB
whisper_model_load: model size    =  573.40 MB
whisper_backend_init_gpu: device 0: Vulkan0 (type: 2)
whisper_backend_init_gpu: found GPU device 0: Vulkan0 (type: 2, cnt: 0)
whisper_backend_init_gpu: using Vulkan0 backend
whisper_init_state: kv self size  =   10.49 MB
whisper_init_state: kv cross size =   31.46 MB
whisper_init_state: kv pad  size  =    7.86 MB
whisper_init_state: compute buffer (conv)   =   37.69 MB
whisper_init_state: compute buffer (encode) =   55.35 MB
whisper_init_state: compute buffer (cross)  =   39.99 MB
whisper_init_state: compute buffer (decode) =  100.04 MB
whisper_full: VAD is enabled, processing speech segments only
whisper_vad: VAD is enabled, processing speech segments only
whisper_vad_init_from_file_with_params: loading VAD model from '/var/home/agent/workspace/projects/whisper-stt/models/ggml-silero-v6.2.0.bin'
whisper_vad_init_with_params: model type: silero-16k
whisper_vad_init_with_params: model version: 6.2.0
whisper_vad_init_with_params: n_encoder_layers = 4
whisper_vad_init_with_params: encoder_in_channels[0] = 129
whisper_vad_init_with_params: encoder_in_channels[1] = 128
whisper_vad_init_with_params: encoder_in_channels[2] = 64
whisper_vad_init_with_params: encoder_in_channels[3] = 64
whisper_vad_init_with_params: encoder_out_channels[0] = 128
whisper_vad_init_with_params: encoder_out_channels[1] = 64
whisper_vad_init_with_params: encoder_out_channels[2] = 64
whisper_vad_init_with_params: encoder_out_channels[3] = 128
whisper_vad_init_with_params: lstm_input_size = 128
whisper_vad_init_with_params: lstm_hidden_size = 128
whisper_vad_init_with_params: final_conv_in = 128
whisper_vad_init_with_params: final_conv_out = 1
whisper_vad_init_with_params:          CPU total size =     0.88 MB
whisper_vad_init_with_params: model size    =    0.88 MB
whisper_backend_init_gpu: no GPU found
whisper_vad_init_context: compute buffer (VAD)   =    1.60 MB
whisper_vad_segments_from_samples: detecting speech timestamps in 320000 samples
whisper_vad_detect_speech_no_reset: detecting speech in 320000 samples
whisper_vad_detect_speech_no_reset: n_chunks: 625
whisper_vad_detect_speech_no_reset: props size: 625
whisper_vad_detect_speech_no_reset: vad time = 30.57 ms processing 320000 samples
whisper_vad_segments_from_probs: detecting speech timestamps using 625 probabilities
whisper_vad_segments_from_probs: Merged 0 adjacent segments, now have 3 segments
whisper_vad_segments_from_probs: Final speech segments after filtering: 3
whisper_vad_segments_from_probs: VAD segment 0: start = 0.03, end = 10.08 (duration: 10.05)
whisper_vad_segments_from_probs: VAD segment 1: start = 10.27, end = 18.33 (duration: 8.06)
whisper_vad_segments_from_probs: VAD segment 2: start = 18.53, end = 20.00 (duration: 1.47)
whisper_vad: detected 3 speech segments
whisper_vad: Including segment 0: 0.03 - 10.18 (duration: 10.15)
whisper_vad: Including segment 1: 10.27 - 18.43 (duration: 8.16)
whisper_vad: Including segment 2: 18.53 - 20.00 (duration: 1.47)
whisper_vad: total duration of speech segments: 19.78 seconds
whisper_vad: vad_segment_info: orig_start: 0.03, orig_end: 10.08, vad_start: 0.00, vad_end: 10.05
whisper_vad: vad_segment_info: orig_start: 10.27, orig_end: 18.33, vad_start: 10.25, vad_end: 18.31
whisper_vad: vad_segment_info: orig_start: 18.53, orig_end: 20.00, vad_start: 18.51, vad_end: 19.98
whisper_vad: Created time mapping table with 8 points
whisper_vad: Reduced audio from 320000 to 319679 samples (0.1% reduction)
ORIGINAL_REQUEST repeat=0 seconds=5.14549 segments=7
whisper_full: VAD is enabled, processing speech segments only
whisper_vad: VAD is enabled, processing speech segments only
whisper_vad_segments_from_samples: detecting speech timestamps in 320000 samples
whisper_vad_detect_speech_no_reset: detecting speech in 320000 samples
whisper_vad_detect_speech_no_reset: n_chunks: 625
whisper_vad_detect_speech_no_reset: props size: 625
whisper_vad_detect_speech_no_reset: vad time = 59.90 ms processing 320000 samples
whisper_vad_segments_from_probs: detecting speech timestamps using 625 probabilities
whisper_vad_segments_from_probs: Merged 0 adjacent segments, now have 3 segments
whisper_vad_segments_from_probs: Final speech segments after filtering: 3
whisper_vad_segments_from_probs: VAD segment 0: start = 0.03, end = 10.08 (duration: 10.05)
whisper_vad_segments_from_probs: VAD segment 1: start = 10.27, end = 18.33 (duration: 8.06)
whisper_vad_segments_from_probs: VAD segment 2: start = 18.53, end = 20.00 (duration: 1.47)
whisper_vad: detected 3 speech segments
whisper_vad: Including segment 0: 0.03 - 10.18 (duration: 10.15)
whisper_vad: Including segment 1: 10.27 - 18.43 (duration: 8.16)
whisper_vad: Including segment 2: 18.53 - 20.00 (duration: 1.47)
whisper_vad: total duration of speech segments: 19.78 seconds
whisper_vad: vad_segment_info: orig_start: 0.03, orig_end: 10.08, vad_start: 0.00, vad_end: 10.05
whisper_vad: vad_segment_info: orig_start: 10.27, orig_end: 18.33, vad_start: 10.25, vad_end: 18.31
whisper_vad: vad_segment_info: orig_start: 18.53, orig_end: 20.00, vad_start: 18.51, vad_end: 19.98
whisper_vad: Created time mapping table with 8 points
whisper_vad: Reduced audio from 320000 to 319679 samples (0.1% reduction)
ORIGINAL_REQUEST repeat=1 seconds=3.55546 segments=7
whisper_full: VAD is enabled, processing speech segments only
whisper_vad: VAD is enabled, processing speech segments only
whisper_vad_segments_from_samples: detecting speech timestamps in 320000 samples
whisper_vad_detect_speech_no_reset: detecting speech in 320000 samples
whisper_vad_detect_speech_no_reset: n_chunks: 625
whisper_vad_detect_speech_no_reset: props size: 625
whisper_vad_detect_speech_no_reset: vad time = 89.48 ms processing 320000 samples
whisper_vad_segments_from_probs: detecting speech timestamps using 625 probabilities
whisper_vad_segments_from_probs: Merged 0 adjacent segments, now have 3 segments
whisper_vad_segments_from_probs: Final speech segments after filtering: 3
whisper_vad_segments_from_probs: VAD segment 0: start = 0.03, end = 10.08 (duration: 10.05)
whisper_vad_segments_from_probs: VAD segment 1: start = 10.27, end = 18.33 (duration: 8.06)
whisper_vad_segments_from_probs: VAD segment 2: start = 18.53, end = 20.00 (duration: 1.47)
whisper_vad: detected 3 speech segments
whisper_vad: Including segment 0: 0.03 - 10.18 (duration: 10.15)
whisper_vad: Including segment 1: 10.27 - 18.43 (duration: 8.16)
whisper_vad: Including segment 2: 18.53 - 20.00 (duration: 1.47)
whisper_vad: total duration of speech segments: 19.78 seconds
whisper_vad: vad_segment_info: orig_start: 0.03, orig_end: 10.08, vad_start: 0.00, vad_end: 10.05
whisper_vad: vad_segment_info: orig_start: 10.27, orig_end: 18.33, vad_start: 10.25, vad_end: 18.31
whisper_vad: vad_segment_info: orig_start: 18.53, orig_end: 20.00, vad_start: 18.51, vad_end: 19.98
whisper_vad: Created time mapping table with 8 points
whisper_vad: Reduced audio from 320000 to 319679 samples (0.1% reduction)
ORIGINAL_REQUEST repeat=2 seconds=3.54758 segments=7
whisper_full: VAD is enabled, processing speech segments only
whisper_vad: VAD is enabled, processing speech segments only
whisper_vad_segments_from_samples: detecting speech timestamps in 320000 samples
whisper_vad_detect_speech_no_reset: detecting speech in 320000 samples
whisper_vad_detect_speech_no_reset: n_chunks: 625
whisper_vad_detect_speech_no_reset: props size: 625
whisper_vad_detect_speech_no_reset: vad time = 118.41 ms processing 320000 samples
whisper_vad_segments_from_probs: detecting speech timestamps using 625 probabilities
whisper_vad_segments_from_probs: Merged 0 adjacent segments, now have 3 segments
whisper_vad_segments_from_probs: Final speech segments after filtering: 3
whisper_vad_segments_from_probs: VAD segment 0: start = 0.03, end = 10.08 (duration: 10.05)
whisper_vad_segments_from_probs: VAD segment 1: start = 10.27, end = 18.33 (duration: 8.06)
whisper_vad_segments_from_probs: VAD segment 2: start = 18.53, end = 20.00 (duration: 1.47)
whisper_vad: detected 3 speech segments
whisper_vad: Including segment 0: 0.03 - 10.18 (duration: 10.15)
whisper_vad: Including segment 1: 10.27 - 18.43 (duration: 8.16)
whisper_vad: Including segment 2: 18.53 - 20.00 (duration: 1.47)
whisper_vad: total duration of speech segments: 19.78 seconds
whisper_vad: vad_segment_info: orig_start: 0.03, orig_end: 10.08, vad_start: 0.00, vad_end: 10.05
whisper_vad: vad_segment_info: orig_start: 10.27, orig_end: 18.33, vad_start: 10.25, vad_end: 18.31
whisper_vad: vad_segment_info: orig_start: 18.53, orig_end: 20.00, vad_start: 18.51, vad_end: 19.98
whisper_vad: Created time mapping table with 8 points
whisper_vad: Reduced audio from 320000 to 319679 samples (0.1% reduction)
ORIGINAL_REQUEST repeat=3 seconds=3.54785 segments=7
whisper_full: VAD is enabled, processing speech segments only
whisper_vad: VAD is enabled, processing speech segments only
whisper_vad_segments_from_samples: detecting speech timestamps in 320000 samples
whisper_vad_detect_speech_no_reset: detecting speech in 320000 samples
whisper_vad_detect_speech_no_reset: n_chunks: 625
whisper_vad_detect_speech_no_reset: props size: 625
whisper_vad_detect_speech_no_reset: vad time = 153.20 ms processing 320000 samples
whisper_vad_segments_from_probs: detecting speech timestamps using 625 probabilities
whisper_vad_segments_from_probs: Merged 0 adjacent segments, now have 3 segments
whisper_vad_segments_from_probs: Final speech segments after filtering: 3
whisper_vad_segments_from_probs: VAD segment 0: start = 0.03, end = 10.08 (duration: 10.05)
whisper_vad_segments_from_probs: VAD segment 1: start = 10.27, end = 18.33 (duration: 8.06)
whisper_vad_segments_from_probs: VAD segment 2: start = 18.53, end = 20.00 (duration: 1.47)
whisper_vad: detected 3 speech segments
whisper_vad: Including segment 0: 0.03 - 10.18 (duration: 10.15)
whisper_vad: Including segment 1: 10.27 - 18.43 (duration: 8.16)
whisper_vad: Including segment 2: 18.53 - 20.00 (duration: 1.47)
whisper_vad: total duration of speech segments: 19.78 seconds
whisper_vad: vad_segment_info: orig_start: 0.03, orig_end: 10.08, vad_start: 0.00, vad_end: 10.05
whisper_vad: vad_segment_info: orig_start: 10.27, orig_end: 18.33, vad_start: 10.25, vad_end: 18.31
whisper_vad: vad_segment_info: orig_start: 18.53, orig_end: 20.00, vad_start: 18.51, vad_end: 19.98
whisper_vad: Created time mapping table with 8 points
whisper_vad: Reduced audio from 320000 to 319679 samples (0.1% reduction)
ORIGINAL_REQUEST repeat=4 seconds=3.60694 segments=7
ORIGINAL_PROCESS seconds=19.730023139 status=0 expired=false
