=== RUN   TestVulkanNativeAttentionUnrollDiagnostic
=== RUN   TestVulkanNativeAttentionUnrollDiagnostic/barrier
=== RUN   TestVulkanNativeAttentionUnrollDiagnostic/barrier/barrier-shape
=== RUN   TestVulkanNativeAttentionUnrollDiagnostic/barrier/barrier-shape#01
    vulkan_attention_unroll_diagnostic_test.go:82: ATTN_UNROLL variant=barrier candidate=false repeat=0 seconds=0.066974598
    vulkan_attention_unroll_diagnostic_test.go:82: ATTN_UNROLL variant=barrier candidate=true repeat=0 seconds=0.066462110
    vulkan_attention_unroll_diagnostic_test.go:82: ATTN_UNROLL variant=barrier candidate=true repeat=1 seconds=0.066513763
    vulkan_attention_unroll_diagnostic_test.go:82: ATTN_UNROLL variant=barrier candidate=false repeat=1 seconds=0.068043228
    vulkan_attention_unroll_diagnostic_test.go:82: ATTN_UNROLL variant=barrier candidate=false repeat=2 seconds=0.066932286
    vulkan_attention_unroll_diagnostic_test.go:82: ATTN_UNROLL variant=barrier candidate=true repeat=2 seconds=0.066603155
    vulkan_attention_unroll_diagnostic_test.go:82: ATTN_UNROLL variant=barrier candidate=true repeat=3 seconds=0.066498947
    vulkan_attention_unroll_diagnostic_test.go:82: ATTN_UNROLL variant=barrier candidate=false repeat=3 seconds=0.067025941
    vulkan_attention_unroll_diagnostic_test.go:82: ATTN_UNROLL variant=barrier candidate=false repeat=4 seconds=0.066922037
    vulkan_attention_unroll_diagnostic_test.go:82: ATTN_UNROLL variant=barrier candidate=true repeat=4 seconds=0.066899075
=== RUN   TestVulkanNativeAttentionUnrollDiagnostic/unroll4barrier
=== RUN   TestVulkanNativeAttentionUnrollDiagnostic/unroll4barrier/unroll4barrier-shape
=== RUN   TestVulkanNativeAttentionUnrollDiagnostic/unroll4barrier/unroll4barrier-shape#01
    vulkan_attention_unroll_diagnostic_test.go:82: ATTN_UNROLL variant=unroll4barrier candidate=false repeat=0 seconds=0.067246504
    vulkan_attention_unroll_diagnostic_test.go:82: ATTN_UNROLL variant=unroll4barrier candidate=true repeat=0 seconds=0.064757880
    vulkan_attention_unroll_diagnostic_test.go:82: ATTN_UNROLL variant=unroll4barrier candidate=true repeat=1 seconds=0.064816094
    vulkan_attention_unroll_diagnostic_test.go:82: ATTN_UNROLL variant=unroll4barrier candidate=false repeat=1 seconds=0.066859281
    vulkan_attention_unroll_diagnostic_test.go:82: ATTN_UNROLL variant=unroll4barrier candidate=false repeat=2 seconds=0.066736141
    vulkan_attention_unroll_diagnostic_test.go:82: ATTN_UNROLL variant=unroll4barrier candidate=true repeat=2 seconds=0.064801766
    vulkan_attention_unroll_diagnostic_test.go:82: ATTN_UNROLL variant=unroll4barrier candidate=true repeat=3 seconds=0.064750744
    vulkan_attention_unroll_diagnostic_test.go:82: ATTN_UNROLL variant=unroll4barrier candidate=false repeat=3 seconds=0.066920321
    vulkan_attention_unroll_diagnostic_test.go:82: ATTN_UNROLL variant=unroll4barrier candidate=false repeat=4 seconds=0.067034586
    vulkan_attention_unroll_diagnostic_test.go:82: ATTN_UNROLL variant=unroll4barrier candidate=true repeat=4 seconds=0.064567233
--- PASS: TestVulkanNativeAttentionUnrollDiagnostic (2.16s)
    --- PASS: TestVulkanNativeAttentionUnrollDiagnostic/barrier (1.02s)
        --- PASS: TestVulkanNativeAttentionUnrollDiagnostic/barrier/barrier-shape (0.01s)
        --- PASS: TestVulkanNativeAttentionUnrollDiagnostic/barrier/barrier-shape#01 (0.92s)
    --- PASS: TestVulkanNativeAttentionUnrollDiagnostic/unroll4barrier (1.01s)
        --- PASS: TestVulkanNativeAttentionUnrollDiagnostic/unroll4barrier/unroll4barrier-shape (0.01s)
        --- PASS: TestVulkanNativeAttentionUnrollDiagnostic/unroll4barrier/unroll4barrier-shape#01 (0.90s)
PASS
